Archive member included to satisfy reference by file (symbol)

../../../ch32fun/ch32fun//../misc\libgcc.a(divdf3.o)
                              C:\Users\uni\AppData\Local\Temp\example.elf.ytHYTZ.ltrans0.ltrans.o (__divdf3)
../../../ch32fun/ch32fun//../misc\libgcc.a(fixunsdfsi.o)
                              C:\Users\uni\AppData\Local\Temp\example.elf.ytHYTZ.ltrans0.ltrans.o (__fixunsdfsi)
../../../ch32fun/ch32fun//../misc\libgcc.a(floatunsidf.o)
                              C:\Users\uni\AppData\Local\Temp\example.elf.ytHYTZ.ltrans0.ltrans.o (__floatunsidf)
../../../ch32fun/ch32fun//../misc\libgcc.a(muldi3.o)
                              ../../../ch32fun/ch32fun//../misc\libgcc.a(divdf3.o) (__mulsi3)
../../../ch32fun/ch32fun//../misc\libgcc.a(div.o)
                              C:\Users\uni\AppData\Local\Temp\example.elf.ytHYTZ.ltrans0.ltrans.o (__divsi3)
../../../ch32fun/ch32fun//../misc\libgcc.a(_clzsi2.o)
                              ../../../ch32fun/ch32fun//../misc\libgcc.a(divdf3.o) (__clzsi2)
../../../ch32fun/ch32fun//../misc\libgcc.a(_clz.o)
                              ../../../ch32fun/ch32fun//../misc\libgcc.a(_clzsi2.o) (__clz_tab)

Discarded input sections

 .text          0x0000000000000000        0x0 C:\Users\uni\AppData\Local\Temp\example.elf.ytHYTZ.ltrans0.ltrans.o
 .data          0x0000000000000000        0x0 C:\Users\uni\AppData\Local\Temp\example.elf.ytHYTZ.ltrans0.ltrans.o
 .bss           0x0000000000000000        0x0 C:\Users\uni\AppData\Local\Temp\example.elf.ytHYTZ.ltrans0.ltrans.o
 .text.vprintf  0x0000000000000000       0x16 C:\Users\uni\AppData\Local\Temp\example.elf.ytHYTZ.ltrans0.ltrans.o
 .text.snprintf
                0x0000000000000000       0x1c C:\Users\uni\AppData\Local\Temp\example.elf.ytHYTZ.ltrans0.ltrans.o
 .text.strncpy  0x0000000000000000       0x1c C:\Users\uni\AppData\Local\Temp\example.elf.ytHYTZ.ltrans0.ltrans.o
 .text.strcmp   0x0000000000000000       0x1a C:\Users\uni\AppData\Local\Temp\example.elf.ytHYTZ.ltrans0.ltrans.o
 .text.strncmp  0x0000000000000000       0x2e C:\Users\uni\AppData\Local\Temp\example.elf.ytHYTZ.ltrans0.ltrans.o
 .text.strchr   0x0000000000000000       0x16 C:\Users\uni\AppData\Local\Temp\example.elf.ytHYTZ.ltrans0.ltrans.o
 .text.strrchr  0x0000000000000000       0x3c C:\Users\uni\AppData\Local\Temp\example.elf.ytHYTZ.ltrans0.ltrans.o
 .text.memcmp   0x0000000000000000       0x26 C:\Users\uni\AppData\Local\Temp\example.elf.ytHYTZ.ltrans0.ltrans.o
 .text.memmove  0x0000000000000000       0x5e C:\Users\uni\AppData\Local\Temp\example.elf.ytHYTZ.ltrans0.ltrans.o
 .text.memchr   0x0000000000000000       0x1c C:\Users\uni\AppData\Local\Temp\example.elf.ytHYTZ.ltrans0.ltrans.o
 .text.strnlen  0x0000000000000000       0x2a C:\Users\uni\AppData\Local\Temp\example.elf.ytHYTZ.ltrans0.ltrans.o
 .text.twoway_strstr
                0x0000000000000000      0x236 C:\Users\uni\AppData\Local\Temp\example.elf.ytHYTZ.ltrans0.ltrans.o
 .text.strstr   0x0000000000000000      0x140 C:\Users\uni\AppData\Local\Temp\example.elf.ytHYTZ.ltrans0.ltrans.o
 .text.putchar  0x0000000000000000       0x72 C:\Users\uni\AppData\Local\Temp\example.elf.ytHYTZ.ltrans0.ltrans.o
 .data.ADCPrescTable.lto_priv.0
                0x0000000000000000       0x14 C:\Users\uni\AppData\Local\Temp\example.elf.ytHYTZ.ltrans0.ltrans.o
 .data.ADCPrescTable.lto_priv.1
                0x0000000000000000       0x14 C:\Users\uni\AppData\Local\Temp\example.elf.ytHYTZ.ltrans0.ltrans.o
 .data.ADCPrescTable.lto_priv.2
                0x0000000000000000       0x14 C:\Users\uni\AppData\Local\Temp\example.elf.ytHYTZ.ltrans0.ltrans.o
 .data.APBAHBPrescTable.lto_priv.0
                0x0000000000000000       0x10 C:\Users\uni\AppData\Local\Temp\example.elf.ytHYTZ.ltrans0.ltrans.o
 .data.APBAHBPrescTable.lto_priv.1
                0x0000000000000000       0x10 C:\Users\uni\AppData\Local\Temp\example.elf.ytHYTZ.ltrans0.ltrans.o
 .data.APBAHBPrescTable.lto_priv.2
                0x0000000000000000       0x10 C:\Users\uni\AppData\Local\Temp\example.elf.ytHYTZ.ltrans0.ltrans.o
 .comment       0x0000000000000000       0x13 C:\Users\uni\AppData\Local\Temp\example.elf.ytHYTZ.ltrans0.ltrans.o
 .comment       0x0000000000000000       0x13 C:\Users\uni\AppData\Local\Temp\ccMYsplO.debug.temp.o
 .comment       0x0000000000000000       0x13 C:\Users\uni\AppData\Local\Temp\ccK0teNM.debug.temp.o
 .comment       0x0000000000000000       0x13 C:\Users\uni\AppData\Local\Temp\ccGHApGL.debug.temp.o
 .data          0x0000000000000000        0x0 ../../../ch32fun/ch32fun//../misc\libgcc.a(divdf3.o)
 .bss           0x0000000000000000        0x0 ../../../ch32fun/ch32fun//../misc\libgcc.a(divdf3.o)
 .comment       0x0000000000000000       0x1c ../../../ch32fun/ch32fun//../misc\libgcc.a(divdf3.o)
 .data          0x0000000000000000        0x0 ../../../ch32fun/ch32fun//../misc\libgcc.a(fixunsdfsi.o)
 .bss           0x0000000000000000        0x0 ../../../ch32fun/ch32fun//../misc\libgcc.a(fixunsdfsi.o)
 .comment       0x0000000000000000       0x1c ../../../ch32fun/ch32fun//../misc\libgcc.a(fixunsdfsi.o)
 .data          0x0000000000000000        0x0 ../../../ch32fun/ch32fun//../misc\libgcc.a(floatunsidf.o)
 .bss           0x0000000000000000        0x0 ../../../ch32fun/ch32fun//../misc\libgcc.a(floatunsidf.o)
 .comment       0x0000000000000000       0x1c ../../../ch32fun/ch32fun//../misc\libgcc.a(floatunsidf.o)
 .data          0x0000000000000000        0x0 ../../../ch32fun/ch32fun//../misc\libgcc.a(muldi3.o)
 .bss           0x0000000000000000        0x0 ../../../ch32fun/ch32fun//../misc\libgcc.a(muldi3.o)
 .data          0x0000000000000000        0x0 ../../../ch32fun/ch32fun//../misc\libgcc.a(div.o)
 .bss           0x0000000000000000        0x0 ../../../ch32fun/ch32fun//../misc\libgcc.a(div.o)
 .data          0x0000000000000000        0x0 ../../../ch32fun/ch32fun//../misc\libgcc.a(_clzsi2.o)
 .bss           0x0000000000000000        0x0 ../../../ch32fun/ch32fun//../misc\libgcc.a(_clzsi2.o)
 .comment       0x0000000000000000       0x1c ../../../ch32fun/ch32fun//../misc\libgcc.a(_clzsi2.o)
 .text          0x0000000000000000        0x0 ../../../ch32fun/ch32fun//../misc\libgcc.a(_clz.o)
 .data          0x0000000000000000        0x0 ../../../ch32fun/ch32fun//../misc\libgcc.a(_clz.o)
 .bss           0x0000000000000000        0x0 ../../../ch32fun/ch32fun//../misc\libgcc.a(_clz.o)
 .comment       0x0000000000000000       0x1c ../../../ch32fun/ch32fun//../misc\libgcc.a(_clz.o)

Memory Configuration

Name             Origin             Length             Attributes
FLASH            0x0000000000000000 0x0000000000004000 xr
RAM              0x0000000020000000 0x0000000000000800 xrw
*default*        0x0000000000000000 0xffffffffffffffff

Linker script and memory map

LOAD C:\Users\uni\AppData\Local\Temp\ccNkqbyo.o
LOAD C:\Users\uni\AppData\Local\Temp\example.elf.ytHYTZ.ltrans0.ltrans.o
LOAD C:\Users\uni\AppData\Local\Temp\ccMYsplO.debug.temp.o
LOAD C:\Users\uni\AppData\Local\Temp\ccK0teNM.debug.temp.o
LOAD C:\Users\uni\AppData\Local\Temp\ccGHApGL.debug.temp.o
LOAD C:\Users\uni\AppData\Local\Temp\cc1ChJV0.o
LOAD C:\Users\uni\AppData\Local\Temp\ccZOJvDK.o
LOAD ../../../ch32fun/ch32fun//../misc\libgcc.a
LOAD ../../../ch32fun/ch32fun//../misc\libgcc.a

.init           0x0000000000000000       0xa0
                0x0000000000000000                _sinit = .
                0x0000000000000000                . = ALIGN (0x4)
 *(SORT_NONE(.init))
 .init          0x0000000000000000       0x9e C:\Users\uni\AppData\Local\Temp\example.elf.ytHYTZ.ltrans0.ltrans.o
                0x0000000000000000                InterruptVector
                0x00000000000000a0                . = ALIGN (0x4)
 *fill*         0x000000000000009e        0x2 
                0x00000000000000a0                _einit = .

.text           0x00000000000000a0     0x1ffc
                0x00000000000000a0                . = ALIGN (0x4)
 *(.text)
 .text          0x00000000000000a0      0x5f2 ../../../ch32fun/ch32fun//../misc\libgcc.a(divdf3.o)
                0x00000000000000a0                __divdf3
 .text          0x0000000000000692       0x5c ../../../ch32fun/ch32fun//../misc\libgcc.a(fixunsdfsi.o)
                0x0000000000000692                __fixunsdfsi
 .text          0x00000000000006ee       0x4c ../../../ch32fun/ch32fun//../misc\libgcc.a(floatunsidf.o)
                0x00000000000006ee                __floatunsidf
 *fill*         0x000000000000073a        0x2 
 .text          0x000000000000073c       0x16 ../../../ch32fun/ch32fun//../misc\libgcc.a(muldi3.o)
                0x000000000000073c                __mulsi3
 *fill*         0x0000000000000752        0x2 
 .text          0x0000000000000754       0x7e ../../../ch32fun/ch32fun//../misc\libgcc.a(div.o)
                0x0000000000000754                __divsi3
                0x000000000000075c                __udivsi3
                0x000000000000075c                __hidden___udivsi3
                0x0000000000000788                __umodsi3
                0x00000000000007ac                __modsi3
 .text          0x00000000000007d2       0x3a ../../../ch32fun/ch32fun//../misc\libgcc.a(_clzsi2.o)
                0x00000000000007d2                __clzsi2
 *(.text.*)
 .text.mini_pad
                0x000000000000080c       0x9c C:\Users\uni\AppData\Local\Temp\example.elf.ytHYTZ.ltrans0.ltrans.o
 .text._puts    0x00000000000008a8       0x42 C:\Users\uni\AppData\Local\Temp\example.elf.ytHYTZ.ltrans0.ltrans.o
 .text.PrintHex
                0x00000000000008ea       0x58 C:\Users\uni\AppData\Local\Temp\example.elf.ytHYTZ.ltrans0.ltrans.o
 .text.DelaySysTick
                0x0000000000000942       0x16 C:\Users\uni\AppData\Local\Temp\example.elf.ytHYTZ.ltrans0.ltrans.o
 .text.mini_itoa.part.0
                0x0000000000000958       0xbe C:\Users\uni\AppData\Local\Temp\example.elf.ytHYTZ.ltrans0.ltrans.o
 .text.i2c_error
                0x0000000000000a16       0x92 C:\Users\uni\AppData\Local\Temp\example.elf.ytHYTZ.ltrans0.ltrans.o
 .text.i2c_send_addr_write
                0x0000000000000aa8       0x6c C:\Users\uni\AppData\Local\Temp\example.elf.ytHYTZ.ltrans0.ltrans.o
 .text.i2c_ping
                0x0000000000000b14       0x98 C:\Users\uni\AppData\Local\Temp\example.elf.ytHYTZ.ltrans0.ltrans.o
 .text.i2c_write_raw
                0x0000000000000bac      0x140 C:\Users\uni\AppData\Local\Temp\example.elf.ytHYTZ.ltrans0.ltrans.o
 .text.ssd1306_cmd
                0x0000000000000cec       0x20 C:\Users\uni\AppData\Local\Temp\example.elf.ytHYTZ.ltrans0.ltrans.o
 .text.i2c_write_reg.constprop.0
                0x0000000000000d0c      0x1b0 C:\Users\uni\AppData\Local\Temp\example.elf.ytHYTZ.ltrans0.ltrans.o
 .text.i2c_send_addr_read.constprop.0
                0x0000000000000ebc       0x72 C:\Users\uni\AppData\Local\Temp\example.elf.ytHYTZ.ltrans0.ltrans.o
 .text.i2c_read_reg.constprop.0
                0x0000000000000f2e      0x1b2 C:\Users\uni\AppData\Local\Temp\example.elf.ytHYTZ.ltrans0.ltrans.o
 .text.internal_handle_input.constprop.0
                0x00000000000010e0        0xa C:\Users\uni\AppData\Local\Temp\example.elf.ytHYTZ.ltrans0.ltrans.o
 .text._write.constprop.0
                0x00000000000010ea       0xf2 C:\Users\uni\AppData\Local\Temp\example.elf.ytHYTZ.ltrans0.ltrans.o
 .text.__puts_uart
                0x00000000000011dc       0x14 C:\Users\uni\AppData\Local\Temp\example.elf.ytHYTZ.ltrans0.ltrans.o
 .text.handle_reset
                0x00000000000011f0       0x72 C:\Users\uni\AppData\Local\Temp\example.elf.ytHYTZ.ltrans0.ltrans.o
                0x00000000000011f0                handle_reset
 .text.vector_handler
                0x0000000000001262       0x66 C:\Users\uni\AppData\Local\Temp\example.elf.ytHYTZ.ltrans0.ltrans.o
                0x0000000000001262                EXTI2_IRQHandler
                0x0000000000001262                TIM8_TRG_COM_IRQHandler
                0x0000000000001262                TIM8_CC_IRQHandler
                0x0000000000001262                UART8_IRQHandler
                0x0000000000001262                TIM1_CC_IRQHandler
                0x0000000000001262                HardFault_Handler
                0x0000000000001262                GPIOB_IRQHandler
                0x0000000000001262                USBPD_IRQHandler
                0x0000000000001262                TIM6_IRQHandler
                0x0000000000001262                GPIOA_IRQHandler
                0x0000000000001262                PVD_IRQHandler
                0x0000000000001262                SDIO_IRQHandler
                0x0000000000001262                TIM9_BRK_IRQHandler
                0x0000000000001262                DMA2_Channel8_IRQHandler
                0x0000000000001262                USBWakeUp_IRQHandler
                0x0000000000001262                CAN2_RX1_IRQHandler
                0x0000000000001262                EXTI3_IRQHandler
                0x0000000000001262                UART1_IRQHandler
                0x0000000000001262                USBHS_IRQHandler
                0x0000000000001262                DMA2_Channel9_IRQHandler
                0x0000000000001262                TIM10_CC_IRQHandler
                0x0000000000001262                EXTI25_16_IRQHandler
                0x0000000000001262                USBFS_IRQHandler
                0x0000000000001262                UART0_IRQHandler
                0x0000000000001262                EXTI0_IRQHandler
                0x0000000000001262                I2C2_EV_IRQHandler
                0x0000000000001262                TIM10_TRG_COM_IRQHandler
                0x0000000000001262                CAN2_SCE_IRQHandler
                0x0000000000001262                ADC1_2_IRQHandler
                0x0000000000001262                BB_IRQHandler
                0x0000000000001262                Break_Point_Handler
                0x0000000000001262                TIM2_CC_IRQHandler
                0x0000000000001262                SPI1_IRQHandler
                0x0000000000001262                TAMPER_IRQHandler
                0x0000000000001262                TMR0_IRQHandler
                0x0000000000001262                AWU_IRQHandler
                0x0000000000001262                EXTI7_0_IRQHandler
                0x0000000000001262                CAN2_RX0_IRQHandler
                0x0000000000001262                OSCWakeUp_IRQHandler
                0x0000000000001262                TIM8_UP_IRQHandler
                0x0000000000001262                Ecall_M_Mode_Handler
                0x0000000000001262                DMA2_Channel2_IRQHandler
                0x0000000000001262                DMA1_Channel4_IRQHandler
                0x0000000000001262                ADC1_IRQHandler
                0x0000000000001262                TIM2_BRK_IRQHandler
                0x0000000000001262                TIM9_UP_IRQHandler
                0x0000000000001262                USART3_IRQHandler
                0x0000000000001262                RTC_IRQHandler
                0x0000000000001262                DMA1_Channel7_IRQHandler
                0x0000000000001262                CAN1_RX1_IRQHandler
                0x0000000000001262                DVP_IRQHandler
                0x0000000000001262                UART5_IRQHandler
                0x0000000000001262                EXTI15_8_IRQHandler
                0x0000000000001262                TIM4_IRQHandler
                0x0000000000001262                DMA2_Channel1_IRQHandler
                0x0000000000001262                USBPD_WKUP_IRQHandler
                0x0000000000001262                I2C1_EV_IRQHandler
                0x0000000000001262                UART2_IRQHandler
                0x0000000000001262                USART4_IRQHandler
                0x0000000000001262                PWMX_IRQHandler
                0x0000000000001262                DMA1_Channel6_IRQHandler
                0x0000000000001262                UART4_IRQHandler
                0x0000000000001262                DMA2_Channel4_IRQHandler
                0x0000000000001262                TIM3_IRQHandler
                0x0000000000001262                RCC_IRQHandler
                0x0000000000001262                TIM1_TRG_COM_IRQHandler
                0x0000000000001262                DMA1_Channel1_IRQHandler
                0x0000000000001262                DMA2_Channel7_IRQHandler
                0x0000000000001262                EXTI15_10_IRQHandler
                0x0000000000001262                ADC_IRQHandler
                0x0000000000001262                DMA1_Channel8_IRQHandler
                0x0000000000001262                TMR2_IRQHandler
                0x0000000000001262                DefaultIRQHandler
                0x0000000000001262                TIM7_IRQHandler
                0x0000000000001262                CAN2_TX_IRQHandler
                0x0000000000001262                TIM5_IRQHandler
                0x0000000000001262                TMR1_IRQHandler
                0x0000000000001262                USB_IRQHandler
                0x0000000000001262                EXTI9_5_IRQHandler
                0x0000000000001262                PIOC_IRQHandler
                0x0000000000001262                SPI2_IRQHandler
                0x0000000000001262                OSC32KCal_IRQHandler
                0x0000000000001262                I2C_IRQHandler
                0x0000000000001262                TIM10_BRK_IRQHandler
                0x0000000000001262                TIM9_CC_IRQHandler
                0x0000000000001262                DMA2_Channel5_IRQHandler
                0x0000000000001262                USB2_IRQHandler
                0x0000000000001262                USBHSWakeUp_IRQHandler
                0x0000000000001262                DMA1_Channel5_IRQHandler
                0x0000000000001262                EXTI4_IRQHandler
                0x0000000000001262                USB_LP_CAN1_RX0_IRQHandler
                0x0000000000001262                RNG_IRQHandler
                0x0000000000001262                USB_HP_CAN1_TX_IRQHandler
                0x0000000000001262                LLE_IRQHandler
                0x0000000000001262                DMA1_Channel3_IRQHandler
                0x0000000000001262                FSMC_IRQHandler
                0x0000000000001262                ETH_IRQHandler
                0x0000000000001262                TIM1_UP_IRQHandler
                0x0000000000001262                WWDG_IRQHandler
                0x0000000000001262                DMA2_Channel11_IRQHandler
                0x0000000000001262                WDOG_BAT_IRQHandler
                0x0000000000001262                Ecall_U_Mode_Handler
                0x0000000000001262                TMR3_IRQHandler
                0x0000000000001262                DMA2_Channel6_IRQHandler
                0x0000000000001262                TIM2_IRQHandler
                0x0000000000001262                SW_Handler
                0x0000000000001262                TIM1_BRK_IRQHandler
                0x0000000000001262                OPA_IRQHandler
                0x0000000000001262                DMA2_Channel10_IRQHandler
                0x0000000000001262                EXTI1_IRQHandler
                0x0000000000001262                SPI0_IRQHandler
                0x0000000000001262                RTCAlarm_IRQHandler
                0x0000000000001262                TIM10_UP_IRQHandler
                0x0000000000001262                TIM9_TRG_COM_IRQHandler
                0x0000000000001262                UART7_IRQHandler
                0x0000000000001262                USART2_IRQHandler
                0x0000000000001262                UART6_IRQHandler
                0x0000000000001262                ETHWakeUp_IRQHandler
                0x0000000000001262                I2C2_ER_IRQHandler
                0x0000000000001262                DMA1_Channel2_IRQHandler
                0x0000000000001262                TIM8_BRK_IRQHandler
                0x0000000000001262                TIM2_TRG_IRQHandler
                0x0000000000001262                CAN1_SCE_IRQHandler
                0x0000000000001262                FLASH_IRQHandler
                0x0000000000001262                USBFSWakeUp_IRQHandler
                0x0000000000001262                USART1_IRQHandler
                0x0000000000001262                OTG_FS_IRQHandler
                0x0000000000001262                SPI3_IRQHandler
                0x0000000000001262                USBFS_WakeUp_IRQHandler
                0x0000000000001262                UART3_IRQHandler
                0x0000000000001262                I2C1_ER_IRQHandler
                0x0000000000001262                DMA2_Channel3_IRQHandler
                0x00000000000012ba                NMI_Handler
                0x00000000000012ba                NMI_RCC_CSS_IRQHandler
 .text.strlen   0x00000000000012c8       0x12 C:\Users\uni\AppData\Local\Temp\example.elf.ytHYTZ.ltrans0.ltrans.o
                0x00000000000012c8                strlen
 .text.mini_vpprintf
                0x00000000000012da      0x1b4 C:\Users\uni\AppData\Local\Temp\example.elf.ytHYTZ.ltrans0.ltrans.o
 .text.printf   0x000000000000148e       0x28 C:\Users\uni\AppData\Local\Temp\example.elf.ytHYTZ.ltrans0.ltrans.o
                0x000000000000148e                printf
 .text.mini_vsnprintf
                0x00000000000014b6       0x32 C:\Users\uni\AppData\Local\Temp\example.elf.ytHYTZ.ltrans0.ltrans.o
 .text.sprintf  0x00000000000014e8       0x22 C:\Users\uni\AppData\Local\Temp\example.elf.ytHYTZ.ltrans0.ltrans.o
                0x00000000000014e8                sprintf
 .text.memset   0x000000000000150a       0x12 C:\Users\uni\AppData\Local\Temp\example.elf.ytHYTZ.ltrans0.ltrans.o
                0x000000000000150a                memset
 .text.strcpy   0x000000000000151c       0x14 C:\Users\uni\AppData\Local\Temp\example.elf.ytHYTZ.ltrans0.ltrans.o
                0x000000000000151c                strcpy
 .text.memcpy   0x0000000000001530       0x1c C:\Users\uni\AppData\Local\Temp\example.elf.ytHYTZ.ltrans0.ltrans.o
                0x0000000000001530                memcpy
 .text.ssd1306_data.isra.0
                0x000000000000154c       0x30 C:\Users\uni\AppData\Local\Temp\example.elf.ytHYTZ.ltrans0.ltrans.o
 .text.ssd1306_print_str_at.constprop.0
                0x000000000000157c       0x74 C:\Users\uni\AppData\Local\Temp\example.elf.ytHYTZ.ltrans0.ltrans.o
 .text.puts     0x00000000000015f0       0x2c C:\Users\uni\AppData\Local\Temp\example.elf.ytHYTZ.ltrans0.ltrans.o
                0x00000000000015f0                puts
 .text.i2c_scan_callback
                0x000000000000161c       0x50 C:\Users\uni\AppData\Local\Temp\example.elf.ytHYTZ.ltrans0.ltrans.o
 .text.SystemInit
                0x000000000000166c       0x58 C:\Users\uni\AppData\Local\Temp\example.elf.ytHYTZ.ltrans0.ltrans.o
                0x000000000000166c                SystemInit
 .text.startup.main
                0x00000000000016c4      0x570 C:\Users\uni\AppData\Local\Temp\example.elf.ytHYTZ.ltrans0.ltrans.o
                0x00000000000016c4                main
 .text.SysTick_Handler
                0x0000000000001c34       0x32 C:\Users\uni\AppData\Local\Temp\example.elf.ytHYTZ.ltrans0.ltrans.o
 *(.rodata)
 *fill*         0x0000000000001c66        0x2 
 .rodata        0x0000000000001c68       0x3c ../../../ch32fun/ch32fun//../misc\libgcc.a(divdf3.o)
 .rodata        0x0000000000001ca4      0x100 ../../../ch32fun/ch32fun//../misc\libgcc.a(_clz.o)
                0x0000000000001ca4                __clz_tab
 *(.rodata*)
 .rodata.puts.str1.4
                0x0000000000001da4        0x0 C:\Users\uni\AppData\Local\Temp\example.elf.ytHYTZ.ltrans0.ltrans.o
                                          0x2 (size before relaxing)
 .rodata.i2c_scan_callback.str1.4
                0x0000000000001da4        0xc C:\Users\uni\AppData\Local\Temp\example.elf.ytHYTZ.ltrans0.ltrans.o
 .rodata.main.str1.4
                0x0000000000001db0       0xf2 C:\Users\uni\AppData\Local\Temp\example.elf.ytHYTZ.ltrans0.ltrans.o
 *fill*         0x0000000000001ea2        0x2 
 .rodata.FONT_7x5
                0x0000000000001ea4      0x1db C:\Users\uni\AppData\Local\Temp\example.elf.ytHYTZ.ltrans0.ltrans.o
 *fill*         0x000000000000207f        0x1 
 .rodata.ssd1306_init_array
                0x0000000000002080       0x1a C:\Users\uni\AppData\Local\Temp\example.elf.ytHYTZ.ltrans0.ltrans.o
 *(.gnu.linkonce.t.*)
                0x000000000000209c                . = ALIGN (0x4)
 *fill*         0x000000000000209a        0x2 

.rela.dyn       0x000000000000209c        0x0
 .rela.text.mini_pad
                0x000000000000209c        0x0 C:\Users\uni\AppData\Local\Temp\example.elf.ytHYTZ.ltrans0.ltrans.o
 .rela.text._write.constprop.0
                0x000000000000209c        0x0 C:\Users\uni\AppData\Local\Temp\example.elf.ytHYTZ.ltrans0.ltrans.o
 .rela.text.handle_reset
                0x000000000000209c        0x0 C:\Users\uni\AppData\Local\Temp\example.elf.ytHYTZ.ltrans0.ltrans.o
 .rela.text.mini_vpprintf
                0x000000000000209c        0x0 C:\Users\uni\AppData\Local\Temp\example.elf.ytHYTZ.ltrans0.ltrans.o
 .rela.text.ssd1306_data.isra.0
                0x000000000000209c        0x0 C:\Users\uni\AppData\Local\Temp\example.elf.ytHYTZ.ltrans0.ltrans.o
 .rela.text.puts
                0x000000000000209c        0x0 C:\Users\uni\AppData\Local\Temp\example.elf.ytHYTZ.ltrans0.ltrans.o
 .rela.text.i2c_scan_callback
                0x000000000000209c        0x0 C:\Users\uni\AppData\Local\Temp\example.elf.ytHYTZ.ltrans0.ltrans.o
 .rela.text.startup.main
                0x000000000000209c        0x0 C:\Users\uni\AppData\Local\Temp\example.elf.ytHYTZ.ltrans0.ltrans.o

.fini           0x000000000000209c        0x0
 *(SORT_NONE(.fini))
                0x000000000000209c                . = ALIGN (0x4)
                [!provide]                        PROVIDE (_etext = .)
                [!provide]                        PROVIDE (_eitcm = .)

.preinit_array  0x000000000000209c        0x0
                [!provide]                        PROVIDE (__preinit_array_start = .)
 *(.preinit_array)
                [!provide]                        PROVIDE (__preinit_array_end = .)

.init_array     0x000000000000209c        0x0
                [!provide]                        PROVIDE (__init_array_start = .)
 *(SORT_BY_INIT_PRIORITY(.init_array.*) SORT_BY_INIT_PRIORITY(.ctors.*))
 *(.init_array EXCLUDE_FILE(*crtend?.o *crtend.o *crtbegin?.o *crtbegin.o) .ctors)
                [!provide]                        PROVIDE (__init_array_end = .)

.fini_array     0x000000000000209c        0x0
                [!provide]                        PROVIDE (__fini_array_start = .)
 *(SORT_BY_INIT_PRIORITY(.fini_array.*) SORT_BY_INIT_PRIORITY(.dtors.*))
 *(.fini_array EXCLUDE_FILE(*crtend?.o *crtend.o *crtbegin?.o *crtbegin.o) .dtors)
                [!provide]                        PROVIDE (__fini_array_end = .)

.ctors
 *crtbegin.o(.ctors)
 *crtbegin?.o(.ctors)
 *(EXCLUDE_FILE(*crtend?.o *crtend.o) .ctors)
 *(SORT_BY_NAME(.ctors.*))
 *(.ctors)

.dtors
 *crtbegin.o(.dtors)
 *crtbegin?.o(.dtors)
 *(EXCLUDE_FILE(*crtend?.o *crtend.o) .dtors)
 *(SORT_BY_NAME(.dtors.*))
 *(.dtors)

.dalign         0x0000000020000000        0x0 load address 0x000000000000209c
                0x0000000020000000                . = ALIGN (0x4)
                0x0000000020000000                PROVIDE (_data_vma = .)

.dlalign        0x000000000000209c        0x0
                0x000000000000209c                . = ALIGN (0x4)
                0x000000000000209c                PROVIDE (_data_lma = .)

.data           0x0000000020000000       0x28 load address 0x000000000000209c
                0x0000000020000000                . = ALIGN (0x4)
                0x00000000200003fc                __global_pointer$ = (. + 0x3fc)
 *(.gnu.linkonce.r.*)
 *(.data .data.*)
 .data.dev_sensor
                0x0000000020000000        0xc C:\Users\uni\AppData\Local\Temp\example.elf.ytHYTZ.ltrans0.ltrans.o
 .data.dev_ssd1306
                0x000000002000000c        0xc C:\Users\uni\AppData\Local\Temp\example.elf.ytHYTZ.ltrans0.ltrans.o
 *(.gnu.linkonce.d.*)
                0x0000000020000018                . = ALIGN (0x8)
 *(.sdata .sdata.*)
 .sdata.line.0  0x0000000020000018        0x4 C:\Users\uni\AppData\Local\Temp\example.elf.ytHYTZ.ltrans0.ltrans.o
 *(.sdata2*)
 *(.gnu.linkonce.s.*)
                0x0000000020000020                . = ALIGN (0x8)
 *fill*         0x000000002000001c        0x4 
 *(.srodata.cst16)
 *(.srodata.cst8)
 .srodata.cst8  0x0000000020000020        0x8 C:\Users\uni\AppData\Local\Temp\example.elf.ytHYTZ.ltrans0.ltrans.o
 *(.srodata.cst4)
 *(.srodata.cst2)
 *(.srodata .srodata.*)
                0x0000000020000028                . = ALIGN (0x4)
                0x0000000020000028                PROVIDE (_edata = .)

.bss            0x0000000020000028      0x430 load address 0x00000000000020c4
                0x0000000020000028                . = ALIGN (0x4)
                0x0000000020000028                PROVIDE (_sbss = .)
 *(.sbss*)
 .sbss._i2c_timeout
                0x0000000020000028        0x4 C:\Users\uni\AppData\Local\Temp\example.elf.ytHYTZ.ltrans0.ltrans.o
 .sbss.buff     0x000000002000002c        0x8 C:\Users\uni\AppData\Local\Temp\example.elf.ytHYTZ.ltrans0.ltrans.o
 .sbss.ssd1306_buffer
                0x0000000020000034        0x1 C:\Users\uni\AppData\Local\Temp\example.elf.ytHYTZ.ltrans0.ltrans.o
 *fill*         0x0000000020000035        0x3 
 .sbss.systick_millis
                0x0000000020000038        0x4 C:\Users\uni\AppData\Local\Temp\example.elf.ytHYTZ.ltrans0.ltrans.o
 *(.gnu.linkonce.sb.*)
 *(.bss*)
 .bss.frame_buffer
                0x000000002000003c      0x400 C:\Users\uni\AppData\Local\Temp\example.elf.ytHYTZ.ltrans0.ltrans.o
 .bss.str_output
                0x000000002000043c       0x19 C:\Users\uni\AppData\Local\Temp\example.elf.ytHYTZ.ltrans0.ltrans.o
 *(.gnu.linkonce.b.*)
 *(COMMON*)
                0x0000000020000458                . = ALIGN (0x4)
 *fill*         0x0000000020000455        0x3 
                0x0000000020000458                PROVIDE (_ebss = .)
                [!provide]                        PROVIDE (_end = _ebss)
                [!provide]                        PROVIDE (end = .)
                0x0000000020000800                PROVIDE (_eusrstack = (ORIGIN (RAM) + LENGTH (RAM)))

/DISCARD/
 *(.note .note.*)
 *(.eh_frame .eh_frame.*)
 *(.comment .comment.*)
 *(.ARM.extab* .gnu.linkonce.armextab.*)
 *(.ARM.exidx*)
OUTPUT(example.elf elf32-littleriscv)

.riscv.attributes
                0x0000000000000000       0x21
 .riscv.attributes
                0x0000000000000000       0x21 C:\Users\uni\AppData\Local\Temp\example.elf.ytHYTZ.ltrans0.ltrans.o
 .riscv.attributes
                0x0000000000000021       0x21 ../../../ch32fun/ch32fun//../misc\libgcc.a(divdf3.o)
 .riscv.attributes
                0x0000000000000042       0x21 ../../../ch32fun/ch32fun//../misc\libgcc.a(fixunsdfsi.o)
 .riscv.attributes
                0x0000000000000063       0x21 ../../../ch32fun/ch32fun//../misc\libgcc.a(floatunsidf.o)
 .riscv.attributes
                0x0000000000000084       0x1f ../../../ch32fun/ch32fun//../misc\libgcc.a(muldi3.o)
 .riscv.attributes
                0x00000000000000a3       0x1f ../../../ch32fun/ch32fun//../misc\libgcc.a(div.o)
 .riscv.attributes
                0x00000000000000c2       0x21 ../../../ch32fun/ch32fun//../misc\libgcc.a(_clzsi2.o)
 .riscv.attributes
                0x00000000000000e3       0x21 ../../../ch32fun/ch32fun//../misc\libgcc.a(_clz.o)

.debug_info     0x0000000000000000     0x6eec
 .debug_info    0x0000000000000000     0x23d9 C:\Users\uni\AppData\Local\Temp\example.elf.ytHYTZ.ltrans0.ltrans.o
 .debug_info    0x00000000000023d9     0x1188 C:\Users\uni\AppData\Local\Temp\ccMYsplO.debug.temp.o
                0x00000000000023d9                ch32fun.c.6a6b5a13
 .debug_info    0x0000000000003561     0x22e8 C:\Users\uni\AppData\Local\Temp\ccK0teNM.debug.temp.o
                0x0000000000003561                example.c.473401f4
 .debug_info    0x0000000000005849      0x7cc C:\Users\uni\AppData\Local\Temp\ccGHApGL.debug.temp.o
                0x0000000000005849                lib_i2c.c.bdeb3654
 .debug_info    0x0000000000006015      0x825 ../../../ch32fun/ch32fun//../misc\libgcc.a(divdf3.o)
 .debug_info    0x000000000000683a      0x1ad ../../../ch32fun/ch32fun//../misc\libgcc.a(fixunsdfsi.o)
 .debug_info    0x00000000000069e7      0x25d ../../../ch32fun/ch32fun//../misc\libgcc.a(floatunsidf.o)
 .debug_info    0x0000000000006c44       0x31 ../../../ch32fun/ch32fun//../misc\libgcc.a(muldi3.o)
 .debug_info    0x0000000000006c75       0x5d ../../../ch32fun/ch32fun//../misc\libgcc.a(div.o)
 .debug_info    0x0000000000006cd2      0x142 ../../../ch32fun/ch32fun//../misc\libgcc.a(_clzsi2.o)
 .debug_info    0x0000000000006e14       0xd8 ../../../ch32fun/ch32fun//../misc\libgcc.a(_clz.o)

.debug_abbrev   0x0000000000000000      0xf46
 .debug_abbrev  0x0000000000000000      0x215 C:\Users\uni\AppData\Local\Temp\example.elf.ytHYTZ.ltrans0.ltrans.o
 .debug_abbrev  0x0000000000000215      0x233 C:\Users\uni\AppData\Local\Temp\ccMYsplO.debug.temp.o
 .debug_abbrev  0x0000000000000448      0x32c C:\Users\uni\AppData\Local\Temp\ccK0teNM.debug.temp.o
 .debug_abbrev  0x0000000000000774      0x1f3 C:\Users\uni\AppData\Local\Temp\ccGHApGL.debug.temp.o
 .debug_abbrev  0x0000000000000967      0x190 ../../../ch32fun/ch32fun//../misc\libgcc.a(divdf3.o)
 .debug_abbrev  0x0000000000000af7      0x162 ../../../ch32fun/ch32fun//../misc\libgcc.a(fixunsdfsi.o)
 .debug_abbrev  0x0000000000000c59      0x163 ../../../ch32fun/ch32fun//../misc\libgcc.a(floatunsidf.o)
 .debug_abbrev  0x0000000000000dbc       0x28 ../../../ch32fun/ch32fun//../misc\libgcc.a(muldi3.o)
 .debug_abbrev  0x0000000000000de4       0x28 ../../../ch32fun/ch32fun//../misc\libgcc.a(div.o)
 .debug_abbrev  0x0000000000000e0c       0xca ../../../ch32fun/ch32fun//../misc\libgcc.a(_clzsi2.o)
 .debug_abbrev  0x0000000000000ed6       0x70 ../../../ch32fun/ch32fun//../misc\libgcc.a(_clz.o)

.debug_loc      0x0000000000000000     0x3097
 .debug_loc     0x0000000000000000     0x3097 C:\Users\uni\AppData\Local\Temp\example.elf.ytHYTZ.ltrans0.ltrans.o

.debug_aranges  0x0000000000000000      0x278
 .debug_aranges
                0x0000000000000000      0x1a0 C:\Users\uni\AppData\Local\Temp\example.elf.ytHYTZ.ltrans0.ltrans.o
 .debug_aranges
                0x00000000000001a0       0x20 ../../../ch32fun/ch32fun//../misc\libgcc.a(divdf3.o)
 .debug_aranges
                0x00000000000001c0       0x20 ../../../ch32fun/ch32fun//../misc\libgcc.a(fixunsdfsi.o)
 .debug_aranges
                0x00000000000001e0       0x20 ../../../ch32fun/ch32fun//../misc\libgcc.a(floatunsidf.o)
 .debug_aranges
                0x0000000000000200       0x20 ../../../ch32fun/ch32fun//../misc\libgcc.a(muldi3.o)
 .debug_aranges
                0x0000000000000220       0x20 ../../../ch32fun/ch32fun//../misc\libgcc.a(div.o)
 .debug_aranges
                0x0000000000000240       0x20 ../../../ch32fun/ch32fun//../misc\libgcc.a(_clzsi2.o)
 .debug_aranges
                0x0000000000000260       0x18 ../../../ch32fun/ch32fun//../misc\libgcc.a(_clz.o)

.debug_ranges   0x0000000000000000      0x8a0
 .debug_ranges  0x0000000000000000      0x8a0 C:\Users\uni\AppData\Local\Temp\example.elf.ytHYTZ.ltrans0.ltrans.o

.debug_line     0x0000000000000000     0x5bd4
 .debug_line    0x0000000000000000     0x3fc4 C:\Users\uni\AppData\Local\Temp\example.elf.ytHYTZ.ltrans0.ltrans.o
 .debug_line    0x0000000000003fc4      0x19a C:\Users\uni\AppData\Local\Temp\ccMYsplO.debug.temp.o
 .debug_line    0x000000000000415e      0x1a5 C:\Users\uni\AppData\Local\Temp\ccK0teNM.debug.temp.o
 .debug_line    0x0000000000004303      0x133 C:\Users\uni\AppData\Local\Temp\ccGHApGL.debug.temp.o
 .debug_line    0x0000000000004436     0x110f ../../../ch32fun/ch32fun//../misc\libgcc.a(divdf3.o)
 .debug_line    0x0000000000005545      0x177 ../../../ch32fun/ch32fun//../misc\libgcc.a(fixunsdfsi.o)
 .debug_line    0x00000000000056bc      0x241 ../../../ch32fun/ch32fun//../misc\libgcc.a(floatunsidf.o)
 .debug_line    0x00000000000058fd       0x7a ../../../ch32fun/ch32fun//../misc\libgcc.a(muldi3.o)
 .debug_line    0x0000000000005977      0x153 ../../../ch32fun/ch32fun//../misc\libgcc.a(div.o)
 .debug_line    0x0000000000005aca       0xcb ../../../ch32fun/ch32fun//../misc\libgcc.a(_clzsi2.o)
 .debug_line    0x0000000000005b95       0x3f ../../../ch32fun/ch32fun//../misc\libgcc.a(_clz.o)

.debug_str      0x0000000000000000     0x1be9
 .debug_str     0x0000000000000000      0x1d1 C:\Users\uni\AppData\Local\Temp\example.elf.ytHYTZ.ltrans0.ltrans.o
                                        0x204 (size before relaxing)
 .debug_str     0x00000000000001d1      0x5c6 C:\Users\uni\AppData\Local\Temp\ccMYsplO.debug.temp.o
                                        0x72a (size before relaxing)
 .debug_str     0x0000000000000797      0xd80 C:\Users\uni\AppData\Local\Temp\ccK0teNM.debug.temp.o
                                       0x10a2 (size before relaxing)
 .debug_str     0x0000000000001517      0x1d8 C:\Users\uni\AppData\Local\Temp\ccGHApGL.debug.temp.o
                                        0x523 (size before relaxing)
 .debug_str     0x00000000000016ef      0x2f5 ../../../ch32fun/ch32fun//../misc\libgcc.a(divdf3.o)
                                        0x393 (size before relaxing)
 .debug_str     0x00000000000019e4       0x1b ../../../ch32fun/ch32fun//../misc\libgcc.a(fixunsdfsi.o)
                                        0x1b1 (size before relaxing)
 .debug_str     0x00000000000019ff       0xb1 ../../../ch32fun/ch32fun//../misc\libgcc.a(floatunsidf.o)
                                        0x24d (size before relaxing)
 .debug_str     0x0000000000001ab0       0xa3 ../../../ch32fun/ch32fun//../misc\libgcc.a(muldi3.o)
                                         0xac (size before relaxing)
 .debug_str     0x0000000000001b53       0x4e ../../../ch32fun/ch32fun//../misc\libgcc.a(div.o)
                                         0xd9 (size before relaxing)
 .debug_str     0x0000000000001ba1       0x48 ../../../ch32fun/ch32fun//../misc\libgcc.a(_clzsi2.o)
                                        0x1b8 (size before relaxing)
 .debug_str     0x0000000000001be9      0x19b ../../../ch32fun/ch32fun//../misc\libgcc.a(_clz.o)

.debug_frame    0x0000000000000000      0x5e4
 .debug_frame   0x0000000000000000      0x534 C:\Users\uni\AppData\Local\Temp\example.elf.ytHYTZ.ltrans0.ltrans.o
 .debug_frame   0x0000000000000534       0x3c ../../../ch32fun/ch32fun//../misc\libgcc.a(divdf3.o)
 .debug_frame   0x0000000000000570       0x20 ../../../ch32fun/ch32fun//../misc\libgcc.a(fixunsdfsi.o)
 .debug_frame   0x0000000000000590       0x34 ../../../ch32fun/ch32fun//../misc\libgcc.a(floatunsidf.o)
 .debug_frame   0x00000000000005c4       0x20 ../../../ch32fun/ch32fun//../misc\libgcc.a(_clzsi2.o)

.debug_loclists
                0x0000000000000000     0x1276
 .debug_loclists
                0x0000000000000000     0x1001 ../../../ch32fun/ch32fun//../misc\libgcc.a(divdf3.o)
 .debug_loclists
                0x0000000000001001       0xdc ../../../ch32fun/ch32fun//../misc\libgcc.a(fixunsdfsi.o)
 .debug_loclists
                0x00000000000010dd      0x137 ../../../ch32fun/ch32fun//../misc\libgcc.a(floatunsidf.o)
 .debug_loclists
                0x0000000000001214       0x62 ../../../ch32fun/ch32fun//../misc\libgcc.a(_clzsi2.o)

.debug_rnglists
                0x0000000000000000      0x231
 .debug_rnglists
                0x0000000000000000      0x177 ../../../ch32fun/ch32fun//../misc\libgcc.a(divdf3.o)
 .debug_rnglists
                0x0000000000000177       0x28 ../../../ch32fun/ch32fun//../misc\libgcc.a(fixunsdfsi.o)
 .debug_rnglists
                0x000000000000019f       0x6a ../../../ch32fun/ch32fun//../misc\libgcc.a(floatunsidf.o)
 .debug_rnglists
                0x0000000000000209       0x28 ../../../ch32fun/ch32fun//../misc\libgcc.a(_clzsi2.o)

.debug_line_str
                0x0000000000000000      0x18a
 .debug_line_str
                0x0000000000000000       0xc1 ../../../ch32fun/ch32fun//../misc\libgcc.a(divdf3.o)
                                        0x13c (size before relaxing)
 .debug_line_str
                0x00000000000000c1       0x2b ../../../ch32fun/ch32fun//../misc\libgcc.a(fixunsdfsi.o)
                                        0x148 (size before relaxing)
 .debug_line_str
                0x00000000000000ec       0x2c ../../../ch32fun/ch32fun//../misc\libgcc.a(floatunsidf.o)
                                        0x14b (size before relaxing)
 .debug_line_str
                0x0000000000000118       0x2c ../../../ch32fun/ch32fun//../misc\libgcc.a(muldi3.o)
                                         0x95 (size before relaxing)
 .debug_line_str
                0x0000000000000144        0x6 ../../../ch32fun/ch32fun//../misc\libgcc.a(div.o)
                                         0x92 (size before relaxing)
 .debug_line_str
                0x000000000000014a       0x40 ../../../ch32fun/ch32fun//../misc\libgcc.a(_clzsi2.o)
                                        0x126 (size before relaxing)
 .debug_line_str
                0x000000000000018a      0x126 ../../../ch32fun/ch32fun//../misc\libgcc.a(_clz.o)
