
Discarded input sections

 .text          0x0000000000000000        0x0 C:\Users\uni\AppData\Local\Temp\iSLER-mess.elf.rZNVbB.ltrans0.ltrans.o
 .data          0x0000000000000000        0x0 C:\Users\uni\AppData\Local\Temp\iSLER-mess.elf.rZNVbB.ltrans0.ltrans.o
 .bss           0x0000000000000000        0x0 C:\Users\uni\AppData\Local\Temp\iSLER-mess.elf.rZNVbB.ltrans0.ltrans.o
 .text._puts    0x0000000000000000       0x42 C:\Users\uni\AppData\Local\Temp\iSLER-mess.elf.rZNVbB.ltrans0.ltrans.o
 .srodata       0x0000000000000000       0x14 C:\Users\uni\AppData\Local\Temp\iSLER-mess.elf.rZNVbB.ltrans0.ltrans.o
 .text.vprintf  0x0000000000000000       0x16 C:\Users\uni\AppData\Local\Temp\iSLER-mess.elf.rZNVbB.ltrans0.ltrans.o
 .text.mini_vsnprintf
                0x0000000000000000       0x3a C:\Users\uni\AppData\Local\Temp\iSLER-mess.elf.rZNVbB.ltrans0.ltrans.o
 .text.snprintf
                0x0000000000000000       0x20 C:\Users\uni\AppData\Local\Temp\iSLER-mess.elf.rZNVbB.ltrans0.ltrans.o
 .text.sprintf  0x0000000000000000       0x2c C:\Users\uni\AppData\Local\Temp\iSLER-mess.elf.rZNVbB.ltrans0.ltrans.o
 .text.strcpy   0x0000000000000000       0x14 C:\Users\uni\AppData\Local\Temp\iSLER-mess.elf.rZNVbB.ltrans0.ltrans.o
 .text.strncpy  0x0000000000000000       0x1c C:\Users\uni\AppData\Local\Temp\iSLER-mess.elf.rZNVbB.ltrans0.ltrans.o
 .text.strcmp   0x0000000000000000       0x1a C:\Users\uni\AppData\Local\Temp\iSLER-mess.elf.rZNVbB.ltrans0.ltrans.o
 .text.strncmp  0x0000000000000000       0x2e C:\Users\uni\AppData\Local\Temp\iSLER-mess.elf.rZNVbB.ltrans0.ltrans.o
 .text.strchr   0x0000000000000000       0x16 C:\Users\uni\AppData\Local\Temp\iSLER-mess.elf.rZNVbB.ltrans0.ltrans.o
 .text.strrchr  0x0000000000000000       0x3c C:\Users\uni\AppData\Local\Temp\iSLER-mess.elf.rZNVbB.ltrans0.ltrans.o
 .text.memcmp   0x0000000000000000       0x26 C:\Users\uni\AppData\Local\Temp\iSLER-mess.elf.rZNVbB.ltrans0.ltrans.o
 .text.memmove  0x0000000000000000       0x5e C:\Users\uni\AppData\Local\Temp\iSLER-mess.elf.rZNVbB.ltrans0.ltrans.o
 .text.memchr   0x0000000000000000       0x1c C:\Users\uni\AppData\Local\Temp\iSLER-mess.elf.rZNVbB.ltrans0.ltrans.o
 .text.strnlen  0x0000000000000000       0x2a C:\Users\uni\AppData\Local\Temp\iSLER-mess.elf.rZNVbB.ltrans0.ltrans.o
 .text.twoway_strstr
                0x0000000000000000      0x254 C:\Users\uni\AppData\Local\Temp\iSLER-mess.elf.rZNVbB.ltrans0.ltrans.o
 .text.strstr   0x0000000000000000      0x13a C:\Users\uni\AppData\Local\Temp\iSLER-mess.elf.rZNVbB.ltrans0.ltrans.o
 .text.EHSVtoHEX
                0x0000000000000000      0x15e C:\Users\uni\AppData\Local\Temp\iSLER-mess.elf.rZNVbB.ltrans0.ltrans.o
 .text.TweenHexColors
                0x0000000000000000       0xdc C:\Users\uni\AppData\Local\Temp\iSLER-mess.elf.rZNVbB.ltrans0.ltrans.o
 .comment       0x0000000000000000       0x13 C:\Users\uni\AppData\Local\Temp\iSLER-mess.elf.rZNVbB.ltrans0.ltrans.o
 .comment       0x0000000000000000       0x13 C:\Users\uni\AppData\Local\Temp\cc9G21vy.debug.temp.o
 .comment       0x0000000000000000       0x13 C:\Users\uni\AppData\Local\Temp\ccW6o9J4.debug.temp.o

Memory Configuration

Name             Origin             Length             Attributes
FLASH            0x0000000000000000 0x0000000000070000 xr
RAM              0x0000000020000000 0x0000000000008000 xrw
*default*        0x0000000000000000 0xffffffffffffffff

Linker script and memory map

LOAD C:\Users\uni\AppData\Local\Temp\ccdLX2Vp.o
LOAD C:\Users\uni\AppData\Local\Temp\iSLER-mess.elf.rZNVbB.ltrans0.ltrans.o
LOAD C:\Users\uni\AppData\Local\Temp\cc9G21vy.debug.temp.o
LOAD C:\Users\uni\AppData\Local\Temp\ccW6o9J4.debug.temp.o
LOAD C:\Users\uni\AppData\Local\Temp\ccqManFK.o
LOAD c:/sysgcc/risc-v/bin/../lib/gcc/riscv64-unknown-elf/10.1.0/rv32imac/ilp32\libgcc.a

.init           0x0000000000000000       0x90
                0x0000000000000000                _sinit = .
                0x0000000000000000                . = ALIGN (0x4)
 *(SORT_NONE(.init))
 .init          0x0000000000000000       0x90 C:\Users\uni\AppData\Local\Temp\iSLER-mess.elf.rZNVbB.ltrans0.ltrans.o
                0x0000000000000000                InterruptVector
                0x0000000000000090                . = ALIGN (0x4)
                0x0000000000000090                _einit = .

.text           0x0000000000000090     0x1220
                0x0000000000000090                . = ALIGN (0x4)
 *(.text)
 *(.text.*)
 .text.mini_pad
                0x0000000000000090       0x9a C:\Users\uni\AppData\Local\Temp\iSLER-mess.elf.rZNVbB.ltrans0.ltrans.o
 .text.mini_itoa.part.0
                0x000000000000012a       0x8e C:\Users\uni\AppData\Local\Temp\iSLER-mess.elf.rZNVbB.ltrans0.ltrans.o
 .text.RFEND_TXCTune
                0x00000000000001b8       0x8a C:\Users\uni\AppData\Local\Temp\iSLER-mess.elf.rZNVbB.ltrans0.ltrans.o
 .text.WS2812FillBuffSec.constprop.0
                0x0000000000000242      0x1f8 C:\Users\uni\AppData\Local\Temp\iSLER-mess.elf.rZNVbB.ltrans0.ltrans.o
 .text.DelaySysTick.constprop.0
                0x000000000000043a       0x38 C:\Users\uni\AppData\Local\Temp\iSLER-mess.elf.rZNVbB.ltrans0.ltrans.o
 .text.internal_handle_input.constprop.0
                0x0000000000000472        0xa C:\Users\uni\AppData\Local\Temp\iSLER-mess.elf.rZNVbB.ltrans0.ltrans.o
 .text._write.constprop.0
                0x000000000000047c       0xf4 C:\Users\uni\AppData\Local\Temp\iSLER-mess.elf.rZNVbB.ltrans0.ltrans.o
 .text.__puts_uart
                0x0000000000000570       0x14 C:\Users\uni\AppData\Local\Temp\iSLER-mess.elf.rZNVbB.ltrans0.ltrans.o
 .text.handle_reset
                0x0000000000000584       0x84 C:\Users\uni\AppData\Local\Temp\iSLER-mess.elf.rZNVbB.ltrans0.ltrans.o
                0x0000000000000584                handle_reset
 .text.vector_handler
                0x0000000000000608        0x2 C:\Users\uni\AppData\Local\Temp\iSLER-mess.elf.rZNVbB.ltrans0.ltrans.o
                0x0000000000000608                EXTI2_IRQHandler
                0x0000000000000608                TIM8_TRG_COM_IRQHandler
                0x0000000000000608                TIM8_CC_IRQHandler
                0x0000000000000608                UART8_IRQHandler
                0x0000000000000608                NFC_IRQHandler
                0x0000000000000608                TIM1_CC_IRQHandler
                0x0000000000000608                HardFault_Handler
                0x0000000000000608                GPIOB_IRQHandler
                0x0000000000000608                USBPD_IRQHandler
                0x0000000000000608                TIM6_IRQHandler
                0x0000000000000608                GPIOA_IRQHandler
                0x0000000000000608                PVD_IRQHandler
                0x0000000000000608                SDIO_IRQHandler
                0x0000000000000608                TIM9_BRK_IRQHandler
                0x0000000000000608                DMA2_Channel8_IRQHandler
                0x0000000000000608                NMI_Handler
                0x0000000000000608                CAN2_RX1_IRQHandler
                0x0000000000000608                EXTI3_IRQHandler
                0x0000000000000608                UART1_IRQHandler
                0x0000000000000608                USBHS_IRQHandler
                0x0000000000000608                DMA2_Channel9_IRQHandler
                0x0000000000000608                TIM10_CC_IRQHandler
                0x0000000000000608                EXTI25_16_IRQHandler
                0x0000000000000608                USBFS_IRQHandler
                0x0000000000000608                UART0_IRQHandler
                0x0000000000000608                EXTI0_IRQHandler
                0x0000000000000608                I2C2_EV_IRQHandler
                0x0000000000000608                TIM10_TRG_COM_IRQHandler
                0x0000000000000608                CAN2_SCE_IRQHandler
                0x0000000000000608                ADC1_2_IRQHandler
                0x0000000000000608                BB_IRQHandler
                0x0000000000000608                Break_Point_Handler
                0x0000000000000608                TIM2_CC_IRQHandler
                0x0000000000000608                SPI1_IRQHandler
                0x0000000000000608                TAMPER_IRQHandler
                0x0000000000000608                TMR0_IRQHandler
                0x0000000000000608                AWU_IRQHandler
                0x0000000000000608                EXTI7_0_IRQHandler
                0x0000000000000608                CAN2_RX0_IRQHandler
                0x0000000000000608                OSCWakeUp_IRQHandler
                0x0000000000000608                TIM8_UP_IRQHandler
                0x0000000000000608                Ecall_M_Mode_Handler
                0x0000000000000608                DMA2_Channel2_IRQHandler
                0x0000000000000608                DMA1_Channel4_IRQHandler
                0x0000000000000608                ADC1_IRQHandler
                0x0000000000000608                TIM2_BRK_IRQHandler
                0x0000000000000608                TIM9_UP_IRQHandler
                0x0000000000000608                USART3_IRQHandler
                0x0000000000000608                RTC_IRQHandler
                0x0000000000000608                DMA1_Channel7_IRQHandler
                0x0000000000000608                LED_IRQHandler
                0x0000000000000608                CAN1_RX1_IRQHandler
                0x0000000000000608                DVP_IRQHandler
                0x0000000000000608                UART5_IRQHandler
                0x0000000000000608                EXTI15_8_IRQHandler
                0x0000000000000608                TIM4_IRQHandler
                0x0000000000000608                DMA2_Channel1_IRQHandler
                0x0000000000000608                USBPD_WKUP_IRQHandler
                0x0000000000000608                I2C1_EV_IRQHandler
                0x0000000000000608                UART2_IRQHandler
                0x0000000000000608                USART4_IRQHandler
                0x0000000000000608                PWMX_IRQHandler
                0x0000000000000608                DMA1_Channel6_IRQHandler
                0x0000000000000608                UART4_IRQHandler
                0x0000000000000608                DMA2_Channel4_IRQHandler
                0x0000000000000608                TIM3_IRQHandler
                0x0000000000000608                RCC_IRQHandler
                0x0000000000000608                TIM1_TRG_COM_IRQHandler
                0x0000000000000608                DMA1_Channel1_IRQHandler
                0x0000000000000608                DMA2_Channel7_IRQHandler
                0x0000000000000608                EXTI15_10_IRQHandler
                0x0000000000000608                ADC_IRQHandler
                0x0000000000000608                DMA1_Channel8_IRQHandler
                0x0000000000000608                TMR2_IRQHandler
                0x0000000000000608                DefaultIRQHandler
                0x0000000000000608                TIM7_IRQHandler
                0x0000000000000608                CAN2_TX_IRQHandler
                0x0000000000000608                TIM5_IRQHandler
                0x0000000000000608                USB_IRQHandler
                0x0000000000000608                EXTI9_5_IRQHandler
                0x0000000000000608                PIOC_IRQHandler
                0x0000000000000608                SPI2_IRQHandler
                0x0000000000000608                OSC32KCal_IRQHandler
                0x0000000000000608                I2C_IRQHandler
                0x0000000000000608                TIM10_BRK_IRQHandler
                0x0000000000000608                TIM9_CC_IRQHandler
                0x0000000000000608                DMA2_Channel5_IRQHandler
                0x0000000000000608                USB2_IRQHandler
                0x0000000000000608                USBHSWakeUp_IRQHandler
                0x0000000000000608                DMA1_Channel5_IRQHandler
                0x0000000000000608                EXTI4_IRQHandler
                0x0000000000000608                USB_LP_CAN1_RX0_IRQHandler
                0x0000000000000608                RNG_IRQHandler
                0x0000000000000608                USB_HP_CAN1_TX_IRQHandler
                0x0000000000000608                DMA1_Channel3_IRQHandler
                0x0000000000000608                FSMC_IRQHandler
                0x0000000000000608                ETH_IRQHandler
                0x0000000000000608                TIM1_UP_IRQHandler
                0x0000000000000608                WWDG_IRQHandler
                0x0000000000000608                DMA2_Channel11_IRQHandler
                0x0000000000000608                WDOG_BAT_IRQHandler
                0x0000000000000608                Ecall_U_Mode_Handler
                0x0000000000000608                TMR3_IRQHandler
                0x0000000000000608                DMA2_Channel6_IRQHandler
                0x0000000000000608                TIM2_IRQHandler
                0x0000000000000608                SW_Handler
                0x0000000000000608                TIM1_BRK_IRQHandler
                0x0000000000000608                OPA_IRQHandler
                0x0000000000000608                DMA2_Channel10_IRQHandler
                0x0000000000000608                EXTI1_IRQHandler
                0x0000000000000608                USB2_HOST_IRQHandler
                0x0000000000000608                RTCAlarm_IRQHandler
                0x0000000000000608                TIM10_UP_IRQHandler
                0x0000000000000608                TIM9_TRG_COM_IRQHandler
                0x0000000000000608                UART7_IRQHandler
                0x0000000000000608                USART2_IRQHandler
                0x0000000000000608                UART6_IRQHandler
                0x0000000000000608                ETHWakeUp_IRQHandler
                0x0000000000000608                I2C2_ER_IRQHandler
                0x0000000000000608                DMA1_Channel2_IRQHandler
                0x0000000000000608                TIM8_BRK_IRQHandler
                0x0000000000000608                TIM2_TRG_IRQHandler
                0x0000000000000608                CAN1_SCE_IRQHandler
                0x0000000000000608                FLASH_IRQHandler
                0x0000000000000608                USBFSWakeUp_IRQHandler
                0x0000000000000608                USART1_IRQHandler
                0x0000000000000608                OTG_FS_IRQHandler
                0x0000000000000608                SPI3_IRQHandler
                0x0000000000000608                USBFS_WakeUp_IRQHandler
                0x0000000000000608                UART3_IRQHandler
                0x0000000000000608                I2C1_ER_IRQHandler
                0x0000000000000608                USB2_DEVICE_IRQHandler
                0x0000000000000608                TMR1_IRQHandler
                0x0000000000000608                USBWakeUp_IRQHandler
                0x0000000000000608                DMA2_Channel3_IRQHandler
 .text.strlen   0x000000000000060a       0x12 C:\Users\uni\AppData\Local\Temp\iSLER-mess.elf.rZNVbB.ltrans0.ltrans.o
                0x000000000000060a                strlen
 .text.mini_vpprintf
                0x000000000000061c      0x1be C:\Users\uni\AppData\Local\Temp\iSLER-mess.elf.rZNVbB.ltrans0.ltrans.o
 .text.printf   0x00000000000007da       0x26 C:\Users\uni\AppData\Local\Temp\iSLER-mess.elf.rZNVbB.ltrans0.ltrans.o
                0x00000000000007da                printf
 .text.memset   0x0000000000000800       0x12 C:\Users\uni\AppData\Local\Temp\iSLER-mess.elf.rZNVbB.ltrans0.ltrans.o
                0x0000000000000800                memset
 .text.memcpy   0x0000000000000812       0x1c C:\Users\uni\AppData\Local\Temp\iSLER-mess.elf.rZNVbB.ltrans0.ltrans.o
                0x0000000000000812                memcpy
 .text.puts     0x000000000000082e       0x2c C:\Users\uni\AppData\Local\Temp\iSLER-mess.elf.rZNVbB.ltrans0.ltrans.o
                0x000000000000082e                puts
 .text.putchar  0x000000000000085a       0x6c C:\Users\uni\AppData\Local\Temp\iSLER-mess.elf.rZNVbB.ltrans0.ltrans.o
                0x000000000000085a                putchar
 .text.SystemInit
                0x00000000000008c6       0x94 C:\Users\uni\AppData\Local\Temp\iSLER-mess.elf.rZNVbB.ltrans0.ltrans.o
                0x00000000000008c6                SystemInit
 .text.startup.main
                0x000000000000095a      0x69e C:\Users\uni\AppData\Local\Temp\iSLER-mess.elf.rZNVbB.ltrans0.ltrans.o
                0x000000000000095a                main
 .text.LLE_IRQHandler
                0x0000000000000ff8       0x96 C:\Users\uni\AppData\Local\Temp\iSLER-mess.elf.rZNVbB.ltrans0.ltrans.o
 .text.SysTick_Handler
                0x000000000000108e       0x56 C:\Users\uni\AppData\Local\Temp\iSLER-mess.elf.rZNVbB.ltrans0.ltrans.o
 .text.SPI0_IRQHandler
                0x00000000000010e4       0x66 C:\Users\uni\AppData\Local\Temp\iSLER-mess.elf.rZNVbB.ltrans0.ltrans.o
 *(.rodata)
 *(.rodata*)
 *fill*         0x000000000000114a        0x2 
 .rodata.puts.str1.4
                0x000000000000114c        0x2 C:\Users\uni\AppData\Local\Temp\iSLER-mess.elf.rZNVbB.ltrans0.ltrans.o
 *fill*         0x000000000000114e        0x2 
 .rodata.main.str1.4
                0x0000000000001150       0x18 C:\Users\uni\AppData\Local\Temp\iSLER-mess.elf.rZNVbB.ltrans0.ltrans.o
 .rodata.SIN_LUT
                0x0000000000001168      0x100 C:\Users\uni\AppData\Local\Temp\iSLER-mess.elf.rZNVbB.ltrans0.ltrans.o
 .rodata.bitquartets.0
                0x0000000000001268       0x20 C:\Users\uni\AppData\Local\Temp\iSLER-mess.elf.rZNVbB.ltrans0.ltrans.o
 .rodata.channel_map
                0x0000000000001288       0x28 C:\Users\uni\AppData\Local\Temp\iSLER-mess.elf.rZNVbB.ltrans0.ltrans.o
 *(.gnu.linkonce.t.*)
                0x00000000000012b0                . = ALIGN (0x4)

.rela.dyn       0x00000000000012b0        0x0
 .rela.text.mini_pad
                0x00000000000012b0        0x0 C:\Users\uni\AppData\Local\Temp\iSLER-mess.elf.rZNVbB.ltrans0.ltrans.o
 .rela.text.WS2812FillBuffSec.constprop.0
                0x00000000000012b0        0x0 C:\Users\uni\AppData\Local\Temp\iSLER-mess.elf.rZNVbB.ltrans0.ltrans.o
 .rela.text._write.constprop.0
                0x00000000000012b0        0x0 C:\Users\uni\AppData\Local\Temp\iSLER-mess.elf.rZNVbB.ltrans0.ltrans.o
 .rela.text.handle_reset
                0x00000000000012b0        0x0 C:\Users\uni\AppData\Local\Temp\iSLER-mess.elf.rZNVbB.ltrans0.ltrans.o
 .rela.text.mini_vpprintf
                0x00000000000012b0        0x0 C:\Users\uni\AppData\Local\Temp\iSLER-mess.elf.rZNVbB.ltrans0.ltrans.o
 .rela.text.puts
                0x00000000000012b0        0x0 C:\Users\uni\AppData\Local\Temp\iSLER-mess.elf.rZNVbB.ltrans0.ltrans.o
 .rela.text.startup.main
                0x00000000000012b0        0x0 C:\Users\uni\AppData\Local\Temp\iSLER-mess.elf.rZNVbB.ltrans0.ltrans.o

.fini           0x00000000000012b0        0x0
 *(SORT_NONE(.fini))
                0x00000000000012b0                . = ALIGN (0x4)
                [!provide]                        PROVIDE (_etext = .)
                [!provide]                        PROVIDE (_eitcm = .)

.preinit_array  0x00000000000012b0        0x0
                [!provide]                        PROVIDE (__preinit_array_start = .)
 *(.preinit_array)
                [!provide]                        PROVIDE (__preinit_array_end = .)

.init_array     0x00000000000012b0        0x0
                [!provide]                        PROVIDE (__init_array_start = .)
 *(SORT_BY_INIT_PRIORITY(.init_array.*) SORT_BY_INIT_PRIORITY(.ctors.*))
 *(.init_array EXCLUDE_FILE(*crtend?.o *crtend.o *crtbegin?.o *crtbegin.o) .ctors)
                [!provide]                        PROVIDE (__init_array_end = .)

.fini_array     0x00000000000012b0        0x0
                [!provide]                        PROVIDE (__fini_array_start = .)
 *(SORT_BY_INIT_PRIORITY(.fini_array.*) SORT_BY_INIT_PRIORITY(.dtors.*))
 *(.fini_array EXCLUDE_FILE(*crtend?.o *crtend.o *crtbegin?.o *crtbegin.o) .dtors)
                [!provide]                        PROVIDE (__fini_array_end = .)

.ctors
 *crtbegin.o(.ctors)
 *crtbegin?.o(.ctors)
 *(EXCLUDE_FILE(*crtend?.o *crtend.o) .ctors)
 *(SORT_BY_NAME(.ctors.*))
 *(.ctors)

.dtors
 *crtbegin.o(.dtors)
 *crtbegin?.o(.dtors)
 *(EXCLUDE_FILE(*crtend?.o *crtend.o) .dtors)
 *(SORT_BY_NAME(.dtors.*))
 *(.dtors)

.dalign         0x0000000020000000        0x0 load address 0x00000000000012b0
                0x0000000020000000                . = ALIGN (0x4)
                0x0000000020000000                PROVIDE (_data_vma = .)

.dlalign        0x00000000000012b0        0x0
                0x00000000000012b0                . = ALIGN (0x4)
                0x00000000000012b0                PROVIDE (_data_lma = .)

.data           0x0000000020000000       0x28 load address 0x00000000000012b0
                0x0000000020000000                . = ALIGN (0x4)
                0x00000000200003fc                __global_pointer$ = (. + 0x3fc)
 *(.gnu.linkonce.r.*)
 *(.data .data.*)
 .data.color_arr
                0x0000000020000000        0xc C:\Users\uni\AppData\Local\Temp\iSLER-mess.elf.rZNVbB.ltrans0.ltrans.o
 .data.move_leds
                0x000000002000000c       0x14 C:\Users\uni\AppData\Local\Temp\iSLER-mess.elf.rZNVbB.ltrans0.ltrans.o
 *(.gnu.linkonce.d.*)
                0x0000000020000020                . = ALIGN (0x8)
 *(.sdata .sdata.*)
 .sdata.color_ani
                0x0000000020000020        0x8 C:\Users\uni\AppData\Local\Temp\iSLER-mess.elf.rZNVbB.ltrans0.ltrans.o
 *(.sdata2*)
 *(.gnu.linkonce.s.*)
                0x0000000020000028                . = ALIGN (0x8)
 *(.srodata.cst16)
 *(.srodata.cst8)
 *(.srodata.cst4)
 *(.srodata.cst2)
 *(.srodata .srodata.*)
                0x0000000020000028                . = ALIGN (0x4)
                0x0000000020000028                PROVIDE (_edata = .)

.bss            0x0000000020000028      0x554 load address 0x00000000000012d8
                0x0000000020000028                . = ALIGN (0x4)
                0x0000000020000028                PROVIDE (_sbss = .)
 *(.sbss*)
 .sbss.WS2812BLEDInUse
                0x0000000020000028        0x4 C:\Users\uni\AppData\Local\Temp\iSLER-mess.elf.rZNVbB.ltrans0.ltrans.o
 .sbss.WS2812LEDPlace
                0x000000002000002c        0x4 C:\Users\uni\AppData\Local\Temp\iSLER-mess.elf.rZNVbB.ltrans0.ltrans.o
 .sbss.WS2812LEDs
                0x0000000020000030        0x4 C:\Users\uni\AppData\Local\Temp\iSLER-mess.elf.rZNVbB.ltrans0.ltrans.o
 .sbss.rx_ready
                0x0000000020000034        0x4 C:\Users\uni\AppData\Local\Temp\iSLER-mess.elf.rZNVbB.ltrans0.ltrans.o
 .sbss.systick_millis
                0x0000000020000038        0x4 C:\Users\uni\AppData\Local\Temp\iSLER-mess.elf.rZNVbB.ltrans0.ltrans.o
 .sbss.tuneFilter
                0x000000002000003c        0x4 C:\Users\uni\AppData\Local\Temp\iSLER-mess.elf.rZNVbB.ltrans0.ltrans.o
 .sbss.tuneFilter2M
                0x0000000020000040        0x4 C:\Users\uni\AppData\Local\Temp\iSLER-mess.elf.rZNVbB.ltrans0.ltrans.o
 *(.gnu.linkonce.sb.*)
 *(.bss*)
 .bss.LLE_BUF   0x0000000020000044      0x440 C:\Users\uni\AppData\Local\Temp\iSLER-mess.elf.rZNVbB.ltrans0.ltrans.o
 .bss.WS2812dmabuff
                0x0000000020000484       0x60 C:\Users\uni\AppData\Local\Temp\iSLER-mess.elf.rZNVbB.ltrans0.ltrans.o
 .bss.circular_buff
                0x00000000200004e4       0x80 C:\Users\uni\AppData\Local\Temp\iSLER-mess.elf.rZNVbB.ltrans0.ltrans.o
 .bss.led_arr   0x0000000020000564       0x18 C:\Users\uni\AppData\Local\Temp\iSLER-mess.elf.rZNVbB.ltrans0.ltrans.o
 *(.gnu.linkonce.b.*)
 *(COMMON*)
                0x000000002000057c                . = ALIGN (0x4)
                0x000000002000057c                PROVIDE (_ebss = .)
                [!provide]                        PROVIDE (_end = _ebss)
                [!provide]                        PROVIDE (end = .)
                0x0000000020008000                PROVIDE (_eusrstack = (ORIGIN (RAM) + LENGTH (RAM)))

/DISCARD/
 *(.note .note.*)
 *(.eh_frame .eh_frame.*)
 *(.comment .comment.*)
 *(.ARM.extab* .gnu.linkonce.armextab.*)
 *(.ARM.exidx*)
OUTPUT(iSLER-mess.elf elf32-littleriscv)

.riscv.attributes
                0x0000000000000000       0x2b
 .riscv.attributes
                0x0000000000000000       0x2b C:\Users\uni\AppData\Local\Temp\iSLER-mess.elf.rZNVbB.ltrans0.ltrans.o

.debug_info     0x0000000000000000     0x4032
 .debug_info    0x0000000000000000     0x17ec C:\Users\uni\AppData\Local\Temp\iSLER-mess.elf.rZNVbB.ltrans0.ltrans.o
 .debug_info    0x00000000000017ec      0xebb C:\Users\uni\AppData\Local\Temp\cc9G21vy.debug.temp.o
                0x00000000000017ec                ch32fun.c.e0983271
 .debug_info    0x00000000000026a7     0x198b C:\Users\uni\AppData\Local\Temp\ccW6o9J4.debug.temp.o
                0x00000000000026a7                iSLER_mess.c.cbeee154

.debug_abbrev   0x0000000000000000      0x77f
 .debug_abbrev  0x0000000000000000      0x20e C:\Users\uni\AppData\Local\Temp\iSLER-mess.elf.rZNVbB.ltrans0.ltrans.o
 .debug_abbrev  0x000000000000020e      0x251 C:\Users\uni\AppData\Local\Temp\cc9G21vy.debug.temp.o
 .debug_abbrev  0x000000000000045f      0x320 C:\Users\uni\AppData\Local\Temp\ccW6o9J4.debug.temp.o

.debug_loc      0x0000000000000000     0x3021
 .debug_loc     0x0000000000000000     0x3021 C:\Users\uni\AppData\Local\Temp\iSLER-mess.elf.rZNVbB.ltrans0.ltrans.o

.debug_aranges  0x0000000000000000      0x170
 .debug_aranges
                0x0000000000000000      0x170 C:\Users\uni\AppData\Local\Temp\iSLER-mess.elf.rZNVbB.ltrans0.ltrans.o

.debug_ranges   0x0000000000000000      0x708
 .debug_ranges  0x0000000000000000      0x708 C:\Users\uni\AppData\Local\Temp\iSLER-mess.elf.rZNVbB.ltrans0.ltrans.o

.debug_line     0x0000000000000000     0x43f6
 .debug_line    0x0000000000000000     0x4076 C:\Users\uni\AppData\Local\Temp\iSLER-mess.elf.rZNVbB.ltrans0.ltrans.o
 .debug_line    0x0000000000004076      0x18b C:\Users\uni\AppData\Local\Temp\cc9G21vy.debug.temp.o
 .debug_line    0x0000000000004201      0x1f5 C:\Users\uni\AppData\Local\Temp\ccW6o9J4.debug.temp.o

.debug_str      0x0000000000000000     0x11c8
 .debug_str     0x0000000000000000      0x16a C:\Users\uni\AppData\Local\Temp\iSLER-mess.elf.rZNVbB.ltrans0.ltrans.o
                                        0x185 (size before relaxing)
 .debug_str     0x000000000000016a      0x623 C:\Users\uni\AppData\Local\Temp\cc9G21vy.debug.temp.o
                                        0x719 (size before relaxing)
 .debug_str     0x000000000000078d      0xa3b C:\Users\uni\AppData\Local\Temp\ccW6o9J4.debug.temp.o
                                        0xcca (size before relaxing)

.debug_frame    0x0000000000000000      0x564
 .debug_frame   0x0000000000000000      0x564 C:\Users\uni\AppData\Local\Temp\iSLER-mess.elf.rZNVbB.ltrans0.ltrans.o
