
Discarded input sections

 .text          0x00000000        0x0 /tmp/ccPgvhCu.ltrans0.ltrans.o
 .data          0x00000000        0x0 /tmp/ccPgvhCu.ltrans0.ltrans.o
 .bss           0x00000000        0x0 /tmp/ccPgvhCu.ltrans0.ltrans.o
 .text._puts    0x00000000       0x42 /tmp/ccPgvhCu.ltrans0.ltrans.o
 .srodata       0x00000000       0x14 /tmp/ccPgvhCu.ltrans0.ltrans.o
 .text.vprintf  0x00000000       0x16 /tmp/ccPgvhCu.ltrans0.ltrans.o
 .text.mini_vsnprintf
                0x00000000       0x3a /tmp/ccPgvhCu.ltrans0.ltrans.o
 .text.snprintf
                0x00000000       0x20 /tmp/ccPgvhCu.ltrans0.ltrans.o
 .text.sprintf  0x00000000       0x2a /tmp/ccPgvhCu.ltrans0.ltrans.o
 .text.strcpy   0x00000000       0x14 /tmp/ccPgvhCu.ltrans0.ltrans.o
 .text.strncpy  0x00000000       0x1c /tmp/ccPgvhCu.ltrans0.ltrans.o
 .text.strcmp   0x00000000       0x1a /tmp/ccPgvhCu.ltrans0.ltrans.o
 .text.strncmp  0x00000000       0x2e /tmp/ccPgvhCu.ltrans0.ltrans.o
 .text.strchr   0x00000000       0x16 /tmp/ccPgvhCu.ltrans0.ltrans.o
 .text.strrchr  0x00000000       0x3c /tmp/ccPgvhCu.ltrans0.ltrans.o
 .text.memmove  0x00000000       0x5e /tmp/ccPgvhCu.ltrans0.ltrans.o
 .text.memchr   0x00000000       0x1a /tmp/ccPgvhCu.ltrans0.ltrans.o
 .text.strnlen  0x00000000       0x2a /tmp/ccPgvhCu.ltrans0.ltrans.o
 .text.twoway_strstr
                0x00000000      0x258 /tmp/ccPgvhCu.ltrans0.ltrans.o
 .text.strstr   0x00000000      0x12a /tmp/ccPgvhCu.ltrans0.ltrans.o
 .text.setjmp   0x00000000       0x38 /tmp/ccPgvhCu.ltrans0.ltrans.o
 .text.longjmp  0x00000000       0x3c /tmp/ccPgvhCu.ltrans0.ltrans.o
 .text.putchar  0x00000000       0x6e /tmp/ccPgvhCu.ltrans0.ltrans.o
 .text.EHSVtoHEX
                0x00000000      0x154 /tmp/ccPgvhCu.ltrans0.ltrans.o
 .text.TweenHexColors
                0x00000000       0xd8 /tmp/ccPgvhCu.ltrans0.ltrans.o
 .comment       0x00000000       0x23 /tmp/ccPgvhCu.ltrans0.ltrans.o
 .comment       0x00000000       0x23 /tmp/ccVRQQSl.debug.temp.o
 .comment       0x00000000       0x23 /tmp/ccoDDJuP.debug.temp.o

Memory Configuration

Name             Origin             Length             Attributes
FLASH            0x00000000         0x00070000         xr
RAM              0x20000000         0x00008000         xrw
*default*        0x00000000         0xffffffff

Linker script and memory map

LOAD /tmp/ccMXoorU.o
LOAD /tmp/ccPgvhCu.ltrans0.ltrans.o
LOAD /tmp/ccVRQQSl.debug.temp.o
LOAD /tmp/ccoDDJuP.debug.temp.o
LOAD /tmp/ccA9vodW.o
LOAD /usr/lib/gcc/riscv64-unknown-elf/13.2.0/rv32imac/ilp32/libgcc.a

.init           0x00000000       0x90
                0x00000000                        _sinit = .
                0x00000000                        . = ALIGN (0x4)
 *(SORT_NONE(.init))
 .init          0x00000000       0x90 /tmp/ccPgvhCu.ltrans0.ltrans.o
                0x00000000                InterruptVectorDefault
                0x00000000                InterruptVector
                0x00000090                        . = ALIGN (0x4)
                0x00000090                        _einit = .

.text           0x00000090     0x1b38
                0x00000090                        . = ALIGN (0x4)
 *(.text)
 *(.text.*)
 .text.mini_pad
                0x00000090       0x9c /tmp/ccPgvhCu.ltrans0.ltrans.o
 .text.mini_itoa.part.0
                0x0000012c       0x90 /tmp/ccPgvhCu.ltrans0.ltrans.o
 .text.DevSetMode
                0x000001bc       0x4c /tmp/ccPgvhCu.ltrans0.ltrans.o
 .text.RFEND_TXCTune
                0x00000208       0x82 /tmp/ccPgvhCu.ltrans0.ltrans.o
 .text.Neo_render_colorFlashing.constprop.0
                0x0000028a       0xf6 /tmp/ccPgvhCu.ltrans0.ltrans.o
 .text.WS2812FillBuffSec.constprop.0
                0x00000380      0x3ec /tmp/ccPgvhCu.ltrans0.ltrans.o
 .text.DelaySysTick.constprop.0
                0x0000076c       0x38 /tmp/ccPgvhCu.ltrans0.ltrans.o
 .text.blink    0x000007a4       0x48 /tmp/ccPgvhCu.ltrans0.ltrans.o
 .text.internal_handle_input.constprop.0
                0x000007ec        0xc /tmp/ccPgvhCu.ltrans0.ltrans.o
 .text._write.constprop.0
                0x000007f8       0xec /tmp/ccPgvhCu.ltrans0.ltrans.o
 .text.__puts_uart
                0x000008e4       0x14 /tmp/ccPgvhCu.ltrans0.ltrans.o
 .text.handle_reset
                0x000008f8       0x84 /tmp/ccPgvhCu.ltrans0.ltrans.o
                0x000008f8                handle_reset
 .text.vector_handler
                0x0000097c        0x2 /tmp/ccPgvhCu.ltrans0.ltrans.o
                0x0000097c                EXTI2_IRQHandler
                0x0000097c                TIM8_TRG_COM_IRQHandler
                0x0000097c                TIM8_CC_IRQHandler
                0x0000097c                UART8_IRQHandler
                0x0000097c                NFC_IRQHandler
                0x0000097c                TIM1_CC_IRQHandler
                0x0000097c                HardFault_Handler
                0x0000097c                GPIOB_IRQHandler
                0x0000097c                USBPD_IRQHandler
                0x0000097c                TIM6_IRQHandler
                0x0000097c                GPIOA_IRQHandler
                0x0000097c                PVD_IRQHandler
                0x0000097c                SDIO_IRQHandler
                0x0000097c                TIM9_BRK_IRQHandler
                0x0000097c                DMA2_Channel8_IRQHandler
                0x0000097c                NMI_Handler
                0x0000097c                CAN2_RX1_IRQHandler
                0x0000097c                EXTI3_IRQHandler
                0x0000097c                UART1_IRQHandler
                0x0000097c                USBHS_IRQHandler
                0x0000097c                DMA2_Channel9_IRQHandler
                0x0000097c                TIM10_CC_IRQHandler
                0x0000097c                EXTI25_16_IRQHandler
                0x0000097c                USBFS_IRQHandler
                0x0000097c                UART0_IRQHandler
                0x0000097c                EXTI0_IRQHandler
                0x0000097c                I2C2_EV_IRQHandler
                0x0000097c                TIM10_TRG_COM_IRQHandler
                0x0000097c                CAN2_SCE_IRQHandler
                0x0000097c                ADC1_2_IRQHandler
                0x0000097c                BB_IRQHandler
                0x0000097c                Break_Point_Handler
                0x0000097c                TIM2_CC_IRQHandler
                0x0000097c                SPI1_IRQHandler
                0x0000097c                TAMPER_IRQHandler
                0x0000097c                TMR0_IRQHandler
                0x0000097c                AWU_IRQHandler
                0x0000097c                EXTI7_0_IRQHandler
                0x0000097c                CAN2_RX0_IRQHandler
                0x0000097c                OSCWakeUp_IRQHandler
                0x0000097c                TIM8_UP_IRQHandler
                0x0000097c                Ecall_M_Mode_Handler
                0x0000097c                DMA2_Channel2_IRQHandler
                0x0000097c                DMA1_Channel4_IRQHandler
                0x0000097c                ADC1_IRQHandler
                0x0000097c                TIM2_BRK_IRQHandler
                0x0000097c                TIM9_UP_IRQHandler
                0x0000097c                USART3_IRQHandler
                0x0000097c                RTC_IRQHandler
                0x0000097c                DMA1_Channel7_IRQHandler
                0x0000097c                LED_IRQHandler
                0x0000097c                CAN1_RX1_IRQHandler
                0x0000097c                DVP_IRQHandler
                0x0000097c                UART5_IRQHandler
                0x0000097c                EXTI15_8_IRQHandler
                0x0000097c                TIM4_IRQHandler
                0x0000097c                DMA2_Channel1_IRQHandler
                0x0000097c                USBPD_WKUP_IRQHandler
                0x0000097c                I2C1_EV_IRQHandler
                0x0000097c                UART2_IRQHandler
                0x0000097c                USART4_IRQHandler
                0x0000097c                PWMX_IRQHandler
                0x0000097c                DMA1_Channel6_IRQHandler
                0x0000097c                UART4_IRQHandler
                0x0000097c                DMA2_Channel4_IRQHandler
                0x0000097c                TIM3_IRQHandler
                0x0000097c                RCC_IRQHandler
                0x0000097c                TIM1_TRG_COM_IRQHandler
                0x0000097c                DMA1_Channel1_IRQHandler
                0x0000097c                DMA2_Channel7_IRQHandler
                0x0000097c                EXTI15_10_IRQHandler
                0x0000097c                ADC_IRQHandler
                0x0000097c                DMA1_Channel8_IRQHandler
                0x0000097c                TMR2_IRQHandler
                0x0000097c                DefaultIRQHandler
                0x0000097c                TIM7_IRQHandler
                0x0000097c                CAN2_TX_IRQHandler
                0x0000097c                TIM5_IRQHandler
                0x0000097c                USB_IRQHandler
                0x0000097c                EXTI9_5_IRQHandler
                0x0000097c                PIOC_IRQHandler
                0x0000097c                SPI2_IRQHandler
                0x0000097c                OSC32KCal_IRQHandler
                0x0000097c                I2C_IRQHandler
                0x0000097c                TIM10_BRK_IRQHandler
                0x0000097c                TIM9_CC_IRQHandler
                0x0000097c                DMA2_Channel5_IRQHandler
                0x0000097c                USB2_IRQHandler
                0x0000097c                USBHSWakeUp_IRQHandler
                0x0000097c                DMA1_Channel5_IRQHandler
                0x0000097c                EXTI4_IRQHandler
                0x0000097c                USB_LP_CAN1_RX0_IRQHandler
                0x0000097c                RNG_IRQHandler
                0x0000097c                USB_HP_CAN1_TX_IRQHandler
                0x0000097c                DMA1_Channel3_IRQHandler
                0x0000097c                FSMC_IRQHandler
                0x0000097c                ETH_IRQHandler
                0x0000097c                TIM1_UP_IRQHandler
                0x0000097c                WWDG_IRQHandler
                0x0000097c                DMA2_Channel11_IRQHandler
                0x0000097c                WDOG_BAT_IRQHandler
                0x0000097c                Ecall_U_Mode_Handler
                0x0000097c                TMR3_IRQHandler
                0x0000097c                DMA2_Channel6_IRQHandler
                0x0000097c                TIM2_IRQHandler
                0x0000097c                SW_Handler
                0x0000097c                TIM1_BRK_IRQHandler
                0x0000097c                OPA_IRQHandler
                0x0000097c                DMA2_Channel10_IRQHandler
                0x0000097c                EXTI1_IRQHandler
                0x0000097c                USB2_HOST_IRQHandler
                0x0000097c                RTCAlarm_IRQHandler
                0x0000097c                TIM10_UP_IRQHandler
                0x0000097c                TIM9_TRG_COM_IRQHandler
                0x0000097c                UART7_IRQHandler
                0x0000097c                USART2_IRQHandler
                0x0000097c                UART6_IRQHandler
                0x0000097c                ETHWakeUp_IRQHandler
                0x0000097c                I2C2_ER_IRQHandler
                0x0000097c                DMA1_Channel2_IRQHandler
                0x0000097c                TIM8_BRK_IRQHandler
                0x0000097c                TIM2_TRG_IRQHandler
                0x0000097c                CAN1_SCE_IRQHandler
                0x0000097c                FLASH_IRQHandler
                0x0000097c                USBFSWakeUp_IRQHandler
                0x0000097c                USART1_IRQHandler
                0x0000097c                OTG_FS_IRQHandler
                0x0000097c                SPI3_IRQHandler
                0x0000097c                USBFS_WakeUp_IRQHandler
                0x0000097c                UART3_IRQHandler
                0x0000097c                I2C1_ER_IRQHandler
                0x0000097c                USB2_DEVICE_IRQHandler
                0x0000097c                TMR1_IRQHandler
                0x0000097c                USBWakeUp_IRQHandler
                0x0000097c                DMA2_Channel3_IRQHandler
 .text.strlen   0x0000097e       0x12 /tmp/ccPgvhCu.ltrans0.ltrans.o
                0x0000097e                strlen
 .text.mini_vpprintf
                0x00000990      0x1c8 /tmp/ccPgvhCu.ltrans0.ltrans.o
 .text.printf   0x00000b58       0x28 /tmp/ccPgvhCu.ltrans0.ltrans.o
                0x00000b58                printf
 .text.memset   0x00000b80       0x12 /tmp/ccPgvhCu.ltrans0.ltrans.o
                0x00000b80                memset
 .text.memcpy   0x00000b92       0x1c /tmp/ccPgvhCu.ltrans0.ltrans.o
                0x00000b92                memcpy
 .text.modiSLER_adv_data.constprop.0
                0x00000bae      0x1ac /tmp/ccPgvhCu.ltrans0.ltrans.o
 .text.memcmp   0x00000d5a       0x20 /tmp/ccPgvhCu.ltrans0.ltrans.o
                0x00000d5a                memcmp
 .text.puts     0x00000d7a       0x2c /tmp/ccPgvhCu.ltrans0.ltrans.o
                0x00000d7a                puts
 .text.SystemInit
                0x00000da6       0xaa /tmp/ccPgvhCu.ltrans0.ltrans.o
                0x00000da6                SystemInit
 .text.startup.main
                0x00000e50      0xa04 /tmp/ccPgvhCu.ltrans0.ltrans.o
                0x00000e50                main
 .text.SysTick_Handler
                0x00001854       0x56 /tmp/ccPgvhCu.ltrans0.ltrans.o
 .text.SPI0_IRQHandler
                0x000018aa       0x68 /tmp/ccPgvhCu.ltrans0.ltrans.o
 .text.LLE_IRQHandler
                0x00001912       0xaa /tmp/ccPgvhCu.ltrans0.ltrans.o
 *(.rodata)
 .rodata        0x000019bc       0x14 /tmp/ccPgvhCu.ltrans0.ltrans.o
 *(.rodata*)
 .rodata.WS2812FillBuffSec.constprop.0
                0x000019d0       0x14 /tmp/ccPgvhCu.ltrans0.ltrans.o
 .rodata.modiSLER_adv_data.constprop.0.str1.4
                0x000019e4       0x99 /tmp/ccPgvhCu.ltrans0.ltrans.o
                                  0xa (size before relaxing)
 .rodata.puts.str1.4
                0x00001a7d        0x2 /tmp/ccPgvhCu.ltrans0.ltrans.o
 .rodata.main.str1.4
                0x00001a7d       0x85 /tmp/ccPgvhCu.ltrans0.ltrans.o
 *fill*         0x00001a7d        0x3 
 .rodata.SIN_LUT
                0x00001a80      0x100 /tmp/ccPgvhCu.ltrans0.ltrans.o
 .rodata.bitquartets.0
                0x00001b80       0x20 /tmp/ccPgvhCu.ltrans0.ltrans.o
 .rodata.channel_map
                0x00001ba0       0x28 /tmp/ccPgvhCu.ltrans0.ltrans.o
 *(.gnu.linkonce.t.*)
                0x00001bc8                        . = ALIGN (0x4)

.rela.dyn       0x00001bc8        0x0
 .rela.text.handle_reset
                0x00001bc8        0x0 /tmp/ccPgvhCu.ltrans0.ltrans.o

.fini           0x00001bc8        0x0
 *(SORT_NONE(.fini))
                0x00001bc8                        . = ALIGN (0x4)
                [!provide]                        PROVIDE (_etext = .)
                [!provide]                        PROVIDE (_eitcm = .)

.preinit_array  0x00001bc8        0x0
                [!provide]                        PROVIDE (__preinit_array_start = .)
 *(.preinit_array)
                [!provide]                        PROVIDE (__preinit_array_end = .)

.init_array     0x00001bc8        0x0
                [!provide]                        PROVIDE (__init_array_start = .)
 *(SORT_BY_INIT_PRIORITY(.init_array.*) SORT_BY_INIT_PRIORITY(.ctors.*))
 *(.init_array EXCLUDE_FILE(*crtend?.o *crtend.o *crtbegin?.o *crtbegin.o) .ctors)
                [!provide]                        PROVIDE (__init_array_end = .)

.fini_array     0x00001bc8        0x0
                [!provide]                        PROVIDE (__fini_array_start = .)
 *(SORT_BY_INIT_PRIORITY(.fini_array.*) SORT_BY_INIT_PRIORITY(.dtors.*))
 *(.fini_array EXCLUDE_FILE(*crtend?.o *crtend.o *crtbegin?.o *crtbegin.o) .dtors)
                [!provide]                        PROVIDE (__fini_array_end = .)

.ctors
 *crtbegin.o(.ctors)
 *crtbegin?.o(.ctors)
 *(EXCLUDE_FILE(*crtend?.o *crtend.o) .ctors)
 *(SORT_BY_NAME(.ctors.*))
 *(.ctors)

.dtors
 *crtbegin.o(.dtors)
 *crtbegin?.o(.dtors)
 *(EXCLUDE_FILE(*crtend?.o *crtend.o) .dtors)
 *(SORT_BY_NAME(.dtors.*))
 *(.dtors)

.dalign         0x20000000        0x0 load address 0x00001bc8
                0x20000000                        . = ALIGN (0x4)
                0x20000000                        PROVIDE (_data_vma = .)

.dlalign        0x00001bc8        0x0
                0x00001bc8                        . = ALIGN (0x4)
                0x00001bc8                        PROVIDE (_data_lma = .)

.data           0x20000000       0xc4 load address 0x00001bc8
                0x20000000                        . = ALIGN (0x4)
                0x200003fc                        __global_pointer$ = (. + 0x3fc)
 *(.gnu.linkonce.r.*)
 *(.data .data.*)
 .data.color_arr
                0x20000000        0xc /tmp/ccPgvhCu.ltrans0.ltrans.o
 .data.leds_frame
                0x2000000c       0x14 /tmp/ccPgvhCu.ltrans0.ltrans.o
 .data.dataFrame
                0x20000020       0x8e /tmp/ccPgvhCu.ltrans0.ltrans.o
 *(.gnu.linkonce.d.*)
                0x200000b0                        . = ALIGN (0x8)
 *fill*         0x200000ae        0x2 
 *(.sdata .sdata.*)
 .sdata.color_ani
                0x200000b0        0x8 /tmp/ccPgvhCu.ltrans0.ltrans.o
 .sdata.Neo_LedCmd
                0x200000b8        0x1 /tmp/ccPgvhCu.ltrans0.ltrans.o
 *(.sdata2*)
 *(.gnu.linkonce.s.*)
                0x200000c0                        . = ALIGN (0x8)
 *fill*         0x200000b9        0x7 
 *(.srodata.cst16)
 *(.srodata.cst8)
 *(.srodata.cst4)
 *(.srodata.cst2)
 *(.srodata .srodata.*)
 .srodata.adv_channels
                0x200000c0        0x3 /tmp/ccPgvhCu.ltrans0.ltrans.o
                0x200000c4                        . = ALIGN (0x4)
 *fill*         0x200000c3        0x1 
                0x200000c4                        PROVIDE (_edata = .)

.bss            0x200000c4      0x4e8 load address 0x00001c8c
                0x200000c4                        . = ALIGN (0x4)
                0x200000c4                        PROVIDE (_sbss = .)
 *(.sbss*)
 .sbss.tuneFilter2M
                0x200000c4        0x4 /tmp/ccPgvhCu.ltrans0.ltrans.o
 .sbss.tuneFilter
                0x200000c8        0x4 /tmp/ccPgvhCu.ltrans0.ltrans.o
 .sbss.WS2812LEDPlace
                0x200000cc        0x4 /tmp/ccPgvhCu.ltrans0.ltrans.o
 .sbss.WS2812LEDs
                0x200000d0        0x4 /tmp/ccPgvhCu.ltrans0.ltrans.o
 .sbss.WS2812BLEDInUse
                0x200000d4        0x4 /tmp/ccPgvhCu.ltrans0.ltrans.o
 .sbss.counter  0x200000d8        0x4 /tmp/ccPgvhCu.ltrans0.ltrans.o
 .sbss.delay_send
                0x200000dc        0x4 /tmp/ccPgvhCu.ltrans0.ltrans.o
 .sbss.rx_ready
                0x200000e0        0x4 /tmp/ccPgvhCu.ltrans0.ltrans.o
 .sbss.systick_millis
                0x200000e4        0x4 /tmp/ccPgvhCu.ltrans0.ltrans.o
 *(.gnu.linkonce.sb.*)
 *(.bss*)
 .bss.LLE_BUF   0x200000e8      0x440 /tmp/ccPgvhCu.ltrans0.ltrans.o
 .bss.led_arr   0x20000528       0x18 /tmp/ccPgvhCu.ltrans0.ltrans.o
 .bss.ping_cmd  0x20000540        0x9 /tmp/ccPgvhCu.ltrans0.ltrans.o
 *fill*         0x20000549        0x3 
 .bss.WS2812dmabuff
                0x2000054c       0x60 /tmp/ccPgvhCu.ltrans0.ltrans.o
 *(.gnu.linkonce.b.*)
 *(COMMON*)
                0x200005ac                        . = ALIGN (0x4)
                0x200005ac                        PROVIDE (_ebss = .)
                [!provide]                        PROVIDE (_end = _ebss)
                [!provide]                        PROVIDE (end = .)
                0x20008000                        PROVIDE (_eusrstack = (ORIGIN (RAM) + LENGTH (RAM)))

/DISCARD/
 *(.note .note.*)
 *(.eh_frame .eh_frame.*)
 *(.comment .comment.*)
 *(.ARM.extab* .gnu.linkonce.armextab.*)
 *(.ARM.exidx*)
OUTPUT(iSLER-mess.elf elf32-littleriscv)

.riscv.attributes
                0x00000000       0x41
 .riscv.attributes
                0x00000000       0x41 /tmp/ccPgvhCu.ltrans0.ltrans.o

.debug_info     0x00000000     0x5099
 .debug_info    0x00000000     0x22b9 /tmp/ccPgvhCu.ltrans0.ltrans.o
 .debug_info    0x000022b9      0xde1 /tmp/ccVRQQSl.debug.temp.o
                0x000022b9                ch32fun.c.3cf7314a
 .debug_info    0x0000309a     0x1fff /tmp/ccoDDJuP.debug.temp.o
                0x0000309a                iSLER_mess.c.a723f200

.debug_abbrev   0x00000000      0x86b
 .debug_abbrev  0x00000000      0x232 /tmp/ccPgvhCu.ltrans0.ltrans.o
 .debug_abbrev  0x00000232      0x278 /tmp/ccVRQQSl.debug.temp.o
 .debug_abbrev  0x000004aa      0x3c1 /tmp/ccoDDJuP.debug.temp.o

.debug_loclists
                0x00000000     0x25d9
 .debug_loclists
                0x00000000     0x25d9 /tmp/ccPgvhCu.ltrans0.ltrans.o

.debug_aranges  0x00000000      0x1a0
 .debug_aranges
                0x00000000      0x1a0 /tmp/ccPgvhCu.ltrans0.ltrans.o

.debug_rnglists
                0x00000000      0x5ba
 .debug_rnglists
                0x00000000      0x5ba /tmp/ccPgvhCu.ltrans0.ltrans.o

.debug_line     0x00000000     0x51d5
 .debug_line    0x00000000     0x50b8 /tmp/ccPgvhCu.ltrans0.ltrans.o
 .debug_line    0x000050b8       0x71 /tmp/ccVRQQSl.debug.temp.o
 .debug_line    0x00005129       0xac /tmp/ccoDDJuP.debug.temp.o

.debug_str      0x00000000     0x151a
 .debug_str     0x00000000     0x151a /tmp/ccPgvhCu.ltrans0.ltrans.o
                                0x182 (size before relaxing)
 .debug_str     0x0000151a      0x6cc /tmp/ccVRQQSl.debug.temp.o
 .debug_str     0x0000151a     0x107c /tmp/ccoDDJuP.debug.temp.o

.debug_line_str
                0x00000000      0x235
 .debug_line_str
                0x00000000      0x235 /tmp/ccPgvhCu.ltrans0.ltrans.o
                                0x184 (size before relaxing)
 .debug_line_str
                0x00000235      0x14d /tmp/ccVRQQSl.debug.temp.o
 .debug_line_str
                0x00000235      0x1ea /tmp/ccoDDJuP.debug.temp.o

.debug_frame    0x00000000      0x664
 .debug_frame   0x00000000      0x664 /tmp/ccPgvhCu.ltrans0.ltrans.o
