
Discarded input sections

 .text          0x0000000000000000        0x0 C:\Users\uni\AppData\Local\Temp\iSLER-mess.elf.mexmr7.ltrans0.ltrans.o
 .data          0x0000000000000000        0x0 C:\Users\uni\AppData\Local\Temp\iSLER-mess.elf.mexmr7.ltrans0.ltrans.o
 .bss           0x0000000000000000        0x0 C:\Users\uni\AppData\Local\Temp\iSLER-mess.elf.mexmr7.ltrans0.ltrans.o
 .text._puts    0x0000000000000000       0x42 C:\Users\uni\AppData\Local\Temp\iSLER-mess.elf.mexmr7.ltrans0.ltrans.o
 .srodata       0x0000000000000000       0x14 C:\Users\uni\AppData\Local\Temp\iSLER-mess.elf.mexmr7.ltrans0.ltrans.o
 .text.vprintf  0x0000000000000000       0x16 C:\Users\uni\AppData\Local\Temp\iSLER-mess.elf.mexmr7.ltrans0.ltrans.o
 .text.mini_vsnprintf
                0x0000000000000000       0x3a C:\Users\uni\AppData\Local\Temp\iSLER-mess.elf.mexmr7.ltrans0.ltrans.o
 .text.snprintf
                0x0000000000000000       0x20 C:\Users\uni\AppData\Local\Temp\iSLER-mess.elf.mexmr7.ltrans0.ltrans.o
 .text.sprintf  0x0000000000000000       0x2c C:\Users\uni\AppData\Local\Temp\iSLER-mess.elf.mexmr7.ltrans0.ltrans.o
 .text.strcpy   0x0000000000000000       0x14 C:\Users\uni\AppData\Local\Temp\iSLER-mess.elf.mexmr7.ltrans0.ltrans.o
 .text.strncpy  0x0000000000000000       0x1c C:\Users\uni\AppData\Local\Temp\iSLER-mess.elf.mexmr7.ltrans0.ltrans.o
 .text.strcmp   0x0000000000000000       0x1a C:\Users\uni\AppData\Local\Temp\iSLER-mess.elf.mexmr7.ltrans0.ltrans.o
 .text.strncmp  0x0000000000000000       0x2e C:\Users\uni\AppData\Local\Temp\iSLER-mess.elf.mexmr7.ltrans0.ltrans.o
 .text.strchr   0x0000000000000000       0x16 C:\Users\uni\AppData\Local\Temp\iSLER-mess.elf.mexmr7.ltrans0.ltrans.o
 .text.strrchr  0x0000000000000000       0x3c C:\Users\uni\AppData\Local\Temp\iSLER-mess.elf.mexmr7.ltrans0.ltrans.o
 .text.memcmp   0x0000000000000000       0x26 C:\Users\uni\AppData\Local\Temp\iSLER-mess.elf.mexmr7.ltrans0.ltrans.o
 .text.memmove  0x0000000000000000       0x5e C:\Users\uni\AppData\Local\Temp\iSLER-mess.elf.mexmr7.ltrans0.ltrans.o
 .text.memchr   0x0000000000000000       0x1c C:\Users\uni\AppData\Local\Temp\iSLER-mess.elf.mexmr7.ltrans0.ltrans.o
 .text.strnlen  0x0000000000000000       0x2a C:\Users\uni\AppData\Local\Temp\iSLER-mess.elf.mexmr7.ltrans0.ltrans.o
 .text.twoway_strstr
                0x0000000000000000      0x254 C:\Users\uni\AppData\Local\Temp\iSLER-mess.elf.mexmr7.ltrans0.ltrans.o
 .text.strstr   0x0000000000000000      0x13a C:\Users\uni\AppData\Local\Temp\iSLER-mess.elf.mexmr7.ltrans0.ltrans.o
 .text.EHSVtoHEX
                0x0000000000000000      0x15e C:\Users\uni\AppData\Local\Temp\iSLER-mess.elf.mexmr7.ltrans0.ltrans.o
 .text.TweenHexColors
                0x0000000000000000       0xdc C:\Users\uni\AppData\Local\Temp\iSLER-mess.elf.mexmr7.ltrans0.ltrans.o
 .comment       0x0000000000000000       0x13 C:\Users\uni\AppData\Local\Temp\iSLER-mess.elf.mexmr7.ltrans0.ltrans.o
 .comment       0x0000000000000000       0x13 C:\Users\uni\AppData\Local\Temp\ccr4Ubuq.debug.temp.o
 .comment       0x0000000000000000       0x13 C:\Users\uni\AppData\Local\Temp\ccGhMZXL.debug.temp.o

Memory Configuration

Name             Origin             Length             Attributes
FLASH            0x0000000000000000 0x0000000000070000 xr
RAM              0x0000000020000000 0x0000000000008000 xrw
*default*        0x0000000000000000 0xffffffffffffffff

Linker script and memory map

LOAD C:\Users\uni\AppData\Local\Temp\ccAHGYgE.o
LOAD C:\Users\uni\AppData\Local\Temp\iSLER-mess.elf.mexmr7.ltrans0.ltrans.o
LOAD C:\Users\uni\AppData\Local\Temp\ccr4Ubuq.debug.temp.o
LOAD C:\Users\uni\AppData\Local\Temp\ccGhMZXL.debug.temp.o
LOAD C:\Users\uni\AppData\Local\Temp\ccWanzCj.o
LOAD c:/sysgcc/risc-v/bin/../lib/gcc/riscv64-unknown-elf/10.1.0/rv32imac/ilp32\libgcc.a

.init           0x0000000000000000       0x90
                0x0000000000000000                _sinit = .
                0x0000000000000000                . = ALIGN (0x4)
 *(SORT_NONE(.init))
 .init          0x0000000000000000       0x90 C:\Users\uni\AppData\Local\Temp\iSLER-mess.elf.mexmr7.ltrans0.ltrans.o
                0x0000000000000000                InterruptVector
                0x0000000000000090                . = ALIGN (0x4)
                0x0000000000000090                _einit = .

.text           0x0000000000000090     0x1420
                0x0000000000000090                . = ALIGN (0x4)
 *(.text)
 *(.text.*)
 .text.mini_pad
                0x0000000000000090       0x9c C:\Users\uni\AppData\Local\Temp\iSLER-mess.elf.mexmr7.ltrans0.ltrans.o
 .text.mini_itoa.part.0
                0x000000000000012c       0x8e C:\Users\uni\AppData\Local\Temp\iSLER-mess.elf.mexmr7.ltrans0.ltrans.o
 .text.DevSetMode
                0x00000000000001ba       0x4e C:\Users\uni\AppData\Local\Temp\iSLER-mess.elf.mexmr7.ltrans0.ltrans.o
 .text.RFEND_TXCTune
                0x0000000000000208       0x8a C:\Users\uni\AppData\Local\Temp\iSLER-mess.elf.mexmr7.ltrans0.ltrans.o
 .text.WS2812FillBuffSec.constprop.0
                0x0000000000000292      0x21e C:\Users\uni\AppData\Local\Temp\iSLER-mess.elf.mexmr7.ltrans0.ltrans.o
 .text.DelaySysTick.constprop.0
                0x00000000000004b0       0x38 C:\Users\uni\AppData\Local\Temp\iSLER-mess.elf.mexmr7.ltrans0.ltrans.o
 .text.blink    0x00000000000004e8       0x44 C:\Users\uni\AppData\Local\Temp\iSLER-mess.elf.mexmr7.ltrans0.ltrans.o
 .text.internal_handle_input.constprop.0
                0x000000000000052c        0xa C:\Users\uni\AppData\Local\Temp\iSLER-mess.elf.mexmr7.ltrans0.ltrans.o
 .text._write.constprop.0
                0x0000000000000536       0xf4 C:\Users\uni\AppData\Local\Temp\iSLER-mess.elf.mexmr7.ltrans0.ltrans.o
 .text.__puts_uart
                0x000000000000062a       0x14 C:\Users\uni\AppData\Local\Temp\iSLER-mess.elf.mexmr7.ltrans0.ltrans.o
 .text.handle_reset
                0x000000000000063e       0x84 C:\Users\uni\AppData\Local\Temp\iSLER-mess.elf.mexmr7.ltrans0.ltrans.o
                0x000000000000063e                handle_reset
 .text.vector_handler
                0x00000000000006c2        0x2 C:\Users\uni\AppData\Local\Temp\iSLER-mess.elf.mexmr7.ltrans0.ltrans.o
                0x00000000000006c2                EXTI2_IRQHandler
                0x00000000000006c2                TIM8_TRG_COM_IRQHandler
                0x00000000000006c2                TIM8_CC_IRQHandler
                0x00000000000006c2                UART8_IRQHandler
                0x00000000000006c2                NFC_IRQHandler
                0x00000000000006c2                TIM1_CC_IRQHandler
                0x00000000000006c2                HardFault_Handler
                0x00000000000006c2                GPIOB_IRQHandler
                0x00000000000006c2                USBPD_IRQHandler
                0x00000000000006c2                TIM6_IRQHandler
                0x00000000000006c2                GPIOA_IRQHandler
                0x00000000000006c2                PVD_IRQHandler
                0x00000000000006c2                SDIO_IRQHandler
                0x00000000000006c2                TIM9_BRK_IRQHandler
                0x00000000000006c2                DMA2_Channel8_IRQHandler
                0x00000000000006c2                NMI_Handler
                0x00000000000006c2                CAN2_RX1_IRQHandler
                0x00000000000006c2                EXTI3_IRQHandler
                0x00000000000006c2                UART1_IRQHandler
                0x00000000000006c2                USBHS_IRQHandler
                0x00000000000006c2                DMA2_Channel9_IRQHandler
                0x00000000000006c2                TIM10_CC_IRQHandler
                0x00000000000006c2                EXTI25_16_IRQHandler
                0x00000000000006c2                USBFS_IRQHandler
                0x00000000000006c2                UART0_IRQHandler
                0x00000000000006c2                EXTI0_IRQHandler
                0x00000000000006c2                I2C2_EV_IRQHandler
                0x00000000000006c2                TIM10_TRG_COM_IRQHandler
                0x00000000000006c2                CAN2_SCE_IRQHandler
                0x00000000000006c2                ADC1_2_IRQHandler
                0x00000000000006c2                BB_IRQHandler
                0x00000000000006c2                Break_Point_Handler
                0x00000000000006c2                TIM2_CC_IRQHandler
                0x00000000000006c2                SPI1_IRQHandler
                0x00000000000006c2                TAMPER_IRQHandler
                0x00000000000006c2                TMR0_IRQHandler
                0x00000000000006c2                AWU_IRQHandler
                0x00000000000006c2                EXTI7_0_IRQHandler
                0x00000000000006c2                CAN2_RX0_IRQHandler
                0x00000000000006c2                OSCWakeUp_IRQHandler
                0x00000000000006c2                TIM8_UP_IRQHandler
                0x00000000000006c2                Ecall_M_Mode_Handler
                0x00000000000006c2                DMA2_Channel2_IRQHandler
                0x00000000000006c2                DMA1_Channel4_IRQHandler
                0x00000000000006c2                ADC1_IRQHandler
                0x00000000000006c2                TIM2_BRK_IRQHandler
                0x00000000000006c2                TIM9_UP_IRQHandler
                0x00000000000006c2                USART3_IRQHandler
                0x00000000000006c2                RTC_IRQHandler
                0x00000000000006c2                DMA1_Channel7_IRQHandler
                0x00000000000006c2                LED_IRQHandler
                0x00000000000006c2                CAN1_RX1_IRQHandler
                0x00000000000006c2                DVP_IRQHandler
                0x00000000000006c2                UART5_IRQHandler
                0x00000000000006c2                EXTI15_8_IRQHandler
                0x00000000000006c2                TIM4_IRQHandler
                0x00000000000006c2                DMA2_Channel1_IRQHandler
                0x00000000000006c2                USBPD_WKUP_IRQHandler
                0x00000000000006c2                I2C1_EV_IRQHandler
                0x00000000000006c2                UART2_IRQHandler
                0x00000000000006c2                USART4_IRQHandler
                0x00000000000006c2                PWMX_IRQHandler
                0x00000000000006c2                DMA1_Channel6_IRQHandler
                0x00000000000006c2                UART4_IRQHandler
                0x00000000000006c2                DMA2_Channel4_IRQHandler
                0x00000000000006c2                TIM3_IRQHandler
                0x00000000000006c2                RCC_IRQHandler
                0x00000000000006c2                TIM1_TRG_COM_IRQHandler
                0x00000000000006c2                DMA1_Channel1_IRQHandler
                0x00000000000006c2                DMA2_Channel7_IRQHandler
                0x00000000000006c2                EXTI15_10_IRQHandler
                0x00000000000006c2                ADC_IRQHandler
                0x00000000000006c2                DMA1_Channel8_IRQHandler
                0x00000000000006c2                TMR2_IRQHandler
                0x00000000000006c2                DefaultIRQHandler
                0x00000000000006c2                TIM7_IRQHandler
                0x00000000000006c2                CAN2_TX_IRQHandler
                0x00000000000006c2                TIM5_IRQHandler
                0x00000000000006c2                USB_IRQHandler
                0x00000000000006c2                EXTI9_5_IRQHandler
                0x00000000000006c2                PIOC_IRQHandler
                0x00000000000006c2                SPI2_IRQHandler
                0x00000000000006c2                OSC32KCal_IRQHandler
                0x00000000000006c2                I2C_IRQHandler
                0x00000000000006c2                TIM10_BRK_IRQHandler
                0x00000000000006c2                TIM9_CC_IRQHandler
                0x00000000000006c2                DMA2_Channel5_IRQHandler
                0x00000000000006c2                USB2_IRQHandler
                0x00000000000006c2                USBHSWakeUp_IRQHandler
                0x00000000000006c2                DMA1_Channel5_IRQHandler
                0x00000000000006c2                EXTI4_IRQHandler
                0x00000000000006c2                USB_LP_CAN1_RX0_IRQHandler
                0x00000000000006c2                RNG_IRQHandler
                0x00000000000006c2                USB_HP_CAN1_TX_IRQHandler
                0x00000000000006c2                DMA1_Channel3_IRQHandler
                0x00000000000006c2                FSMC_IRQHandler
                0x00000000000006c2                ETH_IRQHandler
                0x00000000000006c2                TIM1_UP_IRQHandler
                0x00000000000006c2                WWDG_IRQHandler
                0x00000000000006c2                DMA2_Channel11_IRQHandler
                0x00000000000006c2                WDOG_BAT_IRQHandler
                0x00000000000006c2                Ecall_U_Mode_Handler
                0x00000000000006c2                TMR3_IRQHandler
                0x00000000000006c2                DMA2_Channel6_IRQHandler
                0x00000000000006c2                TIM2_IRQHandler
                0x00000000000006c2                SW_Handler
                0x00000000000006c2                TIM1_BRK_IRQHandler
                0x00000000000006c2                OPA_IRQHandler
                0x00000000000006c2                DMA2_Channel10_IRQHandler
                0x00000000000006c2                EXTI1_IRQHandler
                0x00000000000006c2                USB2_HOST_IRQHandler
                0x00000000000006c2                RTCAlarm_IRQHandler
                0x00000000000006c2                TIM10_UP_IRQHandler
                0x00000000000006c2                TIM9_TRG_COM_IRQHandler
                0x00000000000006c2                UART7_IRQHandler
                0x00000000000006c2                USART2_IRQHandler
                0x00000000000006c2                UART6_IRQHandler
                0x00000000000006c2                ETHWakeUp_IRQHandler
                0x00000000000006c2                I2C2_ER_IRQHandler
                0x00000000000006c2                DMA1_Channel2_IRQHandler
                0x00000000000006c2                TIM8_BRK_IRQHandler
                0x00000000000006c2                TIM2_TRG_IRQHandler
                0x00000000000006c2                CAN1_SCE_IRQHandler
                0x00000000000006c2                FLASH_IRQHandler
                0x00000000000006c2                USBFSWakeUp_IRQHandler
                0x00000000000006c2                USART1_IRQHandler
                0x00000000000006c2                OTG_FS_IRQHandler
                0x00000000000006c2                SPI3_IRQHandler
                0x00000000000006c2                USBFS_WakeUp_IRQHandler
                0x00000000000006c2                UART3_IRQHandler
                0x00000000000006c2                I2C1_ER_IRQHandler
                0x00000000000006c2                USB2_DEVICE_IRQHandler
                0x00000000000006c2                TMR1_IRQHandler
                0x00000000000006c2                USBWakeUp_IRQHandler
                0x00000000000006c2                DMA2_Channel3_IRQHandler
 .text.strlen   0x00000000000006c4       0x12 C:\Users\uni\AppData\Local\Temp\iSLER-mess.elf.mexmr7.ltrans0.ltrans.o
                0x00000000000006c4                strlen
 .text.mini_vpprintf
                0x00000000000006d6      0x1c0 C:\Users\uni\AppData\Local\Temp\iSLER-mess.elf.mexmr7.ltrans0.ltrans.o
 .text.printf   0x0000000000000896       0x26 C:\Users\uni\AppData\Local\Temp\iSLER-mess.elf.mexmr7.ltrans0.ltrans.o
                0x0000000000000896                printf
 .text.memset   0x00000000000008bc       0x12 C:\Users\uni\AppData\Local\Temp\iSLER-mess.elf.mexmr7.ltrans0.ltrans.o
                0x00000000000008bc                memset
 .text.memcpy   0x00000000000008ce       0x1c C:\Users\uni\AppData\Local\Temp\iSLER-mess.elf.mexmr7.ltrans0.ltrans.o
                0x00000000000008ce                memcpy
 .text.modiSLER_adv_data.constprop.0
                0x00000000000008ea      0x1da C:\Users\uni\AppData\Local\Temp\iSLER-mess.elf.mexmr7.ltrans0.ltrans.o
 .text.puts     0x0000000000000ac4       0x2c C:\Users\uni\AppData\Local\Temp\iSLER-mess.elf.mexmr7.ltrans0.ltrans.o
                0x0000000000000ac4                puts
 .text.putchar  0x0000000000000af0       0x6c C:\Users\uni\AppData\Local\Temp\iSLER-mess.elf.mexmr7.ltrans0.ltrans.o
                0x0000000000000af0                putchar
 .text.WS2812_resetTask
                0x0000000000000b5c       0x8a C:\Users\uni\AppData\Local\Temp\iSLER-mess.elf.mexmr7.ltrans0.ltrans.o
 .text.SystemInit
                0x0000000000000be6       0x94 C:\Users\uni\AppData\Local\Temp\iSLER-mess.elf.mexmr7.ltrans0.ltrans.o
                0x0000000000000be6                SystemInit
 .text.startup.main
                0x0000000000000c7a      0x60c C:\Users\uni\AppData\Local\Temp\iSLER-mess.elf.mexmr7.ltrans0.ltrans.o
                0x0000000000000c7a                main
 .text.LLE_IRQHandler
                0x0000000000001286       0xaa C:\Users\uni\AppData\Local\Temp\iSLER-mess.elf.mexmr7.ltrans0.ltrans.o
 .text.SysTick_Handler
                0x0000000000001330       0x56 C:\Users\uni\AppData\Local\Temp\iSLER-mess.elf.mexmr7.ltrans0.ltrans.o
 .text.SPI0_IRQHandler
                0x0000000000001386       0x66 C:\Users\uni\AppData\Local\Temp\iSLER-mess.elf.mexmr7.ltrans0.ltrans.o
 *(.rodata)
 *(.rodata*)
 .rodata.modiSLER_adv_data.constprop.0.str1.4
                0x00000000000013ec       0x17 C:\Users\uni\AppData\Local\Temp\iSLER-mess.elf.mexmr7.ltrans0.ltrans.o
 *fill*         0x0000000000001403        0x1 
 .rodata.puts.str1.4
                0x0000000000001404        0x2 C:\Users\uni\AppData\Local\Temp\iSLER-mess.elf.mexmr7.ltrans0.ltrans.o
 *fill*         0x0000000000001406        0x2 
 .rodata.WS2812_resetTask.str1.4
                0x0000000000001408       0x36 C:\Users\uni\AppData\Local\Temp\iSLER-mess.elf.mexmr7.ltrans0.ltrans.o
 *fill*         0x000000000000143e        0x2 
 .rodata.main.str1.4
                0x0000000000001440       0x26 C:\Users\uni\AppData\Local\Temp\iSLER-mess.elf.mexmr7.ltrans0.ltrans.o
 *fill*         0x0000000000001466        0x2 
 .rodata.bitquartets.0
                0x0000000000001468       0x20 C:\Users\uni\AppData\Local\Temp\iSLER-mess.elf.mexmr7.ltrans0.ltrans.o
 .rodata.channel_map
                0x0000000000001488       0x28 C:\Users\uni\AppData\Local\Temp\iSLER-mess.elf.mexmr7.ltrans0.ltrans.o
 *(.gnu.linkonce.t.*)
                0x00000000000014b0                . = ALIGN (0x4)

.rela.dyn       0x00000000000014b0        0x0
 .rela.text.mini_pad
                0x00000000000014b0        0x0 C:\Users\uni\AppData\Local\Temp\iSLER-mess.elf.mexmr7.ltrans0.ltrans.o
 .rela.text.WS2812FillBuffSec.constprop.0
                0x00000000000014b0        0x0 C:\Users\uni\AppData\Local\Temp\iSLER-mess.elf.mexmr7.ltrans0.ltrans.o
 .rela.text._write.constprop.0
                0x00000000000014b0        0x0 C:\Users\uni\AppData\Local\Temp\iSLER-mess.elf.mexmr7.ltrans0.ltrans.o
 .rela.text.handle_reset
                0x00000000000014b0        0x0 C:\Users\uni\AppData\Local\Temp\iSLER-mess.elf.mexmr7.ltrans0.ltrans.o
 .rela.text.mini_vpprintf
                0x00000000000014b0        0x0 C:\Users\uni\AppData\Local\Temp\iSLER-mess.elf.mexmr7.ltrans0.ltrans.o
 .rela.text.modiSLER_adv_data.constprop.0
                0x00000000000014b0        0x0 C:\Users\uni\AppData\Local\Temp\iSLER-mess.elf.mexmr7.ltrans0.ltrans.o
 .rela.text.puts
                0x00000000000014b0        0x0 C:\Users\uni\AppData\Local\Temp\iSLER-mess.elf.mexmr7.ltrans0.ltrans.o
 .rela.text.WS2812_resetTask
                0x00000000000014b0        0x0 C:\Users\uni\AppData\Local\Temp\iSLER-mess.elf.mexmr7.ltrans0.ltrans.o
 .rela.text.startup.main
                0x00000000000014b0        0x0 C:\Users\uni\AppData\Local\Temp\iSLER-mess.elf.mexmr7.ltrans0.ltrans.o

.fini           0x00000000000014b0        0x0
 *(SORT_NONE(.fini))
                0x00000000000014b0                . = ALIGN (0x4)
                [!provide]                        PROVIDE (_etext = .)
                [!provide]                        PROVIDE (_eitcm = .)

.preinit_array  0x00000000000014b0        0x0
                [!provide]                        PROVIDE (__preinit_array_start = .)
 *(.preinit_array)
                [!provide]                        PROVIDE (__preinit_array_end = .)

.init_array     0x00000000000014b0        0x0
                [!provide]                        PROVIDE (__init_array_start = .)
 *(SORT_BY_INIT_PRIORITY(.init_array.*) SORT_BY_INIT_PRIORITY(.ctors.*))
 *(.init_array EXCLUDE_FILE(*crtend?.o *crtend.o *crtbegin?.o *crtbegin.o) .ctors)
                [!provide]                        PROVIDE (__init_array_end = .)

.fini_array     0x00000000000014b0        0x0
                [!provide]                        PROVIDE (__fini_array_start = .)
 *(SORT_BY_INIT_PRIORITY(.fini_array.*) SORT_BY_INIT_PRIORITY(.dtors.*))
 *(.fini_array EXCLUDE_FILE(*crtend?.o *crtend.o *crtbegin?.o *crtbegin.o) .dtors)
                [!provide]                        PROVIDE (__fini_array_end = .)

.ctors
 *crtbegin.o(.ctors)
 *crtbegin?.o(.ctors)
 *(EXCLUDE_FILE(*crtend?.o *crtend.o) .ctors)
 *(SORT_BY_NAME(.ctors.*))
 *(.ctors)

.dtors
 *crtbegin.o(.dtors)
 *crtbegin?.o(.dtors)
 *(EXCLUDE_FILE(*crtend?.o *crtend.o) .dtors)
 *(SORT_BY_NAME(.dtors.*))
 *(.dtors)

.dalign         0x0000000020000000        0x0 load address 0x00000000000014b0
                0x0000000020000000                . = ALIGN (0x4)
                0x0000000020000000                PROVIDE (_data_vma = .)

.dlalign        0x00000000000014b0        0x0
                0x00000000000014b0                . = ALIGN (0x4)
                0x00000000000014b0                PROVIDE (_data_lma = .)

.data           0x0000000020000000       0x2c load address 0x00000000000014b0
                0x0000000020000000                . = ALIGN (0x4)
                0x00000000200003fc                __global_pointer$ = (. + 0x3fc)
 *(.gnu.linkonce.r.*)
 *(.data .data.*)
 .data.blink_led
                0x0000000020000000       0x18 C:\Users\uni\AppData\Local\Temp\iSLER-mess.elf.mexmr7.ltrans0.ltrans.o
 .data.move_leds
                0x0000000020000018       0x10 C:\Users\uni\AppData\Local\Temp\iSLER-mess.elf.mexmr7.ltrans0.ltrans.o
 *(.gnu.linkonce.d.*)
                0x0000000020000028                . = ALIGN (0x8)
 *(.sdata .sdata.*)
 *(.sdata2*)
 *(.gnu.linkonce.s.*)
                0x0000000020000028                . = ALIGN (0x8)
 *(.srodata.cst16)
 *(.srodata.cst8)
 *(.srodata.cst4)
 *(.srodata.cst2)
 *(.srodata .srodata.*)
 .srodata.adv_channels
                0x0000000020000028        0x3 C:\Users\uni\AppData\Local\Temp\iSLER-mess.elf.mexmr7.ltrans0.ltrans.o
                0x000000002000002c                . = ALIGN (0x4)
 *fill*         0x000000002000002b        0x1 
                0x000000002000002c                PROVIDE (_edata = .)

.bss            0x000000002000002c      0x508 load address 0x00000000000014dc
                0x000000002000002c                . = ALIGN (0x4)
                0x000000002000002c                PROVIDE (_sbss = .)
 *(.sbss*)
 .sbss.WS2812BLEDInUse
                0x000000002000002c        0x4 C:\Users\uni\AppData\Local\Temp\iSLER-mess.elf.mexmr7.ltrans0.ltrans.o
 .sbss.WS2812LEDPlace
                0x0000000020000030        0x4 C:\Users\uni\AppData\Local\Temp\iSLER-mess.elf.mexmr7.ltrans0.ltrans.o
 .sbss.WS2812LEDs
                0x0000000020000034        0x4 C:\Users\uni\AppData\Local\Temp\iSLER-mess.elf.mexmr7.ltrans0.ltrans.o
 .sbss.circular_buff_idx
                0x0000000020000038        0x1 C:\Users\uni\AppData\Local\Temp\iSLER-mess.elf.mexmr7.ltrans0.ltrans.o
 *fill*         0x0000000020000039        0x3 
 .sbss.rx_ready
                0x000000002000003c        0x4 C:\Users\uni\AppData\Local\Temp\iSLER-mess.elf.mexmr7.ltrans0.ltrans.o
 .sbss.systick_millis
                0x0000000020000040        0x4 C:\Users\uni\AppData\Local\Temp\iSLER-mess.elf.mexmr7.ltrans0.ltrans.o
 .sbss.tuneFilter
                0x0000000020000044        0x4 C:\Users\uni\AppData\Local\Temp\iSLER-mess.elf.mexmr7.ltrans0.ltrans.o
 .sbss.tuneFilter2M
                0x0000000020000048        0x4 C:\Users\uni\AppData\Local\Temp\iSLER-mess.elf.mexmr7.ltrans0.ltrans.o
 *(.gnu.linkonce.sb.*)
 *(.bss*)
 .bss.LLE_BUF   0x000000002000004c      0x440 C:\Users\uni\AppData\Local\Temp\iSLER-mess.elf.mexmr7.ltrans0.ltrans.o
 .bss.WS2812dmabuff
                0x000000002000048c       0x60 C:\Users\uni\AppData\Local\Temp\iSLER-mess.elf.mexmr7.ltrans0.ltrans.o
 .bss.circular_buff
                0x00000000200004ec       0x30 C:\Users\uni\AppData\Local\Temp\iSLER-mess.elf.mexmr7.ltrans0.ltrans.o
 .bss.led_arr   0x000000002000051c       0x18 C:\Users\uni\AppData\Local\Temp\iSLER-mess.elf.mexmr7.ltrans0.ltrans.o
 *(.gnu.linkonce.b.*)
 *(COMMON*)
                0x0000000020000534                . = ALIGN (0x4)
                0x0000000020000534                PROVIDE (_ebss = .)
                [!provide]                        PROVIDE (_end = _ebss)
                [!provide]                        PROVIDE (end = .)
                0x0000000020008000                PROVIDE (_eusrstack = (ORIGIN (RAM) + LENGTH (RAM)))

/DISCARD/
 *(.note .note.*)
 *(.eh_frame .eh_frame.*)
 *(.comment .comment.*)
 *(.ARM.extab* .gnu.linkonce.armextab.*)
 *(.ARM.exidx*)
OUTPUT(iSLER-mess.elf elf32-littleriscv)

.riscv.attributes
                0x0000000000000000       0x2b
 .riscv.attributes
                0x0000000000000000       0x2b C:\Users\uni\AppData\Local\Temp\iSLER-mess.elf.mexmr7.ltrans0.ltrans.o

.debug_info     0x0000000000000000     0x4069
 .debug_info    0x0000000000000000     0x1a0c C:\Users\uni\AppData\Local\Temp\iSLER-mess.elf.mexmr7.ltrans0.ltrans.o
 .debug_info    0x0000000000001a0c      0xebb C:\Users\uni\AppData\Local\Temp\ccr4Ubuq.debug.temp.o
                0x0000000000001a0c                ch32fun.c.c0e81ba9
 .debug_info    0x00000000000028c7     0x17a2 C:\Users\uni\AppData\Local\Temp\ccGhMZXL.debug.temp.o
                0x00000000000028c7                iSLER_mess.c.b12493b9

.debug_abbrev   0x0000000000000000      0x76f
 .debug_abbrev  0x0000000000000000      0x223 C:\Users\uni\AppData\Local\Temp\iSLER-mess.elf.mexmr7.ltrans0.ltrans.o
 .debug_abbrev  0x0000000000000223      0x251 C:\Users\uni\AppData\Local\Temp\ccr4Ubuq.debug.temp.o
 .debug_abbrev  0x0000000000000474      0x2fb C:\Users\uni\AppData\Local\Temp\ccGhMZXL.debug.temp.o

.debug_loc      0x0000000000000000     0x2ea0
 .debug_loc     0x0000000000000000     0x2ea0 C:\Users\uni\AppData\Local\Temp\iSLER-mess.elf.mexmr7.ltrans0.ltrans.o

.debug_aranges  0x0000000000000000      0x190
 .debug_aranges
                0x0000000000000000      0x190 C:\Users\uni\AppData\Local\Temp\iSLER-mess.elf.mexmr7.ltrans0.ltrans.o

.debug_ranges   0x0000000000000000      0x728
 .debug_ranges  0x0000000000000000      0x728 C:\Users\uni\AppData\Local\Temp\iSLER-mess.elf.mexmr7.ltrans0.ltrans.o

.debug_line     0x0000000000000000     0x4790
 .debug_line    0x0000000000000000     0x4444 C:\Users\uni\AppData\Local\Temp\iSLER-mess.elf.mexmr7.ltrans0.ltrans.o
 .debug_line    0x0000000000004444      0x18b C:\Users\uni\AppData\Local\Temp\ccr4Ubuq.debug.temp.o
 .debug_line    0x00000000000045cf      0x1c1 C:\Users\uni\AppData\Local\Temp\ccGhMZXL.debug.temp.o

.debug_str      0x0000000000000000     0x10fa
 .debug_str     0x0000000000000000      0x175 C:\Users\uni\AppData\Local\Temp\iSLER-mess.elf.mexmr7.ltrans0.ltrans.o
                                        0x198 (size before relaxing)
 .debug_str     0x0000000000000175      0x629 C:\Users\uni\AppData\Local\Temp\ccr4Ubuq.debug.temp.o
                                        0x719 (size before relaxing)
 .debug_str     0x000000000000079e      0x95c C:\Users\uni\AppData\Local\Temp\ccGhMZXL.debug.temp.o
                                        0xbea (size before relaxing)

.debug_frame    0x0000000000000000      0x664
 .debug_frame   0x0000000000000000      0x664 C:\Users\uni\AppData\Local\Temp\iSLER-mess.elf.mexmr7.ltrans0.ltrans.o
