
Discarded input sections

 .text          0x0000000000000000        0x0 C:\Users\uni\AppData\Local\Temp\iSLER-mess.elf.oFNjXs.ltrans0.ltrans.o
 .data          0x0000000000000000        0x0 C:\Users\uni\AppData\Local\Temp\iSLER-mess.elf.oFNjXs.ltrans0.ltrans.o
 .bss           0x0000000000000000        0x0 C:\Users\uni\AppData\Local\Temp\iSLER-mess.elf.oFNjXs.ltrans0.ltrans.o
 .text._puts    0x0000000000000000       0x42 C:\Users\uni\AppData\Local\Temp\iSLER-mess.elf.oFNjXs.ltrans0.ltrans.o
 .text.vprintf  0x0000000000000000       0x16 C:\Users\uni\AppData\Local\Temp\iSLER-mess.elf.oFNjXs.ltrans0.ltrans.o
 .text.mini_vsnprintf
                0x0000000000000000       0x3a C:\Users\uni\AppData\Local\Temp\iSLER-mess.elf.oFNjXs.ltrans0.ltrans.o
 .text.snprintf
                0x0000000000000000       0x20 C:\Users\uni\AppData\Local\Temp\iSLER-mess.elf.oFNjXs.ltrans0.ltrans.o
 .text.sprintf  0x0000000000000000       0x2c C:\Users\uni\AppData\Local\Temp\iSLER-mess.elf.oFNjXs.ltrans0.ltrans.o
 .text.strcpy   0x0000000000000000       0x14 C:\Users\uni\AppData\Local\Temp\iSLER-mess.elf.oFNjXs.ltrans0.ltrans.o
 .text.strncpy  0x0000000000000000       0x1c C:\Users\uni\AppData\Local\Temp\iSLER-mess.elf.oFNjXs.ltrans0.ltrans.o
 .text.strcmp   0x0000000000000000       0x1a C:\Users\uni\AppData\Local\Temp\iSLER-mess.elf.oFNjXs.ltrans0.ltrans.o
 .text.strncmp  0x0000000000000000       0x2e C:\Users\uni\AppData\Local\Temp\iSLER-mess.elf.oFNjXs.ltrans0.ltrans.o
 .text.strchr   0x0000000000000000       0x16 C:\Users\uni\AppData\Local\Temp\iSLER-mess.elf.oFNjXs.ltrans0.ltrans.o
 .text.strrchr  0x0000000000000000       0x3c C:\Users\uni\AppData\Local\Temp\iSLER-mess.elf.oFNjXs.ltrans0.ltrans.o
 .text.memcmp   0x0000000000000000       0x26 C:\Users\uni\AppData\Local\Temp\iSLER-mess.elf.oFNjXs.ltrans0.ltrans.o
 .text.memmove  0x0000000000000000       0x5e C:\Users\uni\AppData\Local\Temp\iSLER-mess.elf.oFNjXs.ltrans0.ltrans.o
 .text.memchr   0x0000000000000000       0x1c C:\Users\uni\AppData\Local\Temp\iSLER-mess.elf.oFNjXs.ltrans0.ltrans.o
 .text.strnlen  0x0000000000000000       0x2a C:\Users\uni\AppData\Local\Temp\iSLER-mess.elf.oFNjXs.ltrans0.ltrans.o
 .text.twoway_strstr
                0x0000000000000000      0x254 C:\Users\uni\AppData\Local\Temp\iSLER-mess.elf.oFNjXs.ltrans0.ltrans.o
 .text.strstr   0x0000000000000000      0x13a C:\Users\uni\AppData\Local\Temp\iSLER-mess.elf.oFNjXs.ltrans0.ltrans.o
 .text.putchar  0x0000000000000000       0x72 C:\Users\uni\AppData\Local\Temp\iSLER-mess.elf.oFNjXs.ltrans0.ltrans.o
 .comment       0x0000000000000000       0x13 C:\Users\uni\AppData\Local\Temp\iSLER-mess.elf.oFNjXs.ltrans0.ltrans.o
 .comment       0x0000000000000000       0x13 C:\Users\uni\AppData\Local\Temp\cc6xU1aa.debug.temp.o
 .comment       0x0000000000000000       0x13 C:\Users\uni\AppData\Local\Temp\ccqCU0Ay.debug.temp.o

Memory Configuration

Name             Origin             Length             Attributes
FLASH            0x0000000000000000 0x0000000000070000 xr
RAM              0x0000000020000000 0x0000000000008000 xrw
*default*        0x0000000000000000 0xffffffffffffffff

Linker script and memory map

LOAD C:\Users\uni\AppData\Local\Temp\ccfpeP7k.o
LOAD C:\Users\uni\AppData\Local\Temp\iSLER-mess.elf.oFNjXs.ltrans0.ltrans.o
LOAD C:\Users\uni\AppData\Local\Temp\cc6xU1aa.debug.temp.o
LOAD C:\Users\uni\AppData\Local\Temp\ccqCU0Ay.debug.temp.o
LOAD C:\Users\uni\AppData\Local\Temp\cc1XFrmx.o
LOAD c:/sysgcc/risc-v/bin/../lib/gcc/riscv64-unknown-elf/10.1.0/rv32imac/ilp32\libgcc.a

.init           0x0000000000000000       0x90
                0x0000000000000000                _sinit = .
                0x0000000000000000                . = ALIGN (0x4)
 *(SORT_NONE(.init))
 .init          0x0000000000000000       0x90 C:\Users\uni\AppData\Local\Temp\iSLER-mess.elf.oFNjXs.ltrans0.ltrans.o
                0x0000000000000000                InterruptVector
                0x0000000000000090                . = ALIGN (0x4)
                0x0000000000000090                _einit = .

.text           0x0000000000000090      0xee4
                0x0000000000000090                . = ALIGN (0x4)
 *(.text)
 *(.text.*)
 .text.mini_pad
                0x0000000000000090       0x9a C:\Users\uni\AppData\Local\Temp\iSLER-mess.elf.oFNjXs.ltrans0.ltrans.o
 .text.DelaySysTick
                0x000000000000012a       0x32 C:\Users\uni\AppData\Local\Temp\iSLER-mess.elf.oFNjXs.ltrans0.ltrans.o
 .text.mini_itoa.part.0
                0x000000000000015c       0x8e C:\Users\uni\AppData\Local\Temp\iSLER-mess.elf.oFNjXs.ltrans0.ltrans.o
 .text.DevSetMode
                0x00000000000001ea       0x4e C:\Users\uni\AppData\Local\Temp\iSLER-mess.elf.oFNjXs.ltrans0.ltrans.o
 .text.RFEND_TXCTune
                0x0000000000000238       0x8a C:\Users\uni\AppData\Local\Temp\iSLER-mess.elf.oFNjXs.ltrans0.ltrans.o
 .text.blink    0x00000000000002c2       0x54 C:\Users\uni\AppData\Local\Temp\iSLER-mess.elf.oFNjXs.ltrans0.ltrans.o
 .text.internal_handle_input.constprop.0
                0x0000000000000316        0xa C:\Users\uni\AppData\Local\Temp\iSLER-mess.elf.oFNjXs.ltrans0.ltrans.o
 .text._write.constprop.0
                0x0000000000000320       0xf4 C:\Users\uni\AppData\Local\Temp\iSLER-mess.elf.oFNjXs.ltrans0.ltrans.o
 .text.__puts_uart
                0x0000000000000414       0x14 C:\Users\uni\AppData\Local\Temp\iSLER-mess.elf.oFNjXs.ltrans0.ltrans.o
 .text.handle_reset
                0x0000000000000428       0x84 C:\Users\uni\AppData\Local\Temp\iSLER-mess.elf.oFNjXs.ltrans0.ltrans.o
                0x0000000000000428                handle_reset
 .text.vector_handler
                0x00000000000004ac        0x2 C:\Users\uni\AppData\Local\Temp\iSLER-mess.elf.oFNjXs.ltrans0.ltrans.o
                0x00000000000004ac                EXTI2_IRQHandler
                0x00000000000004ac                TIM8_TRG_COM_IRQHandler
                0x00000000000004ac                TIM8_CC_IRQHandler
                0x00000000000004ac                UART8_IRQHandler
                0x00000000000004ac                NFC_IRQHandler
                0x00000000000004ac                TIM1_CC_IRQHandler
                0x00000000000004ac                HardFault_Handler
                0x00000000000004ac                GPIOB_IRQHandler
                0x00000000000004ac                USBPD_IRQHandler
                0x00000000000004ac                TIM6_IRQHandler
                0x00000000000004ac                GPIOA_IRQHandler
                0x00000000000004ac                SysTick_Handler
                0x00000000000004ac                PVD_IRQHandler
                0x00000000000004ac                SDIO_IRQHandler
                0x00000000000004ac                TIM9_BRK_IRQHandler
                0x00000000000004ac                DMA2_Channel8_IRQHandler
                0x00000000000004ac                NMI_Handler
                0x00000000000004ac                CAN2_RX1_IRQHandler
                0x00000000000004ac                EXTI3_IRQHandler
                0x00000000000004ac                UART1_IRQHandler
                0x00000000000004ac                USBHS_IRQHandler
                0x00000000000004ac                DMA2_Channel9_IRQHandler
                0x00000000000004ac                TIM10_CC_IRQHandler
                0x00000000000004ac                EXTI25_16_IRQHandler
                0x00000000000004ac                USBFS_IRQHandler
                0x00000000000004ac                UART0_IRQHandler
                0x00000000000004ac                EXTI0_IRQHandler
                0x00000000000004ac                I2C2_EV_IRQHandler
                0x00000000000004ac                TIM10_TRG_COM_IRQHandler
                0x00000000000004ac                CAN2_SCE_IRQHandler
                0x00000000000004ac                ADC1_2_IRQHandler
                0x00000000000004ac                BB_IRQHandler
                0x00000000000004ac                Break_Point_Handler
                0x00000000000004ac                TIM2_CC_IRQHandler
                0x00000000000004ac                SPI1_IRQHandler
                0x00000000000004ac                TAMPER_IRQHandler
                0x00000000000004ac                TMR0_IRQHandler
                0x00000000000004ac                AWU_IRQHandler
                0x00000000000004ac                EXTI7_0_IRQHandler
                0x00000000000004ac                CAN2_RX0_IRQHandler
                0x00000000000004ac                OSCWakeUp_IRQHandler
                0x00000000000004ac                TIM8_UP_IRQHandler
                0x00000000000004ac                Ecall_M_Mode_Handler
                0x00000000000004ac                DMA2_Channel2_IRQHandler
                0x00000000000004ac                DMA1_Channel4_IRQHandler
                0x00000000000004ac                ADC1_IRQHandler
                0x00000000000004ac                TIM2_BRK_IRQHandler
                0x00000000000004ac                TIM9_UP_IRQHandler
                0x00000000000004ac                USART3_IRQHandler
                0x00000000000004ac                RTC_IRQHandler
                0x00000000000004ac                DMA1_Channel7_IRQHandler
                0x00000000000004ac                LED_IRQHandler
                0x00000000000004ac                CAN1_RX1_IRQHandler
                0x00000000000004ac                DVP_IRQHandler
                0x00000000000004ac                UART5_IRQHandler
                0x00000000000004ac                EXTI15_8_IRQHandler
                0x00000000000004ac                TIM4_IRQHandler
                0x00000000000004ac                DMA2_Channel1_IRQHandler
                0x00000000000004ac                USBPD_WKUP_IRQHandler
                0x00000000000004ac                I2C1_EV_IRQHandler
                0x00000000000004ac                UART2_IRQHandler
                0x00000000000004ac                USART4_IRQHandler
                0x00000000000004ac                PWMX_IRQHandler
                0x00000000000004ac                DMA1_Channel6_IRQHandler
                0x00000000000004ac                UART4_IRQHandler
                0x00000000000004ac                DMA2_Channel4_IRQHandler
                0x00000000000004ac                TIM3_IRQHandler
                0x00000000000004ac                RCC_IRQHandler
                0x00000000000004ac                TIM1_TRG_COM_IRQHandler
                0x00000000000004ac                DMA1_Channel1_IRQHandler
                0x00000000000004ac                DMA2_Channel7_IRQHandler
                0x00000000000004ac                EXTI15_10_IRQHandler
                0x00000000000004ac                ADC_IRQHandler
                0x00000000000004ac                DMA1_Channel8_IRQHandler
                0x00000000000004ac                TMR2_IRQHandler
                0x00000000000004ac                DefaultIRQHandler
                0x00000000000004ac                TIM7_IRQHandler
                0x00000000000004ac                CAN2_TX_IRQHandler
                0x00000000000004ac                TIM5_IRQHandler
                0x00000000000004ac                USB_IRQHandler
                0x00000000000004ac                EXTI9_5_IRQHandler
                0x00000000000004ac                PIOC_IRQHandler
                0x00000000000004ac                SPI2_IRQHandler
                0x00000000000004ac                OSC32KCal_IRQHandler
                0x00000000000004ac                I2C_IRQHandler
                0x00000000000004ac                TIM10_BRK_IRQHandler
                0x00000000000004ac                TIM9_CC_IRQHandler
                0x00000000000004ac                DMA2_Channel5_IRQHandler
                0x00000000000004ac                USB2_IRQHandler
                0x00000000000004ac                USBHSWakeUp_IRQHandler
                0x00000000000004ac                DMA1_Channel5_IRQHandler
                0x00000000000004ac                EXTI4_IRQHandler
                0x00000000000004ac                USB_LP_CAN1_RX0_IRQHandler
                0x00000000000004ac                RNG_IRQHandler
                0x00000000000004ac                USB_HP_CAN1_TX_IRQHandler
                0x00000000000004ac                DMA1_Channel3_IRQHandler
                0x00000000000004ac                FSMC_IRQHandler
                0x00000000000004ac                ETH_IRQHandler
                0x00000000000004ac                TIM1_UP_IRQHandler
                0x00000000000004ac                WWDG_IRQHandler
                0x00000000000004ac                DMA2_Channel11_IRQHandler
                0x00000000000004ac                WDOG_BAT_IRQHandler
                0x00000000000004ac                Ecall_U_Mode_Handler
                0x00000000000004ac                TMR3_IRQHandler
                0x00000000000004ac                DMA2_Channel6_IRQHandler
                0x00000000000004ac                TIM2_IRQHandler
                0x00000000000004ac                SW_Handler
                0x00000000000004ac                TIM1_BRK_IRQHandler
                0x00000000000004ac                OPA_IRQHandler
                0x00000000000004ac                DMA2_Channel10_IRQHandler
                0x00000000000004ac                EXTI1_IRQHandler
                0x00000000000004ac                SPI0_IRQHandler
                0x00000000000004ac                USB2_HOST_IRQHandler
                0x00000000000004ac                RTCAlarm_IRQHandler
                0x00000000000004ac                TIM10_UP_IRQHandler
                0x00000000000004ac                TIM9_TRG_COM_IRQHandler
                0x00000000000004ac                UART7_IRQHandler
                0x00000000000004ac                USART2_IRQHandler
                0x00000000000004ac                UART6_IRQHandler
                0x00000000000004ac                ETHWakeUp_IRQHandler
                0x00000000000004ac                I2C2_ER_IRQHandler
                0x00000000000004ac                DMA1_Channel2_IRQHandler
                0x00000000000004ac                TIM8_BRK_IRQHandler
                0x00000000000004ac                TIM2_TRG_IRQHandler
                0x00000000000004ac                CAN1_SCE_IRQHandler
                0x00000000000004ac                FLASH_IRQHandler
                0x00000000000004ac                USBFSWakeUp_IRQHandler
                0x00000000000004ac                USART1_IRQHandler
                0x00000000000004ac                OTG_FS_IRQHandler
                0x00000000000004ac                SPI3_IRQHandler
                0x00000000000004ac                USBFS_WakeUp_IRQHandler
                0x00000000000004ac                UART3_IRQHandler
                0x00000000000004ac                I2C1_ER_IRQHandler
                0x00000000000004ac                USB2_DEVICE_IRQHandler
                0x00000000000004ac                TMR1_IRQHandler
                0x00000000000004ac                USBWakeUp_IRQHandler
                0x00000000000004ac                DMA2_Channel3_IRQHandler
 .text.strlen   0x00000000000004ae       0x12 C:\Users\uni\AppData\Local\Temp\iSLER-mess.elf.oFNjXs.ltrans0.ltrans.o
                0x00000000000004ae                strlen
 .text.mini_vpprintf
                0x00000000000004c0      0x1be C:\Users\uni\AppData\Local\Temp\iSLER-mess.elf.oFNjXs.ltrans0.ltrans.o
 .text.printf   0x000000000000067e       0x26 C:\Users\uni\AppData\Local\Temp\iSLER-mess.elf.oFNjXs.ltrans0.ltrans.o
                0x000000000000067e                printf
 .text.memset   0x00000000000006a4       0x12 C:\Users\uni\AppData\Local\Temp\iSLER-mess.elf.oFNjXs.ltrans0.ltrans.o
                0x00000000000006a4                memset
 .text.memcpy   0x00000000000006b6       0x1c C:\Users\uni\AppData\Local\Temp\iSLER-mess.elf.oFNjXs.ltrans0.ltrans.o
                0x00000000000006b6                memcpy
 .text.send_adv_data.constprop.0
                0x00000000000006d2      0x1e6 C:\Users\uni\AppData\Local\Temp\iSLER-mess.elf.oFNjXs.ltrans0.ltrans.o
 .text.puts     0x00000000000008b8       0x2c C:\Users\uni\AppData\Local\Temp\iSLER-mess.elf.oFNjXs.ltrans0.ltrans.o
                0x00000000000008b8                puts
 .text.SystemInit
                0x00000000000008e4       0x94 C:\Users\uni\AppData\Local\Temp\iSLER-mess.elf.oFNjXs.ltrans0.ltrans.o
                0x00000000000008e4                SystemInit
 .text.startup.main
                0x0000000000000978      0x4d6 C:\Users\uni\AppData\Local\Temp\iSLER-mess.elf.oFNjXs.ltrans0.ltrans.o
                0x0000000000000978                main
 .text.LLE_IRQHandler
                0x0000000000000e4e       0xaa C:\Users\uni\AppData\Local\Temp\iSLER-mess.elf.oFNjXs.ltrans0.ltrans.o
 *(.rodata)
 *(.rodata*)
 *fill*         0x0000000000000ef8        0x0 
 .rodata.send_adv_data.constprop.0.str1.4
                0x0000000000000ef8       0x27 C:\Users\uni\AppData\Local\Temp\iSLER-mess.elf.oFNjXs.ltrans0.ltrans.o
 *fill*         0x0000000000000f1f        0x1 
 .rodata.puts.str1.4
                0x0000000000000f20        0x2 C:\Users\uni\AppData\Local\Temp\iSLER-mess.elf.oFNjXs.ltrans0.ltrans.o
 *fill*         0x0000000000000f22        0x2 
 .rodata.main.str1.4
                0x0000000000000f24       0x26 C:\Users\uni\AppData\Local\Temp\iSLER-mess.elf.oFNjXs.ltrans0.ltrans.o
 *fill*         0x0000000000000f4a        0x2 
 .rodata.channel_map
                0x0000000000000f4c       0x28 C:\Users\uni\AppData\Local\Temp\iSLER-mess.elf.oFNjXs.ltrans0.ltrans.o
 *(.gnu.linkonce.t.*)
                0x0000000000000f74                . = ALIGN (0x4)

.fini           0x0000000000000f74        0x0
 *(SORT_NONE(.fini))
                0x0000000000000f74                . = ALIGN (0x4)
                [!provide]                        PROVIDE (_etext = .)
                [!provide]                        PROVIDE (_eitcm = .)

.preinit_array  0x0000000000000f74        0x0
                [!provide]                        PROVIDE (__preinit_array_start = .)
 *(.preinit_array)
                [!provide]                        PROVIDE (__preinit_array_end = .)

.init_array     0x0000000000000f74        0x0
                [!provide]                        PROVIDE (__init_array_start = .)
 *(SORT_BY_INIT_PRIORITY(.init_array.*) SORT_BY_INIT_PRIORITY(.ctors.*))
 *(.init_array EXCLUDE_FILE(*crtend?.o *crtend.o *crtbegin?.o *crtbegin.o) .ctors)
                [!provide]                        PROVIDE (__init_array_end = .)

.fini_array     0x0000000000000f74        0x0
                [!provide]                        PROVIDE (__fini_array_start = .)
 *(SORT_BY_INIT_PRIORITY(.fini_array.*) SORT_BY_INIT_PRIORITY(.dtors.*))
 *(.fini_array EXCLUDE_FILE(*crtend?.o *crtend.o *crtbegin?.o *crtbegin.o) .dtors)
                [!provide]                        PROVIDE (__fini_array_end = .)

.ctors
 *crtbegin.o(.ctors)
 *crtbegin?.o(.ctors)
 *(EXCLUDE_FILE(*crtend?.o *crtend.o) .ctors)
 *(SORT_BY_NAME(.ctors.*))
 *(.ctors)

.dtors
 *crtbegin.o(.dtors)
 *crtbegin?.o(.dtors)
 *(EXCLUDE_FILE(*crtend?.o *crtend.o) .dtors)
 *(SORT_BY_NAME(.dtors.*))
 *(.dtors)

.dalign         0x0000000020000000        0x0 load address 0x0000000000000f74
                0x0000000020000000                . = ALIGN (0x4)
                0x0000000020000000                PROVIDE (_data_vma = .)

.dlalign        0x0000000000000f74        0x0
                0x0000000000000f74                . = ALIGN (0x4)
                0x0000000000000f74                PROVIDE (_data_lma = .)

.data           0x0000000020000000        0x4 load address 0x0000000000000f74
                0x0000000020000000                . = ALIGN (0x4)
                0x00000000200003fc                __global_pointer$ = (. + 0x3fc)
 *(.gnu.linkonce.r.*)
 *(.data .data.*)
 *(.gnu.linkonce.d.*)
                0x0000000020000000                . = ALIGN (0x8)
 *(.sdata .sdata.*)
 *(.sdata2*)
 *(.gnu.linkonce.s.*)
                0x0000000020000000                . = ALIGN (0x8)
 *(.srodata.cst16)
 *(.srodata.cst8)
 *(.srodata.cst4)
 *(.srodata.cst2)
 *(.srodata .srodata.*)
 .srodata.adv_channels
                0x0000000020000000        0x3 C:\Users\uni\AppData\Local\Temp\iSLER-mess.elf.oFNjXs.ltrans0.ltrans.o
                0x0000000020000004                . = ALIGN (0x4)
 *fill*         0x0000000020000003        0x1 
                0x0000000020000004                PROVIDE (_edata = .)

.rela.dyn       0x0000000020000004        0x0 load address 0x0000000000000f78
 .rela.text.mini_pad
                0x0000000020000004        0x0 C:\Users\uni\AppData\Local\Temp\iSLER-mess.elf.oFNjXs.ltrans0.ltrans.o
 .rela.text._write.constprop.0
                0x0000000020000004        0x0 C:\Users\uni\AppData\Local\Temp\iSLER-mess.elf.oFNjXs.ltrans0.ltrans.o
 .rela.text.handle_reset
                0x0000000020000004        0x0 C:\Users\uni\AppData\Local\Temp\iSLER-mess.elf.oFNjXs.ltrans0.ltrans.o
 .rela.text.mini_vpprintf
                0x0000000020000004        0x0 C:\Users\uni\AppData\Local\Temp\iSLER-mess.elf.oFNjXs.ltrans0.ltrans.o
 .rela.text.send_adv_data.constprop.0
                0x0000000020000004        0x0 C:\Users\uni\AppData\Local\Temp\iSLER-mess.elf.oFNjXs.ltrans0.ltrans.o
 .rela.text.puts
                0x0000000020000004        0x0 C:\Users\uni\AppData\Local\Temp\iSLER-mess.elf.oFNjXs.ltrans0.ltrans.o
 .rela.text.startup.main
                0x0000000020000004        0x0 C:\Users\uni\AppData\Local\Temp\iSLER-mess.elf.oFNjXs.ltrans0.ltrans.o

.bss            0x0000000020000004      0x44c load address 0x0000000000000f78
                0x0000000020000004                . = ALIGN (0x4)
                0x0000000020000004                PROVIDE (_sbss = .)
 *(.sbss*)
 .sbss.rx_ready
                0x0000000020000004        0x4 C:\Users\uni\AppData\Local\Temp\iSLER-mess.elf.oFNjXs.ltrans0.ltrans.o
 .sbss.tuneFilter
                0x0000000020000008        0x4 C:\Users\uni\AppData\Local\Temp\iSLER-mess.elf.oFNjXs.ltrans0.ltrans.o
 .sbss.tuneFilter2M
                0x000000002000000c        0x4 C:\Users\uni\AppData\Local\Temp\iSLER-mess.elf.oFNjXs.ltrans0.ltrans.o
 *(.gnu.linkonce.sb.*)
 *(.bss*)
 .bss.LLE_BUF   0x0000000020000010      0x440 C:\Users\uni\AppData\Local\Temp\iSLER-mess.elf.oFNjXs.ltrans0.ltrans.o
 *(.gnu.linkonce.b.*)
 *(COMMON*)
                0x0000000020000450                . = ALIGN (0x4)
                0x0000000020000450                PROVIDE (_ebss = .)
                [!provide]                        PROVIDE (_end = _ebss)
                [!provide]                        PROVIDE (end = .)
                0x0000000020008000                PROVIDE (_eusrstack = (ORIGIN (RAM) + LENGTH (RAM)))

/DISCARD/
 *(.note .note.*)
 *(.eh_frame .eh_frame.*)
 *(.comment .comment.*)
 *(.ARM.extab* .gnu.linkonce.armextab.*)
 *(.ARM.exidx*)
OUTPUT(iSLER-mess.elf elf32-littleriscv)

.riscv.attributes
                0x0000000000000000       0x2b
 .riscv.attributes
                0x0000000000000000       0x2b C:\Users\uni\AppData\Local\Temp\iSLER-mess.elf.oFNjXs.ltrans0.ltrans.o

.debug_info     0x0000000000000000     0x3184
 .debug_info    0x0000000000000000     0x1435 C:\Users\uni\AppData\Local\Temp\iSLER-mess.elf.oFNjXs.ltrans0.ltrans.o
 .debug_info    0x0000000000001435      0xebb C:\Users\uni\AppData\Local\Temp\cc6xU1aa.debug.temp.o
                0x0000000000001435                ch32fun.c.e0983271
 .debug_info    0x00000000000022f0      0xe94 C:\Users\uni\AppData\Local\Temp\ccqCU0Ay.debug.temp.o
                0x00000000000022f0                iSLER_mess.c.1a5a8056

.debug_abbrev   0x0000000000000000      0x6de
 .debug_abbrev  0x0000000000000000      0x209 C:\Users\uni\AppData\Local\Temp\iSLER-mess.elf.oFNjXs.ltrans0.ltrans.o
 .debug_abbrev  0x0000000000000209      0x251 C:\Users\uni\AppData\Local\Temp\cc6xU1aa.debug.temp.o
 .debug_abbrev  0x000000000000045a      0x284 C:\Users\uni\AppData\Local\Temp\ccqCU0Ay.debug.temp.o

.debug_loc      0x0000000000000000     0x257a
 .debug_loc     0x0000000000000000     0x257a C:\Users\uni\AppData\Local\Temp\iSLER-mess.elf.oFNjXs.ltrans0.ltrans.o

.debug_aranges  0x0000000000000000      0x158
 .debug_aranges
                0x0000000000000000      0x158 C:\Users\uni\AppData\Local\Temp\iSLER-mess.elf.oFNjXs.ltrans0.ltrans.o

.debug_ranges   0x0000000000000000      0x550
 .debug_ranges  0x0000000000000000      0x550 C:\Users\uni\AppData\Local\Temp\iSLER-mess.elf.oFNjXs.ltrans0.ltrans.o

.debug_line     0x0000000000000000     0x3930
 .debug_line    0x0000000000000000     0x364f C:\Users\uni\AppData\Local\Temp\iSLER-mess.elf.oFNjXs.ltrans0.ltrans.o
 .debug_line    0x000000000000364f      0x18b C:\Users\uni\AppData\Local\Temp\cc6xU1aa.debug.temp.o
 .debug_line    0x00000000000037da      0x156 C:\Users\uni\AppData\Local\Temp\ccqCU0Ay.debug.temp.o

.debug_str      0x0000000000000000      0xe28
 .debug_str     0x0000000000000000      0x175 C:\Users\uni\AppData\Local\Temp\iSLER-mess.elf.oFNjXs.ltrans0.ltrans.o
                                        0x198 (size before relaxing)
 .debug_str     0x0000000000000175      0x629 C:\Users\uni\AppData\Local\Temp\cc6xU1aa.debug.temp.o
                                        0x719 (size before relaxing)
 .debug_str     0x000000000000079e      0x68a C:\Users\uni\AppData\Local\Temp\ccqCU0Ay.debug.temp.o
                                        0x8ad (size before relaxing)

.debug_frame    0x0000000000000000      0x4e8
 .debug_frame   0x0000000000000000      0x4e8 C:\Users\uni\AppData\Local\Temp\iSLER-mess.elf.oFNjXs.ltrans0.ltrans.o
