Archive member included to satisfy reference by file (symbol)

../../ch32fun/ch32fun//../misc\libgcc.a(div.o)
                              C:\Users\uni\AppData\Local\Temp\example.elf.zy07BO.ltrans0.ltrans.o (__udivsi3)

Discarded input sections

 .text          0x0000000000000000        0x0 C:\Users\uni\AppData\Local\Temp\example.elf.zy07BO.ltrans0.ltrans.o
 .data          0x0000000000000000        0x0 C:\Users\uni\AppData\Local\Temp\example.elf.zy07BO.ltrans0.ltrans.o
 .bss           0x0000000000000000        0x0 C:\Users\uni\AppData\Local\Temp\example.elf.zy07BO.ltrans0.ltrans.o
 .text.mini_pad
                0x0000000000000000       0xa0 C:\Users\uni\AppData\Local\Temp\example.elf.zy07BO.ltrans0.ltrans.o
 .text._puts    0x0000000000000000       0x42 C:\Users\uni\AppData\Local\Temp\example.elf.zy07BO.ltrans0.ltrans.o
 .text.mini_itoa.part.0
                0x0000000000000000       0xca C:\Users\uni\AppData\Local\Temp\example.elf.zy07BO.ltrans0.ltrans.o
 .text.internal_handle_input.constprop.0
                0x0000000000000000        0xa C:\Users\uni\AppData\Local\Temp\example.elf.zy07BO.ltrans0.ltrans.o
 .text._write.constprop.0
                0x0000000000000000      0x104 C:\Users\uni\AppData\Local\Temp\example.elf.zy07BO.ltrans0.ltrans.o
 .text.__puts_uart
                0x0000000000000000       0x1a C:\Users\uni\AppData\Local\Temp\example.elf.zy07BO.ltrans0.ltrans.o
 .text.strlen   0x0000000000000000       0x12 C:\Users\uni\AppData\Local\Temp\example.elf.zy07BO.ltrans0.ltrans.o
 .text.mini_vpprintf
                0x0000000000000000      0x1c6 C:\Users\uni\AppData\Local\Temp\example.elf.zy07BO.ltrans0.ltrans.o
 .text.printf   0x0000000000000000       0x30 C:\Users\uni\AppData\Local\Temp\example.elf.zy07BO.ltrans0.ltrans.o
 .text.vprintf  0x0000000000000000       0x16 C:\Users\uni\AppData\Local\Temp\example.elf.zy07BO.ltrans0.ltrans.o
 .text.mini_vsnprintf
                0x0000000000000000       0x3a C:\Users\uni\AppData\Local\Temp\example.elf.zy07BO.ltrans0.ltrans.o
 .text.snprintf
                0x0000000000000000       0x1c C:\Users\uni\AppData\Local\Temp\example.elf.zy07BO.ltrans0.ltrans.o
 .text.sprintf  0x0000000000000000       0x28 C:\Users\uni\AppData\Local\Temp\example.elf.zy07BO.ltrans0.ltrans.o
 .text.memset   0x0000000000000000       0x12 C:\Users\uni\AppData\Local\Temp\example.elf.zy07BO.ltrans0.ltrans.o
 .text.strcpy   0x0000000000000000       0x14 C:\Users\uni\AppData\Local\Temp\example.elf.zy07BO.ltrans0.ltrans.o
 .text.strncpy  0x0000000000000000       0x1c C:\Users\uni\AppData\Local\Temp\example.elf.zy07BO.ltrans0.ltrans.o
 .text.strcmp   0x0000000000000000       0x1a C:\Users\uni\AppData\Local\Temp\example.elf.zy07BO.ltrans0.ltrans.o
 .text.strncmp  0x0000000000000000       0x2e C:\Users\uni\AppData\Local\Temp\example.elf.zy07BO.ltrans0.ltrans.o
 .text.strchr   0x0000000000000000       0x16 C:\Users\uni\AppData\Local\Temp\example.elf.zy07BO.ltrans0.ltrans.o
 .text.strrchr  0x0000000000000000       0x3c C:\Users\uni\AppData\Local\Temp\example.elf.zy07BO.ltrans0.ltrans.o
 .text.memcpy   0x0000000000000000       0x1c C:\Users\uni\AppData\Local\Temp\example.elf.zy07BO.ltrans0.ltrans.o
 .text.memcmp   0x0000000000000000       0x26 C:\Users\uni\AppData\Local\Temp\example.elf.zy07BO.ltrans0.ltrans.o
 .text.memmove  0x0000000000000000       0x5e C:\Users\uni\AppData\Local\Temp\example.elf.zy07BO.ltrans0.ltrans.o
 .text.memchr   0x0000000000000000       0x1c C:\Users\uni\AppData\Local\Temp\example.elf.zy07BO.ltrans0.ltrans.o
 .text.strnlen  0x0000000000000000       0x2a C:\Users\uni\AppData\Local\Temp\example.elf.zy07BO.ltrans0.ltrans.o
 .text.twoway_strstr
                0x0000000000000000      0x236 C:\Users\uni\AppData\Local\Temp\example.elf.zy07BO.ltrans0.ltrans.o
 .text.strstr   0x0000000000000000      0x140 C:\Users\uni\AppData\Local\Temp\example.elf.zy07BO.ltrans0.ltrans.o
 .rodata.puts.str1.4
                0x0000000000000000        0x2 C:\Users\uni\AppData\Local\Temp\example.elf.zy07BO.ltrans0.ltrans.o
 .text.puts     0x0000000000000000       0x40 C:\Users\uni\AppData\Local\Temp\example.elf.zy07BO.ltrans0.ltrans.o
 .text.putchar  0x0000000000000000       0x72 C:\Users\uni\AppData\Local\Temp\example.elf.zy07BO.ltrans0.ltrans.o
 .data.ADCPrescTable.lto_priv.0
                0x0000000000000000       0x14 C:\Users\uni\AppData\Local\Temp\example.elf.zy07BO.ltrans0.ltrans.o
 .data.ADCPrescTable.lto_priv.1
                0x0000000000000000       0x14 C:\Users\uni\AppData\Local\Temp\example.elf.zy07BO.ltrans0.ltrans.o
 .data.ADCPrescTable.lto_priv.2
                0x0000000000000000       0x14 C:\Users\uni\AppData\Local\Temp\example.elf.zy07BO.ltrans0.ltrans.o
 .data.APBAHBPrescTable.lto_priv.0
                0x0000000000000000       0x10 C:\Users\uni\AppData\Local\Temp\example.elf.zy07BO.ltrans0.ltrans.o
 .data.APBAHBPrescTable.lto_priv.1
                0x0000000000000000       0x10 C:\Users\uni\AppData\Local\Temp\example.elf.zy07BO.ltrans0.ltrans.o
 .data.APBAHBPrescTable.lto_priv.2
                0x0000000000000000       0x10 C:\Users\uni\AppData\Local\Temp\example.elf.zy07BO.ltrans0.ltrans.o
 .comment       0x0000000000000000       0x13 C:\Users\uni\AppData\Local\Temp\example.elf.zy07BO.ltrans0.ltrans.o
 .comment       0x0000000000000000       0x13 C:\Users\uni\AppData\Local\Temp\ccRWMw8c.debug.temp.o
 .comment       0x0000000000000000       0x13 C:\Users\uni\AppData\Local\Temp\ccElJChX.debug.temp.o
 .comment       0x0000000000000000       0x13 C:\Users\uni\AppData\Local\Temp\ccfy4mCG.debug.temp.o
 .text          0x0000000000000000        0x0 C:\Users\uni\AppData\Local\Temp\ccwFhwnz.o
 .data          0x0000000000000000        0x0 C:\Users\uni\AppData\Local\Temp\ccwFhwnz.o
 .bss           0x0000000000000000        0x0 C:\Users\uni\AppData\Local\Temp\ccwFhwnz.o
 .text          0x0000000000000000       0x80 ../../ch32fun/ch32fun//../misc\libgcc.a(div.o)
 .data          0x0000000000000000        0x0 ../../ch32fun/ch32fun//../misc\libgcc.a(div.o)
 .bss           0x0000000000000000        0x0 ../../ch32fun/ch32fun//../misc\libgcc.a(div.o)
 .debug_line    0x0000000000000000      0x153 ../../ch32fun/ch32fun//../misc\libgcc.a(div.o)
 .debug_line_str
                0x0000000000000000       0x92 ../../ch32fun/ch32fun//../misc\libgcc.a(div.o)
 .debug_info    0x0000000000000000       0x5d ../../ch32fun/ch32fun//../misc\libgcc.a(div.o)
 .debug_abbrev  0x0000000000000000       0x28 ../../ch32fun/ch32fun//../misc\libgcc.a(div.o)
 .debug_aranges
                0x0000000000000000       0x20 ../../ch32fun/ch32fun//../misc\libgcc.a(div.o)
 .debug_str     0x0000000000000000       0xd9 ../../ch32fun/ch32fun//../misc\libgcc.a(div.o)
 .riscv.attributes
                0x0000000000000000       0x1f ../../ch32fun/ch32fun//../misc\libgcc.a(div.o)

Memory Configuration

Name             Origin             Length             Attributes
FLASH            0x0000000000000000 0x0000000000004000 xr
RAM              0x0000000020000000 0x0000000000000800 xrw
*default*        0x0000000000000000 0xffffffffffffffff

Linker script and memory map

LOAD C:\Users\uni\AppData\Local\Temp\cco2E6LH.o
LOAD C:\Users\uni\AppData\Local\Temp\example.elf.zy07BO.ltrans0.ltrans.o
LOAD C:\Users\uni\AppData\Local\Temp\ccRWMw8c.debug.temp.o
LOAD C:\Users\uni\AppData\Local\Temp\ccElJChX.debug.temp.o
LOAD C:\Users\uni\AppData\Local\Temp\ccfy4mCG.debug.temp.o
LOAD C:\Users\uni\AppData\Local\Temp\cctWlPy5.o
LOAD C:\Users\uni\AppData\Local\Temp\ccwFhwnz.o
LOAD C:\Users\uni\AppData\Local\Temp\ccB31en6.o
LOAD ../../ch32fun/ch32fun//../misc\libgcc.a
LOAD ../../ch32fun/ch32fun//../misc\libgcc.a

.init           0x0000000000000000       0xa0
                0x0000000000000000                _sinit = .
                0x0000000000000000                . = ALIGN (0x4)
 *(SORT_NONE(.init))
 .init          0x0000000000000000       0x9e C:\Users\uni\AppData\Local\Temp\example.elf.zy07BO.ltrans0.ltrans.o
                0x0000000000000000                InterruptVector
                0x00000000000000a0                . = ALIGN (0x4)
 *fill*         0x000000000000009e        0x2 
                0x00000000000000a0                _einit = .

.text           0x00000000000000a0      0x974
                0x00000000000000a0                . = ALIGN (0x4)
 *(.text)
 *(.text.*)
 .text.PrintHex
                0x00000000000000a0       0x58 C:\Users\uni\AppData\Local\Temp\example.elf.zy07BO.ltrans0.ltrans.o
 .text.handle_reset
                0x00000000000000f8       0x70 C:\Users\uni\AppData\Local\Temp\example.elf.zy07BO.ltrans0.ltrans.o
                0x00000000000000f8                handle_reset
 .text.vector_handler
                0x0000000000000168       0x5e C:\Users\uni\AppData\Local\Temp\example.elf.zy07BO.ltrans0.ltrans.o
                0x0000000000000168                EXTI2_IRQHandler
                0x0000000000000168                TIM8_TRG_COM_IRQHandler
                0x0000000000000168                TIM8_CC_IRQHandler
                0x0000000000000168                UART8_IRQHandler
                0x0000000000000168                TIM1_CC_IRQHandler
                0x0000000000000168                HardFault_Handler
                0x0000000000000168                GPIOB_IRQHandler
                0x0000000000000168                USBPD_IRQHandler
                0x0000000000000168                TIM6_IRQHandler
                0x0000000000000168                GPIOA_IRQHandler
                0x0000000000000168                SysTick_Handler
                0x0000000000000168                PVD_IRQHandler
                0x0000000000000168                SDIO_IRQHandler
                0x0000000000000168                TIM9_BRK_IRQHandler
                0x0000000000000168                DMA2_Channel8_IRQHandler
                0x0000000000000168                USBWakeUp_IRQHandler
                0x0000000000000168                CAN2_RX1_IRQHandler
                0x0000000000000168                EXTI3_IRQHandler
                0x0000000000000168                UART1_IRQHandler
                0x0000000000000168                USBHS_IRQHandler
                0x0000000000000168                DMA2_Channel9_IRQHandler
                0x0000000000000168                TIM10_CC_IRQHandler
                0x0000000000000168                EXTI25_16_IRQHandler
                0x0000000000000168                USBFS_IRQHandler
                0x0000000000000168                UART0_IRQHandler
                0x0000000000000168                EXTI0_IRQHandler
                0x0000000000000168                I2C2_EV_IRQHandler
                0x0000000000000168                TIM10_TRG_COM_IRQHandler
                0x0000000000000168                CAN2_SCE_IRQHandler
                0x0000000000000168                ADC1_2_IRQHandler
                0x0000000000000168                BB_IRQHandler
                0x0000000000000168                Break_Point_Handler
                0x0000000000000168                TIM2_CC_IRQHandler
                0x0000000000000168                SPI1_IRQHandler
                0x0000000000000168                TAMPER_IRQHandler
                0x0000000000000168                TMR0_IRQHandler
                0x0000000000000168                AWU_IRQHandler
                0x0000000000000168                CAN2_RX0_IRQHandler
                0x0000000000000168                OSCWakeUp_IRQHandler
                0x0000000000000168                TIM8_UP_IRQHandler
                0x0000000000000168                Ecall_M_Mode_Handler
                0x0000000000000168                DMA2_Channel2_IRQHandler
                0x0000000000000168                DMA1_Channel4_IRQHandler
                0x0000000000000168                ADC1_IRQHandler
                0x0000000000000168                TIM2_BRK_IRQHandler
                0x0000000000000168                TIM9_UP_IRQHandler
                0x0000000000000168                USART3_IRQHandler
                0x0000000000000168                RTC_IRQHandler
                0x0000000000000168                DMA1_Channel7_IRQHandler
                0x0000000000000168                CAN1_RX1_IRQHandler
                0x0000000000000168                DVP_IRQHandler
                0x0000000000000168                UART5_IRQHandler
                0x0000000000000168                EXTI15_8_IRQHandler
                0x0000000000000168                TIM4_IRQHandler
                0x0000000000000168                DMA2_Channel1_IRQHandler
                0x0000000000000168                USBPD_WKUP_IRQHandler
                0x0000000000000168                I2C1_EV_IRQHandler
                0x0000000000000168                UART2_IRQHandler
                0x0000000000000168                USART4_IRQHandler
                0x0000000000000168                PWMX_IRQHandler
                0x0000000000000168                DMA1_Channel6_IRQHandler
                0x0000000000000168                UART4_IRQHandler
                0x0000000000000168                DMA2_Channel4_IRQHandler
                0x0000000000000168                TIM3_IRQHandler
                0x0000000000000168                RCC_IRQHandler
                0x0000000000000168                TIM1_TRG_COM_IRQHandler
                0x0000000000000168                DMA1_Channel1_IRQHandler
                0x0000000000000168                DMA2_Channel7_IRQHandler
                0x0000000000000168                EXTI15_10_IRQHandler
                0x0000000000000168                ADC_IRQHandler
                0x0000000000000168                DMA1_Channel8_IRQHandler
                0x0000000000000168                TMR2_IRQHandler
                0x0000000000000168                DefaultIRQHandler
                0x0000000000000168                TIM7_IRQHandler
                0x0000000000000168                CAN2_TX_IRQHandler
                0x0000000000000168                TIM5_IRQHandler
                0x0000000000000168                TMR1_IRQHandler
                0x0000000000000168                USB_IRQHandler
                0x0000000000000168                EXTI9_5_IRQHandler
                0x0000000000000168                PIOC_IRQHandler
                0x0000000000000168                SPI2_IRQHandler
                0x0000000000000168                OSC32KCal_IRQHandler
                0x0000000000000168                I2C_IRQHandler
                0x0000000000000168                TIM10_BRK_IRQHandler
                0x0000000000000168                TIM9_CC_IRQHandler
                0x0000000000000168                DMA2_Channel5_IRQHandler
                0x0000000000000168                USB2_IRQHandler
                0x0000000000000168                USBHSWakeUp_IRQHandler
                0x0000000000000168                DMA1_Channel5_IRQHandler
                0x0000000000000168                EXTI4_IRQHandler
                0x0000000000000168                USB_LP_CAN1_RX0_IRQHandler
                0x0000000000000168                RNG_IRQHandler
                0x0000000000000168                USB_HP_CAN1_TX_IRQHandler
                0x0000000000000168                LLE_IRQHandler
                0x0000000000000168                DMA1_Channel3_IRQHandler
                0x0000000000000168                FSMC_IRQHandler
                0x0000000000000168                ETH_IRQHandler
                0x0000000000000168                TIM1_UP_IRQHandler
                0x0000000000000168                WWDG_IRQHandler
                0x0000000000000168                DMA2_Channel11_IRQHandler
                0x0000000000000168                WDOG_BAT_IRQHandler
                0x0000000000000168                Ecall_U_Mode_Handler
                0x0000000000000168                TMR3_IRQHandler
                0x0000000000000168                DMA2_Channel6_IRQHandler
                0x0000000000000168                TIM2_IRQHandler
                0x0000000000000168                SW_Handler
                0x0000000000000168                TIM1_BRK_IRQHandler
                0x0000000000000168                OPA_IRQHandler
                0x0000000000000168                DMA2_Channel10_IRQHandler
                0x0000000000000168                EXTI1_IRQHandler
                0x0000000000000168                SPI0_IRQHandler
                0x0000000000000168                RTCAlarm_IRQHandler
                0x0000000000000168                TIM10_UP_IRQHandler
                0x0000000000000168                TIM9_TRG_COM_IRQHandler
                0x0000000000000168                UART7_IRQHandler
                0x0000000000000168                USART2_IRQHandler
                0x0000000000000168                UART6_IRQHandler
                0x0000000000000168                ETHWakeUp_IRQHandler
                0x0000000000000168                I2C2_ER_IRQHandler
                0x0000000000000168                DMA1_Channel2_IRQHandler
                0x0000000000000168                TIM8_BRK_IRQHandler
                0x0000000000000168                TIM2_TRG_IRQHandler
                0x0000000000000168                CAN1_SCE_IRQHandler
                0x0000000000000168                FLASH_IRQHandler
                0x0000000000000168                USBFSWakeUp_IRQHandler
                0x0000000000000168                USART1_IRQHandler
                0x0000000000000168                OTG_FS_IRQHandler
                0x0000000000000168                SPI3_IRQHandler
                0x0000000000000168                USBFS_WakeUp_IRQHandler
                0x0000000000000168                UART3_IRQHandler
                0x0000000000000168                I2C1_ER_IRQHandler
                0x0000000000000168                DMA2_Channel3_IRQHandler
                0x00000000000001b8                NMI_Handler
                0x00000000000001b8                NMI_RCC_CSS_IRQHandler
 .text.SystemInit
                0x00000000000001c6       0x58 C:\Users\uni\AppData\Local\Temp\example.elf.zy07BO.ltrans0.ltrans.o
                0x00000000000001c6                SystemInit
 .text.startup.main
                0x000000000000021e       0x78 C:\Users\uni\AppData\Local\Temp\example.elf.zy07BO.ltrans0.ltrans.o
                0x000000000000021e                main
 .text.usb_pid_handle_in
                0x0000000000000296      0x13a C:\Users\uni\AppData\Local\Temp\example.elf.zy07BO.ltrans0.ltrans.o
                0x0000000000000296                usb_pid_handle_in
 .text.usb_pid_handle_data
                0x00000000000003d0       0xf0 C:\Users\uni\AppData\Local\Temp\example.elf.zy07BO.ltrans0.ltrans.o
                0x00000000000003d0                usb_pid_handle_data
 *fill*         0x00000000000004c0        0x0 
 .text.vector_handler
                0x00000000000004c0      0x3f4 C:\Users\uni\AppData\Local\Temp\ccwFhwnz.o
                0x00000000000004c0                EXTI7_0_IRQHandler
                0x0000000000000774                usb_send_empty
                0x0000000000000782                usb_send_data
                0x00000000000008b0                always0
 *(.rodata)
 .rodata        0x00000000000008b4       0x34 C:\Users\uni\AppData\Local\Temp\example.elf.zy07BO.ltrans0.ltrans.o
 *(.rodata*)
 .rodata.config_descriptor
                0x00000000000008e8       0x3b C:\Users\uni\AppData\Local\Temp\example.elf.zy07BO.ltrans0.ltrans.o
 *fill*         0x0000000000000923        0x1 
 .rodata.descriptor_list
                0x0000000000000924       0x60 C:\Users\uni\AppData\Local\Temp\example.elf.zy07BO.ltrans0.ltrans.o
 .rodata.device_descriptor
                0x0000000000000984       0x12 C:\Users\uni\AppData\Local\Temp\example.elf.zy07BO.ltrans0.ltrans.o
 *fill*         0x0000000000000996        0x2 
 .rodata.keyboard_hid_desc
                0x0000000000000998       0x45 C:\Users\uni\AppData\Local\Temp\example.elf.zy07BO.ltrans0.ltrans.o
 *fill*         0x00000000000009dd        0x3 
 .rodata.mouse_hid_desc
                0x00000000000009e0       0x34 C:\Users\uni\AppData\Local\Temp\example.elf.zy07BO.ltrans0.ltrans.o
 *(.gnu.linkonce.t.*)
                0x0000000000000a14                . = ALIGN (0x4)

.rela.dyn       0x0000000000000a14        0x0
 .rela.text.handle_reset
                0x0000000000000a14        0x0 C:\Users\uni\AppData\Local\Temp\ccwFhwnz.o

.fini           0x0000000000000a14        0x0
 *(SORT_NONE(.fini))
                0x0000000000000a14                . = ALIGN (0x4)
                [!provide]                        PROVIDE (_etext = .)
                [!provide]                        PROVIDE (_eitcm = .)

.preinit_array  0x0000000000000a14        0x0
                [!provide]                        PROVIDE (__preinit_array_start = .)
 *(.preinit_array)
                [!provide]                        PROVIDE (__preinit_array_end = .)

.init_array     0x0000000000000a14        0x0
                [!provide]                        PROVIDE (__init_array_start = .)
 *(SORT_BY_INIT_PRIORITY(.init_array.*) SORT_BY_INIT_PRIORITY(.ctors.*))
 *(.init_array EXCLUDE_FILE(*crtend?.o *crtend.o *crtbegin?.o *crtbegin.o) .ctors)
                [!provide]                        PROVIDE (__init_array_end = .)

.fini_array     0x0000000000000a14        0x0
                [!provide]                        PROVIDE (__fini_array_start = .)
 *(SORT_BY_INIT_PRIORITY(.fini_array.*) SORT_BY_INIT_PRIORITY(.dtors.*))
 *(.fini_array EXCLUDE_FILE(*crtend?.o *crtend.o *crtbegin?.o *crtbegin.o) .dtors)
                [!provide]                        PROVIDE (__fini_array_end = .)

.ctors
 *crtbegin.o(.ctors)
 *crtbegin?.o(.ctors)
 *(EXCLUDE_FILE(*crtend?.o *crtend.o) .ctors)
 *(SORT_BY_NAME(.ctors.*))
 *(.ctors)

.dtors
 *crtbegin.o(.dtors)
 *crtbegin?.o(.dtors)
 *(EXCLUDE_FILE(*crtend?.o *crtend.o) .dtors)
 *(SORT_BY_NAME(.dtors.*))
 *(.dtors)

.dalign         0x0000000020000000        0x0 load address 0x0000000000000a14
                0x0000000020000000                . = ALIGN (0x4)
                0x0000000020000000                PROVIDE (_data_vma = .)

.dlalign        0x0000000000000a14        0x0
                0x0000000000000a14                . = ALIGN (0x4)
                0x0000000000000a14                PROVIDE (_data_lma = .)

.data           0x0000000020000000        0x0 load address 0x0000000000000a14
                0x0000000020000000                . = ALIGN (0x4)
                0x00000000200003fc                __global_pointer$ = (. + 0x3fc)
 *(.gnu.linkonce.r.*)
 *(.data .data.*)
 *(.gnu.linkonce.d.*)
                0x0000000020000000                . = ALIGN (0x8)
 *(.sdata .sdata.*)
 *(.sdata2*)
 *(.gnu.linkonce.s.*)
                0x0000000020000000                . = ALIGN (0x8)
 *(.srodata.cst16)
 *(.srodata.cst8)
 *(.srodata.cst4)
 *(.srodata.cst2)
 *(.srodata .srodata.*)
                0x0000000020000000                . = ALIGN (0x4)
                0x0000000020000000                PROVIDE (_edata = .)

.bss            0x0000000020000000       0x90 load address 0x0000000000000a14
                0x0000000020000000                . = ALIGN (0x4)
                0x0000000020000000                PROVIDE (_sbss = .)
 *(.sbss*)
 .sbss.i.0      0x0000000020000000        0x4 C:\Users\uni\AppData\Local\Temp\example.elf.zy07BO.ltrans0.ltrans.o
 .sbss.i.3      0x0000000020000004        0x4 C:\Users\uni\AppData\Local\Temp\example.elf.zy07BO.ltrans0.ltrans.o
 .sbss.tsajoystick.1
                0x0000000020000008        0x8 C:\Users\uni\AppData\Local\Temp\example.elf.zy07BO.ltrans0.ltrans.o
 .sbss.tsajoystick.2
                0x0000000020000010        0x4 C:\Users\uni\AppData\Local\Temp\example.elf.zy07BO.ltrans0.ltrans.o
 *(.gnu.linkonce.sb.*)
 *(.bss*)
 .bss.rv003usb_internal_data
                0x0000000020000014       0x7c C:\Users\uni\AppData\Local\Temp\example.elf.zy07BO.ltrans0.ltrans.o
                0x0000000020000014                rv003usb_internal_data
 *(.gnu.linkonce.b.*)
 *(COMMON*)
                0x0000000020000090                . = ALIGN (0x4)
                0x0000000020000090                PROVIDE (_ebss = .)
                [!provide]                        PROVIDE (_end = _ebss)
                [!provide]                        PROVIDE (end = .)
                0x0000000020000800                PROVIDE (_eusrstack = (ORIGIN (RAM) + LENGTH (RAM)))

/DISCARD/
 *(.note .note.*)
 *(.eh_frame .eh_frame.*)
 *(.comment .comment.*)
 *(.ARM.extab* .gnu.linkonce.armextab.*)
 *(.ARM.exidx*)
OUTPUT(example.elf elf32-littleriscv)

.riscv.attributes
                0x0000000000000000       0x21
 .riscv.attributes
                0x0000000000000000       0x21 C:\Users\uni\AppData\Local\Temp\example.elf.zy07BO.ltrans0.ltrans.o
 .riscv.attributes
                0x0000000000000021       0x1f C:\Users\uni\AppData\Local\Temp\ccwFhwnz.o

.debug_info     0x0000000000000000     0x3548
 .debug_info    0x0000000000000000     0x1282 C:\Users\uni\AppData\Local\Temp\example.elf.zy07BO.ltrans0.ltrans.o
 .debug_info    0x0000000000001282     0x1188 C:\Users\uni\AppData\Local\Temp\ccRWMw8c.debug.temp.o
                0x0000000000001282                ch32fun.c.b0d4c355
 .debug_info    0x000000000000240a      0x31a C:\Users\uni\AppData\Local\Temp\ccElJChX.debug.temp.o
                0x000000000000240a                example.c.8c1b1ecb
 .debug_info    0x0000000000002724      0xdfe C:\Users\uni\AppData\Local\Temp\ccfy4mCG.debug.temp.o
                0x0000000000002724                rv003usb.c.a1412ea1
 .debug_info    0x0000000000003522       0x26 C:\Users\uni\AppData\Local\Temp\ccwFhwnz.o

.debug_abbrev   0x0000000000000000      0x73d
 .debug_abbrev  0x0000000000000000      0x1cd C:\Users\uni\AppData\Local\Temp\example.elf.zy07BO.ltrans0.ltrans.o
 .debug_abbrev  0x00000000000001cd      0x233 C:\Users\uni\AppData\Local\Temp\ccRWMw8c.debug.temp.o
 .debug_abbrev  0x0000000000000400      0x10c C:\Users\uni\AppData\Local\Temp\ccElJChX.debug.temp.o
 .debug_abbrev  0x000000000000050c      0x21d C:\Users\uni\AppData\Local\Temp\ccfy4mCG.debug.temp.o
 .debug_abbrev  0x0000000000000729       0x14 C:\Users\uni\AppData\Local\Temp\ccwFhwnz.o

.debug_loc      0x0000000000000000     0x276e
 .debug_loc     0x0000000000000000     0x276e C:\Users\uni\AppData\Local\Temp\example.elf.zy07BO.ltrans0.ltrans.o

.debug_aranges  0x0000000000000000      0x168
 .debug_aranges
                0x0000000000000000      0x148 C:\Users\uni\AppData\Local\Temp\example.elf.zy07BO.ltrans0.ltrans.o
 .debug_aranges
                0x0000000000000148       0x20 C:\Users\uni\AppData\Local\Temp\ccwFhwnz.o

.debug_ranges   0x0000000000000000      0x370
 .debug_ranges  0x0000000000000000      0x370 C:\Users\uni\AppData\Local\Temp\example.elf.zy07BO.ltrans0.ltrans.o

.debug_line     0x0000000000000000     0x393b
 .debug_line    0x0000000000000000     0x2d1c C:\Users\uni\AppData\Local\Temp\example.elf.zy07BO.ltrans0.ltrans.o
 .debug_line    0x0000000000002d1c      0x194 C:\Users\uni\AppData\Local\Temp\ccRWMw8c.debug.temp.o
 .debug_line    0x0000000000002eb0      0x103 C:\Users\uni\AppData\Local\Temp\ccElJChX.debug.temp.o
 .debug_line    0x0000000000002fb3      0x14a C:\Users\uni\AppData\Local\Temp\ccfy4mCG.debug.temp.o
 .debug_line    0x00000000000030fd      0x83e C:\Users\uni\AppData\Local\Temp\ccwFhwnz.o

.debug_str      0x0000000000000000     0x1989
 .debug_str     0x0000000000000000      0x160 C:\Users\uni\AppData\Local\Temp\example.elf.zy07BO.ltrans0.ltrans.o
                                        0x1bb (size before relaxing)
 .debug_str     0x0000000000000160      0x616 C:\Users\uni\AppData\Local\Temp\ccRWMw8c.debug.temp.o
                                        0x724 (size before relaxing)
 .debug_str     0x0000000000000776      0x12d C:\Users\uni\AppData\Local\Temp\ccElJChX.debug.temp.o
                                        0x303 (size before relaxing)
 .debug_str     0x00000000000008a3     0x1065 C:\Users\uni\AppData\Local\Temp\ccfy4mCG.debug.temp.o
                                       0x13e1 (size before relaxing)
 .debug_str     0x0000000000001908       0x81 C:\Users\uni\AppData\Local\Temp\ccwFhwnz.o

.debug_frame    0x0000000000000000      0x3d8
 .debug_frame   0x0000000000000000      0x3d8 C:\Users\uni\AppData\Local\Temp\example.elf.zy07BO.ltrans0.ltrans.o
