Archive member included to satisfy reference by file (symbol)

../../../ch32fun/ch32fun//../misc\libgcc.a(div.o)
                              C:\Users\uni\AppData\Local\Temp\example.elf.nY9Yyg.ltrans0.ltrans.o (__udivsi3)

Discarded input sections

 .text          0x0000000000000000        0x0 C:\Users\uni\AppData\Local\Temp\example.elf.nY9Yyg.ltrans0.ltrans.o
 .data          0x0000000000000000        0x0 C:\Users\uni\AppData\Local\Temp\example.elf.nY9Yyg.ltrans0.ltrans.o
 .bss           0x0000000000000000        0x0 C:\Users\uni\AppData\Local\Temp\example.elf.nY9Yyg.ltrans0.ltrans.o
 .text.mini_pad
                0x0000000000000000       0xa0 C:\Users\uni\AppData\Local\Temp\example.elf.nY9Yyg.ltrans0.ltrans.o
 .text._puts    0x0000000000000000       0x42 C:\Users\uni\AppData\Local\Temp\example.elf.nY9Yyg.ltrans0.ltrans.o
 .text.mini_itoa.part.0
                0x0000000000000000       0xca C:\Users\uni\AppData\Local\Temp\example.elf.nY9Yyg.ltrans0.ltrans.o
 .text._write.constprop.0
                0x0000000000000000      0x104 C:\Users\uni\AppData\Local\Temp\example.elf.nY9Yyg.ltrans0.ltrans.o
 .text.__puts_uart
                0x0000000000000000       0x1a C:\Users\uni\AppData\Local\Temp\example.elf.nY9Yyg.ltrans0.ltrans.o
 .text.mini_vpprintf
                0x0000000000000000      0x1c6 C:\Users\uni\AppData\Local\Temp\example.elf.nY9Yyg.ltrans0.ltrans.o
 .text.printf   0x0000000000000000       0x30 C:\Users\uni\AppData\Local\Temp\example.elf.nY9Yyg.ltrans0.ltrans.o
 .text.vprintf  0x0000000000000000       0x16 C:\Users\uni\AppData\Local\Temp\example.elf.nY9Yyg.ltrans0.ltrans.o
 .text.mini_vsnprintf
                0x0000000000000000       0x3a C:\Users\uni\AppData\Local\Temp\example.elf.nY9Yyg.ltrans0.ltrans.o
 .text.snprintf
                0x0000000000000000       0x1c C:\Users\uni\AppData\Local\Temp\example.elf.nY9Yyg.ltrans0.ltrans.o
 .text.sprintf  0x0000000000000000       0x28 C:\Users\uni\AppData\Local\Temp\example.elf.nY9Yyg.ltrans0.ltrans.o
 .text.memset   0x0000000000000000       0x12 C:\Users\uni\AppData\Local\Temp\example.elf.nY9Yyg.ltrans0.ltrans.o
 .text.strcpy   0x0000000000000000       0x14 C:\Users\uni\AppData\Local\Temp\example.elf.nY9Yyg.ltrans0.ltrans.o
 .text.strncpy  0x0000000000000000       0x1c C:\Users\uni\AppData\Local\Temp\example.elf.nY9Yyg.ltrans0.ltrans.o
 .text.strcmp   0x0000000000000000       0x1a C:\Users\uni\AppData\Local\Temp\example.elf.nY9Yyg.ltrans0.ltrans.o
 .text.strncmp  0x0000000000000000       0x2e C:\Users\uni\AppData\Local\Temp\example.elf.nY9Yyg.ltrans0.ltrans.o
 .text.strchr   0x0000000000000000       0x16 C:\Users\uni\AppData\Local\Temp\example.elf.nY9Yyg.ltrans0.ltrans.o
 .text.strrchr  0x0000000000000000       0x3c C:\Users\uni\AppData\Local\Temp\example.elf.nY9Yyg.ltrans0.ltrans.o
 .text.memcmp   0x0000000000000000       0x26 C:\Users\uni\AppData\Local\Temp\example.elf.nY9Yyg.ltrans0.ltrans.o
 .text.memmove  0x0000000000000000       0x5e C:\Users\uni\AppData\Local\Temp\example.elf.nY9Yyg.ltrans0.ltrans.o
 .text.memchr   0x0000000000000000       0x1c C:\Users\uni\AppData\Local\Temp\example.elf.nY9Yyg.ltrans0.ltrans.o
 .text.strnlen  0x0000000000000000       0x2a C:\Users\uni\AppData\Local\Temp\example.elf.nY9Yyg.ltrans0.ltrans.o
 .text.twoway_strstr
                0x0000000000000000      0x236 C:\Users\uni\AppData\Local\Temp\example.elf.nY9Yyg.ltrans0.ltrans.o
 .text.strstr   0x0000000000000000      0x140 C:\Users\uni\AppData\Local\Temp\example.elf.nY9Yyg.ltrans0.ltrans.o
 .rodata.puts.str1.4
                0x0000000000000000        0x2 C:\Users\uni\AppData\Local\Temp\example.elf.nY9Yyg.ltrans0.ltrans.o
 .text.puts     0x0000000000000000       0x40 C:\Users\uni\AppData\Local\Temp\example.elf.nY9Yyg.ltrans0.ltrans.o
 .data.ADCPrescTable.lto_priv.0
                0x0000000000000000       0x14 C:\Users\uni\AppData\Local\Temp\example.elf.nY9Yyg.ltrans0.ltrans.o
 .data.ADCPrescTable.lto_priv.1
                0x0000000000000000       0x14 C:\Users\uni\AppData\Local\Temp\example.elf.nY9Yyg.ltrans0.ltrans.o
 .data.APBAHBPrescTable.lto_priv.0
                0x0000000000000000       0x10 C:\Users\uni\AppData\Local\Temp\example.elf.nY9Yyg.ltrans0.ltrans.o
 .data.APBAHBPrescTable.lto_priv.1
                0x0000000000000000       0x10 C:\Users\uni\AppData\Local\Temp\example.elf.nY9Yyg.ltrans0.ltrans.o
 .comment       0x0000000000000000       0x13 C:\Users\uni\AppData\Local\Temp\example.elf.nY9Yyg.ltrans0.ltrans.o
 .comment       0x0000000000000000       0x13 C:\Users\uni\AppData\Local\Temp\cc0YmZKq.debug.temp.o
 .comment       0x0000000000000000       0x13 C:\Users\uni\AppData\Local\Temp\cccggFku.debug.temp.o
 .text          0x0000000000000000       0x80 ../../../ch32fun/ch32fun//../misc\libgcc.a(div.o)
 .data          0x0000000000000000        0x0 ../../../ch32fun/ch32fun//../misc\libgcc.a(div.o)
 .bss           0x0000000000000000        0x0 ../../../ch32fun/ch32fun//../misc\libgcc.a(div.o)
 .debug_line    0x0000000000000000      0x153 ../../../ch32fun/ch32fun//../misc\libgcc.a(div.o)
 .debug_line_str
                0x0000000000000000       0x92 ../../../ch32fun/ch32fun//../misc\libgcc.a(div.o)
 .debug_info    0x0000000000000000       0x5d ../../../ch32fun/ch32fun//../misc\libgcc.a(div.o)
 .debug_abbrev  0x0000000000000000       0x28 ../../../ch32fun/ch32fun//../misc\libgcc.a(div.o)
 .debug_aranges
                0x0000000000000000       0x20 ../../../ch32fun/ch32fun//../misc\libgcc.a(div.o)
 .debug_str     0x0000000000000000       0xd9 ../../../ch32fun/ch32fun//../misc\libgcc.a(div.o)
 .riscv.attributes
                0x0000000000000000       0x1f ../../../ch32fun/ch32fun//../misc\libgcc.a(div.o)

Memory Configuration

Name             Origin             Length             Attributes
FLASH            0x0000000000000000 0x0000000000004000 xr
RAM              0x0000000020000000 0x0000000000000800 xrw
*default*        0x0000000000000000 0xffffffffffffffff

Linker script and memory map

LOAD C:\Users\uni\AppData\Local\Temp\ccg4JS9J.o
LOAD C:\Users\uni\AppData\Local\Temp\example.elf.nY9Yyg.ltrans0.ltrans.o
LOAD C:\Users\uni\AppData\Local\Temp\cc0YmZKq.debug.temp.o
LOAD C:\Users\uni\AppData\Local\Temp\cccggFku.debug.temp.o
LOAD C:\Users\uni\AppData\Local\Temp\cc3S9LCM.o
LOAD ../../../ch32fun/ch32fun//../misc\libgcc.a
LOAD ../../../ch32fun/ch32fun//../misc\libgcc.a

.init           0x0000000000000000       0xa0
                0x0000000000000000                _sinit = .
                0x0000000000000000                . = ALIGN (0x4)
 *(SORT_NONE(.init))
 .init          0x0000000000000000       0x9e C:\Users\uni\AppData\Local\Temp\example.elf.nY9Yyg.ltrans0.ltrans.o
                0x0000000000000000                InterruptVector
                0x00000000000000a0                . = ALIGN (0x4)
 *fill*         0x000000000000009e        0x2 
                0x00000000000000a0                _einit = .

.text           0x00000000000000a0      0x7fc
                0x00000000000000a0                . = ALIGN (0x4)
 *(.text)
 *(.text.*)
 .text.PrintHex
                0x00000000000000a0       0x58 C:\Users\uni\AppData\Local\Temp\example.elf.nY9Yyg.ltrans0.ltrans.o
 .text.DelaySysTick
                0x00000000000000f8       0x16 C:\Users\uni\AppData\Local\Temp\example.elf.nY9Yyg.ltrans0.ltrans.o
 .text.write_cmd_8
                0x000000000000010e       0x36 C:\Users\uni\AppData\Local\Temp\example.elf.nY9Yyg.ltrans0.ltrans.o
 .text.write_data_8
                0x0000000000000144       0x34 C:\Users\uni\AppData\Local\Temp\example.elf.nY9Yyg.ltrans0.ltrans.o
 .text.fun_gdehxx_setCursor.constprop.0
                0x0000000000000178       0x2a C:\Users\uni\AppData\Local\Temp\example.elf.nY9Yyg.ltrans0.ltrans.o
 .text.internal_handle_input.constprop.0
                0x00000000000001a2        0xa C:\Users\uni\AppData\Local\Temp\example.elf.nY9Yyg.ltrans0.ltrans.o
 .text.handle_reset
                0x00000000000001ac       0x70 C:\Users\uni\AppData\Local\Temp\example.elf.nY9Yyg.ltrans0.ltrans.o
                0x00000000000001ac                handle_reset
 .text.vector_handler
                0x000000000000021c       0x5e C:\Users\uni\AppData\Local\Temp\example.elf.nY9Yyg.ltrans0.ltrans.o
                0x000000000000021c                EXTI2_IRQHandler
                0x000000000000021c                TIM8_TRG_COM_IRQHandler
                0x000000000000021c                TIM8_CC_IRQHandler
                0x000000000000021c                UART8_IRQHandler
                0x000000000000021c                TIM1_CC_IRQHandler
                0x000000000000021c                HardFault_Handler
                0x000000000000021c                GPIOB_IRQHandler
                0x000000000000021c                USBPD_IRQHandler
                0x000000000000021c                TIM6_IRQHandler
                0x000000000000021c                GPIOA_IRQHandler
                0x000000000000021c                PVD_IRQHandler
                0x000000000000021c                SDIO_IRQHandler
                0x000000000000021c                TIM9_BRK_IRQHandler
                0x000000000000021c                DMA2_Channel8_IRQHandler
                0x000000000000021c                USBWakeUp_IRQHandler
                0x000000000000021c                CAN2_RX1_IRQHandler
                0x000000000000021c                EXTI3_IRQHandler
                0x000000000000021c                UART1_IRQHandler
                0x000000000000021c                USBHS_IRQHandler
                0x000000000000021c                DMA2_Channel9_IRQHandler
                0x000000000000021c                TIM10_CC_IRQHandler
                0x000000000000021c                EXTI25_16_IRQHandler
                0x000000000000021c                USBFS_IRQHandler
                0x000000000000021c                UART0_IRQHandler
                0x000000000000021c                EXTI0_IRQHandler
                0x000000000000021c                I2C2_EV_IRQHandler
                0x000000000000021c                TIM10_TRG_COM_IRQHandler
                0x000000000000021c                CAN2_SCE_IRQHandler
                0x000000000000021c                ADC1_2_IRQHandler
                0x000000000000021c                BB_IRQHandler
                0x000000000000021c                Break_Point_Handler
                0x000000000000021c                TIM2_CC_IRQHandler
                0x000000000000021c                SPI1_IRQHandler
                0x000000000000021c                TAMPER_IRQHandler
                0x000000000000021c                TMR0_IRQHandler
                0x000000000000021c                AWU_IRQHandler
                0x000000000000021c                EXTI7_0_IRQHandler
                0x000000000000021c                CAN2_RX0_IRQHandler
                0x000000000000021c                OSCWakeUp_IRQHandler
                0x000000000000021c                TIM8_UP_IRQHandler
                0x000000000000021c                Ecall_M_Mode_Handler
                0x000000000000021c                DMA2_Channel2_IRQHandler
                0x000000000000021c                DMA1_Channel4_IRQHandler
                0x000000000000021c                ADC1_IRQHandler
                0x000000000000021c                TIM2_BRK_IRQHandler
                0x000000000000021c                TIM9_UP_IRQHandler
                0x000000000000021c                USART3_IRQHandler
                0x000000000000021c                RTC_IRQHandler
                0x000000000000021c                DMA1_Channel7_IRQHandler
                0x000000000000021c                CAN1_RX1_IRQHandler
                0x000000000000021c                DVP_IRQHandler
                0x000000000000021c                UART5_IRQHandler
                0x000000000000021c                EXTI15_8_IRQHandler
                0x000000000000021c                TIM4_IRQHandler
                0x000000000000021c                DMA2_Channel1_IRQHandler
                0x000000000000021c                USBPD_WKUP_IRQHandler
                0x000000000000021c                I2C1_EV_IRQHandler
                0x000000000000021c                UART2_IRQHandler
                0x000000000000021c                USART4_IRQHandler
                0x000000000000021c                PWMX_IRQHandler
                0x000000000000021c                DMA1_Channel6_IRQHandler
                0x000000000000021c                UART4_IRQHandler
                0x000000000000021c                DMA2_Channel4_IRQHandler
                0x000000000000021c                TIM3_IRQHandler
                0x000000000000021c                RCC_IRQHandler
                0x000000000000021c                TIM1_TRG_COM_IRQHandler
                0x000000000000021c                DMA1_Channel1_IRQHandler
                0x000000000000021c                DMA2_Channel7_IRQHandler
                0x000000000000021c                EXTI15_10_IRQHandler
                0x000000000000021c                ADC_IRQHandler
                0x000000000000021c                DMA1_Channel8_IRQHandler
                0x000000000000021c                TMR2_IRQHandler
                0x000000000000021c                DefaultIRQHandler
                0x000000000000021c                TIM7_IRQHandler
                0x000000000000021c                CAN2_TX_IRQHandler
                0x000000000000021c                TIM5_IRQHandler
                0x000000000000021c                TMR1_IRQHandler
                0x000000000000021c                USB_IRQHandler
                0x000000000000021c                EXTI9_5_IRQHandler
                0x000000000000021c                PIOC_IRQHandler
                0x000000000000021c                SPI2_IRQHandler
                0x000000000000021c                OSC32KCal_IRQHandler
                0x000000000000021c                I2C_IRQHandler
                0x000000000000021c                TIM10_BRK_IRQHandler
                0x000000000000021c                TIM9_CC_IRQHandler
                0x000000000000021c                DMA2_Channel5_IRQHandler
                0x000000000000021c                USB2_IRQHandler
                0x000000000000021c                USBHSWakeUp_IRQHandler
                0x000000000000021c                DMA1_Channel5_IRQHandler
                0x000000000000021c                EXTI4_IRQHandler
                0x000000000000021c                USB_LP_CAN1_RX0_IRQHandler
                0x000000000000021c                RNG_IRQHandler
                0x000000000000021c                USB_HP_CAN1_TX_IRQHandler
                0x000000000000021c                LLE_IRQHandler
                0x000000000000021c                DMA1_Channel3_IRQHandler
                0x000000000000021c                FSMC_IRQHandler
                0x000000000000021c                ETH_IRQHandler
                0x000000000000021c                TIM1_UP_IRQHandler
                0x000000000000021c                WWDG_IRQHandler
                0x000000000000021c                DMA2_Channel11_IRQHandler
                0x000000000000021c                WDOG_BAT_IRQHandler
                0x000000000000021c                Ecall_U_Mode_Handler
                0x000000000000021c                TMR3_IRQHandler
                0x000000000000021c                DMA2_Channel6_IRQHandler
                0x000000000000021c                TIM2_IRQHandler
                0x000000000000021c                SW_Handler
                0x000000000000021c                TIM1_BRK_IRQHandler
                0x000000000000021c                OPA_IRQHandler
                0x000000000000021c                DMA2_Channel10_IRQHandler
                0x000000000000021c                EXTI1_IRQHandler
                0x000000000000021c                SPI0_IRQHandler
                0x000000000000021c                RTCAlarm_IRQHandler
                0x000000000000021c                TIM10_UP_IRQHandler
                0x000000000000021c                TIM9_TRG_COM_IRQHandler
                0x000000000000021c                UART7_IRQHandler
                0x000000000000021c                USART2_IRQHandler
                0x000000000000021c                UART6_IRQHandler
                0x000000000000021c                ETHWakeUp_IRQHandler
                0x000000000000021c                I2C2_ER_IRQHandler
                0x000000000000021c                DMA1_Channel2_IRQHandler
                0x000000000000021c                TIM8_BRK_IRQHandler
                0x000000000000021c                TIM2_TRG_IRQHandler
                0x000000000000021c                CAN1_SCE_IRQHandler
                0x000000000000021c                FLASH_IRQHandler
                0x000000000000021c                USBFSWakeUp_IRQHandler
                0x000000000000021c                USART1_IRQHandler
                0x000000000000021c                OTG_FS_IRQHandler
                0x000000000000021c                SPI3_IRQHandler
                0x000000000000021c                USBFS_WakeUp_IRQHandler
                0x000000000000021c                UART3_IRQHandler
                0x000000000000021c                I2C1_ER_IRQHandler
                0x000000000000021c                DMA2_Channel3_IRQHandler
                0x000000000000026c                NMI_Handler
                0x000000000000026c                NMI_RCC_CSS_IRQHandler
 .text.strlen   0x000000000000027a       0x12 C:\Users\uni\AppData\Local\Temp\example.elf.nY9Yyg.ltrans0.ltrans.o
                0x000000000000027a                strlen
 .text.memcpy   0x000000000000028c       0x1c C:\Users\uni\AppData\Local\Temp\example.elf.nY9Yyg.ltrans0.ltrans.o
                0x000000000000028c                memcpy
 .text.putchar  0x00000000000002a8       0x6c C:\Users\uni\AppData\Local\Temp\example.elf.nY9Yyg.ltrans0.ltrans.o
                0x00000000000002a8                putchar
 .text.SystemInit
                0x0000000000000314       0x58 C:\Users\uni\AppData\Local\Temp\example.elf.nY9Yyg.ltrans0.ltrans.o
                0x0000000000000314                SystemInit
 .text.startup.main
                0x000000000000036c      0x24e C:\Users\uni\AppData\Local\Temp\example.elf.nY9Yyg.ltrans0.ltrans.o
                0x000000000000036c                main
 .text.SysTick_Handler
                0x00000000000005ba       0x32 C:\Users\uni\AppData\Local\Temp\example.elf.nY9Yyg.ltrans0.ltrans.o
 *(.rodata)
 *(.rodata*)
 *fill*         0x00000000000005ec        0x0 
 .rodata.main.str1.4
                0x00000000000005ec        0xe C:\Users\uni\AppData\Local\Temp\example.elf.nY9Yyg.ltrans0.ltrans.o
 *fill*         0x00000000000005fa        0x2 
 .rodata.font7x8
                0x00000000000005fc      0x2a0 C:\Users\uni\AppData\Local\Temp\example.elf.nY9Yyg.ltrans0.ltrans.o
 *(.gnu.linkonce.t.*)
                0x000000000000089c                . = ALIGN (0x4)

.rela.dyn       0x000000000000089c        0x0
 .rela.text.handle_reset
                0x000000000000089c        0x0 C:\Users\uni\AppData\Local\Temp\example.elf.nY9Yyg.ltrans0.ltrans.o
 .rela.text.startup.main
                0x000000000000089c        0x0 C:\Users\uni\AppData\Local\Temp\example.elf.nY9Yyg.ltrans0.ltrans.o

.fini           0x000000000000089c        0x0
 *(SORT_NONE(.fini))
                0x000000000000089c                . = ALIGN (0x4)
                [!provide]                        PROVIDE (_etext = .)
                [!provide]                        PROVIDE (_eitcm = .)

.preinit_array  0x000000000000089c        0x0
                [!provide]                        PROVIDE (__preinit_array_start = .)
 *(.preinit_array)
                [!provide]                        PROVIDE (__preinit_array_end = .)

.init_array     0x000000000000089c        0x0
                [!provide]                        PROVIDE (__init_array_start = .)
 *(SORT_BY_INIT_PRIORITY(.init_array.*) SORT_BY_INIT_PRIORITY(.ctors.*))
 *(.init_array EXCLUDE_FILE(*crtend?.o *crtend.o *crtbegin?.o *crtbegin.o) .ctors)
                [!provide]                        PROVIDE (__init_array_end = .)

.fini_array     0x000000000000089c        0x0
                [!provide]                        PROVIDE (__fini_array_start = .)
 *(SORT_BY_INIT_PRIORITY(.fini_array.*) SORT_BY_INIT_PRIORITY(.dtors.*))
 *(.fini_array EXCLUDE_FILE(*crtend?.o *crtend.o *crtbegin?.o *crtbegin.o) .dtors)
                [!provide]                        PROVIDE (__fini_array_end = .)

.ctors
 *crtbegin.o(.ctors)
 *crtbegin?.o(.ctors)
 *(EXCLUDE_FILE(*crtend?.o *crtend.o) .ctors)
 *(SORT_BY_NAME(.ctors.*))
 *(.ctors)

.dtors
 *crtbegin.o(.dtors)
 *crtbegin?.o(.dtors)
 *(EXCLUDE_FILE(*crtend?.o *crtend.o) .dtors)
 *(SORT_BY_NAME(.dtors.*))
 *(.dtors)

.dalign         0x0000000020000000        0x0 load address 0x000000000000089c
                0x0000000020000000                . = ALIGN (0x4)
                0x0000000020000000                PROVIDE (_data_vma = .)

.dlalign        0x000000000000089c        0x0
                0x000000000000089c                . = ALIGN (0x4)
                0x000000000000089c                PROVIDE (_data_lma = .)

.data           0x0000000020000000        0x0 load address 0x000000000000089c
                0x0000000020000000                . = ALIGN (0x4)
                0x00000000200003fc                __global_pointer$ = (. + 0x3fc)
 *(.gnu.linkonce.r.*)
 *(.data .data.*)
 *(.gnu.linkonce.d.*)
                0x0000000020000000                . = ALIGN (0x8)
 *(.sdata .sdata.*)
 *(.sdata2*)
 *(.gnu.linkonce.s.*)
                0x0000000020000000                . = ALIGN (0x8)
 *(.srodata.cst16)
 *(.srodata.cst8)
 *(.srodata.cst4)
 *(.srodata.cst2)
 *(.srodata .srodata.*)
                0x0000000020000000                . = ALIGN (0x4)
                0x0000000020000000                PROVIDE (_edata = .)

.bss            0x0000000020000000       0x10 load address 0x000000000000089c
                0x0000000020000000                . = ALIGN (0x4)
                0x0000000020000000                PROVIDE (_sbss = .)
 *(.sbss*)
 .sbss.GDEH_DC_PIN
                0x0000000020000000        0x1 C:\Users\uni\AppData\Local\Temp\example.elf.nY9Yyg.ltrans0.ltrans.o
 *fill*         0x0000000020000001        0x3 
 .sbss._frame_buffer2
                0x0000000020000004        0x7 C:\Users\uni\AppData\Local\Temp\example.elf.nY9Yyg.ltrans0.ltrans.o
 *fill*         0x000000002000000b        0x1 
 .sbss.systick_millis
                0x000000002000000c        0x4 C:\Users\uni\AppData\Local\Temp\example.elf.nY9Yyg.ltrans0.ltrans.o
 *(.gnu.linkonce.sb.*)
 *(.bss*)
 *(.gnu.linkonce.b.*)
 *(COMMON*)
                0x0000000020000010                . = ALIGN (0x4)
                0x0000000020000010                PROVIDE (_ebss = .)
                [!provide]                        PROVIDE (_end = _ebss)
                [!provide]                        PROVIDE (end = .)
                0x0000000020000800                PROVIDE (_eusrstack = (ORIGIN (RAM) + LENGTH (RAM)))

/DISCARD/
 *(.note .note.*)
 *(.eh_frame .eh_frame.*)
 *(.comment .comment.*)
 *(.ARM.extab* .gnu.linkonce.armextab.*)
 *(.ARM.exidx*)
OUTPUT(example.elf elf32-littleriscv)

.riscv.attributes
                0x0000000000000000       0x21
 .riscv.attributes
                0x0000000000000000       0x21 C:\Users\uni\AppData\Local\Temp\example.elf.nY9Yyg.ltrans0.ltrans.o

.debug_info     0x0000000000000000     0x36c3
 .debug_info    0x0000000000000000     0x1532 C:\Users\uni\AppData\Local\Temp\example.elf.nY9Yyg.ltrans0.ltrans.o
 .debug_info    0x0000000000001532     0x1188 C:\Users\uni\AppData\Local\Temp\cc0YmZKq.debug.temp.o
                0x0000000000001532                ch32fun.c.474464e1
 .debug_info    0x00000000000026ba     0x1009 C:\Users\uni\AppData\Local\Temp\cccggFku.debug.temp.o
                0x00000000000026ba                example.c.9eaf7308

.debug_abbrev   0x0000000000000000      0x6ac
 .debug_abbrev  0x0000000000000000      0x1e8 C:\Users\uni\AppData\Local\Temp\example.elf.nY9Yyg.ltrans0.ltrans.o
 .debug_abbrev  0x00000000000001e8      0x233 C:\Users\uni\AppData\Local\Temp\cc0YmZKq.debug.temp.o
 .debug_abbrev  0x000000000000041b      0x291 C:\Users\uni\AppData\Local\Temp\cccggFku.debug.temp.o

.debug_loc      0x0000000000000000     0x246b
 .debug_loc     0x0000000000000000     0x246b C:\Users\uni\AppData\Local\Temp\example.elf.nY9Yyg.ltrans0.ltrans.o

.debug_aranges  0x0000000000000000      0x160
 .debug_aranges
                0x0000000000000000      0x160 C:\Users\uni\AppData\Local\Temp\example.elf.nY9Yyg.ltrans0.ltrans.o

.debug_ranges   0x0000000000000000      0x3f8
 .debug_ranges  0x0000000000000000      0x3f8 C:\Users\uni\AppData\Local\Temp\example.elf.nY9Yyg.ltrans0.ltrans.o

.debug_line     0x0000000000000000     0x2ff7
 .debug_line    0x0000000000000000     0x2d0f C:\Users\uni\AppData\Local\Temp\example.elf.nY9Yyg.ltrans0.ltrans.o
 .debug_line    0x0000000000002d0f      0x19a C:\Users\uni\AppData\Local\Temp\cc0YmZKq.debug.temp.o
 .debug_line    0x0000000000002ea9      0x14e C:\Users\uni\AppData\Local\Temp\cccggFku.debug.temp.o

.debug_str      0x0000000000000000      0xf65
 .debug_str     0x0000000000000000      0x18e C:\Users\uni\AppData\Local\Temp\example.elf.nY9Yyg.ltrans0.ltrans.o
                                        0x19c (size before relaxing)
 .debug_str     0x000000000000018e      0x61e C:\Users\uni\AppData\Local\Temp\cc0YmZKq.debug.temp.o
                                        0x725 (size before relaxing)
 .debug_str     0x00000000000007ac      0x7b9 C:\Users\uni\AppData\Local\Temp\cccggFku.debug.temp.o
                                        0xa7a (size before relaxing)

.debug_frame    0x0000000000000000      0x400
 .debug_frame   0x0000000000000000      0x400 C:\Users\uni\AppData\Local\Temp\example.elf.nY9Yyg.ltrans0.ltrans.o
