Archive member included to satisfy reference by file (symbol)

../ch32fun/ch32fun//../misc/libgcc.a(muldi3.o)
                              /tmp/cc4fkmgn.ltrans0.ltrans.o (__mulsi3)
../ch32fun/ch32fun//../misc/libgcc.a(div.o)
                              /tmp/cc4fkmgn.ltrans0.ltrans.o (__divsi3)

Discarded input sections

 .text          0x00000000        0x0 /tmp/cc4fkmgn.ltrans0.ltrans.o
 .data          0x00000000        0x0 /tmp/cc4fkmgn.ltrans0.ltrans.o
 .bss           0x00000000        0x0 /tmp/cc4fkmgn.ltrans0.ltrans.o
 .text.vprintf  0x00000000       0x16 /tmp/cc4fkmgn.ltrans0.ltrans.o
 .text.snprintf
                0x00000000       0x1c /tmp/cc4fkmgn.ltrans0.ltrans.o
 .text.strncpy  0x00000000       0x1c /tmp/cc4fkmgn.ltrans0.ltrans.o
 .text.strcmp   0x00000000       0x1a /tmp/cc4fkmgn.ltrans0.ltrans.o
 .text.strncmp  0x00000000       0x2e /tmp/cc4fkmgn.ltrans0.ltrans.o
 .text.strchr   0x00000000       0x16 /tmp/cc4fkmgn.ltrans0.ltrans.o
 .text.strrchr  0x00000000       0x3c /tmp/cc4fkmgn.ltrans0.ltrans.o
 .text.memcmp   0x00000000       0x20 /tmp/cc4fkmgn.ltrans0.ltrans.o
 .text.memmove  0x00000000       0x5e /tmp/cc4fkmgn.ltrans0.ltrans.o
 .text.memchr   0x00000000       0x1a /tmp/cc4fkmgn.ltrans0.ltrans.o
 .text.strnlen  0x00000000       0x2a /tmp/cc4fkmgn.ltrans0.ltrans.o
 .text.twoway_strstr
                0x00000000      0x23e /tmp/cc4fkmgn.ltrans0.ltrans.o
 .text.strstr   0x00000000      0x132 /tmp/cc4fkmgn.ltrans0.ltrans.o
 .text.setjmp   0x00000000       0x10 /tmp/cc4fkmgn.ltrans0.ltrans.o
 .text.longjmp  0x00000000       0x14 /tmp/cc4fkmgn.ltrans0.ltrans.o
 .text.EHSVtoHEX
                0x00000000      0x1be /tmp/cc4fkmgn.ltrans0.ltrans.o
 .rodata.APBAHBPrescTable.lto_priv.0
                0x00000000       0x10 /tmp/cc4fkmgn.ltrans0.ltrans.o
 .rodata.ADCPrescTable.lto_priv.0
                0x00000000       0x14 /tmp/cc4fkmgn.ltrans0.ltrans.o
 .rodata.APBAHBPrescTable.lto_priv.1
                0x00000000       0x10 /tmp/cc4fkmgn.ltrans0.ltrans.o
 .rodata.ADCPrescTable.lto_priv.1
                0x00000000       0x14 /tmp/cc4fkmgn.ltrans0.ltrans.o
 .sbss.adc_buffer
                0x00000000        0x4 /tmp/cc4fkmgn.ltrans0.ltrans.o
 .sbss.bDMA     0x00000000        0x4 /tmp/cc4fkmgn.ltrans0.ltrans.o
 .data.i2c_registers
                0x00000000       0x20 /tmp/cc4fkmgn.ltrans0.ltrans.o
 .rodata.APBAHBPrescTable.lto_priv.2
                0x00000000       0x10 /tmp/cc4fkmgn.ltrans0.ltrans.o
 .rodata.ADCPrescTable.lto_priv.2
                0x00000000       0x14 /tmp/cc4fkmgn.ltrans0.ltrans.o
 .rodata.APBAHBPrescTable.lto_priv.3
                0x00000000       0x10 /tmp/cc4fkmgn.ltrans0.ltrans.o
 .rodata.ADCPrescTable.lto_priv.3
                0x00000000       0x14 /tmp/cc4fkmgn.ltrans0.ltrans.o
 .comment       0x00000000       0x23 /tmp/cc4fkmgn.ltrans0.ltrans.o
 .comment       0x00000000       0x23 /tmp/cc9CQxzs.debug.temp.o
 .comment       0x00000000       0x23 /tmp/ccecZLrM.debug.temp.o
 .comment       0x00000000       0x23 /tmp/cc2RyVjp.debug.temp.o
 .debug_info    0x00000000      0x56d /tmp/ccsnPXP6.debug.temp.o
 .debug_abbrev  0x00000000      0x199 /tmp/ccsnPXP6.debug.temp.o
 .debug_line    0x00000000       0x51 /tmp/ccsnPXP6.debug.temp.o
 .debug_str     0x00000000      0x65d /tmp/ccsnPXP6.debug.temp.o
 .debug_line_str
                0x00000000       0xb8 /tmp/ccsnPXP6.debug.temp.o
 .comment       0x00000000       0x23 /tmp/ccsnPXP6.debug.temp.o
 .comment       0x00000000       0x23 /tmp/ccqdWFvu.debug.temp.o
 .text          0x00000000       0x18 ../ch32fun/ch32fun//../misc/libgcc.a(muldi3.o)
 .data          0x00000000        0x0 ../ch32fun/ch32fun//../misc/libgcc.a(muldi3.o)
 .bss           0x00000000        0x0 ../ch32fun/ch32fun//../misc/libgcc.a(muldi3.o)
 .debug_line    0x00000000       0x7a ../ch32fun/ch32fun//../misc/libgcc.a(muldi3.o)
 .debug_line_str
                0x00000000       0x95 ../ch32fun/ch32fun//../misc/libgcc.a(muldi3.o)
 .debug_info    0x00000000       0x31 ../ch32fun/ch32fun//../misc/libgcc.a(muldi3.o)
 .debug_abbrev  0x00000000       0x28 ../ch32fun/ch32fun//../misc/libgcc.a(muldi3.o)
 .debug_aranges
                0x00000000       0x20 ../ch32fun/ch32fun//../misc/libgcc.a(muldi3.o)
 .debug_str     0x00000000       0xac ../ch32fun/ch32fun//../misc/libgcc.a(muldi3.o)
 .riscv.attributes
                0x00000000       0x1f ../ch32fun/ch32fun//../misc/libgcc.a(muldi3.o)
 .data          0x00000000        0x0 ../ch32fun/ch32fun//../misc/libgcc.a(div.o)
 .bss           0x00000000        0x0 ../ch32fun/ch32fun//../misc/libgcc.a(div.o)

Memory Configuration

Name             Origin             Length             Attributes
FLASH            0x00000000         0x00004000         xr
RAM              0x20000000         0x00000800         xrw
*default*        0x00000000         0xffffffff

Linker script and memory map

LOAD /tmp/ccJYKD5U.o
LOAD /tmp/cc4fkmgn.ltrans0.ltrans.o
LOAD /tmp/cc9CQxzs.debug.temp.o
LOAD /tmp/ccecZLrM.debug.temp.o
LOAD /tmp/cc2RyVjp.debug.temp.o
LOAD /tmp/ccsnPXP6.debug.temp.o
LOAD /tmp/ccqdWFvu.debug.temp.o
LOAD /tmp/cczEy3AE.o
LOAD /tmp/ccVDBPm3.o
LOAD /tmp/ccXNzlOg.o
LOAD /tmp/ccOl502r.o
LOAD ../ch32fun/ch32fun//../misc/libgcc.a
LOAD ../ch32fun/ch32fun//../misc/libgcc.a

.init           0x00000000       0xa0
                0x00000000                        _sinit = .
                0x00000000                        . = ALIGN (0x4)
 *(SORT_NONE(.init))
 .init          0x00000000       0x9e /tmp/cc4fkmgn.ltrans0.ltrans.o
                0x00000000                InterruptVectorDefault
                0x00000000                InterruptVector
                0x000000a0                        . = ALIGN (0x4)
 *fill*         0x0000009e        0x2 
                0x000000a0                        _einit = .

.text           0x000000a0     0x1614
                0x000000a0                        . = ALIGN (0x4)
 *(.text)
 .text          0x000000a0       0x7e ../ch32fun/ch32fun//../misc/libgcc.a(div.o)
                0x000000a0                __divsi3
                0x000000a8                __hidden___udivsi3
                0x000000a8                __udivsi3
                0x000000d4                __umodsi3
                0x000000f8                __modsi3
 *(.text.*)
 .text.mini_pad
                0x0000011e       0x9e /tmp/cc4fkmgn.ltrans0.ltrans.o
 .text._puts    0x000001bc       0x40 /tmp/cc4fkmgn.ltrans0.ltrans.o
 .text.PrintHex
                0x000001fc       0x54 /tmp/cc4fkmgn.ltrans0.ltrans.o
 .text.mini_itoa.part.0
                0x00000250       0xc0 /tmp/cc4fkmgn.ltrans0.ltrans.o
 .text.i2c_error
                0x00000310       0x84 /tmp/cc4fkmgn.ltrans0.ltrans.o
 .text.i2c_send_addr_write
                0x00000394       0x66 /tmp/cc4fkmgn.ltrans0.ltrans.o
 .text.i2c_ping
                0x000003fa       0x8c /tmp/cc4fkmgn.ltrans0.ltrans.o
 .text.i2c_write_raw.constprop.0
                0x00000486      0x14a /tmp/cc4fkmgn.ltrans0.ltrans.o
 .text.ssd1306_cmd
                0x000005d0       0x1c /tmp/cc4fkmgn.ltrans0.ltrans.o
 .text.internal_handle_input.constprop.0
                0x000005ec        0xc /tmp/cc4fkmgn.ltrans0.ltrans.o
 .text._write.constprop.0
                0x000005f8       0xea /tmp/cc4fkmgn.ltrans0.ltrans.o
 .text.__puts_uart
                0x000006e2       0x14 /tmp/cc4fkmgn.ltrans0.ltrans.o
 .text.handle_reset
                0x000006f6       0x76 /tmp/cc4fkmgn.ltrans0.ltrans.o
                0x000006f6                handle_reset
 .text.vector_handler
                0x0000076c       0x5a /tmp/cc4fkmgn.ltrans0.ltrans.o
                0x0000076c                EXTI2_IRQHandler
                0x0000076c                TIM8_TRG_COM_IRQHandler
                0x0000076c                TIM8_CC_IRQHandler
                0x0000076c                UART8_IRQHandler
                0x0000076c                NFC_IRQHandler
                0x0000076c                TIM1_CC_IRQHandler
                0x0000076c                HardFault_Handler
                0x0000076c                GPIOB_IRQHandler
                0x0000076c                USBPD_IRQHandler
                0x0000076c                TIM6_IRQHandler
                0x0000076c                GPIOA_IRQHandler
                0x0000076c                PVD_IRQHandler
                0x0000076c                SDIO_IRQHandler
                0x0000076c                TIM9_BRK_IRQHandler
                0x0000076c                DMA2_Channel8_IRQHandler
                0x0000076c                CAN2_RX1_IRQHandler
                0x0000076c                EXTI3_IRQHandler
                0x0000076c                UART1_IRQHandler
                0x0000076c                USBHS_IRQHandler
                0x0000076c                DMA2_Channel9_IRQHandler
                0x0000076c                TIM10_CC_IRQHandler
                0x0000076c                EXTI25_16_IRQHandler
                0x0000076c                USBFS_IRQHandler
                0x0000076c                UART0_IRQHandler
                0x0000076c                EXTI0_IRQHandler
                0x0000076c                I2C2_EV_IRQHandler
                0x0000076c                TIM10_TRG_COM_IRQHandler
                0x0000076c                CAN2_SCE_IRQHandler
                0x0000076c                ADC1_2_IRQHandler
                0x0000076c                BB_IRQHandler
                0x0000076c                Break_Point_Handler
                0x0000076c                TIM2_CC_IRQHandler
                0x0000076c                SPI1_IRQHandler
                0x0000076c                TAMPER_IRQHandler
                0x0000076c                TMR0_IRQHandler
                0x0000076c                AWU_IRQHandler
                0x0000076c                EXTI7_0_IRQHandler
                0x0000076c                CAN2_RX0_IRQHandler
                0x0000076c                OSCWakeUp_IRQHandler
                0x0000076c                TIM8_UP_IRQHandler
                0x0000076c                Ecall_M_Mode_Handler
                0x0000076c                DMA2_Channel2_IRQHandler
                0x0000076c                ADC1_IRQHandler
                0x0000076c                TIM2_BRK_IRQHandler
                0x0000076c                TIM9_UP_IRQHandler
                0x0000076c                USART3_IRQHandler
                0x0000076c                RTC_IRQHandler
                0x0000076c                DMA1_Channel7_IRQHandler
                0x0000076c                LED_IRQHandler
                0x0000076c                CAN1_RX1_IRQHandler
                0x0000076c                DVP_IRQHandler
                0x0000076c                UART5_IRQHandler
                0x0000076c                EXTI15_8_IRQHandler
                0x0000076c                TIM4_IRQHandler
                0x0000076c                DMA2_Channel1_IRQHandler
                0x0000076c                USBPD_WKUP_IRQHandler
                0x0000076c                UART2_IRQHandler
                0x0000076c                USART4_IRQHandler
                0x0000076c                PWMX_IRQHandler
                0x0000076c                DMA1_Channel6_IRQHandler
                0x0000076c                UART4_IRQHandler
                0x0000076c                DMA2_Channel4_IRQHandler
                0x0000076c                TIM3_IRQHandler
                0x0000076c                RCC_IRQHandler
                0x0000076c                TIM1_TRG_COM_IRQHandler
                0x0000076c                DMA1_Channel1_IRQHandler
                0x0000076c                DMA2_Channel7_IRQHandler
                0x0000076c                EXTI15_10_IRQHandler
                0x0000076c                ADC_IRQHandler
                0x0000076c                DMA1_Channel8_IRQHandler
                0x0000076c                TMR2_IRQHandler
                0x0000076c                DefaultIRQHandler
                0x0000076c                TIM7_IRQHandler
                0x0000076c                CAN2_TX_IRQHandler
                0x0000076c                TIM5_IRQHandler
                0x0000076c                USB_IRQHandler
                0x0000076c                EXTI9_5_IRQHandler
                0x0000076c                PIOC_IRQHandler
                0x0000076c                SPI2_IRQHandler
                0x0000076c                OSC32KCal_IRQHandler
                0x0000076c                I2C_IRQHandler
                0x0000076c                TIM10_BRK_IRQHandler
                0x0000076c                TIM9_CC_IRQHandler
                0x0000076c                DMA2_Channel5_IRQHandler
                0x0000076c                USB2_IRQHandler
                0x0000076c                USBHSWakeUp_IRQHandler
                0x0000076c                DMA1_Channel5_IRQHandler
                0x0000076c                EXTI4_IRQHandler
                0x0000076c                USB_LP_CAN1_RX0_IRQHandler
                0x0000076c                RNG_IRQHandler
                0x0000076c                USB_HP_CAN1_TX_IRQHandler
                0x0000076c                LLE_IRQHandler
                0x0000076c                FSMC_IRQHandler
                0x0000076c                ETH_IRQHandler
                0x0000076c                TIM1_UP_IRQHandler
                0x0000076c                WWDG_IRQHandler
                0x0000076c                DMA2_Channel11_IRQHandler
                0x0000076c                WDOG_BAT_IRQHandler
                0x0000076c                Ecall_U_Mode_Handler
                0x0000076c                TMR3_IRQHandler
                0x0000076c                DMA2_Channel6_IRQHandler
                0x0000076c                TIM2_IRQHandler
                0x0000076c                SW_Handler
                0x0000076c                TIM1_BRK_IRQHandler
                0x0000076c                OPA_IRQHandler
                0x0000076c                DMA2_Channel10_IRQHandler
                0x0000076c                EXTI1_IRQHandler
                0x0000076c                SPI0_IRQHandler
                0x0000076c                USB2_HOST_IRQHandler
                0x0000076c                RTCAlarm_IRQHandler
                0x0000076c                TIM10_UP_IRQHandler
                0x0000076c                TIM9_TRG_COM_IRQHandler
                0x0000076c                UART7_IRQHandler
                0x0000076c                USART2_IRQHandler
                0x0000076c                UART6_IRQHandler
                0x0000076c                ETHWakeUp_IRQHandler
                0x0000076c                I2C2_ER_IRQHandler
                0x0000076c                DMA1_Channel2_IRQHandler
                0x0000076c                TIM8_BRK_IRQHandler
                0x0000076c                TIM2_TRG_IRQHandler
                0x0000076c                CAN1_SCE_IRQHandler
                0x0000076c                FLASH_IRQHandler
                0x0000076c                USBFSWakeUp_IRQHandler
                0x0000076c                USART1_IRQHandler
                0x0000076c                OTG_FS_IRQHandler
                0x0000076c                SPI3_IRQHandler
                0x0000076c                USBFS_WakeUp_IRQHandler
                0x0000076c                UART3_IRQHandler
                0x0000076c                USB2_DEVICE_IRQHandler
                0x0000076c                TMR1_IRQHandler
                0x0000076c                USBWakeUp_IRQHandler
                0x0000076c                DMA2_Channel3_IRQHandler
                0x000007b8                NMI_Handler
                0x000007b8                NMI_RCC_CSS_IRQHandler
 .text.strlen   0x000007c6       0x12 /tmp/cc4fkmgn.ltrans0.ltrans.o
                0x000007c6                strlen
 .text.mini_vpprintf
                0x000007d8      0x1b6 /tmp/cc4fkmgn.ltrans0.ltrans.o
 .text.printf   0x0000098e       0x26 /tmp/cc4fkmgn.ltrans0.ltrans.o
                0x0000098e                printf
 .text.mini_vsnprintf
                0x000009b4       0x30 /tmp/cc4fkmgn.ltrans0.ltrans.o
 .text.sprintf  0x000009e4       0x20 /tmp/cc4fkmgn.ltrans0.ltrans.o
                0x000009e4                sprintf
 .text.memset   0x00000a04       0x12 /tmp/cc4fkmgn.ltrans0.ltrans.o
                0x00000a04                memset
 .text.strcpy   0x00000a16       0x14 /tmp/cc4fkmgn.ltrans0.ltrans.o
                0x00000a16                strcpy
 .text.memcpy   0x00000a2a       0x1c /tmp/cc4fkmgn.ltrans0.ltrans.o
                0x00000a2a                memcpy
 .text.ssd1306_data.isra.0
                0x00000a46       0x2a /tmp/cc4fkmgn.ltrans0.ltrans.o
 .text.ssd1306_print_str_at.constprop.0
                0x00000a70       0x68 /tmp/cc4fkmgn.ltrans0.ltrans.o
 .text.puts     0x00000ad8       0x2c /tmp/cc4fkmgn.ltrans0.ltrans.o
                0x00000ad8                puts
 .text.putchar  0x00000b04       0x68 /tmp/cc4fkmgn.ltrans0.ltrans.o
                0x00000b04                putchar
 .text.i2c_scan_callback
                0x00000b6c       0x68 /tmp/cc4fkmgn.ltrans0.ltrans.o
 .text.SystemInit
                0x00000bd4       0x62 /tmp/cc4fkmgn.ltrans0.ltrans.o
                0x00000bd4                SystemInit
 .text.startup.main
                0x00000c36      0x338 /tmp/cc4fkmgn.ltrans0.ltrans.o
                0x00000c36                main
 .text.SysTick_Handler
                0x00000f6e       0x32 /tmp/cc4fkmgn.ltrans0.ltrans.o
 .text.I2C1_EV_IRQHandler
                0x00000fa0      0x19c /tmp/cc4fkmgn.ltrans0.ltrans.o
 .text.I2C1_ER_IRQHandler
                0x0000113c       0x74 /tmp/cc4fkmgn.ltrans0.ltrans.o
 .text.TweenHexColors
                0x000011b0       0xd0 /tmp/cc4fkmgn.ltrans0.ltrans.o
 .text.WS2812FillBuffSec.constprop.0
                0x00001280      0x128 /tmp/cc4fkmgn.ltrans0.ltrans.o
 .text.DMA1_Channel3_IRQHandler
                0x000013a8       0x7a /tmp/cc4fkmgn.ltrans0.ltrans.o
 *(.rodata)
 *(.rodata*)
 *fill*         0x00001422        0x2 
 .rodata.puts.str1.4
                0x00001424       0x78 /tmp/cc4fkmgn.ltrans0.ltrans.o
                                  0x2 (size before relaxing)
 .rodata.i2c_scan_callback.str1.4
                0x0000149c        0xc /tmp/cc4fkmgn.ltrans0.ltrans.o
 .rodata.main.str1.4
                0x0000149c       0x68 /tmp/cc4fkmgn.ltrans0.ltrans.o
 .rodata.bitquartets.8
                0x0000149c       0x20 /tmp/cc4fkmgn.ltrans0.ltrans.o
 .rodata.FONT_7x5
                0x000014bc      0x1db /tmp/cc4fkmgn.ltrans0.ltrans.o
 *fill*         0x00001697        0x1 
 .rodata.ssd1306_init_array
                0x00001698       0x1a /tmp/cc4fkmgn.ltrans0.ltrans.o
 *(.gnu.linkonce.t.*)
                0x000016b4                        . = ALIGN (0x4)
 *fill*         0x000016b2        0x2 

.rela.dyn       0x000016b4        0x0
 .rela.text.handle_reset
                0x000016b4        0x0 /tmp/cc4fkmgn.ltrans0.ltrans.o

.fini           0x000016b4        0x0
 *(SORT_NONE(.fini))
                0x000016b4                        . = ALIGN (0x4)
                [!provide]                        PROVIDE (_etext = .)
                [!provide]                        PROVIDE (_eitcm = .)

.preinit_array  0x000016b4        0x0
                [!provide]                        PROVIDE (__preinit_array_start = .)
 *(.preinit_array)
                [!provide]                        PROVIDE (__preinit_array_end = .)

.init_array     0x000016b4        0x0
                [!provide]                        PROVIDE (__init_array_start = .)
 *(SORT_BY_INIT_PRIORITY(.init_array.*) SORT_BY_INIT_PRIORITY(.ctors.*))
 *(.init_array EXCLUDE_FILE(*crtend?.o *crtend.o *crtbegin?.o *crtbegin.o) .ctors)
                [!provide]                        PROVIDE (__init_array_end = .)

.fini_array     0x000016b4        0x0
                [!provide]                        PROVIDE (__fini_array_start = .)
 *(SORT_BY_INIT_PRIORITY(.fini_array.*) SORT_BY_INIT_PRIORITY(.dtors.*))
 *(.fini_array EXCLUDE_FILE(*crtend?.o *crtend.o *crtbegin?.o *crtbegin.o) .dtors)
                [!provide]                        PROVIDE (__fini_array_end = .)

.ctors
 *crtbegin.o(.ctors)
 *crtbegin?.o(.ctors)
 *(EXCLUDE_FILE(*crtend?.o *crtend.o) .ctors)
 *(SORT_BY_NAME(.ctors.*))
 *(.ctors)

.dtors
 *crtbegin.o(.dtors)
 *crtbegin?.o(.dtors)
 *(EXCLUDE_FILE(*crtend?.o *crtend.o) .dtors)
 *(SORT_BY_NAME(.dtors.*))
 *(.dtors)

.dalign         0x20000000        0x0 load address 0x000016b4
                0x20000000                        . = ALIGN (0x4)
                0x20000000                        PROVIDE (_data_vma = .)

.dlalign        0x000016b4        0x0
                0x000016b4                        . = ALIGN (0x4)
                0x000016b4                        PROVIDE (_data_lma = .)

.data           0x20000000       0x64 load address 0x000016b4
                0x20000000                        . = ALIGN (0x4)
                0x200003fc                        __global_pointer$ = (. + 0x3fc)
 *(.gnu.linkonce.r.*)
 *(.data .data.*)
 .data.dev_aht21
                0x20000000        0xc /tmp/cc4fkmgn.ltrans0.ltrans.o
 .data.dev_ssd1306
                0x2000000c        0xc /tmp/cc4fkmgn.ltrans0.ltrans.o
 *(.gnu.linkonce.d.*)
                0x20000018                        . = ALIGN (0x8)
 *(.sdata .sdata.*)
 .sdata.tween   0x20000018        0x4 /tmp/cc4fkmgn.ltrans0.ltrans.o
 .sdata.line.5  0x2000001c        0x4 /tmp/cc4fkmgn.ltrans0.ltrans.o
 *(.sdata2*)
 *(.gnu.linkonce.s.*)
                0x20000020                        . = ALIGN (0x8)
 *(.srodata.cst16)
 *(.srodata.cst8)
 *(.srodata.cst4)
 *(.srodata.cst2)
 *(.srodata .srodata.*)
 .srodata       0x20000020       0x44 /tmp/cc4fkmgn.ltrans0.ltrans.o
                0x20000064                        . = ALIGN (0x4)
                0x20000064                        PROVIDE (_edata = .)

.bss            0x20000064      0x4b8 load address 0x00001718
                0x20000064                        . = ALIGN (0x4)
                0x20000064                        PROVIDE (_sbss = .)
 *(.sbss*)
 .sbss.WS2812BLEDInUse
                0x20000064        0x4 /tmp/cc4fkmgn.ltrans0.ltrans.o
 .sbss.WS2812LEDPlace
                0x20000068        0x4 /tmp/cc4fkmgn.ltrans0.ltrans.o
 .sbss.WS2812LEDs
                0x2000006c        0x4 /tmp/cc4fkmgn.ltrans0.ltrans.o
 .sbss._i2c_timeout
                0x20000070        0x4 /tmp/cc4fkmgn.ltrans0.ltrans.o
 .sbss.ssd1306_buffer
                0x20000074        0x1 /tmp/cc4fkmgn.ltrans0.ltrans.o
 *fill*         0x20000075        0x3 
 .sbss.systick_millis
                0x20000078        0x4 /tmp/cc4fkmgn.ltrans0.ltrans.o
 *(.gnu.linkonce.sb.*)
 *(.bss*)
 .bss.frame_buffer
                0x2000007c      0x400 /tmp/cc4fkmgn.ltrans0.ltrans.o
 .bss.str_output
                0x2000047c       0x14 /tmp/cc4fkmgn.ltrans0.ltrans.o
 .bss.WS2812dmabuff
                0x20000490       0x60 /tmp/cc4fkmgn.ltrans0.ltrans.o
 .bss.i2c_slave_state
                0x200004f0       0x2c /tmp/cc4fkmgn.ltrans0.ltrans.o
 *(.gnu.linkonce.b.*)
 *(COMMON*)
                0x2000051c                        . = ALIGN (0x4)
                0x2000051c                        PROVIDE (_ebss = .)
                [!provide]                        PROVIDE (_end = _ebss)
                [!provide]                        PROVIDE (end = .)
                0x20000800                        PROVIDE (_eusrstack = (ORIGIN (RAM) + LENGTH (RAM)))

/DISCARD/
 *(.note .note.*)
 *(.eh_frame .eh_frame.*)
 *(.comment .comment.*)
 *(.ARM.extab* .gnu.linkonce.armextab.*)
 *(.ARM.exidx*)
OUTPUT(ch32-mess.elf elf32-littleriscv)

.riscv.attributes
                0x00000000       0x2e
 .riscv.attributes
                0x00000000       0x2e /tmp/cc4fkmgn.ltrans0.ltrans.o
 .riscv.attributes
                0x0000002e       0x1f ../ch32fun/ch32fun//../misc/libgcc.a(div.o)

.debug_info     0x00000000     0x9376
 .debug_info    0x00000000     0x20f0 /tmp/cc4fkmgn.ltrans0.ltrans.o
 .debug_info    0x000020f0     0x109e /tmp/cc9CQxzs.debug.temp.o
                0x000020f0                ch32fun.c.de574efd
 .debug_info    0x0000318e     0x55f8 /tmp/ccecZLrM.debug.temp.o
                0x0000318e                ch32_mess.c.ce32edb1
 .debug_info    0x00008786      0x444 /tmp/cc2RyVjp.debug.temp.o
                0x00008786                nrf24l01_low_level.c.43cfed78
 .debug_info    0x00008bca      0x74f /tmp/ccqdWFvu.debug.temp.o
                0x00008bca                lib_i2c.c.829168c6
 .debug_info    0x00009319       0x5d ../ch32fun/ch32fun//../misc/libgcc.a(div.o)

.debug_abbrev   0x00000000      0xcc2
 .debug_abbrev  0x00000000      0x217 /tmp/cc4fkmgn.ltrans0.ltrans.o
 .debug_abbrev  0x00000217      0x25a /tmp/cc9CQxzs.debug.temp.o
 .debug_abbrev  0x00000471      0x47f /tmp/ccecZLrM.debug.temp.o
 .debug_abbrev  0x000008f0      0x19e /tmp/cc2RyVjp.debug.temp.o
 .debug_abbrev  0x00000a8e      0x20c /tmp/ccqdWFvu.debug.temp.o
 .debug_abbrev  0x00000c9a       0x28 ../ch32fun/ch32fun//../misc/libgcc.a(div.o)

.debug_loclists
                0x00000000     0x203c
 .debug_loclists
                0x00000000     0x203c /tmp/cc4fkmgn.ltrans0.ltrans.o

.debug_aranges  0x00000000      0x1f0
 .debug_aranges
                0x00000000      0x1d0 /tmp/cc4fkmgn.ltrans0.ltrans.o
 .debug_aranges
                0x000001d0       0x20 ../ch32fun/ch32fun//../misc/libgcc.a(div.o)

.debug_rnglists
                0x00000000      0x3d7
 .debug_rnglists
                0x00000000      0x3d7 /tmp/cc4fkmgn.ltrans0.ltrans.o

.debug_line     0x00000000     0x4899
 .debug_line    0x00000000     0x44f9 /tmp/cc4fkmgn.ltrans0.ltrans.o
 .debug_line    0x000044f9       0x71 /tmp/cc9CQxzs.debug.temp.o
 .debug_line    0x0000456a      0x116 /tmp/ccecZLrM.debug.temp.o
 .debug_line    0x00004680       0x63 /tmp/cc2RyVjp.debug.temp.o
 .debug_line    0x000046e3       0x63 /tmp/ccqdWFvu.debug.temp.o
 .debug_line    0x00004746      0x153 ../ch32fun/ch32fun//../misc/libgcc.a(div.o)

.debug_str      0x00000000     0x2b1f
 .debug_str     0x00000000     0x2b1f /tmp/cc4fkmgn.ltrans0.ltrans.o
                                0x1a4 (size before relaxing)
 .debug_str     0x00002b1f      0x6c0 /tmp/cc9CQxzs.debug.temp.o
 .debug_str     0x00002b1f     0x268b /tmp/ccecZLrM.debug.temp.o
 .debug_str     0x00002b1f      0x3fe /tmp/cc2RyVjp.debug.temp.o
 .debug_str     0x00002b1f      0x4cb /tmp/ccqdWFvu.debug.temp.o
 .debug_str     0x00002b1f       0xd9 ../ch32fun/ch32fun//../misc/libgcc.a(div.o)

.debug_line_str
                0x00000000      0x3f5
 .debug_line_str
                0x00000000      0x3f5 /tmp/cc4fkmgn.ltrans0.ltrans.o
                                0x1a2 (size before relaxing)
 .debug_line_str
                0x000003f5      0x14f /tmp/cc9CQxzs.debug.temp.o
 .debug_line_str
                0x000003f5      0x2ba /tmp/ccecZLrM.debug.temp.o
 .debug_line_str
                0x000003f5      0x10f /tmp/cc2RyVjp.debug.temp.o
 .debug_line_str
                0x000003f5      0x124 /tmp/ccqdWFvu.debug.temp.o
 .debug_line_str
                0x000003f5       0x92 ../ch32fun/ch32fun//../misc/libgcc.a(div.o)

.debug_frame    0x00000000      0x660
 .debug_frame   0x00000000      0x660 /tmp/cc4fkmgn.ltrans0.ltrans.o
