Archive member included to satisfy reference by file (symbol)

../ch32fun/ch32fun//../misc\libgcc.a(muldi3.o)
                              C:\Users\uni\AppData\Local\Temp\ch32-mess.elf.5YUdMn.ltrans0.ltrans.o (__mulsi3)
../ch32fun/ch32fun//../misc\libgcc.a(div.o)
                              C:\Users\uni\AppData\Local\Temp\ch32-mess.elf.5YUdMn.ltrans0.ltrans.o (__divsi3)

Discarded input sections

 .text          0x0000000000000000        0x0 C:\Users\uni\AppData\Local\Temp\ch32-mess.elf.5YUdMn.ltrans0.ltrans.o
 .data          0x0000000000000000        0x0 C:\Users\uni\AppData\Local\Temp\ch32-mess.elf.5YUdMn.ltrans0.ltrans.o
 .bss           0x0000000000000000        0x0 C:\Users\uni\AppData\Local\Temp\ch32-mess.elf.5YUdMn.ltrans0.ltrans.o
 .text.vprintf  0x0000000000000000       0x16 C:\Users\uni\AppData\Local\Temp\ch32-mess.elf.5YUdMn.ltrans0.ltrans.o
 .text.snprintf
                0x0000000000000000       0x1c C:\Users\uni\AppData\Local\Temp\ch32-mess.elf.5YUdMn.ltrans0.ltrans.o
 .text.strncpy  0x0000000000000000       0x1c C:\Users\uni\AppData\Local\Temp\ch32-mess.elf.5YUdMn.ltrans0.ltrans.o
 .text.strcmp   0x0000000000000000       0x1a C:\Users\uni\AppData\Local\Temp\ch32-mess.elf.5YUdMn.ltrans0.ltrans.o
 .text.strncmp  0x0000000000000000       0x2e C:\Users\uni\AppData\Local\Temp\ch32-mess.elf.5YUdMn.ltrans0.ltrans.o
 .text.strchr   0x0000000000000000       0x16 C:\Users\uni\AppData\Local\Temp\ch32-mess.elf.5YUdMn.ltrans0.ltrans.o
 .text.strrchr  0x0000000000000000       0x3c C:\Users\uni\AppData\Local\Temp\ch32-mess.elf.5YUdMn.ltrans0.ltrans.o
 .text.memcmp   0x0000000000000000       0x26 C:\Users\uni\AppData\Local\Temp\ch32-mess.elf.5YUdMn.ltrans0.ltrans.o
 .text.memmove  0x0000000000000000       0x5e C:\Users\uni\AppData\Local\Temp\ch32-mess.elf.5YUdMn.ltrans0.ltrans.o
 .text.memchr   0x0000000000000000       0x1c C:\Users\uni\AppData\Local\Temp\ch32-mess.elf.5YUdMn.ltrans0.ltrans.o
 .text.strnlen  0x0000000000000000       0x2a C:\Users\uni\AppData\Local\Temp\ch32-mess.elf.5YUdMn.ltrans0.ltrans.o
 .text.twoway_strstr
                0x0000000000000000      0x236 C:\Users\uni\AppData\Local\Temp\ch32-mess.elf.5YUdMn.ltrans0.ltrans.o
 .text.strstr   0x0000000000000000      0x140 C:\Users\uni\AppData\Local\Temp\ch32-mess.elf.5YUdMn.ltrans0.ltrans.o
 .text.EHSVtoHEX
                0x0000000000000000      0x1e0 C:\Users\uni\AppData\Local\Temp\ch32-mess.elf.5YUdMn.ltrans0.ltrans.o
 .data.ADCPrescTable.lto_priv.0
                0x0000000000000000       0x14 C:\Users\uni\AppData\Local\Temp\ch32-mess.elf.5YUdMn.ltrans0.ltrans.o
 .data.ADCPrescTable.lto_priv.1
                0x0000000000000000       0x14 C:\Users\uni\AppData\Local\Temp\ch32-mess.elf.5YUdMn.ltrans0.ltrans.o
 .data.ADCPrescTable.lto_priv.2
                0x0000000000000000       0x14 C:\Users\uni\AppData\Local\Temp\ch32-mess.elf.5YUdMn.ltrans0.ltrans.o
 .data.ADCPrescTable.lto_priv.3
                0x0000000000000000       0x14 C:\Users\uni\AppData\Local\Temp\ch32-mess.elf.5YUdMn.ltrans0.ltrans.o
 .data.APBAHBPrescTable.lto_priv.0
                0x0000000000000000       0x10 C:\Users\uni\AppData\Local\Temp\ch32-mess.elf.5YUdMn.ltrans0.ltrans.o
 .data.APBAHBPrescTable.lto_priv.1
                0x0000000000000000       0x10 C:\Users\uni\AppData\Local\Temp\ch32-mess.elf.5YUdMn.ltrans0.ltrans.o
 .data.APBAHBPrescTable.lto_priv.2
                0x0000000000000000       0x10 C:\Users\uni\AppData\Local\Temp\ch32-mess.elf.5YUdMn.ltrans0.ltrans.o
 .data.APBAHBPrescTable.lto_priv.3
                0x0000000000000000       0x10 C:\Users\uni\AppData\Local\Temp\ch32-mess.elf.5YUdMn.ltrans0.ltrans.o
 .data.i2c_registers
                0x0000000000000000       0x20 C:\Users\uni\AppData\Local\Temp\ch32-mess.elf.5YUdMn.ltrans0.ltrans.o
 .sbss.adc_buffer
                0x0000000000000000        0x4 C:\Users\uni\AppData\Local\Temp\ch32-mess.elf.5YUdMn.ltrans0.ltrans.o
 .sbss.bDMA     0x0000000000000000        0x4 C:\Users\uni\AppData\Local\Temp\ch32-mess.elf.5YUdMn.ltrans0.ltrans.o
 .comment       0x0000000000000000       0x13 C:\Users\uni\AppData\Local\Temp\ch32-mess.elf.5YUdMn.ltrans0.ltrans.o
 .comment       0x0000000000000000       0x13 C:\Users\uni\AppData\Local\Temp\ccDf59xT.debug.temp.o
 .comment       0x0000000000000000       0x13 C:\Users\uni\AppData\Local\Temp\ccOqZeqb.debug.temp.o
 .comment       0x0000000000000000       0x13 C:\Users\uni\AppData\Local\Temp\ccJzcg4s.debug.temp.o
 .debug_info    0x0000000000000000      0x56f C:\Users\uni\AppData\Local\Temp\ccsYAVMK.debug.temp.o
 .debug_abbrev  0x0000000000000000      0x13d C:\Users\uni\AppData\Local\Temp\ccsYAVMK.debug.temp.o
 .debug_line    0x0000000000000000       0xb9 C:\Users\uni\AppData\Local\Temp\ccsYAVMK.debug.temp.o
 .debug_str     0x0000000000000000      0x637 C:\Users\uni\AppData\Local\Temp\ccsYAVMK.debug.temp.o
 .comment       0x0000000000000000       0x13 C:\Users\uni\AppData\Local\Temp\ccsYAVMK.debug.temp.o
 .comment       0x0000000000000000       0x13 C:\Users\uni\AppData\Local\Temp\ccJGqQQ2.debug.temp.o
 .text          0x0000000000000000       0x18 ../ch32fun/ch32fun//../misc\libgcc.a(muldi3.o)
 .data          0x0000000000000000        0x0 ../ch32fun/ch32fun//../misc\libgcc.a(muldi3.o)
 .bss           0x0000000000000000        0x0 ../ch32fun/ch32fun//../misc\libgcc.a(muldi3.o)
 .debug_line    0x0000000000000000       0x7a ../ch32fun/ch32fun//../misc\libgcc.a(muldi3.o)
 .debug_line_str
                0x0000000000000000       0x95 ../ch32fun/ch32fun//../misc\libgcc.a(muldi3.o)
 .debug_info    0x0000000000000000       0x31 ../ch32fun/ch32fun//../misc\libgcc.a(muldi3.o)
 .debug_abbrev  0x0000000000000000       0x28 ../ch32fun/ch32fun//../misc\libgcc.a(muldi3.o)
 .debug_aranges
                0x0000000000000000       0x20 ../ch32fun/ch32fun//../misc\libgcc.a(muldi3.o)
 .debug_str     0x0000000000000000       0xac ../ch32fun/ch32fun//../misc\libgcc.a(muldi3.o)
 .riscv.attributes
                0x0000000000000000       0x1f ../ch32fun/ch32fun//../misc\libgcc.a(muldi3.o)
 .data          0x0000000000000000        0x0 ../ch32fun/ch32fun//../misc\libgcc.a(div.o)
 .bss           0x0000000000000000        0x0 ../ch32fun/ch32fun//../misc\libgcc.a(div.o)

Memory Configuration

Name             Origin             Length             Attributes
FLASH            0x0000000000000000 0x0000000000004000 xr
RAM              0x0000000020000000 0x0000000000000800 xrw
*default*        0x0000000000000000 0xffffffffffffffff

Linker script and memory map

LOAD C:\Users\uni\AppData\Local\Temp\ccIwgMdo.o
LOAD C:\Users\uni\AppData\Local\Temp\ch32-mess.elf.5YUdMn.ltrans0.ltrans.o
LOAD C:\Users\uni\AppData\Local\Temp\ccDf59xT.debug.temp.o
LOAD C:\Users\uni\AppData\Local\Temp\ccOqZeqb.debug.temp.o
LOAD C:\Users\uni\AppData\Local\Temp\ccJzcg4s.debug.temp.o
LOAD C:\Users\uni\AppData\Local\Temp\ccsYAVMK.debug.temp.o
LOAD C:\Users\uni\AppData\Local\Temp\ccJGqQQ2.debug.temp.o
LOAD C:\Users\uni\AppData\Local\Temp\cc5a1Dlh.o
LOAD C:\Users\uni\AppData\Local\Temp\ccjWdvC7.o
LOAD C:\Users\uni\AppData\Local\Temp\ccJXhTt6.o
LOAD C:\Users\uni\AppData\Local\Temp\cccEiTWb.o
LOAD ../ch32fun/ch32fun//../misc\libgcc.a
LOAD ../ch32fun/ch32fun//../misc\libgcc.a

.init           0x0000000000000000       0xa0
                0x0000000000000000                _sinit = .
                0x0000000000000000                . = ALIGN (0x4)
 *(SORT_NONE(.init))
 .init          0x0000000000000000       0x9e C:\Users\uni\AppData\Local\Temp\ch32-mess.elf.5YUdMn.ltrans0.ltrans.o
                0x0000000000000000                InterruptVector
                0x00000000000000a0                . = ALIGN (0x4)
 *fill*         0x000000000000009e        0x2 
                0x00000000000000a0                _einit = .

.text           0x00000000000000a0     0x22a4
                0x00000000000000a0                . = ALIGN (0x4)
 *(.text)
 .text          0x00000000000000a0       0x7e ../ch32fun/ch32fun//../misc\libgcc.a(div.o)
                0x00000000000000a0                __divsi3
                0x00000000000000a8                __udivsi3
                0x00000000000000a8                __hidden___udivsi3
                0x00000000000000d4                __umodsi3
                0x00000000000000f8                __modsi3
 *(.text.*)
 .text.mini_pad
                0x000000000000011e       0x9c C:\Users\uni\AppData\Local\Temp\ch32-mess.elf.5YUdMn.ltrans0.ltrans.o
 .text._puts    0x00000000000001ba       0x42 C:\Users\uni\AppData\Local\Temp\ch32-mess.elf.5YUdMn.ltrans0.ltrans.o
 .text.PrintHex
                0x00000000000001fc       0x58 C:\Users\uni\AppData\Local\Temp\ch32-mess.elf.5YUdMn.ltrans0.ltrans.o
 .text.mini_itoa.part.0
                0x0000000000000254       0xbe C:\Users\uni\AppData\Local\Temp\ch32-mess.elf.5YUdMn.ltrans0.ltrans.o
 .text.prefill_pixel
                0x0000000000000312       0x3c C:\Users\uni\AppData\Local\Temp\ch32-mess.elf.5YUdMn.ltrans0.ltrans.o
 .text.prefill_fastHorLine
                0x000000000000034e       0x5c C:\Users\uni\AppData\Local\Temp\ch32-mess.elf.5YUdMn.ltrans0.ltrans.o
 .text.i2c_error
                0x00000000000003aa       0x92 C:\Users\uni\AppData\Local\Temp\ch32-mess.elf.5YUdMn.ltrans0.ltrans.o
 .text.i2c_ping
                0x000000000000043c       0xde C:\Users\uni\AppData\Local\Temp\ch32-mess.elf.5YUdMn.ltrans0.ltrans.o
 .text.prefill_line.constprop.0
                0x000000000000051a      0x12e C:\Users\uni\AppData\Local\Temp\ch32-mess.elf.5YUdMn.ltrans0.ltrans.o
 .text.prefill_poly.part.0.constprop.0
                0x0000000000000648       0x78 C:\Users\uni\AppData\Local\Temp\ch32-mess.elf.5YUdMn.ltrans0.ltrans.o
 .text.prefill_verLine.constprop.0
                0x00000000000006c0       0xb0 C:\Users\uni\AppData\Local\Temp\ch32-mess.elf.5YUdMn.ltrans0.ltrans.o
 .text.prefill_horLine.constprop.0
                0x0000000000000770       0x78 C:\Users\uni\AppData\Local\Temp\ch32-mess.elf.5YUdMn.ltrans0.ltrans.o
 .text.internal_handle_input.constprop.0
                0x00000000000007e8        0xa C:\Users\uni\AppData\Local\Temp\ch32-mess.elf.5YUdMn.ltrans0.ltrans.o
 .text._write.constprop.0
                0x00000000000007f2       0xf4 C:\Users\uni\AppData\Local\Temp\ch32-mess.elf.5YUdMn.ltrans0.ltrans.o
 .text.__puts_uart
                0x00000000000008e6       0x14 C:\Users\uni\AppData\Local\Temp\ch32-mess.elf.5YUdMn.ltrans0.ltrans.o
 .text.prefill_solid_poly
                0x00000000000008fa      0x22a C:\Users\uni\AppData\Local\Temp\ch32-mess.elf.5YUdMn.ltrans0.ltrans.o
 .text.handle_reset
                0x0000000000000b24       0x76 C:\Users\uni\AppData\Local\Temp\ch32-mess.elf.5YUdMn.ltrans0.ltrans.o
                0x0000000000000b24                handle_reset
 .text.vector_handler
                0x0000000000000b9a       0x66 C:\Users\uni\AppData\Local\Temp\ch32-mess.elf.5YUdMn.ltrans0.ltrans.o
                0x0000000000000b9a                EXTI2_IRQHandler
                0x0000000000000b9a                TIM8_TRG_COM_IRQHandler
                0x0000000000000b9a                TIM8_CC_IRQHandler
                0x0000000000000b9a                UART8_IRQHandler
                0x0000000000000b9a                NFC_IRQHandler
                0x0000000000000b9a                TIM1_CC_IRQHandler
                0x0000000000000b9a                HardFault_Handler
                0x0000000000000b9a                GPIOB_IRQHandler
                0x0000000000000b9a                USBPD_IRQHandler
                0x0000000000000b9a                TIM6_IRQHandler
                0x0000000000000b9a                GPIOA_IRQHandler
                0x0000000000000b9a                PVD_IRQHandler
                0x0000000000000b9a                SDIO_IRQHandler
                0x0000000000000b9a                TIM9_BRK_IRQHandler
                0x0000000000000b9a                DMA2_Channel8_IRQHandler
                0x0000000000000b9a                USBWakeUp_IRQHandler
                0x0000000000000b9a                CAN2_RX1_IRQHandler
                0x0000000000000b9a                EXTI3_IRQHandler
                0x0000000000000b9a                UART1_IRQHandler
                0x0000000000000b9a                USBHS_IRQHandler
                0x0000000000000b9a                DMA2_Channel9_IRQHandler
                0x0000000000000b9a                TIM10_CC_IRQHandler
                0x0000000000000b9a                EXTI25_16_IRQHandler
                0x0000000000000b9a                USBFS_IRQHandler
                0x0000000000000b9a                UART0_IRQHandler
                0x0000000000000b9a                EXTI0_IRQHandler
                0x0000000000000b9a                I2C2_EV_IRQHandler
                0x0000000000000b9a                TIM10_TRG_COM_IRQHandler
                0x0000000000000b9a                CAN2_SCE_IRQHandler
                0x0000000000000b9a                ADC1_2_IRQHandler
                0x0000000000000b9a                BB_IRQHandler
                0x0000000000000b9a                Break_Point_Handler
                0x0000000000000b9a                TIM2_CC_IRQHandler
                0x0000000000000b9a                SPI1_IRQHandler
                0x0000000000000b9a                TAMPER_IRQHandler
                0x0000000000000b9a                TMR0_IRQHandler
                0x0000000000000b9a                AWU_IRQHandler
                0x0000000000000b9a                EXTI7_0_IRQHandler
                0x0000000000000b9a                CAN2_RX0_IRQHandler
                0x0000000000000b9a                OSCWakeUp_IRQHandler
                0x0000000000000b9a                TIM8_UP_IRQHandler
                0x0000000000000b9a                Ecall_M_Mode_Handler
                0x0000000000000b9a                DMA2_Channel2_IRQHandler
                0x0000000000000b9a                ADC1_IRQHandler
                0x0000000000000b9a                TIM2_BRK_IRQHandler
                0x0000000000000b9a                TIM9_UP_IRQHandler
                0x0000000000000b9a                USART3_IRQHandler
                0x0000000000000b9a                RTC_IRQHandler
                0x0000000000000b9a                DMA1_Channel7_IRQHandler
                0x0000000000000b9a                LED_IRQHandler
                0x0000000000000b9a                CAN1_RX1_IRQHandler
                0x0000000000000b9a                DVP_IRQHandler
                0x0000000000000b9a                UART5_IRQHandler
                0x0000000000000b9a                EXTI15_8_IRQHandler
                0x0000000000000b9a                TIM4_IRQHandler
                0x0000000000000b9a                DMA2_Channel1_IRQHandler
                0x0000000000000b9a                USBPD_WKUP_IRQHandler
                0x0000000000000b9a                UART2_IRQHandler
                0x0000000000000b9a                USART4_IRQHandler
                0x0000000000000b9a                PWMX_IRQHandler
                0x0000000000000b9a                DMA1_Channel6_IRQHandler
                0x0000000000000b9a                UART4_IRQHandler
                0x0000000000000b9a                DMA2_Channel4_IRQHandler
                0x0000000000000b9a                TIM3_IRQHandler
                0x0000000000000b9a                RCC_IRQHandler
                0x0000000000000b9a                TIM1_TRG_COM_IRQHandler
                0x0000000000000b9a                DMA1_Channel1_IRQHandler
                0x0000000000000b9a                DMA2_Channel7_IRQHandler
                0x0000000000000b9a                EXTI15_10_IRQHandler
                0x0000000000000b9a                ADC_IRQHandler
                0x0000000000000b9a                DMA1_Channel8_IRQHandler
                0x0000000000000b9a                TMR2_IRQHandler
                0x0000000000000b9a                DefaultIRQHandler
                0x0000000000000b9a                TIM7_IRQHandler
                0x0000000000000b9a                CAN2_TX_IRQHandler
                0x0000000000000b9a                TIM5_IRQHandler
                0x0000000000000b9a                TMR1_IRQHandler
                0x0000000000000b9a                USB_IRQHandler
                0x0000000000000b9a                EXTI9_5_IRQHandler
                0x0000000000000b9a                PIOC_IRQHandler
                0x0000000000000b9a                SPI2_IRQHandler
                0x0000000000000b9a                OSC32KCal_IRQHandler
                0x0000000000000b9a                I2C_IRQHandler
                0x0000000000000b9a                TIM10_BRK_IRQHandler
                0x0000000000000b9a                TIM9_CC_IRQHandler
                0x0000000000000b9a                DMA2_Channel5_IRQHandler
                0x0000000000000b9a                USB2_IRQHandler
                0x0000000000000b9a                USBHSWakeUp_IRQHandler
                0x0000000000000b9a                DMA1_Channel5_IRQHandler
                0x0000000000000b9a                EXTI4_IRQHandler
                0x0000000000000b9a                USB_LP_CAN1_RX0_IRQHandler
                0x0000000000000b9a                RNG_IRQHandler
                0x0000000000000b9a                USB_HP_CAN1_TX_IRQHandler
                0x0000000000000b9a                LLE_IRQHandler
                0x0000000000000b9a                FSMC_IRQHandler
                0x0000000000000b9a                ETH_IRQHandler
                0x0000000000000b9a                TIM1_UP_IRQHandler
                0x0000000000000b9a                WWDG_IRQHandler
                0x0000000000000b9a                DMA2_Channel11_IRQHandler
                0x0000000000000b9a                WDOG_BAT_IRQHandler
                0x0000000000000b9a                Ecall_U_Mode_Handler
                0x0000000000000b9a                TMR3_IRQHandler
                0x0000000000000b9a                DMA2_Channel6_IRQHandler
                0x0000000000000b9a                TIM2_IRQHandler
                0x0000000000000b9a                SW_Handler
                0x0000000000000b9a                TIM1_BRK_IRQHandler
                0x0000000000000b9a                OPA_IRQHandler
                0x0000000000000b9a                DMA2_Channel10_IRQHandler
                0x0000000000000b9a                EXTI1_IRQHandler
                0x0000000000000b9a                SPI0_IRQHandler
                0x0000000000000b9a                USB2_HOST_IRQHandler
                0x0000000000000b9a                RTCAlarm_IRQHandler
                0x0000000000000b9a                TIM10_UP_IRQHandler
                0x0000000000000b9a                TIM9_TRG_COM_IRQHandler
                0x0000000000000b9a                UART7_IRQHandler
                0x0000000000000b9a                USART2_IRQHandler
                0x0000000000000b9a                UART6_IRQHandler
                0x0000000000000b9a                ETHWakeUp_IRQHandler
                0x0000000000000b9a                I2C2_ER_IRQHandler
                0x0000000000000b9a                DMA1_Channel2_IRQHandler
                0x0000000000000b9a                TIM8_BRK_IRQHandler
                0x0000000000000b9a                TIM2_TRG_IRQHandler
                0x0000000000000b9a                CAN1_SCE_IRQHandler
                0x0000000000000b9a                FLASH_IRQHandler
                0x0000000000000b9a                USBFSWakeUp_IRQHandler
                0x0000000000000b9a                USART1_IRQHandler
                0x0000000000000b9a                OTG_FS_IRQHandler
                0x0000000000000b9a                SPI3_IRQHandler
                0x0000000000000b9a                USBFS_WakeUp_IRQHandler
                0x0000000000000b9a                UART3_IRQHandler
                0x0000000000000b9a                USB2_DEVICE_IRQHandler
                0x0000000000000b9a                DMA2_Channel3_IRQHandler
                0x0000000000000bf2                NMI_Handler
                0x0000000000000bf2                NMI_RCC_CSS_IRQHandler
 .text.strlen   0x0000000000000c00       0x12 C:\Users\uni\AppData\Local\Temp\ch32-mess.elf.5YUdMn.ltrans0.ltrans.o
                0x0000000000000c00                strlen
 .text.mini_vpprintf
                0x0000000000000c12      0x1b4 C:\Users\uni\AppData\Local\Temp\ch32-mess.elf.5YUdMn.ltrans0.ltrans.o
 .text.printf   0x0000000000000dc6       0x28 C:\Users\uni\AppData\Local\Temp\ch32-mess.elf.5YUdMn.ltrans0.ltrans.o
                0x0000000000000dc6                printf
 .text.ssd1306_i2c_error
                0x0000000000000dee       0x7c C:\Users\uni\AppData\Local\Temp\ch32-mess.elf.5YUdMn.ltrans0.ltrans.o
 .text.ssd1306_i2c_send.constprop.0
                0x0000000000000e6a      0x118 C:\Users\uni\AppData\Local\Temp\ch32-mess.elf.5YUdMn.ltrans0.ltrans.o
 .text.ssd1306_cmd
                0x0000000000000f82       0x18 C:\Users\uni\AppData\Local\Temp\ch32-mess.elf.5YUdMn.ltrans0.ltrans.o
 .text.mini_vsnprintf
                0x0000000000000f9a       0x30 C:\Users\uni\AppData\Local\Temp\ch32-mess.elf.5YUdMn.ltrans0.ltrans.o
 .text.sprintf  0x0000000000000fca       0x22 C:\Users\uni\AppData\Local\Temp\ch32-mess.elf.5YUdMn.ltrans0.ltrans.o
                0x0000000000000fca                sprintf
 .text.memset   0x0000000000000fec       0x12 C:\Users\uni\AppData\Local\Temp\ch32-mess.elf.5YUdMn.ltrans0.ltrans.o
                0x0000000000000fec                memset
 .text.strcpy   0x0000000000000ffe       0x14 C:\Users\uni\AppData\Local\Temp\ch32-mess.elf.5YUdMn.ltrans0.ltrans.o
                0x0000000000000ffe                strcpy
 .text.memcpy   0x0000000000001012       0x1c C:\Users\uni\AppData\Local\Temp\ch32-mess.elf.5YUdMn.ltrans0.ltrans.o
                0x0000000000001012                memcpy
 .text.ssd1306_data.isra.0
                0x000000000000102e       0x2a C:\Users\uni\AppData\Local\Temp\ch32-mess.elf.5YUdMn.ltrans0.ltrans.o
 .text.ssd1306_renderFrame
                0x0000000000001058       0x6a C:\Users\uni\AppData\Local\Temp\ch32-mess.elf.5YUdMn.ltrans0.ltrans.o
 .text.ssd1306_print_str_at.constprop.0
                0x00000000000010c2       0x68 C:\Users\uni\AppData\Local\Temp\ch32-mess.elf.5YUdMn.ltrans0.ltrans.o
 .text.puts     0x000000000000112a       0x30 C:\Users\uni\AppData\Local\Temp\ch32-mess.elf.5YUdMn.ltrans0.ltrans.o
                0x000000000000112a                puts
 .text.putchar  0x000000000000115a       0x6e C:\Users\uni\AppData\Local\Temp\ch32-mess.elf.5YUdMn.ltrans0.ltrans.o
                0x000000000000115a                putchar
 .text.i2c_scan_callback
                0x00000000000011c8       0x6a C:\Users\uni\AppData\Local\Temp\ch32-mess.elf.5YUdMn.ltrans0.ltrans.o
 .text.SystemInit
                0x0000000000001232       0x58 C:\Users\uni\AppData\Local\Temp\ch32-mess.elf.5YUdMn.ltrans0.ltrans.o
                0x0000000000001232                SystemInit
 .text.startup.main
                0x000000000000128a      0x89e C:\Users\uni\AppData\Local\Temp\ch32-mess.elf.5YUdMn.ltrans0.ltrans.o
                0x000000000000128a                main
 .text.SysTick_Handler
                0x0000000000001b28       0x32 C:\Users\uni\AppData\Local\Temp\ch32-mess.elf.5YUdMn.ltrans0.ltrans.o
 .text.I2C1_EV_IRQHandler
                0x0000000000001b5a      0x1a0 C:\Users\uni\AppData\Local\Temp\ch32-mess.elf.5YUdMn.ltrans0.ltrans.o
 .text.I2C1_ER_IRQHandler
                0x0000000000001cfa       0x7c C:\Users\uni\AppData\Local\Temp\ch32-mess.elf.5YUdMn.ltrans0.ltrans.o
 .text.TweenHexColors
                0x0000000000001d76       0xdc C:\Users\uni\AppData\Local\Temp\ch32-mess.elf.5YUdMn.ltrans0.ltrans.o
 .text.WS2812FillBuffSec.constprop.0
                0x0000000000001e52      0x122 C:\Users\uni\AppData\Local\Temp\ch32-mess.elf.5YUdMn.ltrans0.ltrans.o
 .text.DMA1_Channel3_IRQHandler
                0x0000000000001f74       0x7a C:\Users\uni\AppData\Local\Temp\ch32-mess.elf.5YUdMn.ltrans0.ltrans.o
 *(.rodata)
 *fill*         0x0000000000001fee        0x2 
 .rodata        0x0000000000001ff0       0x14 C:\Users\uni\AppData\Local\Temp\ch32-mess.elf.5YUdMn.ltrans0.ltrans.o
 *(.rodata*)
 .rodata.ssd1306_i2c_error.str1.4
                0x0000000000002004       0x2d C:\Users\uni\AppData\Local\Temp\ch32-mess.elf.5YUdMn.ltrans0.ltrans.o
 *fill*         0x0000000000002031        0x3 
 .rodata.puts.str1.4
                0x0000000000002034        0x2 C:\Users\uni\AppData\Local\Temp\ch32-mess.elf.5YUdMn.ltrans0.ltrans.o
 *fill*         0x0000000000002036        0x2 
 .rodata.i2c_scan_callback.str1.4
                0x0000000000002038        0xc C:\Users\uni\AppData\Local\Temp\ch32-mess.elf.5YUdMn.ltrans0.ltrans.o
 .rodata.main.str1.4
                0x0000000000002044       0x7c C:\Users\uni\AppData\Local\Temp\ch32-mess.elf.5YUdMn.ltrans0.ltrans.o
 .rodata.str1.4
                0x00000000000020c0       0x46 C:\Users\uni\AppData\Local\Temp\ch32-mess.elf.5YUdMn.ltrans0.ltrans.o
 *fill*         0x0000000000002106        0x2 
 .rodata.FONT_7x5
                0x0000000000002108      0x1db C:\Users\uni\AppData\Local\Temp\ch32-mess.elf.5YUdMn.ltrans0.ltrans.o
 *fill*         0x00000000000022e3        0x1 
 .rodata.bitquartets.8
                0x00000000000022e4       0x20 C:\Users\uni\AppData\Local\Temp\ch32-mess.elf.5YUdMn.ltrans0.ltrans.o
 .rodata.errstr
                0x0000000000002304       0x14 C:\Users\uni\AppData\Local\Temp\ch32-mess.elf.5YUdMn.ltrans0.ltrans.o
 .rodata.myvalues
                0x0000000000002318       0x10 C:\Users\uni\AppData\Local\Temp\ch32-mess.elf.5YUdMn.ltrans0.ltrans.o
 .rodata.ssd1306_init_array
                0x0000000000002328       0x1a C:\Users\uni\AppData\Local\Temp\ch32-mess.elf.5YUdMn.ltrans0.ltrans.o
 *(.gnu.linkonce.t.*)
                0x0000000000002344                . = ALIGN (0x4)
 *fill*         0x0000000000002342        0x2 

.rela.dyn       0x0000000000002344        0x0
 .rela.text.mini_pad
                0x0000000000002344        0x0 C:\Users\uni\AppData\Local\Temp\ch32-mess.elf.5YUdMn.ltrans0.ltrans.o
 .rela.text._write.constprop.0
                0x0000000000002344        0x0 C:\Users\uni\AppData\Local\Temp\ch32-mess.elf.5YUdMn.ltrans0.ltrans.o
 .rela.text.handle_reset
                0x0000000000002344        0x0 C:\Users\uni\AppData\Local\Temp\ch32-mess.elf.5YUdMn.ltrans0.ltrans.o
 .rela.text.mini_vpprintf
                0x0000000000002344        0x0 C:\Users\uni\AppData\Local\Temp\ch32-mess.elf.5YUdMn.ltrans0.ltrans.o
 .rela.text.ssd1306_i2c_error
                0x0000000000002344        0x0 C:\Users\uni\AppData\Local\Temp\ch32-mess.elf.5YUdMn.ltrans0.ltrans.o
 .rela.text.ssd1306_data.isra.0
                0x0000000000002344        0x0 C:\Users\uni\AppData\Local\Temp\ch32-mess.elf.5YUdMn.ltrans0.ltrans.o
 .rela.text.puts
                0x0000000000002344        0x0 C:\Users\uni\AppData\Local\Temp\ch32-mess.elf.5YUdMn.ltrans0.ltrans.o
 .rela.text.i2c_scan_callback
                0x0000000000002344        0x0 C:\Users\uni\AppData\Local\Temp\ch32-mess.elf.5YUdMn.ltrans0.ltrans.o
 .rela.text.startup.main
                0x0000000000002344        0x0 C:\Users\uni\AppData\Local\Temp\ch32-mess.elf.5YUdMn.ltrans0.ltrans.o
 .rela.text.WS2812FillBuffSec.constprop.0
                0x0000000000002344        0x0 C:\Users\uni\AppData\Local\Temp\ch32-mess.elf.5YUdMn.ltrans0.ltrans.o

.fini           0x0000000000002344        0x0
 *(SORT_NONE(.fini))
                0x0000000000002344                . = ALIGN (0x4)
                [!provide]                        PROVIDE (_etext = .)
                [!provide]                        PROVIDE (_eitcm = .)

.preinit_array  0x0000000000002344        0x0
                [!provide]                        PROVIDE (__preinit_array_start = .)
 *(.preinit_array)
                [!provide]                        PROVIDE (__preinit_array_end = .)

.init_array     0x0000000000002344        0x0
                [!provide]                        PROVIDE (__init_array_start = .)
 *(SORT_BY_INIT_PRIORITY(.init_array.*) SORT_BY_INIT_PRIORITY(.ctors.*))
 *(.init_array EXCLUDE_FILE(*crtend?.o *crtend.o *crtbegin?.o *crtbegin.o) .ctors)
                [!provide]                        PROVIDE (__init_array_end = .)

.fini_array     0x0000000000002344        0x0
                [!provide]                        PROVIDE (__fini_array_start = .)
 *(SORT_BY_INIT_PRIORITY(.fini_array.*) SORT_BY_INIT_PRIORITY(.dtors.*))
 *(.fini_array EXCLUDE_FILE(*crtend?.o *crtend.o *crtbegin?.o *crtbegin.o) .dtors)
                [!provide]                        PROVIDE (__fini_array_end = .)

.ctors
 *crtbegin.o(.ctors)
 *crtbegin?.o(.ctors)
 *(EXCLUDE_FILE(*crtend?.o *crtend.o) .ctors)
 *(SORT_BY_NAME(.ctors.*))
 *(.ctors)

.dtors
 *crtbegin.o(.dtors)
 *crtbegin?.o(.dtors)
 *(EXCLUDE_FILE(*crtend?.o *crtend.o) .dtors)
 *(SORT_BY_NAME(.dtors.*))
 *(.dtors)

.dalign         0x0000000020000000        0x0 load address 0x0000000000002344
                0x0000000020000000                . = ALIGN (0x4)
                0x0000000020000000                PROVIDE (_data_vma = .)

.dlalign        0x0000000000002344        0x0
                0x0000000000002344                . = ALIGN (0x4)
                0x0000000000002344                PROVIDE (_data_lma = .)

.data           0x0000000020000000       0x6c load address 0x0000000000002344
                0x0000000020000000                . = ALIGN (0x4)
                0x00000000200003fc                __global_pointer$ = (. + 0x3fc)
 *(.gnu.linkonce.r.*)
 *(.data .data.*)
 .data.dev_aht21
                0x0000000020000000        0xc C:\Users\uni\AppData\Local\Temp\ch32-mess.elf.5YUdMn.ltrans0.ltrans.o
 *(.gnu.linkonce.d.*)
                0x0000000020000010                . = ALIGN (0x8)
 *fill*         0x000000002000000c        0x4 
 *(.sdata .sdata.*)
 .sdata.hourglass.5
                0x0000000020000010        0x8 C:\Users\uni\AppData\Local\Temp\ch32-mess.elf.5YUdMn.ltrans0.ltrans.o
 .sdata.line.7  0x0000000020000018        0x4 C:\Users\uni\AppData\Local\Temp\ch32-mess.elf.5YUdMn.ltrans0.ltrans.o
 .sdata.quad_t.6
                0x000000002000001c        0x8 C:\Users\uni\AppData\Local\Temp\ch32-mess.elf.5YUdMn.ltrans0.ltrans.o
 .sdata.tween   0x0000000020000024        0x4 C:\Users\uni\AppData\Local\Temp\ch32-mess.elf.5YUdMn.ltrans0.ltrans.o
 *(.sdata2*)
 *(.gnu.linkonce.s.*)
                0x0000000020000028                . = ALIGN (0x8)
 *(.srodata.cst16)
 *(.srodata.cst8)
 *(.srodata.cst4)
 *(.srodata.cst2)
 *(.srodata .srodata.*)
 .srodata       0x0000000020000028       0x44 C:\Users\uni\AppData\Local\Temp\ch32-mess.elf.5YUdMn.ltrans0.ltrans.o
                0x000000002000006c                . = ALIGN (0x4)
                0x000000002000006c                PROVIDE (_edata = .)

.bss            0x000000002000006c      0x538 load address 0x00000000000023b0
                0x000000002000006c                . = ALIGN (0x4)
                0x000000002000006c                PROVIDE (_sbss = .)
 *(.sbss*)
 .sbss.WS2812BLEDInUse
                0x000000002000006c        0x4 C:\Users\uni\AppData\Local\Temp\ch32-mess.elf.5YUdMn.ltrans0.ltrans.o
 .sbss.WS2812LEDPlace
                0x0000000020000070        0x4 C:\Users\uni\AppData\Local\Temp\ch32-mess.elf.5YUdMn.ltrans0.ltrans.o
 .sbss.WS2812LEDs
                0x0000000020000074        0x4 C:\Users\uni\AppData\Local\Temp\ch32-mess.elf.5YUdMn.ltrans0.ltrans.o
 .sbss._i2c_timeout
                0x0000000020000078        0x4 C:\Users\uni\AppData\Local\Temp\ch32-mess.elf.5YUdMn.ltrans0.ltrans.o
 .sbss.ssd1306_buffer
                0x000000002000007c        0x1 C:\Users\uni\AppData\Local\Temp\ch32-mess.elf.5YUdMn.ltrans0.ltrans.o
 *fill*         0x000000002000007d        0x3 
 .sbss.systick_millis
                0x0000000020000080        0x4 C:\Users\uni\AppData\Local\Temp\ch32-mess.elf.5YUdMn.ltrans0.ltrans.o
 *(.gnu.linkonce.sb.*)
 *(.bss*)
 .bss.WS2812dmabuff
                0x0000000020000084       0x60 C:\Users\uni\AppData\Local\Temp\ch32-mess.elf.5YUdMn.ltrans0.ltrans.o
 .bss.frame_buffer
                0x00000000200000e4      0x400 C:\Users\uni\AppData\Local\Temp\ch32-mess.elf.5YUdMn.ltrans0.ltrans.o
 .bss.i2c_slave_state
                0x00000000200004e4       0x2c C:\Users\uni\AppData\Local\Temp\ch32-mess.elf.5YUdMn.ltrans0.ltrans.o
 .bss.page_masks
                0x0000000020000510       0x80 C:\Users\uni\AppData\Local\Temp\ch32-mess.elf.5YUdMn.ltrans0.ltrans.o
 .bss.str_output
                0x0000000020000590       0x14 C:\Users\uni\AppData\Local\Temp\ch32-mess.elf.5YUdMn.ltrans0.ltrans.o
 *(.gnu.linkonce.b.*)
 *(COMMON*)
                0x00000000200005a4                . = ALIGN (0x4)
                0x00000000200005a4                PROVIDE (_ebss = .)
                [!provide]                        PROVIDE (_end = _ebss)
                [!provide]                        PROVIDE (end = .)
                0x0000000020000800                PROVIDE (_eusrstack = (ORIGIN (RAM) + LENGTH (RAM)))

/DISCARD/
 *(.note .note.*)
 *(.eh_frame .eh_frame.*)
 *(.comment .comment.*)
 *(.ARM.extab* .gnu.linkonce.armextab.*)
 *(.ARM.exidx*)
OUTPUT(ch32-mess.elf elf32-littleriscv)

.riscv.attributes
                0x0000000000000000       0x21
 .riscv.attributes
                0x0000000000000000       0x21 C:\Users\uni\AppData\Local\Temp\ch32-mess.elf.5YUdMn.ltrans0.ltrans.o
 .riscv.attributes
                0x0000000000000021       0x1f ../ch32fun/ch32fun//../misc\libgcc.a(div.o)

.debug_info     0x0000000000000000     0xa2d4
 .debug_info    0x0000000000000000     0x2df4 C:\Users\uni\AppData\Local\Temp\ch32-mess.elf.5YUdMn.ltrans0.ltrans.o
 .debug_info    0x0000000000002df4     0x1188 C:\Users\uni\AppData\Local\Temp\ccDf59xT.debug.temp.o
                0x0000000000002df4                ch32fun.c.61965c5e
 .debug_info    0x0000000000003f7c     0x56b3 C:\Users\uni\AppData\Local\Temp\ccOqZeqb.debug.temp.o
                0x0000000000003f7c                ch32_mess.c.af9dd7e9
 .debug_info    0x000000000000962f      0x47c C:\Users\uni\AppData\Local\Temp\ccJzcg4s.debug.temp.o
                0x000000000000962f                nrf24l01_low_level.c.429e1874
 .debug_info    0x0000000000009aab      0x7cc C:\Users\uni\AppData\Local\Temp\ccJGqQQ2.debug.temp.o
                0x0000000000009aab                lib_i2c.c.bfb73fe7
 .debug_info    0x000000000000a277       0x5d ../ch32fun/ch32fun//../misc\libgcc.a(div.o)

.debug_abbrev   0x0000000000000000      0xc8f
 .debug_abbrev  0x0000000000000000      0x26e C:\Users\uni\AppData\Local\Temp\ch32-mess.elf.5YUdMn.ltrans0.ltrans.o
 .debug_abbrev  0x000000000000026e      0x233 C:\Users\uni\AppData\Local\Temp\ccDf59xT.debug.temp.o
 .debug_abbrev  0x00000000000004a1      0x462 C:\Users\uni\AppData\Local\Temp\ccOqZeqb.debug.temp.o
 .debug_abbrev  0x0000000000000903      0x171 C:\Users\uni\AppData\Local\Temp\ccJzcg4s.debug.temp.o
 .debug_abbrev  0x0000000000000a74      0x1f3 C:\Users\uni\AppData\Local\Temp\ccJGqQQ2.debug.temp.o
 .debug_abbrev  0x0000000000000c67       0x28 ../ch32fun/ch32fun//../misc\libgcc.a(div.o)

.debug_loc      0x0000000000000000     0x4d1f
 .debug_loc     0x0000000000000000     0x4d1f C:\Users\uni\AppData\Local\Temp\ch32-mess.elf.5YUdMn.ltrans0.ltrans.o

.debug_aranges  0x0000000000000000      0x220
 .debug_aranges
                0x0000000000000000      0x200 C:\Users\uni\AppData\Local\Temp\ch32-mess.elf.5YUdMn.ltrans0.ltrans.o
 .debug_aranges
                0x0000000000000200       0x20 ../ch32fun/ch32fun//../misc\libgcc.a(div.o)

.debug_ranges   0x0000000000000000      0xd38
 .debug_ranges  0x0000000000000000      0xd38 C:\Users\uni\AppData\Local\Temp\ch32-mess.elf.5YUdMn.ltrans0.ltrans.o

.debug_line     0x0000000000000000     0x604e
 .debug_line    0x0000000000000000     0x57f6 C:\Users\uni\AppData\Local\Temp\ch32-mess.elf.5YUdMn.ltrans0.ltrans.o
 .debug_line    0x00000000000057f6      0x18e C:\Users\uni\AppData\Local\Temp\ccDf59xT.debug.temp.o
 .debug_line    0x0000000000005984      0x337 C:\Users\uni\AppData\Local\Temp\ccOqZeqb.debug.temp.o
 .debug_line    0x0000000000005cbb      0x10d C:\Users\uni\AppData\Local\Temp\ccJzcg4s.debug.temp.o
 .debug_line    0x0000000000005dc8      0x133 C:\Users\uni\AppData\Local\Temp\ccJGqQQ2.debug.temp.o
 .debug_line    0x0000000000005efb      0x153 ../ch32fun/ch32fun//../misc\libgcc.a(div.o)

.debug_str      0x0000000000000000     0x2c63
 .debug_str     0x0000000000000000      0x19f C:\Users\uni\AppData\Local\Temp\ch32-mess.elf.5YUdMn.ltrans0.ltrans.o
                                        0x1f1 (size before relaxing)
 .debug_str     0x000000000000019f      0x5d9 C:\Users\uni\AppData\Local\Temp\ccDf59xT.debug.temp.o
                                        0x70c (size before relaxing)
 .debug_str     0x0000000000000778     0x2279 C:\Users\uni\AppData\Local\Temp\ccOqZeqb.debug.temp.o
                                       0x2700 (size before relaxing)
 .debug_str     0x00000000000029f1       0xb1 C:\Users\uni\AppData\Local\Temp\ccJzcg4s.debug.temp.o
                                        0x43f (size before relaxing)
 .debug_str     0x0000000000002aa2      0x105 C:\Users\uni\AppData\Local\Temp\ccJGqQQ2.debug.temp.o
                                        0x511 (size before relaxing)
 .debug_str     0x0000000000002ba7       0xbc ../ch32fun/ch32fun//../misc\libgcc.a(div.o)
                                         0xd9 (size before relaxing)

.debug_frame    0x0000000000000000      0x720
 .debug_frame   0x0000000000000000      0x720 C:\Users\uni\AppData\Local\Temp\ch32-mess.elf.5YUdMn.ltrans0.ltrans.o

.debug_line_str
                0x0000000000000000       0x92
 .debug_line_str
                0x0000000000000000       0x92 ../ch32fun/ch32fun//../misc\libgcc.a(div.o)
