Archive member included to satisfy reference by file (symbol)

../ch32fun/ch32fun//../misc\libgcc.a(muldi3.o)
                              C:\Users\uni\AppData\Local\Temp\ch32-mess.elf.zyIYCO.ltrans0.ltrans.o (__mulsi3)
../ch32fun/ch32fun//../misc\libgcc.a(div.o)
                              C:\Users\uni\AppData\Local\Temp\ch32-mess.elf.zyIYCO.ltrans0.ltrans.o (__divsi3)

Discarded input sections

 .text          0x0000000000000000        0x0 C:\Users\uni\AppData\Local\Temp\ch32-mess.elf.zyIYCO.ltrans0.ltrans.o
 .data          0x0000000000000000        0x0 C:\Users\uni\AppData\Local\Temp\ch32-mess.elf.zyIYCO.ltrans0.ltrans.o
 .bss           0x0000000000000000        0x0 C:\Users\uni\AppData\Local\Temp\ch32-mess.elf.zyIYCO.ltrans0.ltrans.o
 .text.vprintf  0x0000000000000000       0x16 C:\Users\uni\AppData\Local\Temp\ch32-mess.elf.zyIYCO.ltrans0.ltrans.o
 .text.snprintf
                0x0000000000000000       0x1c C:\Users\uni\AppData\Local\Temp\ch32-mess.elf.zyIYCO.ltrans0.ltrans.o
 .text.strcmp   0x0000000000000000       0x1a C:\Users\uni\AppData\Local\Temp\ch32-mess.elf.zyIYCO.ltrans0.ltrans.o
 .text.strncmp  0x0000000000000000       0x2e C:\Users\uni\AppData\Local\Temp\ch32-mess.elf.zyIYCO.ltrans0.ltrans.o
 .text.strchr   0x0000000000000000       0x16 C:\Users\uni\AppData\Local\Temp\ch32-mess.elf.zyIYCO.ltrans0.ltrans.o
 .text.strrchr  0x0000000000000000       0x3c C:\Users\uni\AppData\Local\Temp\ch32-mess.elf.zyIYCO.ltrans0.ltrans.o
 .text.memcmp   0x0000000000000000       0x26 C:\Users\uni\AppData\Local\Temp\ch32-mess.elf.zyIYCO.ltrans0.ltrans.o
 .text.memmove  0x0000000000000000       0x5e C:\Users\uni\AppData\Local\Temp\ch32-mess.elf.zyIYCO.ltrans0.ltrans.o
 .text.memchr   0x0000000000000000       0x1c C:\Users\uni\AppData\Local\Temp\ch32-mess.elf.zyIYCO.ltrans0.ltrans.o
 .text.strnlen  0x0000000000000000       0x2a C:\Users\uni\AppData\Local\Temp\ch32-mess.elf.zyIYCO.ltrans0.ltrans.o
 .text.twoway_strstr
                0x0000000000000000      0x236 C:\Users\uni\AppData\Local\Temp\ch32-mess.elf.zyIYCO.ltrans0.ltrans.o
 .text.strstr   0x0000000000000000      0x140 C:\Users\uni\AppData\Local\Temp\ch32-mess.elf.zyIYCO.ltrans0.ltrans.o
 .text.putchar  0x0000000000000000       0x72 C:\Users\uni\AppData\Local\Temp\ch32-mess.elf.zyIYCO.ltrans0.ltrans.o
 .data.ADCPrescTable.lto_priv.0
                0x0000000000000000       0x14 C:\Users\uni\AppData\Local\Temp\ch32-mess.elf.zyIYCO.ltrans0.ltrans.o
 .data.ADCPrescTable.lto_priv.1
                0x0000000000000000       0x14 C:\Users\uni\AppData\Local\Temp\ch32-mess.elf.zyIYCO.ltrans0.ltrans.o
 .data.ADCPrescTable.lto_priv.2
                0x0000000000000000       0x14 C:\Users\uni\AppData\Local\Temp\ch32-mess.elf.zyIYCO.ltrans0.ltrans.o
 .data.ADCPrescTable.lto_priv.3
                0x0000000000000000       0x14 C:\Users\uni\AppData\Local\Temp\ch32-mess.elf.zyIYCO.ltrans0.ltrans.o
 .data.APBAHBPrescTable.lto_priv.0
                0x0000000000000000       0x10 C:\Users\uni\AppData\Local\Temp\ch32-mess.elf.zyIYCO.ltrans0.ltrans.o
 .data.APBAHBPrescTable.lto_priv.1
                0x0000000000000000       0x10 C:\Users\uni\AppData\Local\Temp\ch32-mess.elf.zyIYCO.ltrans0.ltrans.o
 .data.APBAHBPrescTable.lto_priv.2
                0x0000000000000000       0x10 C:\Users\uni\AppData\Local\Temp\ch32-mess.elf.zyIYCO.ltrans0.ltrans.o
 .data.APBAHBPrescTable.lto_priv.3
                0x0000000000000000       0x10 C:\Users\uni\AppData\Local\Temp\ch32-mess.elf.zyIYCO.ltrans0.ltrans.o
 .data.i2c_registers
                0x0000000000000000       0x20 C:\Users\uni\AppData\Local\Temp\ch32-mess.elf.zyIYCO.ltrans0.ltrans.o
 .comment       0x0000000000000000       0x13 C:\Users\uni\AppData\Local\Temp\ch32-mess.elf.zyIYCO.ltrans0.ltrans.o
 .comment       0x0000000000000000       0x13 C:\Users\uni\AppData\Local\Temp\ccH91RQf.debug.temp.o
 .comment       0x0000000000000000       0x13 C:\Users\uni\AppData\Local\Temp\cc2ryIY2.debug.temp.o
 .comment       0x0000000000000000       0x13 C:\Users\uni\AppData\Local\Temp\ccjU8XVP.debug.temp.o
 .debug_info    0x0000000000000000      0x56f C:\Users\uni\AppData\Local\Temp\ccUojWXC.debug.temp.o
 .debug_abbrev  0x0000000000000000      0x13d C:\Users\uni\AppData\Local\Temp\ccUojWXC.debug.temp.o
 .debug_line    0x0000000000000000       0xb9 C:\Users\uni\AppData\Local\Temp\ccUojWXC.debug.temp.o
 .debug_str     0x0000000000000000      0x637 C:\Users\uni\AppData\Local\Temp\ccUojWXC.debug.temp.o
 .comment       0x0000000000000000       0x13 C:\Users\uni\AppData\Local\Temp\ccUojWXC.debug.temp.o
 .comment       0x0000000000000000       0x13 C:\Users\uni\AppData\Local\Temp\ccvfVMdp.debug.temp.o
 .data          0x0000000000000000        0x0 ../ch32fun/ch32fun//../misc\libgcc.a(muldi3.o)
 .bss           0x0000000000000000        0x0 ../ch32fun/ch32fun//../misc\libgcc.a(muldi3.o)
 .data          0x0000000000000000        0x0 ../ch32fun/ch32fun//../misc\libgcc.a(div.o)
 .bss           0x0000000000000000        0x0 ../ch32fun/ch32fun//../misc\libgcc.a(div.o)

Memory Configuration

Name             Origin             Length             Attributes
FLASH            0x0000000000000000 0x0000000000004000 xr
RAM              0x0000000020000000 0x0000000000000800 xrw
*default*        0x0000000000000000 0xffffffffffffffff

Linker script and memory map

LOAD C:\Users\uni\AppData\Local\Temp\ccszM3Oa.o
LOAD C:\Users\uni\AppData\Local\Temp\ch32-mess.elf.zyIYCO.ltrans0.ltrans.o
LOAD C:\Users\uni\AppData\Local\Temp\ccH91RQf.debug.temp.o
LOAD C:\Users\uni\AppData\Local\Temp\cc2ryIY2.debug.temp.o
LOAD C:\Users\uni\AppData\Local\Temp\ccjU8XVP.debug.temp.o
LOAD C:\Users\uni\AppData\Local\Temp\ccUojWXC.debug.temp.o
LOAD C:\Users\uni\AppData\Local\Temp\ccvfVMdp.debug.temp.o
LOAD C:\Users\uni\AppData\Local\Temp\cctV1d1m.o
LOAD C:\Users\uni\AppData\Local\Temp\ccAOcCNF.o
LOAD C:\Users\uni\AppData\Local\Temp\cc74UEP5.o
LOAD C:\Users\uni\AppData\Local\Temp\ccwPWiwD.o
LOAD ../ch32fun/ch32fun//../misc\libgcc.a
LOAD ../ch32fun/ch32fun//../misc\libgcc.a

.init           0x0000000000000000       0xa0
                0x0000000000000000                _sinit = .
                0x0000000000000000                . = ALIGN (0x4)
 *(SORT_NONE(.init))
 .init          0x0000000000000000       0x9e C:\Users\uni\AppData\Local\Temp\ch32-mess.elf.zyIYCO.ltrans0.ltrans.o
                0x0000000000000000                InterruptVector
                0x00000000000000a0                . = ALIGN (0x4)
 *fill*         0x000000000000009e        0x2 
                0x00000000000000a0                _einit = .

.text           0x00000000000000a0     0x22b4
                0x00000000000000a0                . = ALIGN (0x4)
 *(.text)
 .text          0x00000000000000a0       0x16 ../ch32fun/ch32fun//../misc\libgcc.a(muldi3.o)
                0x00000000000000a0                __mulsi3
 *fill*         0x00000000000000b6        0x2 
 .text          0x00000000000000b8       0x7e ../ch32fun/ch32fun//../misc\libgcc.a(div.o)
                0x00000000000000b8                __divsi3
                0x00000000000000c0                __udivsi3
                0x00000000000000c0                __hidden___udivsi3
                0x00000000000000ec                __umodsi3
                0x0000000000000110                __modsi3
 *(.text.*)
 .text.mini_pad
                0x0000000000000136       0x9c C:\Users\uni\AppData\Local\Temp\ch32-mess.elf.zyIYCO.ltrans0.ltrans.o
 .text._puts    0x00000000000001d2       0x42 C:\Users\uni\AppData\Local\Temp\ch32-mess.elf.zyIYCO.ltrans0.ltrans.o
 .text.PrintHex
                0x0000000000000214       0x58 C:\Users\uni\AppData\Local\Temp\ch32-mess.elf.zyIYCO.ltrans0.ltrans.o
 .text.mini_itoa.part.0
                0x000000000000026c       0xbe C:\Users\uni\AppData\Local\Temp\ch32-mess.elf.zyIYCO.ltrans0.ltrans.o
 .text.i2c_error
                0x000000000000032a       0x92 C:\Users\uni\AppData\Local\Temp\ch32-mess.elf.zyIYCO.ltrans0.ltrans.o
 .text.i2c_send_addr_write
                0x00000000000003bc       0x6c C:\Users\uni\AppData\Local\Temp\ch32-mess.elf.zyIYCO.ltrans0.ltrans.o
 .text.i2c_ping
                0x0000000000000428       0x98 C:\Users\uni\AppData\Local\Temp\ch32-mess.elf.zyIYCO.ltrans0.ltrans.o
 .text.i2c_write_raw.constprop.0
                0x00000000000004c0      0x144 C:\Users\uni\AppData\Local\Temp\ch32-mess.elf.zyIYCO.ltrans0.ltrans.o
 .text.ssd1306_cmd
                0x0000000000000604       0x1c C:\Users\uni\AppData\Local\Temp\ch32-mess.elf.zyIYCO.ltrans0.ltrans.o
 .text.Neo_render_colorFlashing.constprop.0
                0x0000000000000620      0x10e C:\Users\uni\AppData\Local\Temp\ch32-mess.elf.zyIYCO.ltrans0.ltrans.o
 .text.WS2812FillBuffSec
                0x000000000000072e      0x4f6 C:\Users\uni\AppData\Local\Temp\ch32-mess.elf.zyIYCO.ltrans0.ltrans.o
 .text.internal_handle_input.constprop.0
                0x0000000000000c24        0xa C:\Users\uni\AppData\Local\Temp\ch32-mess.elf.zyIYCO.ltrans0.ltrans.o
 .text._write.constprop.0
                0x0000000000000c2e       0xf2 C:\Users\uni\AppData\Local\Temp\ch32-mess.elf.zyIYCO.ltrans0.ltrans.o
 .text.__puts_uart
                0x0000000000000d20       0x14 C:\Users\uni\AppData\Local\Temp\ch32-mess.elf.zyIYCO.ltrans0.ltrans.o
 .text.handle_reset
                0x0000000000000d34       0x72 C:\Users\uni\AppData\Local\Temp\ch32-mess.elf.zyIYCO.ltrans0.ltrans.o
                0x0000000000000d34                handle_reset
 .text.vector_handler
                0x0000000000000da6       0x66 C:\Users\uni\AppData\Local\Temp\ch32-mess.elf.zyIYCO.ltrans0.ltrans.o
                0x0000000000000da6                EXTI2_IRQHandler
                0x0000000000000da6                TIM8_TRG_COM_IRQHandler
                0x0000000000000da6                TIM8_CC_IRQHandler
                0x0000000000000da6                UART8_IRQHandler
                0x0000000000000da6                TIM1_CC_IRQHandler
                0x0000000000000da6                HardFault_Handler
                0x0000000000000da6                GPIOB_IRQHandler
                0x0000000000000da6                USBPD_IRQHandler
                0x0000000000000da6                TIM6_IRQHandler
                0x0000000000000da6                GPIOA_IRQHandler
                0x0000000000000da6                PVD_IRQHandler
                0x0000000000000da6                SDIO_IRQHandler
                0x0000000000000da6                TIM9_BRK_IRQHandler
                0x0000000000000da6                DMA2_Channel8_IRQHandler
                0x0000000000000da6                USBWakeUp_IRQHandler
                0x0000000000000da6                CAN2_RX1_IRQHandler
                0x0000000000000da6                EXTI3_IRQHandler
                0x0000000000000da6                UART1_IRQHandler
                0x0000000000000da6                USBHS_IRQHandler
                0x0000000000000da6                DMA2_Channel9_IRQHandler
                0x0000000000000da6                TIM10_CC_IRQHandler
                0x0000000000000da6                EXTI25_16_IRQHandler
                0x0000000000000da6                USBFS_IRQHandler
                0x0000000000000da6                UART0_IRQHandler
                0x0000000000000da6                EXTI0_IRQHandler
                0x0000000000000da6                I2C2_EV_IRQHandler
                0x0000000000000da6                TIM10_TRG_COM_IRQHandler
                0x0000000000000da6                CAN2_SCE_IRQHandler
                0x0000000000000da6                ADC1_2_IRQHandler
                0x0000000000000da6                BB_IRQHandler
                0x0000000000000da6                Break_Point_Handler
                0x0000000000000da6                TIM2_CC_IRQHandler
                0x0000000000000da6                SPI1_IRQHandler
                0x0000000000000da6                TAMPER_IRQHandler
                0x0000000000000da6                TMR0_IRQHandler
                0x0000000000000da6                AWU_IRQHandler
                0x0000000000000da6                EXTI7_0_IRQHandler
                0x0000000000000da6                CAN2_RX0_IRQHandler
                0x0000000000000da6                OSCWakeUp_IRQHandler
                0x0000000000000da6                TIM8_UP_IRQHandler
                0x0000000000000da6                Ecall_M_Mode_Handler
                0x0000000000000da6                DMA2_Channel2_IRQHandler
                0x0000000000000da6                DMA1_Channel4_IRQHandler
                0x0000000000000da6                ADC1_IRQHandler
                0x0000000000000da6                TIM2_BRK_IRQHandler
                0x0000000000000da6                TIM9_UP_IRQHandler
                0x0000000000000da6                USART3_IRQHandler
                0x0000000000000da6                RTC_IRQHandler
                0x0000000000000da6                DMA1_Channel7_IRQHandler
                0x0000000000000da6                CAN1_RX1_IRQHandler
                0x0000000000000da6                DVP_IRQHandler
                0x0000000000000da6                UART5_IRQHandler
                0x0000000000000da6                EXTI15_8_IRQHandler
                0x0000000000000da6                TIM4_IRQHandler
                0x0000000000000da6                DMA2_Channel1_IRQHandler
                0x0000000000000da6                USBPD_WKUP_IRQHandler
                0x0000000000000da6                I2C1_EV_IRQHandler
                0x0000000000000da6                UART2_IRQHandler
                0x0000000000000da6                USART4_IRQHandler
                0x0000000000000da6                PWMX_IRQHandler
                0x0000000000000da6                DMA1_Channel6_IRQHandler
                0x0000000000000da6                UART4_IRQHandler
                0x0000000000000da6                DMA2_Channel4_IRQHandler
                0x0000000000000da6                TIM3_IRQHandler
                0x0000000000000da6                RCC_IRQHandler
                0x0000000000000da6                TIM1_TRG_COM_IRQHandler
                0x0000000000000da6                DMA1_Channel1_IRQHandler
                0x0000000000000da6                DMA2_Channel7_IRQHandler
                0x0000000000000da6                EXTI15_10_IRQHandler
                0x0000000000000da6                ADC_IRQHandler
                0x0000000000000da6                DMA1_Channel8_IRQHandler
                0x0000000000000da6                TMR2_IRQHandler
                0x0000000000000da6                DefaultIRQHandler
                0x0000000000000da6                TIM7_IRQHandler
                0x0000000000000da6                CAN2_TX_IRQHandler
                0x0000000000000da6                TIM5_IRQHandler
                0x0000000000000da6                TMR1_IRQHandler
                0x0000000000000da6                USB_IRQHandler
                0x0000000000000da6                EXTI9_5_IRQHandler
                0x0000000000000da6                PIOC_IRQHandler
                0x0000000000000da6                SPI2_IRQHandler
                0x0000000000000da6                OSC32KCal_IRQHandler
                0x0000000000000da6                I2C_IRQHandler
                0x0000000000000da6                TIM10_BRK_IRQHandler
                0x0000000000000da6                TIM9_CC_IRQHandler
                0x0000000000000da6                DMA2_Channel5_IRQHandler
                0x0000000000000da6                USB2_IRQHandler
                0x0000000000000da6                USBHSWakeUp_IRQHandler
                0x0000000000000da6                DMA1_Channel5_IRQHandler
                0x0000000000000da6                EXTI4_IRQHandler
                0x0000000000000da6                USB_LP_CAN1_RX0_IRQHandler
                0x0000000000000da6                RNG_IRQHandler
                0x0000000000000da6                USB_HP_CAN1_TX_IRQHandler
                0x0000000000000da6                LLE_IRQHandler
                0x0000000000000da6                FSMC_IRQHandler
                0x0000000000000da6                ETH_IRQHandler
                0x0000000000000da6                TIM1_UP_IRQHandler
                0x0000000000000da6                WWDG_IRQHandler
                0x0000000000000da6                DMA2_Channel11_IRQHandler
                0x0000000000000da6                WDOG_BAT_IRQHandler
                0x0000000000000da6                Ecall_U_Mode_Handler
                0x0000000000000da6                TMR3_IRQHandler
                0x0000000000000da6                DMA2_Channel6_IRQHandler
                0x0000000000000da6                TIM2_IRQHandler
                0x0000000000000da6                SW_Handler
                0x0000000000000da6                TIM1_BRK_IRQHandler
                0x0000000000000da6                OPA_IRQHandler
                0x0000000000000da6                DMA2_Channel10_IRQHandler
                0x0000000000000da6                EXTI1_IRQHandler
                0x0000000000000da6                SPI0_IRQHandler
                0x0000000000000da6                RTCAlarm_IRQHandler
                0x0000000000000da6                TIM10_UP_IRQHandler
                0x0000000000000da6                TIM9_TRG_COM_IRQHandler
                0x0000000000000da6                UART7_IRQHandler
                0x0000000000000da6                USART2_IRQHandler
                0x0000000000000da6                UART6_IRQHandler
                0x0000000000000da6                ETHWakeUp_IRQHandler
                0x0000000000000da6                I2C2_ER_IRQHandler
                0x0000000000000da6                DMA1_Channel2_IRQHandler
                0x0000000000000da6                TIM8_BRK_IRQHandler
                0x0000000000000da6                TIM2_TRG_IRQHandler
                0x0000000000000da6                CAN1_SCE_IRQHandler
                0x0000000000000da6                FLASH_IRQHandler
                0x0000000000000da6                USBFSWakeUp_IRQHandler
                0x0000000000000da6                USART1_IRQHandler
                0x0000000000000da6                OTG_FS_IRQHandler
                0x0000000000000da6                SPI3_IRQHandler
                0x0000000000000da6                USBFS_WakeUp_IRQHandler
                0x0000000000000da6                UART3_IRQHandler
                0x0000000000000da6                I2C1_ER_IRQHandler
                0x0000000000000da6                DMA2_Channel3_IRQHandler
                0x0000000000000dfe                NMI_Handler
                0x0000000000000dfe                NMI_RCC_CSS_IRQHandler
 .text.strlen   0x0000000000000e0c       0x12 C:\Users\uni\AppData\Local\Temp\ch32-mess.elf.zyIYCO.ltrans0.ltrans.o
                0x0000000000000e0c                strlen
 .text.mini_vpprintf
                0x0000000000000e1e      0x1b4 C:\Users\uni\AppData\Local\Temp\ch32-mess.elf.zyIYCO.ltrans0.ltrans.o
 .text.printf   0x0000000000000fd2       0x28 C:\Users\uni\AppData\Local\Temp\ch32-mess.elf.zyIYCO.ltrans0.ltrans.o
                0x0000000000000fd2                printf
 .text.mini_vsnprintf
                0x0000000000000ffa       0x30 C:\Users\uni\AppData\Local\Temp\ch32-mess.elf.zyIYCO.ltrans0.ltrans.o
 .text.sprintf  0x000000000000102a       0x22 C:\Users\uni\AppData\Local\Temp\ch32-mess.elf.zyIYCO.ltrans0.ltrans.o
                0x000000000000102a                sprintf
 .text.memset   0x000000000000104c       0x12 C:\Users\uni\AppData\Local\Temp\ch32-mess.elf.zyIYCO.ltrans0.ltrans.o
                0x000000000000104c                memset
 .text.strcpy   0x000000000000105e       0x14 C:\Users\uni\AppData\Local\Temp\ch32-mess.elf.zyIYCO.ltrans0.ltrans.o
                0x000000000000105e                strcpy
 .text.strncpy  0x0000000000001072       0x1c C:\Users\uni\AppData\Local\Temp\ch32-mess.elf.zyIYCO.ltrans0.ltrans.o
                0x0000000000001072                strncpy
 .text.mngI2c_load_printBuff.constprop.0
                0x000000000000108e       0x4a C:\Users\uni\AppData\Local\Temp\ch32-mess.elf.zyIYCO.ltrans0.ltrans.o
 .text.memcpy   0x00000000000010d8       0x1c C:\Users\uni\AppData\Local\Temp\ch32-mess.elf.zyIYCO.ltrans0.ltrans.o
                0x00000000000010d8                memcpy
 .text.ssd1306_data.isra.0
                0x00000000000010f4       0x2c C:\Users\uni\AppData\Local\Temp\ch32-mess.elf.zyIYCO.ltrans0.ltrans.o
 .text.ssd1306_print_str_at.constprop.0
                0x0000000000001120       0x72 C:\Users\uni\AppData\Local\Temp\ch32-mess.elf.zyIYCO.ltrans0.ltrans.o
 .text.puts     0x0000000000001192       0x2c C:\Users\uni\AppData\Local\Temp\ch32-mess.elf.zyIYCO.ltrans0.ltrans.o
                0x0000000000001192                puts
 .text.i2c_scan_callback
                0x00000000000011be       0x5a C:\Users\uni\AppData\Local\Temp\ch32-mess.elf.zyIYCO.ltrans0.ltrans.o
 .text.SystemInit
                0x0000000000001218       0x58 C:\Users\uni\AppData\Local\Temp\ch32-mess.elf.zyIYCO.ltrans0.ltrans.o
                0x0000000000001218                SystemInit
 .text.startup.main
                0x0000000000001270      0xbe4 C:\Users\uni\AppData\Local\Temp\ch32-mess.elf.zyIYCO.ltrans0.ltrans.o
                0x0000000000001270                main
 .text.SysTick_Handler
                0x0000000000001e54       0x32 C:\Users\uni\AppData\Local\Temp\ch32-mess.elf.zyIYCO.ltrans0.ltrans.o
 .text.DMA1_Channel3_IRQHandler
                0x0000000000001e86       0x82 C:\Users\uni\AppData\Local\Temp\ch32-mess.elf.zyIYCO.ltrans0.ltrans.o
 *(.rodata)
 *(.rodata*)
 *fill*         0x0000000000001f08        0x0 
 .rodata.WS2812FillBuffSec
                0x0000000000001f08       0x14 C:\Users\uni\AppData\Local\Temp\ch32-mess.elf.zyIYCO.ltrans0.ltrans.o
 .rodata.puts.str1.4
                0x0000000000001f1c        0x2 C:\Users\uni\AppData\Local\Temp\ch32-mess.elf.zyIYCO.ltrans0.ltrans.o
 *fill*         0x0000000000001f1e        0x2 
 .rodata.i2c_scan_callback.str1.4
                0x0000000000001f20        0xc C:\Users\uni\AppData\Local\Temp\ch32-mess.elf.zyIYCO.ltrans0.ltrans.o
 .rodata.main.str1.4
                0x0000000000001f2c      0x10f C:\Users\uni\AppData\Local\Temp\ch32-mess.elf.zyIYCO.ltrans0.ltrans.o
 *fill*         0x000000000000203b        0x1 
 .rodata.FONT_7x5
                0x000000000000203c      0x1db C:\Users\uni\AppData\Local\Temp\ch32-mess.elf.zyIYCO.ltrans0.ltrans.o
 *fill*         0x0000000000002217        0x1 
 .rodata.SIN_LUT2
                0x0000000000002218      0x100 C:\Users\uni\AppData\Local\Temp\ch32-mess.elf.zyIYCO.ltrans0.ltrans.o
 .rodata.bitquartets.5
                0x0000000000002318       0x20 C:\Users\uni\AppData\Local\Temp\ch32-mess.elf.zyIYCO.ltrans0.ltrans.o
 .rodata.ssd1306_init_array
                0x0000000000002338       0x1a C:\Users\uni\AppData\Local\Temp\ch32-mess.elf.zyIYCO.ltrans0.ltrans.o
 *(.gnu.linkonce.t.*)
                0x0000000000002354                . = ALIGN (0x4)
 *fill*         0x0000000000002352        0x2 

.rela.dyn       0x0000000000002354        0x0
 .rela.text.mini_pad
                0x0000000000002354        0x0 C:\Users\uni\AppData\Local\Temp\ch32-mess.elf.zyIYCO.ltrans0.ltrans.o
 .rela.text.WS2812FillBuffSec
                0x0000000000002354        0x0 C:\Users\uni\AppData\Local\Temp\ch32-mess.elf.zyIYCO.ltrans0.ltrans.o
 .rela.text._write.constprop.0
                0x0000000000002354        0x0 C:\Users\uni\AppData\Local\Temp\ch32-mess.elf.zyIYCO.ltrans0.ltrans.o
 .rela.text.handle_reset
                0x0000000000002354        0x0 C:\Users\uni\AppData\Local\Temp\ch32-mess.elf.zyIYCO.ltrans0.ltrans.o
 .rela.text.mini_vpprintf
                0x0000000000002354        0x0 C:\Users\uni\AppData\Local\Temp\ch32-mess.elf.zyIYCO.ltrans0.ltrans.o
 .rela.text.mngI2c_load_printBuff.constprop.0
                0x0000000000002354        0x0 C:\Users\uni\AppData\Local\Temp\ch32-mess.elf.zyIYCO.ltrans0.ltrans.o
 .rela.text.ssd1306_data.isra.0
                0x0000000000002354        0x0 C:\Users\uni\AppData\Local\Temp\ch32-mess.elf.zyIYCO.ltrans0.ltrans.o
 .rela.text.puts
                0x0000000000002354        0x0 C:\Users\uni\AppData\Local\Temp\ch32-mess.elf.zyIYCO.ltrans0.ltrans.o
 .rela.text.i2c_scan_callback
                0x0000000000002354        0x0 C:\Users\uni\AppData\Local\Temp\ch32-mess.elf.zyIYCO.ltrans0.ltrans.o
 .rela.text.startup.main
                0x0000000000002354        0x0 C:\Users\uni\AppData\Local\Temp\ch32-mess.elf.zyIYCO.ltrans0.ltrans.o

.fini           0x0000000000002354        0x0
 *(SORT_NONE(.fini))
                0x0000000000002354                . = ALIGN (0x4)
                [!provide]                        PROVIDE (_etext = .)
                [!provide]                        PROVIDE (_eitcm = .)

.preinit_array  0x0000000000002354        0x0
                [!provide]                        PROVIDE (__preinit_array_start = .)
 *(.preinit_array)
                [!provide]                        PROVIDE (__preinit_array_end = .)

.init_array     0x0000000000002354        0x0
                [!provide]                        PROVIDE (__init_array_start = .)
 *(SORT_BY_INIT_PRIORITY(.init_array.*) SORT_BY_INIT_PRIORITY(.ctors.*))
 *(.init_array EXCLUDE_FILE(*crtend?.o *crtend.o *crtbegin?.o *crtbegin.o) .ctors)
                [!provide]                        PROVIDE (__init_array_end = .)

.fini_array     0x0000000000002354        0x0
                [!provide]                        PROVIDE (__fini_array_start = .)
 *(SORT_BY_INIT_PRIORITY(.fini_array.*) SORT_BY_INIT_PRIORITY(.dtors.*))
 *(.fini_array EXCLUDE_FILE(*crtend?.o *crtend.o *crtbegin?.o *crtbegin.o) .dtors)
                [!provide]                        PROVIDE (__fini_array_end = .)

.ctors
 *crtbegin.o(.ctors)
 *crtbegin?.o(.ctors)
 *(EXCLUDE_FILE(*crtend?.o *crtend.o) .ctors)
 *(SORT_BY_NAME(.ctors.*))
 *(.ctors)

.dtors
 *crtbegin.o(.dtors)
 *crtbegin?.o(.dtors)
 *(EXCLUDE_FILE(*crtend?.o *crtend.o) .dtors)
 *(SORT_BY_NAME(.dtors.*))
 *(.dtors)

.dalign         0x0000000020000000        0x0 load address 0x0000000000002354
                0x0000000020000000                . = ALIGN (0x4)
                0x0000000020000000                PROVIDE (_data_vma = .)

.dlalign        0x0000000000002354        0x0
                0x0000000000002354                . = ALIGN (0x4)
                0x0000000000002354                PROVIDE (_data_lma = .)

.data           0x0000000020000000       0x68 load address 0x0000000000002354
                0x0000000020000000                . = ALIGN (0x4)
                0x00000000200003fc                __global_pointer$ = (. + 0x3fc)
 *(.gnu.linkonce.r.*)
 *(.data .data.*)
 .data.button1.1
                0x0000000020000000       0x10 C:\Users\uni\AppData\Local\Temp\ch32-mess.elf.zyIYCO.ltrans0.ltrans.o
 .data.color_arr
                0x0000000020000010        0xc C:\Users\uni\AppData\Local\Temp\ch32-mess.elf.zyIYCO.ltrans0.ltrans.o
 .data.dev_ssd1306
                0x000000002000001c        0xc C:\Users\uni\AppData\Local\Temp\ch32-mess.elf.zyIYCO.ltrans0.ltrans.o
 .data.leds_frame
                0x0000000020000028       0x14 C:\Users\uni\AppData\Local\Temp\ch32-mess.elf.zyIYCO.ltrans0.ltrans.o
 .data.pwm_CH1c.0
                0x000000002000003c       0x10 C:\Users\uni\AppData\Local\Temp\ch32-mess.elf.zyIYCO.ltrans0.ltrans.o
 *(.gnu.linkonce.d.*)
                0x0000000020000050                . = ALIGN (0x8)
 *fill*         0x000000002000004c        0x4 
 *(.sdata .sdata.*)
 .sdata.Neo_LedCmd
                0x0000000020000050        0x1 C:\Users\uni\AppData\Local\Temp\ch32-mess.elf.zyIYCO.ltrans0.ltrans.o
 *fill*         0x0000000020000051        0x3 
 .sdata.color_ani
                0x0000000020000054        0x8 C:\Users\uni\AppData\Local\Temp\ch32-mess.elf.zyIYCO.ltrans0.ltrans.o
 .sdata.flag_printBuff_data
                0x000000002000005c        0x1 C:\Users\uni\AppData\Local\Temp\ch32-mess.elf.zyIYCO.ltrans0.ltrans.o
 *fill*         0x000000002000005d        0x3 
 .sdata.line.2  0x0000000020000060        0x4 C:\Users\uni\AppData\Local\Temp\ch32-mess.elf.zyIYCO.ltrans0.ltrans.o
 .sdata.loading_char
                0x0000000020000064        0x4 C:\Users\uni\AppData\Local\Temp\ch32-mess.elf.zyIYCO.ltrans0.ltrans.o
 *(.sdata2*)
 *(.gnu.linkonce.s.*)
                0x0000000020000068                . = ALIGN (0x8)
 *(.srodata.cst16)
 *(.srodata.cst8)
 *(.srodata.cst4)
 *(.srodata.cst2)
 *(.srodata .srodata.*)
                0x0000000020000068                . = ALIGN (0x4)
                0x0000000020000068                PROVIDE (_edata = .)

.bss            0x0000000020000068      0x4f0 load address 0x00000000000023bc
                0x0000000020000068                . = ALIGN (0x4)
                0x0000000020000068                PROVIDE (_sbss = .)
 *(.sbss*)
 .sbss.WS2812BLEDInUse
                0x0000000020000068        0x4 C:\Users\uni\AppData\Local\Temp\ch32-mess.elf.zyIYCO.ltrans0.ltrans.o
 .sbss.WS2812LEDPlace
                0x000000002000006c        0x4 C:\Users\uni\AppData\Local\Temp\ch32-mess.elf.zyIYCO.ltrans0.ltrans.o
 .sbss.WS2812LEDs
                0x0000000020000070        0x4 C:\Users\uni\AppData\Local\Temp\ch32-mess.elf.zyIYCO.ltrans0.ltrans.o
 .sbss._i2c_timeout
                0x0000000020000074        0x4 C:\Users\uni\AppData\Local\Temp\ch32-mess.elf.zyIYCO.ltrans0.ltrans.o
 .sbss.adc_buffer
                0x0000000020000078        0x4 C:\Users\uni\AppData\Local\Temp\ch32-mess.elf.zyIYCO.ltrans0.ltrans.o
 .sbss.line6_preserve_time
                0x000000002000007c        0x4 C:\Users\uni\AppData\Local\Temp\ch32-mess.elf.zyIYCO.ltrans0.ltrans.o
 .sbss.neo_timeRef
                0x0000000020000080        0x4 C:\Users\uni\AppData\Local\Temp\ch32-mess.elf.zyIYCO.ltrans0.ltrans.o
 .sbss.printBuff_idx
                0x0000000020000084        0x1 C:\Users\uni\AppData\Local\Temp\ch32-mess.elf.zyIYCO.ltrans0.ltrans.o
 *fill*         0x0000000020000085        0x3 
 .sbss.ssd1306_buffer
                0x0000000020000088        0x1 C:\Users\uni\AppData\Local\Temp\ch32-mess.elf.zyIYCO.ltrans0.ltrans.o
 *fill*         0x0000000020000089        0x3 
 .sbss.systick_millis
                0x000000002000008c        0x4 C:\Users\uni\AppData\Local\Temp\ch32-mess.elf.zyIYCO.ltrans0.ltrans.o
 *(.gnu.linkonce.sb.*)
 *(.bss*)
 .bss.WS2812dmabuff
                0x0000000020000090       0x60 C:\Users\uni\AppData\Local\Temp\ch32-mess.elf.zyIYCO.ltrans0.ltrans.o
 .bss.frame_buffer
                0x00000000200000f0      0x400 C:\Users\uni\AppData\Local\Temp\ch32-mess.elf.zyIYCO.ltrans0.ltrans.o
 .bss.led_arr   0x00000000200004f0       0x18 C:\Users\uni\AppData\Local\Temp\ch32-mess.elf.zyIYCO.ltrans0.ltrans.o
 .bss.printBuff
                0x0000000020000508       0x34 C:\Users\uni\AppData\Local\Temp\ch32-mess.elf.zyIYCO.ltrans0.ltrans.o
 .bss.str_output
                0x000000002000053c       0x19 C:\Users\uni\AppData\Local\Temp\ch32-mess.elf.zyIYCO.ltrans0.ltrans.o
 *(.gnu.linkonce.b.*)
 *(COMMON*)
                0x0000000020000558                . = ALIGN (0x4)
 *fill*         0x0000000020000555        0x3 
                0x0000000020000558                PROVIDE (_ebss = .)
                [!provide]                        PROVIDE (_end = _ebss)
                [!provide]                        PROVIDE (end = .)
                0x0000000020000800                PROVIDE (_eusrstack = (ORIGIN (RAM) + LENGTH (RAM)))

/DISCARD/
 *(.note .note.*)
 *(.eh_frame .eh_frame.*)
 *(.comment .comment.*)
 *(.ARM.extab* .gnu.linkonce.armextab.*)
 *(.ARM.exidx*)
OUTPUT(ch32-mess.elf elf32-littleriscv)

.riscv.attributes
                0x0000000000000000       0x21
 .riscv.attributes
                0x0000000000000000       0x21 C:\Users\uni\AppData\Local\Temp\ch32-mess.elf.zyIYCO.ltrans0.ltrans.o
 .riscv.attributes
                0x0000000000000021       0x1f ../ch32fun/ch32fun//../misc\libgcc.a(muldi3.o)
 .riscv.attributes
                0x0000000000000040       0x1f ../ch32fun/ch32fun//../misc\libgcc.a(div.o)

.debug_info     0x0000000000000000     0x7a97
 .debug_info    0x0000000000000000     0x2ae0 C:\Users\uni\AppData\Local\Temp\ch32-mess.elf.zyIYCO.ltrans0.ltrans.o
 .debug_info    0x0000000000002ae0     0x1188 C:\Users\uni\AppData\Local\Temp\ccH91RQf.debug.temp.o
                0x0000000000002ae0                ch32fun.c.963ac852
 .debug_info    0x0000000000003c68     0x3159 C:\Users\uni\AppData\Local\Temp\cc2ryIY2.debug.temp.o
                0x0000000000003c68                ch32_mess.c.4e1015f0
 .debug_info    0x0000000000006dc1      0x47c C:\Users\uni\AppData\Local\Temp\ccjU8XVP.debug.temp.o
                0x0000000000006dc1                nrf24l01_low_level.c.429e1874
 .debug_info    0x000000000000723d      0x7cc C:\Users\uni\AppData\Local\Temp\ccvfVMdp.debug.temp.o
                0x000000000000723d                lib_i2c.c.d894f163
 .debug_info    0x0000000000007a09       0x31 ../ch32fun/ch32fun//../misc\libgcc.a(muldi3.o)
 .debug_info    0x0000000000007a3a       0x5d ../ch32fun/ch32fun//../misc\libgcc.a(div.o)

.debug_abbrev   0x0000000000000000      0xb72
 .debug_abbrev  0x0000000000000000      0x213 C:\Users\uni\AppData\Local\Temp\ch32-mess.elf.zyIYCO.ltrans0.ltrans.o
 .debug_abbrev  0x0000000000000213      0x233 C:\Users\uni\AppData\Local\Temp\ccH91RQf.debug.temp.o
 .debug_abbrev  0x0000000000000446      0x378 C:\Users\uni\AppData\Local\Temp\cc2ryIY2.debug.temp.o
 .debug_abbrev  0x00000000000007be      0x171 C:\Users\uni\AppData\Local\Temp\ccjU8XVP.debug.temp.o
 .debug_abbrev  0x000000000000092f      0x1f3 C:\Users\uni\AppData\Local\Temp\ccvfVMdp.debug.temp.o
 .debug_abbrev  0x0000000000000b22       0x28 ../ch32fun/ch32fun//../misc\libgcc.a(muldi3.o)
 .debug_abbrev  0x0000000000000b4a       0x28 ../ch32fun/ch32fun//../misc\libgcc.a(div.o)

.debug_loc      0x0000000000000000     0x3dd1
 .debug_loc     0x0000000000000000     0x3dd1 C:\Users\uni\AppData\Local\Temp\ch32-mess.elf.zyIYCO.ltrans0.ltrans.o

.debug_aranges  0x0000000000000000      0x1e0
 .debug_aranges
                0x0000000000000000      0x1a0 C:\Users\uni\AppData\Local\Temp\ch32-mess.elf.zyIYCO.ltrans0.ltrans.o
 .debug_aranges
                0x00000000000001a0       0x20 ../ch32fun/ch32fun//../misc\libgcc.a(muldi3.o)
 .debug_aranges
                0x00000000000001c0       0x20 ../ch32fun/ch32fun//../misc\libgcc.a(div.o)

.debug_ranges   0x0000000000000000      0xdd0
 .debug_ranges  0x0000000000000000      0xdd0 C:\Users\uni\AppData\Local\Temp\ch32-mess.elf.zyIYCO.ltrans0.ltrans.o

.debug_line     0x0000000000000000     0x5a91
 .debug_line    0x0000000000000000     0x527a C:\Users\uni\AppData\Local\Temp\ch32-mess.elf.zyIYCO.ltrans0.ltrans.o
 .debug_line    0x000000000000527a      0x18e C:\Users\uni\AppData\Local\Temp\ccH91RQf.debug.temp.o
 .debug_line    0x0000000000005408      0x274 C:\Users\uni\AppData\Local\Temp\cc2ryIY2.debug.temp.o
 .debug_line    0x000000000000567c      0x10d C:\Users\uni\AppData\Local\Temp\ccjU8XVP.debug.temp.o
 .debug_line    0x0000000000005789      0x13b C:\Users\uni\AppData\Local\Temp\ccvfVMdp.debug.temp.o
 .debug_line    0x00000000000058c4       0x7a ../ch32fun/ch32fun//../misc\libgcc.a(muldi3.o)
 .debug_line    0x000000000000593e      0x153 ../ch32fun/ch32fun//../misc\libgcc.a(div.o)

.debug_str      0x0000000000000000     0x2093
 .debug_str     0x0000000000000000      0x19d C:\Users\uni\AppData\Local\Temp\ch32-mess.elf.zyIYCO.ltrans0.ltrans.o
                                        0x1bc (size before relaxing)
 .debug_str     0x000000000000019d      0x5d9 C:\Users\uni\AppData\Local\Temp\ccH91RQf.debug.temp.o
                                        0x70c (size before relaxing)
 .debug_str     0x0000000000000776     0x15e5 C:\Users\uni\AppData\Local\Temp\cc2ryIY2.debug.temp.o
                                       0x1a0a (size before relaxing)
 .debug_str     0x0000000000001d5b      0x102 C:\Users\uni\AppData\Local\Temp\ccjU8XVP.debug.temp.o
                                        0x43f (size before relaxing)
 .debug_str     0x0000000000001e5d      0x157 C:\Users\uni\AppData\Local\Temp\ccvfVMdp.debug.temp.o
                                        0x519 (size before relaxing)
 .debug_str     0x0000000000001fb4       0xa3 ../ch32fun/ch32fun//../misc\libgcc.a(muldi3.o)
                                         0xac (size before relaxing)
 .debug_str     0x0000000000002057       0x3c ../ch32fun/ch32fun//../misc\libgcc.a(div.o)
                                         0xd9 (size before relaxing)

.debug_frame    0x0000000000000000      0x57c
 .debug_frame   0x0000000000000000      0x57c C:\Users\uni\AppData\Local\Temp\ch32-mess.elf.zyIYCO.ltrans0.ltrans.o

.debug_line_str
                0x0000000000000000       0x9b
 .debug_line_str
                0x0000000000000000       0x95 ../ch32fun/ch32fun//../misc\libgcc.a(muldi3.o)
 .debug_line_str
                0x0000000000000095        0x6 ../ch32fun/ch32fun//../misc\libgcc.a(div.o)
                                         0x92 (size before relaxing)
