Archive member included to satisfy reference by file (symbol)

../ch32fun/ch32fun//../misc\libgcc.a(muldi3.o)
                              C:\Users\uni\AppData\Local\Temp\ch32-mess.elf.AFxImK.ltrans0.ltrans.o (__mulsi3)
../ch32fun/ch32fun//../misc\libgcc.a(div.o)
                              C:\Users\uni\AppData\Local\Temp\ch32-mess.elf.AFxImK.ltrans0.ltrans.o (__divsi3)

Discarded input sections

 .text          0x0000000000000000        0x0 C:\Users\uni\AppData\Local\Temp\ch32-mess.elf.AFxImK.ltrans0.ltrans.o
 .data          0x0000000000000000        0x0 C:\Users\uni\AppData\Local\Temp\ch32-mess.elf.AFxImK.ltrans0.ltrans.o
 .bss           0x0000000000000000        0x0 C:\Users\uni\AppData\Local\Temp\ch32-mess.elf.AFxImK.ltrans0.ltrans.o
 .text.vprintf  0x0000000000000000       0x16 C:\Users\uni\AppData\Local\Temp\ch32-mess.elf.AFxImK.ltrans0.ltrans.o
 .text.snprintf
                0x0000000000000000       0x1c C:\Users\uni\AppData\Local\Temp\ch32-mess.elf.AFxImK.ltrans0.ltrans.o
 .text.strcmp   0x0000000000000000       0x1a C:\Users\uni\AppData\Local\Temp\ch32-mess.elf.AFxImK.ltrans0.ltrans.o
 .text.strncmp  0x0000000000000000       0x2e C:\Users\uni\AppData\Local\Temp\ch32-mess.elf.AFxImK.ltrans0.ltrans.o
 .text.strchr   0x0000000000000000       0x16 C:\Users\uni\AppData\Local\Temp\ch32-mess.elf.AFxImK.ltrans0.ltrans.o
 .text.strrchr  0x0000000000000000       0x3c C:\Users\uni\AppData\Local\Temp\ch32-mess.elf.AFxImK.ltrans0.ltrans.o
 .text.memcmp   0x0000000000000000       0x26 C:\Users\uni\AppData\Local\Temp\ch32-mess.elf.AFxImK.ltrans0.ltrans.o
 .text.memmove  0x0000000000000000       0x5e C:\Users\uni\AppData\Local\Temp\ch32-mess.elf.AFxImK.ltrans0.ltrans.o
 .text.memchr   0x0000000000000000       0x1c C:\Users\uni\AppData\Local\Temp\ch32-mess.elf.AFxImK.ltrans0.ltrans.o
 .text.strnlen  0x0000000000000000       0x2a C:\Users\uni\AppData\Local\Temp\ch32-mess.elf.AFxImK.ltrans0.ltrans.o
 .text.twoway_strstr
                0x0000000000000000      0x236 C:\Users\uni\AppData\Local\Temp\ch32-mess.elf.AFxImK.ltrans0.ltrans.o
 .text.strstr   0x0000000000000000      0x140 C:\Users\uni\AppData\Local\Temp\ch32-mess.elf.AFxImK.ltrans0.ltrans.o
 .text.putchar  0x0000000000000000       0x72 C:\Users\uni\AppData\Local\Temp\ch32-mess.elf.AFxImK.ltrans0.ltrans.o
 .data.ADCPrescTable.lto_priv.0
                0x0000000000000000       0x14 C:\Users\uni\AppData\Local\Temp\ch32-mess.elf.AFxImK.ltrans0.ltrans.o
 .data.ADCPrescTable.lto_priv.1
                0x0000000000000000       0x14 C:\Users\uni\AppData\Local\Temp\ch32-mess.elf.AFxImK.ltrans0.ltrans.o
 .data.ADCPrescTable.lto_priv.2
                0x0000000000000000       0x14 C:\Users\uni\AppData\Local\Temp\ch32-mess.elf.AFxImK.ltrans0.ltrans.o
 .data.ADCPrescTable.lto_priv.3
                0x0000000000000000       0x14 C:\Users\uni\AppData\Local\Temp\ch32-mess.elf.AFxImK.ltrans0.ltrans.o
 .data.ADCPrescTable.lto_priv.4
                0x0000000000000000       0x14 C:\Users\uni\AppData\Local\Temp\ch32-mess.elf.AFxImK.ltrans0.ltrans.o
 .data.APBAHBPrescTable.lto_priv.0
                0x0000000000000000       0x10 C:\Users\uni\AppData\Local\Temp\ch32-mess.elf.AFxImK.ltrans0.ltrans.o
 .data.APBAHBPrescTable.lto_priv.1
                0x0000000000000000       0x10 C:\Users\uni\AppData\Local\Temp\ch32-mess.elf.AFxImK.ltrans0.ltrans.o
 .data.APBAHBPrescTable.lto_priv.2
                0x0000000000000000       0x10 C:\Users\uni\AppData\Local\Temp\ch32-mess.elf.AFxImK.ltrans0.ltrans.o
 .data.APBAHBPrescTable.lto_priv.3
                0x0000000000000000       0x10 C:\Users\uni\AppData\Local\Temp\ch32-mess.elf.AFxImK.ltrans0.ltrans.o
 .data.APBAHBPrescTable.lto_priv.4
                0x0000000000000000       0x10 C:\Users\uni\AppData\Local\Temp\ch32-mess.elf.AFxImK.ltrans0.ltrans.o
 .data.i2c_registers
                0x0000000000000000       0x20 C:\Users\uni\AppData\Local\Temp\ch32-mess.elf.AFxImK.ltrans0.ltrans.o
 .comment       0x0000000000000000       0x13 C:\Users\uni\AppData\Local\Temp\ch32-mess.elf.AFxImK.ltrans0.ltrans.o
 .comment       0x0000000000000000       0x13 C:\Users\uni\AppData\Local\Temp\ccsVNDvY.debug.temp.o
 .comment       0x0000000000000000       0x13 C:\Users\uni\AppData\Local\Temp\cccPg9OC.debug.temp.o
 .comment       0x0000000000000000       0x13 C:\Users\uni\AppData\Local\Temp\cciecUZg.debug.temp.o
 .debug_info    0x0000000000000000      0x56f C:\Users\uni\AppData\Local\Temp\ccwhUweV.debug.temp.o
 .debug_abbrev  0x0000000000000000      0x13d C:\Users\uni\AppData\Local\Temp\ccwhUweV.debug.temp.o
 .debug_line    0x0000000000000000       0xb9 C:\Users\uni\AppData\Local\Temp\ccwhUweV.debug.temp.o
 .debug_str     0x0000000000000000      0x637 C:\Users\uni\AppData\Local\Temp\ccwhUweV.debug.temp.o
 .comment       0x0000000000000000       0x13 C:\Users\uni\AppData\Local\Temp\ccwhUweV.debug.temp.o
 .comment       0x0000000000000000       0x13 C:\Users\uni\AppData\Local\Temp\ccCUS9lD.debug.temp.o
 .comment       0x0000000000000000       0x13 C:\Users\uni\AppData\Local\Temp\cckLMBAl.debug.temp.o
 .text          0x0000000000000000        0x0 C:\Users\uni\AppData\Local\Temp\ccm7ZVS1.o
 .data          0x0000000000000000        0x0 C:\Users\uni\AppData\Local\Temp\ccm7ZVS1.o
 .bss           0x0000000000000000        0x0 C:\Users\uni\AppData\Local\Temp\ccm7ZVS1.o
 .data          0x0000000000000000        0x0 ../ch32fun/ch32fun//../misc\libgcc.a(muldi3.o)
 .bss           0x0000000000000000        0x0 ../ch32fun/ch32fun//../misc\libgcc.a(muldi3.o)
 .data          0x0000000000000000        0x0 ../ch32fun/ch32fun//../misc\libgcc.a(div.o)
 .bss           0x0000000000000000        0x0 ../ch32fun/ch32fun//../misc\libgcc.a(div.o)

Memory Configuration

Name             Origin             Length             Attributes
FLASH            0x0000000000000000 0x0000000000004000 xr
RAM              0x0000000020000000 0x0000000000000800 xrw
*default*        0x0000000000000000 0xffffffffffffffff

Linker script and memory map

LOAD C:\Users\uni\AppData\Local\Temp\ccefxgxP.o
LOAD C:\Users\uni\AppData\Local\Temp\ch32-mess.elf.AFxImK.ltrans0.ltrans.o
LOAD C:\Users\uni\AppData\Local\Temp\ccsVNDvY.debug.temp.o
LOAD C:\Users\uni\AppData\Local\Temp\cccPg9OC.debug.temp.o
LOAD C:\Users\uni\AppData\Local\Temp\cciecUZg.debug.temp.o
LOAD C:\Users\uni\AppData\Local\Temp\ccwhUweV.debug.temp.o
LOAD C:\Users\uni\AppData\Local\Temp\ccCUS9lD.debug.temp.o
LOAD C:\Users\uni\AppData\Local\Temp\cckLMBAl.debug.temp.o
LOAD C:\Users\uni\AppData\Local\Temp\ccIAhk2T.o
LOAD C:\Users\uni\AppData\Local\Temp\ccgeG0a1.o
LOAD C:\Users\uni\AppData\Local\Temp\ccQWEKUg.o
LOAD C:\Users\uni\AppData\Local\Temp\cc01THND.o
LOAD C:\Users\uni\AppData\Local\Temp\ccm7ZVS1.o
LOAD C:\Users\uni\AppData\Local\Temp\ccsyNuxu.o
LOAD ../ch32fun/ch32fun//../misc\libgcc.a
LOAD ../ch32fun/ch32fun//../misc\libgcc.a

.init           0x0000000000000000       0xa0
                0x0000000000000000                _sinit = .
                0x0000000000000000                . = ALIGN (0x4)
 *(SORT_NONE(.init))
 .init          0x0000000000000000       0x9e C:\Users\uni\AppData\Local\Temp\ch32-mess.elf.AFxImK.ltrans0.ltrans.o
                0x0000000000000000                InterruptVector
                0x00000000000000a0                . = ALIGN (0x4)
 *fill*         0x000000000000009e        0x2 
                0x00000000000000a0                _einit = .

.text           0x00000000000000a0     0x2894
                0x00000000000000a0                . = ALIGN (0x4)
 *(.text)
 .text          0x00000000000000a0       0x16 ../ch32fun/ch32fun//../misc\libgcc.a(muldi3.o)
                0x00000000000000a0                __mulsi3
 *fill*         0x00000000000000b6        0x2 
 .text          0x00000000000000b8       0x7e ../ch32fun/ch32fun//../misc\libgcc.a(div.o)
                0x00000000000000b8                __divsi3
                0x00000000000000c0                __udivsi3
                0x00000000000000c0                __hidden___udivsi3
                0x00000000000000ec                __umodsi3
                0x0000000000000110                __modsi3
 *(.text.*)
 .text.mini_pad
                0x0000000000000136       0x9c C:\Users\uni\AppData\Local\Temp\ch32-mess.elf.AFxImK.ltrans0.ltrans.o
 .text._puts    0x00000000000001d2       0x42 C:\Users\uni\AppData\Local\Temp\ch32-mess.elf.AFxImK.ltrans0.ltrans.o
 .text.PrintHex
                0x0000000000000214       0x58 C:\Users\uni\AppData\Local\Temp\ch32-mess.elf.AFxImK.ltrans0.ltrans.o
 .text.mini_itoa.part.0
                0x000000000000026c       0xbe C:\Users\uni\AppData\Local\Temp\ch32-mess.elf.AFxImK.ltrans0.ltrans.o
 .text.i2c_error
                0x000000000000032a       0x92 C:\Users\uni\AppData\Local\Temp\ch32-mess.elf.AFxImK.ltrans0.ltrans.o
 .text.i2c_send_addr_write
                0x00000000000003bc       0x6c C:\Users\uni\AppData\Local\Temp\ch32-mess.elf.AFxImK.ltrans0.ltrans.o
 .text.i2c_ping
                0x0000000000000428       0x98 C:\Users\uni\AppData\Local\Temp\ch32-mess.elf.AFxImK.ltrans0.ltrans.o
 .text.i2c_write_raw.constprop.0
                0x00000000000004c0      0x144 C:\Users\uni\AppData\Local\Temp\ch32-mess.elf.AFxImK.ltrans0.ltrans.o
 .text.ssd1306_cmd
                0x0000000000000604       0x1c C:\Users\uni\AppData\Local\Temp\ch32-mess.elf.AFxImK.ltrans0.ltrans.o
 .text.Neo_render_colorFlashing.constprop.0
                0x0000000000000620      0x10e C:\Users\uni\AppData\Local\Temp\ch32-mess.elf.AFxImK.ltrans0.ltrans.o
 .text.WS2812FillBuffSec.constprop.0
                0x000000000000072e      0x4f0 C:\Users\uni\AppData\Local\Temp\ch32-mess.elf.AFxImK.ltrans0.ltrans.o
 .text.internal_handle_input.constprop.0
                0x0000000000000c1e        0xa C:\Users\uni\AppData\Local\Temp\ch32-mess.elf.AFxImK.ltrans0.ltrans.o
 .text._write.constprop.0
                0x0000000000000c28       0xf2 C:\Users\uni\AppData\Local\Temp\ch32-mess.elf.AFxImK.ltrans0.ltrans.o
 .text.__puts_uart
                0x0000000000000d1a       0x14 C:\Users\uni\AppData\Local\Temp\ch32-mess.elf.AFxImK.ltrans0.ltrans.o
 .text.handle_reset
                0x0000000000000d2e       0x72 C:\Users\uni\AppData\Local\Temp\ch32-mess.elf.AFxImK.ltrans0.ltrans.o
                0x0000000000000d2e                handle_reset
 .text.vector_handler
                0x0000000000000da0       0x66 C:\Users\uni\AppData\Local\Temp\ch32-mess.elf.AFxImK.ltrans0.ltrans.o
                0x0000000000000da0                EXTI2_IRQHandler
                0x0000000000000da0                TIM8_TRG_COM_IRQHandler
                0x0000000000000da0                TIM8_CC_IRQHandler
                0x0000000000000da0                UART8_IRQHandler
                0x0000000000000da0                TIM1_CC_IRQHandler
                0x0000000000000da0                HardFault_Handler
                0x0000000000000da0                GPIOB_IRQHandler
                0x0000000000000da0                USBPD_IRQHandler
                0x0000000000000da0                TIM6_IRQHandler
                0x0000000000000da0                GPIOA_IRQHandler
                0x0000000000000da0                PVD_IRQHandler
                0x0000000000000da0                SDIO_IRQHandler
                0x0000000000000da0                TIM9_BRK_IRQHandler
                0x0000000000000da0                DMA2_Channel8_IRQHandler
                0x0000000000000da0                USBWakeUp_IRQHandler
                0x0000000000000da0                CAN2_RX1_IRQHandler
                0x0000000000000da0                EXTI3_IRQHandler
                0x0000000000000da0                UART1_IRQHandler
                0x0000000000000da0                USBHS_IRQHandler
                0x0000000000000da0                DMA2_Channel9_IRQHandler
                0x0000000000000da0                TIM10_CC_IRQHandler
                0x0000000000000da0                EXTI25_16_IRQHandler
                0x0000000000000da0                USBFS_IRQHandler
                0x0000000000000da0                UART0_IRQHandler
                0x0000000000000da0                EXTI0_IRQHandler
                0x0000000000000da0                I2C2_EV_IRQHandler
                0x0000000000000da0                TIM10_TRG_COM_IRQHandler
                0x0000000000000da0                CAN2_SCE_IRQHandler
                0x0000000000000da0                ADC1_2_IRQHandler
                0x0000000000000da0                BB_IRQHandler
                0x0000000000000da0                Break_Point_Handler
                0x0000000000000da0                TIM2_CC_IRQHandler
                0x0000000000000da0                SPI1_IRQHandler
                0x0000000000000da0                TAMPER_IRQHandler
                0x0000000000000da0                TMR0_IRQHandler
                0x0000000000000da0                AWU_IRQHandler
                0x0000000000000da0                CAN2_RX0_IRQHandler
                0x0000000000000da0                OSCWakeUp_IRQHandler
                0x0000000000000da0                TIM8_UP_IRQHandler
                0x0000000000000da0                Ecall_M_Mode_Handler
                0x0000000000000da0                DMA2_Channel2_IRQHandler
                0x0000000000000da0                DMA1_Channel4_IRQHandler
                0x0000000000000da0                ADC1_IRQHandler
                0x0000000000000da0                TIM2_BRK_IRQHandler
                0x0000000000000da0                TIM9_UP_IRQHandler
                0x0000000000000da0                USART3_IRQHandler
                0x0000000000000da0                RTC_IRQHandler
                0x0000000000000da0                DMA1_Channel7_IRQHandler
                0x0000000000000da0                CAN1_RX1_IRQHandler
                0x0000000000000da0                DVP_IRQHandler
                0x0000000000000da0                UART5_IRQHandler
                0x0000000000000da0                EXTI15_8_IRQHandler
                0x0000000000000da0                TIM4_IRQHandler
                0x0000000000000da0                DMA2_Channel1_IRQHandler
                0x0000000000000da0                USBPD_WKUP_IRQHandler
                0x0000000000000da0                I2C1_EV_IRQHandler
                0x0000000000000da0                UART2_IRQHandler
                0x0000000000000da0                USART4_IRQHandler
                0x0000000000000da0                PWMX_IRQHandler
                0x0000000000000da0                DMA1_Channel6_IRQHandler
                0x0000000000000da0                UART4_IRQHandler
                0x0000000000000da0                DMA2_Channel4_IRQHandler
                0x0000000000000da0                TIM3_IRQHandler
                0x0000000000000da0                RCC_IRQHandler
                0x0000000000000da0                TIM1_TRG_COM_IRQHandler
                0x0000000000000da0                DMA1_Channel1_IRQHandler
                0x0000000000000da0                DMA2_Channel7_IRQHandler
                0x0000000000000da0                EXTI15_10_IRQHandler
                0x0000000000000da0                ADC_IRQHandler
                0x0000000000000da0                DMA1_Channel8_IRQHandler
                0x0000000000000da0                TMR2_IRQHandler
                0x0000000000000da0                DefaultIRQHandler
                0x0000000000000da0                TIM7_IRQHandler
                0x0000000000000da0                CAN2_TX_IRQHandler
                0x0000000000000da0                TIM5_IRQHandler
                0x0000000000000da0                TMR1_IRQHandler
                0x0000000000000da0                USB_IRQHandler
                0x0000000000000da0                EXTI9_5_IRQHandler
                0x0000000000000da0                PIOC_IRQHandler
                0x0000000000000da0                SPI2_IRQHandler
                0x0000000000000da0                OSC32KCal_IRQHandler
                0x0000000000000da0                I2C_IRQHandler
                0x0000000000000da0                TIM10_BRK_IRQHandler
                0x0000000000000da0                TIM9_CC_IRQHandler
                0x0000000000000da0                DMA2_Channel5_IRQHandler
                0x0000000000000da0                USB2_IRQHandler
                0x0000000000000da0                USBHSWakeUp_IRQHandler
                0x0000000000000da0                DMA1_Channel5_IRQHandler
                0x0000000000000da0                EXTI4_IRQHandler
                0x0000000000000da0                USB_LP_CAN1_RX0_IRQHandler
                0x0000000000000da0                RNG_IRQHandler
                0x0000000000000da0                USB_HP_CAN1_TX_IRQHandler
                0x0000000000000da0                LLE_IRQHandler
                0x0000000000000da0                FSMC_IRQHandler
                0x0000000000000da0                ETH_IRQHandler
                0x0000000000000da0                TIM1_UP_IRQHandler
                0x0000000000000da0                WWDG_IRQHandler
                0x0000000000000da0                DMA2_Channel11_IRQHandler
                0x0000000000000da0                WDOG_BAT_IRQHandler
                0x0000000000000da0                Ecall_U_Mode_Handler
                0x0000000000000da0                TMR3_IRQHandler
                0x0000000000000da0                DMA2_Channel6_IRQHandler
                0x0000000000000da0                TIM2_IRQHandler
                0x0000000000000da0                SW_Handler
                0x0000000000000da0                TIM1_BRK_IRQHandler
                0x0000000000000da0                OPA_IRQHandler
                0x0000000000000da0                DMA2_Channel10_IRQHandler
                0x0000000000000da0                EXTI1_IRQHandler
                0x0000000000000da0                SPI0_IRQHandler
                0x0000000000000da0                RTCAlarm_IRQHandler
                0x0000000000000da0                TIM10_UP_IRQHandler
                0x0000000000000da0                TIM9_TRG_COM_IRQHandler
                0x0000000000000da0                UART7_IRQHandler
                0x0000000000000da0                USART2_IRQHandler
                0x0000000000000da0                UART6_IRQHandler
                0x0000000000000da0                ETHWakeUp_IRQHandler
                0x0000000000000da0                I2C2_ER_IRQHandler
                0x0000000000000da0                DMA1_Channel2_IRQHandler
                0x0000000000000da0                TIM8_BRK_IRQHandler
                0x0000000000000da0                TIM2_TRG_IRQHandler
                0x0000000000000da0                CAN1_SCE_IRQHandler
                0x0000000000000da0                FLASH_IRQHandler
                0x0000000000000da0                USBFSWakeUp_IRQHandler
                0x0000000000000da0                USART1_IRQHandler
                0x0000000000000da0                OTG_FS_IRQHandler
                0x0000000000000da0                SPI3_IRQHandler
                0x0000000000000da0                USBFS_WakeUp_IRQHandler
                0x0000000000000da0                UART3_IRQHandler
                0x0000000000000da0                I2C1_ER_IRQHandler
                0x0000000000000da0                DMA2_Channel3_IRQHandler
                0x0000000000000df8                NMI_Handler
                0x0000000000000df8                NMI_RCC_CSS_IRQHandler
 .text.strlen   0x0000000000000e06       0x12 C:\Users\uni\AppData\Local\Temp\ch32-mess.elf.AFxImK.ltrans0.ltrans.o
                0x0000000000000e06                strlen
 .text.mini_vpprintf
                0x0000000000000e18      0x1b4 C:\Users\uni\AppData\Local\Temp\ch32-mess.elf.AFxImK.ltrans0.ltrans.o
 .text.printf   0x0000000000000fcc       0x28 C:\Users\uni\AppData\Local\Temp\ch32-mess.elf.AFxImK.ltrans0.ltrans.o
                0x0000000000000fcc                printf
 .text.mini_vsnprintf
                0x0000000000000ff4       0x30 C:\Users\uni\AppData\Local\Temp\ch32-mess.elf.AFxImK.ltrans0.ltrans.o
 .text.sprintf  0x0000000000001024       0x22 C:\Users\uni\AppData\Local\Temp\ch32-mess.elf.AFxImK.ltrans0.ltrans.o
                0x0000000000001024                sprintf
 .text.memset   0x0000000000001046       0x12 C:\Users\uni\AppData\Local\Temp\ch32-mess.elf.AFxImK.ltrans0.ltrans.o
                0x0000000000001046                memset
 .text.strcpy   0x0000000000001058       0x14 C:\Users\uni\AppData\Local\Temp\ch32-mess.elf.AFxImK.ltrans0.ltrans.o
                0x0000000000001058                strcpy
 .text.strncpy  0x000000000000106c       0x1c C:\Users\uni\AppData\Local\Temp\ch32-mess.elf.AFxImK.ltrans0.ltrans.o
                0x000000000000106c                strncpy
 .text.mngI2c_load_printBuff.constprop.0
                0x0000000000001088       0x50 C:\Users\uni\AppData\Local\Temp\ch32-mess.elf.AFxImK.ltrans0.ltrans.o
 .text.memcpy   0x00000000000010d8       0x1c C:\Users\uni\AppData\Local\Temp\ch32-mess.elf.AFxImK.ltrans0.ltrans.o
                0x00000000000010d8                memcpy
 .text.ssd1306_data.isra.0
                0x00000000000010f4       0x2c C:\Users\uni\AppData\Local\Temp\ch32-mess.elf.AFxImK.ltrans0.ltrans.o
 .text.ssd1306_print_str_at.constprop.0
                0x0000000000001120       0x72 C:\Users\uni\AppData\Local\Temp\ch32-mess.elf.AFxImK.ltrans0.ltrans.o
 .text.puts     0x0000000000001192       0x2c C:\Users\uni\AppData\Local\Temp\ch32-mess.elf.AFxImK.ltrans0.ltrans.o
                0x0000000000001192                puts
 .text.i2c_scan_callback
                0x00000000000011be       0x5a C:\Users\uni\AppData\Local\Temp\ch32-mess.elf.AFxImK.ltrans0.ltrans.o
 .text.SystemInit
                0x0000000000001218       0x58 C:\Users\uni\AppData\Local\Temp\ch32-mess.elf.AFxImK.ltrans0.ltrans.o
                0x0000000000001218                SystemInit
 .text.startup.main
                0x0000000000001270      0xada C:\Users\uni\AppData\Local\Temp\ch32-mess.elf.AFxImK.ltrans0.ltrans.o
                0x0000000000001270                main
 .text.SysTick_Handler
                0x0000000000001d4a       0x32 C:\Users\uni\AppData\Local\Temp\ch32-mess.elf.AFxImK.ltrans0.ltrans.o
 .text.DMA1_Channel3_IRQHandler
                0x0000000000001d7c       0x7e C:\Users\uni\AppData\Local\Temp\ch32-mess.elf.AFxImK.ltrans0.ltrans.o
 .text.usb_pid_handle_in
                0x0000000000001dfa       0xd0 C:\Users\uni\AppData\Local\Temp\ch32-mess.elf.AFxImK.ltrans0.ltrans.o
                0x0000000000001dfa                usb_pid_handle_in
 .text.usb_pid_handle_data
                0x0000000000001eca       0xf0 C:\Users\uni\AppData\Local\Temp\ch32-mess.elf.AFxImK.ltrans0.ltrans.o
                0x0000000000001eca                usb_pid_handle_data
 *fill*         0x0000000000001fba        0x2 
 .text.vector_handler
                0x0000000000001fbc      0x3f4 C:\Users\uni\AppData\Local\Temp\ccm7ZVS1.o
                0x0000000000001fbc                EXTI7_0_IRQHandler
                0x0000000000002270                usb_send_empty
                0x000000000000227e                usb_send_data
                0x00000000000023ac                always0
 *(.rodata)
 .rodata        0x00000000000023b0       0x34 C:\Users\uni\AppData\Local\Temp\ch32-mess.elf.AFxImK.ltrans0.ltrans.o
 *(.rodata*)
 .rodata.WS2812FillBuffSec.constprop.0
                0x00000000000023e4       0x14 C:\Users\uni\AppData\Local\Temp\ch32-mess.elf.AFxImK.ltrans0.ltrans.o
 .rodata.puts.str1.4
                0x00000000000023f8        0x2 C:\Users\uni\AppData\Local\Temp\ch32-mess.elf.AFxImK.ltrans0.ltrans.o
 *fill*         0x00000000000023fa        0x2 
 .rodata.i2c_scan_callback.str1.4
                0x00000000000023fc        0xc C:\Users\uni\AppData\Local\Temp\ch32-mess.elf.AFxImK.ltrans0.ltrans.o
 .rodata.main.str1.4
                0x0000000000002408       0xe6 C:\Users\uni\AppData\Local\Temp\ch32-mess.elf.AFxImK.ltrans0.ltrans.o
 *fill*         0x00000000000024ee        0x2 
 .rodata.FONT_7x5
                0x00000000000024f0      0x1db C:\Users\uni\AppData\Local\Temp\ch32-mess.elf.AFxImK.ltrans0.ltrans.o
 *fill*         0x00000000000026cb        0x1 
 .rodata.SIN_LUT2
                0x00000000000026cc      0x100 C:\Users\uni\AppData\Local\Temp\ch32-mess.elf.AFxImK.ltrans0.ltrans.o
 .rodata.bitquartets.5
                0x00000000000027cc       0x20 C:\Users\uni\AppData\Local\Temp\ch32-mess.elf.AFxImK.ltrans0.ltrans.o
 .rodata.config_descriptor
                0x00000000000027ec       0x3b C:\Users\uni\AppData\Local\Temp\ch32-mess.elf.AFxImK.ltrans0.ltrans.o
 *fill*         0x0000000000002827        0x1 
 .rodata.descriptor_list
                0x0000000000002828       0x60 C:\Users\uni\AppData\Local\Temp\ch32-mess.elf.AFxImK.ltrans0.ltrans.o
 .rodata.device_descriptor
                0x0000000000002888       0x12 C:\Users\uni\AppData\Local\Temp\ch32-mess.elf.AFxImK.ltrans0.ltrans.o
 *fill*         0x000000000000289a        0x2 
 .rodata.keyboard_hid_desc
                0x000000000000289c       0x45 C:\Users\uni\AppData\Local\Temp\ch32-mess.elf.AFxImK.ltrans0.ltrans.o
 *fill*         0x00000000000028e1        0x3 
 .rodata.mouse_hid_desc
                0x00000000000028e4       0x34 C:\Users\uni\AppData\Local\Temp\ch32-mess.elf.AFxImK.ltrans0.ltrans.o
 .rodata.ssd1306_init_array
                0x0000000000002918       0x1a C:\Users\uni\AppData\Local\Temp\ch32-mess.elf.AFxImK.ltrans0.ltrans.o
 *(.gnu.linkonce.t.*)
                0x0000000000002934                . = ALIGN (0x4)
 *fill*         0x0000000000002932        0x2 

.rela.dyn       0x0000000000002934        0x0
 .rela.text.mini_pad
                0x0000000000002934        0x0 C:\Users\uni\AppData\Local\Temp\ccm7ZVS1.o
 .rela.text.WS2812FillBuffSec.constprop.0
                0x0000000000002934        0x0 C:\Users\uni\AppData\Local\Temp\ccm7ZVS1.o
 .rela.text._write.constprop.0
                0x0000000000002934        0x0 C:\Users\uni\AppData\Local\Temp\ccm7ZVS1.o
 .rela.text.handle_reset
                0x0000000000002934        0x0 C:\Users\uni\AppData\Local\Temp\ccm7ZVS1.o
 .rela.text.mini_vpprintf
                0x0000000000002934        0x0 C:\Users\uni\AppData\Local\Temp\ccm7ZVS1.o
 .rela.text.mngI2c_load_printBuff.constprop.0
                0x0000000000002934        0x0 C:\Users\uni\AppData\Local\Temp\ccm7ZVS1.o
 .rela.text.ssd1306_data.isra.0
                0x0000000000002934        0x0 C:\Users\uni\AppData\Local\Temp\ccm7ZVS1.o
 .rela.text.puts
                0x0000000000002934        0x0 C:\Users\uni\AppData\Local\Temp\ccm7ZVS1.o
 .rela.text.i2c_scan_callback
                0x0000000000002934        0x0 C:\Users\uni\AppData\Local\Temp\ccm7ZVS1.o
 .rela.text.startup.main
                0x0000000000002934        0x0 C:\Users\uni\AppData\Local\Temp\ccm7ZVS1.o

.fini           0x0000000000002934        0x0
 *(SORT_NONE(.fini))
                0x0000000000002934                . = ALIGN (0x4)
                [!provide]                        PROVIDE (_etext = .)
                [!provide]                        PROVIDE (_eitcm = .)

.preinit_array  0x0000000000002934        0x0
                [!provide]                        PROVIDE (__preinit_array_start = .)
 *(.preinit_array)
                [!provide]                        PROVIDE (__preinit_array_end = .)

.init_array     0x0000000000002934        0x0
                [!provide]                        PROVIDE (__init_array_start = .)
 *(SORT_BY_INIT_PRIORITY(.init_array.*) SORT_BY_INIT_PRIORITY(.ctors.*))
 *(.init_array EXCLUDE_FILE(*crtend?.o *crtend.o *crtbegin?.o *crtbegin.o) .ctors)
                [!provide]                        PROVIDE (__init_array_end = .)

.fini_array     0x0000000000002934        0x0
                [!provide]                        PROVIDE (__fini_array_start = .)
 *(SORT_BY_INIT_PRIORITY(.fini_array.*) SORT_BY_INIT_PRIORITY(.dtors.*))
 *(.fini_array EXCLUDE_FILE(*crtend?.o *crtend.o *crtbegin?.o *crtbegin.o) .dtors)
                [!provide]                        PROVIDE (__fini_array_end = .)

.ctors
 *crtbegin.o(.ctors)
 *crtbegin?.o(.ctors)
 *(EXCLUDE_FILE(*crtend?.o *crtend.o) .ctors)
 *(SORT_BY_NAME(.ctors.*))
 *(.ctors)

.dtors
 *crtbegin.o(.dtors)
 *crtbegin?.o(.dtors)
 *(EXCLUDE_FILE(*crtend?.o *crtend.o) .dtors)
 *(SORT_BY_NAME(.dtors.*))
 *(.dtors)

.dalign         0x0000000020000000        0x0 load address 0x0000000000002934
                0x0000000020000000                . = ALIGN (0x4)
                0x0000000020000000                PROVIDE (_data_vma = .)

.dlalign        0x0000000000002934        0x0
                0x0000000000002934                . = ALIGN (0x4)
                0x0000000000002934                PROVIDE (_data_lma = .)

.data           0x0000000020000000       0x68 load address 0x0000000000002934
                0x0000000020000000                . = ALIGN (0x4)
                0x00000000200003fc                __global_pointer$ = (. + 0x3fc)
 *(.gnu.linkonce.r.*)
 *(.data .data.*)
 .data.button1.1
                0x0000000020000000       0x10 C:\Users\uni\AppData\Local\Temp\ch32-mess.elf.AFxImK.ltrans0.ltrans.o
 .data.color_arr
                0x0000000020000010        0xc C:\Users\uni\AppData\Local\Temp\ch32-mess.elf.AFxImK.ltrans0.ltrans.o
 .data.dev_ssd1306
                0x000000002000001c        0xc C:\Users\uni\AppData\Local\Temp\ch32-mess.elf.AFxImK.ltrans0.ltrans.o
 .data.leds_frame
                0x0000000020000028       0x14 C:\Users\uni\AppData\Local\Temp\ch32-mess.elf.AFxImK.ltrans0.ltrans.o
 .data.pwm_CH1c.0
                0x000000002000003c       0x10 C:\Users\uni\AppData\Local\Temp\ch32-mess.elf.AFxImK.ltrans0.ltrans.o
 *(.gnu.linkonce.d.*)
                0x0000000020000050                . = ALIGN (0x8)
 *fill*         0x000000002000004c        0x4 
 *(.sdata .sdata.*)
 .sdata.Neo_LedCmd
                0x0000000020000050        0x1 C:\Users\uni\AppData\Local\Temp\ch32-mess.elf.AFxImK.ltrans0.ltrans.o
 *fill*         0x0000000020000051        0x3 
 .sdata.color_ani
                0x0000000020000054        0x8 C:\Users\uni\AppData\Local\Temp\ch32-mess.elf.AFxImK.ltrans0.ltrans.o
 .sdata.flag_printBuff_data
                0x000000002000005c        0x1 C:\Users\uni\AppData\Local\Temp\ch32-mess.elf.AFxImK.ltrans0.ltrans.o
 *fill*         0x000000002000005d        0x3 
 .sdata.line.2  0x0000000020000060        0x4 C:\Users\uni\AppData\Local\Temp\ch32-mess.elf.AFxImK.ltrans0.ltrans.o
 .sdata.loading_char
                0x0000000020000064        0x4 C:\Users\uni\AppData\Local\Temp\ch32-mess.elf.AFxImK.ltrans0.ltrans.o
 *(.sdata2*)
 *(.gnu.linkonce.s.*)
                0x0000000020000068                . = ALIGN (0x8)
 *(.srodata.cst16)
 *(.srodata.cst8)
 *(.srodata.cst4)
 *(.srodata.cst2)
 *(.srodata .srodata.*)
                0x0000000020000068                . = ALIGN (0x4)
                0x0000000020000068                PROVIDE (_edata = .)

.bss            0x0000000020000068      0x5bc load address 0x000000000000299c
                0x0000000020000068                . = ALIGN (0x4)
                0x0000000020000068                PROVIDE (_sbss = .)
 *(.sbss*)
 .sbss.WS2812BLEDInUse
                0x0000000020000068        0x4 C:\Users\uni\AppData\Local\Temp\ch32-mess.elf.AFxImK.ltrans0.ltrans.o
 .sbss.WS2812LEDPlace
                0x000000002000006c        0x4 C:\Users\uni\AppData\Local\Temp\ch32-mess.elf.AFxImK.ltrans0.ltrans.o
 .sbss.WS2812LEDs
                0x0000000020000070        0x4 C:\Users\uni\AppData\Local\Temp\ch32-mess.elf.AFxImK.ltrans0.ltrans.o
 .sbss._i2c_timeout
                0x0000000020000074        0x4 C:\Users\uni\AppData\Local\Temp\ch32-mess.elf.AFxImK.ltrans0.ltrans.o
 .sbss.adc_buffer
                0x0000000020000078        0x4 C:\Users\uni\AppData\Local\Temp\ch32-mess.elf.AFxImK.ltrans0.ltrans.o
 .sbss.printBuff_idx
                0x000000002000007c        0x1 C:\Users\uni\AppData\Local\Temp\ch32-mess.elf.AFxImK.ltrans0.ltrans.o
 *fill*         0x000000002000007d        0x3 
 .sbss.ssd1306_buffer
                0x0000000020000080        0x1 C:\Users\uni\AppData\Local\Temp\ch32-mess.elf.AFxImK.ltrans0.ltrans.o
 *fill*         0x0000000020000081        0x3 
 .sbss.systick_millis
                0x0000000020000084        0x4 C:\Users\uni\AppData\Local\Temp\ch32-mess.elf.AFxImK.ltrans0.ltrans.o
 .sbss.tsajoystick
                0x0000000020000088        0x8 C:\Users\uni\AppData\Local\Temp\ch32-mess.elf.AFxImK.ltrans0.ltrans.o
 *(.gnu.linkonce.sb.*)
 *(.bss*)
 .bss.WS2812dmabuff
                0x0000000020000090       0x60 C:\Users\uni\AppData\Local\Temp\ch32-mess.elf.AFxImK.ltrans0.ltrans.o
 .bss.frame_buffer
                0x00000000200000f0      0x400 C:\Users\uni\AppData\Local\Temp\ch32-mess.elf.AFxImK.ltrans0.ltrans.o
 .bss.led_arr   0x00000000200004f0       0x18 C:\Users\uni\AppData\Local\Temp\ch32-mess.elf.AFxImK.ltrans0.ltrans.o
 .bss.printBuff
                0x0000000020000508       0x82 C:\Users\uni\AppData\Local\Temp\ch32-mess.elf.AFxImK.ltrans0.ltrans.o
 *fill*         0x000000002000058a        0x2 
 .bss.rv003usb_internal_data
                0x000000002000058c       0x7c C:\Users\uni\AppData\Local\Temp\ch32-mess.elf.AFxImK.ltrans0.ltrans.o
                0x000000002000058c                rv003usb_internal_data
 .bss.str_output
                0x0000000020000608       0x19 C:\Users\uni\AppData\Local\Temp\ch32-mess.elf.AFxImK.ltrans0.ltrans.o
 *(.gnu.linkonce.b.*)
 *(COMMON*)
                0x0000000020000624                . = ALIGN (0x4)
 *fill*         0x0000000020000621        0x3 
                0x0000000020000624                PROVIDE (_ebss = .)
                [!provide]                        PROVIDE (_end = _ebss)
                [!provide]                        PROVIDE (end = .)
                0x0000000020000800                PROVIDE (_eusrstack = (ORIGIN (RAM) + LENGTH (RAM)))

/DISCARD/
 *(.note .note.*)
 *(.eh_frame .eh_frame.*)
 *(.comment .comment.*)
 *(.ARM.extab* .gnu.linkonce.armextab.*)
 *(.ARM.exidx*)
OUTPUT(ch32-mess.elf elf32-littleriscv)

.riscv.attributes
                0x0000000000000000       0x21
 .riscv.attributes
                0x0000000000000000       0x21 C:\Users\uni\AppData\Local\Temp\ch32-mess.elf.AFxImK.ltrans0.ltrans.o
 .riscv.attributes
                0x0000000000000021       0x1f C:\Users\uni\AppData\Local\Temp\ccm7ZVS1.o
 .riscv.attributes
                0x0000000000000040       0x1f ../ch32fun/ch32fun//../misc\libgcc.a(muldi3.o)
 .riscv.attributes
                0x000000000000005f       0x1f ../ch32fun/ch32fun//../misc\libgcc.a(div.o)

.debug_info     0x0000000000000000     0x8af7
 .debug_info    0x0000000000000000     0x2b38 C:\Users\uni\AppData\Local\Temp\ch32-mess.elf.AFxImK.ltrans0.ltrans.o
 .debug_info    0x0000000000002b38     0x1188 C:\Users\uni\AppData\Local\Temp\ccsVNDvY.debug.temp.o
                0x0000000000002b38                ch32fun.c.963ac852
 .debug_info    0x0000000000003cc0     0x333d C:\Users\uni\AppData\Local\Temp\cccPg9OC.debug.temp.o
                0x0000000000003cc0                ch32_mess.c.4e4dc584
 .debug_info    0x0000000000006ffd      0x47c C:\Users\uni\AppData\Local\Temp\cciecUZg.debug.temp.o
                0x0000000000006ffd                nrf24l01_low_level.c.429e1874
 .debug_info    0x0000000000007479      0x7cc C:\Users\uni\AppData\Local\Temp\ccCUS9lD.debug.temp.o
                0x0000000000007479                lib_i2c.c.d894f163
 .debug_info    0x0000000000007c45      0xdfe C:\Users\uni\AppData\Local\Temp\cckLMBAl.debug.temp.o
                0x0000000000007c45                rv003usb.c.2a5f0f89
 .debug_info    0x0000000000008a43       0x26 C:\Users\uni\AppData\Local\Temp\ccm7ZVS1.o
 .debug_info    0x0000000000008a69       0x31 ../ch32fun/ch32fun//../misc\libgcc.a(muldi3.o)
 .debug_info    0x0000000000008a9a       0x5d ../ch32fun/ch32fun//../misc\libgcc.a(div.o)

.debug_abbrev   0x0000000000000000      0xdd5
 .debug_abbrev  0x0000000000000000      0x234 C:\Users\uni\AppData\Local\Temp\ch32-mess.elf.AFxImK.ltrans0.ltrans.o
 .debug_abbrev  0x0000000000000234      0x233 C:\Users\uni\AppData\Local\Temp\ccsVNDvY.debug.temp.o
 .debug_abbrev  0x0000000000000467      0x389 C:\Users\uni\AppData\Local\Temp\cccPg9OC.debug.temp.o
 .debug_abbrev  0x00000000000007f0      0x171 C:\Users\uni\AppData\Local\Temp\cciecUZg.debug.temp.o
 .debug_abbrev  0x0000000000000961      0x1f3 C:\Users\uni\AppData\Local\Temp\ccCUS9lD.debug.temp.o
 .debug_abbrev  0x0000000000000b54      0x21d C:\Users\uni\AppData\Local\Temp\cckLMBAl.debug.temp.o
 .debug_abbrev  0x0000000000000d71       0x14 C:\Users\uni\AppData\Local\Temp\ccm7ZVS1.o
 .debug_abbrev  0x0000000000000d85       0x28 ../ch32fun/ch32fun//../misc\libgcc.a(muldi3.o)
 .debug_abbrev  0x0000000000000dad       0x28 ../ch32fun/ch32fun//../misc\libgcc.a(div.o)

.debug_loc      0x0000000000000000     0x3f49
 .debug_loc     0x0000000000000000     0x3f49 C:\Users\uni\AppData\Local\Temp\ch32-mess.elf.AFxImK.ltrans0.ltrans.o

.debug_aranges  0x0000000000000000      0x210
 .debug_aranges
                0x0000000000000000      0x1b0 C:\Users\uni\AppData\Local\Temp\ch32-mess.elf.AFxImK.ltrans0.ltrans.o
 .debug_aranges
                0x00000000000001b0       0x20 C:\Users\uni\AppData\Local\Temp\ccm7ZVS1.o
 .debug_aranges
                0x00000000000001d0       0x20 ../ch32fun/ch32fun//../misc\libgcc.a(muldi3.o)
 .debug_aranges
                0x00000000000001f0       0x20 ../ch32fun/ch32fun//../misc\libgcc.a(div.o)

.debug_ranges   0x0000000000000000      0xc58
 .debug_ranges  0x0000000000000000      0xc58 C:\Users\uni\AppData\Local\Temp\ch32-mess.elf.AFxImK.ltrans0.ltrans.o

.debug_line     0x0000000000000000     0x6495
 .debug_line    0x0000000000000000     0x52cd C:\Users\uni\AppData\Local\Temp\ch32-mess.elf.AFxImK.ltrans0.ltrans.o
 .debug_line    0x00000000000052cd      0x18e C:\Users\uni\AppData\Local\Temp\ccsVNDvY.debug.temp.o
 .debug_line    0x000000000000545b      0x2a9 C:\Users\uni\AppData\Local\Temp\cccPg9OC.debug.temp.o
 .debug_line    0x0000000000005704      0x10d C:\Users\uni\AppData\Local\Temp\cciecUZg.debug.temp.o
 .debug_line    0x0000000000005811      0x13b C:\Users\uni\AppData\Local\Temp\ccCUS9lD.debug.temp.o
 .debug_line    0x000000000000594c      0x141 C:\Users\uni\AppData\Local\Temp\cckLMBAl.debug.temp.o
 .debug_line    0x0000000000005a8d      0x83b C:\Users\uni\AppData\Local\Temp\ccm7ZVS1.o
 .debug_line    0x00000000000062c8       0x7a ../ch32fun/ch32fun//../misc\libgcc.a(muldi3.o)
 .debug_line    0x0000000000006342      0x153 ../ch32fun/ch32fun//../misc\libgcc.a(div.o)

.debug_str      0x0000000000000000     0x2f98
 .debug_str     0x0000000000000000      0x171 C:\Users\uni\AppData\Local\Temp\ch32-mess.elf.AFxImK.ltrans0.ltrans.o
                                        0x1c1 (size before relaxing)
 .debug_str     0x0000000000000171      0x5e0 C:\Users\uni\AppData\Local\Temp\ccsVNDvY.debug.temp.o
                                        0x70c (size before relaxing)
 .debug_str     0x0000000000000751     0x171a C:\Users\uni\AppData\Local\Temp\cccPg9OC.debug.temp.o
                                       0x1b45 (size before relaxing)
 .debug_str     0x0000000000001e6b      0x102 C:\Users\uni\AppData\Local\Temp\cciecUZg.debug.temp.o
                                        0x43f (size before relaxing)
 .debug_str     0x0000000000001f6d      0x157 C:\Users\uni\AppData\Local\Temp\ccCUS9lD.debug.temp.o
                                        0x519 (size before relaxing)
 .debug_str     0x00000000000020c4      0xd8c C:\Users\uni\AppData\Local\Temp\cckLMBAl.debug.temp.o
                                       0x13c9 (size before relaxing)
 .debug_str     0x0000000000002e50       0x69 C:\Users\uni\AppData\Local\Temp\ccm7ZVS1.o
 .debug_str     0x0000000000002eb9       0xa3 ../ch32fun/ch32fun//../misc\libgcc.a(muldi3.o)
                                         0xac (size before relaxing)
 .debug_str     0x0000000000002f5c       0x3c ../ch32fun/ch32fun//../misc\libgcc.a(div.o)
                                         0xd9 (size before relaxing)

.debug_frame    0x0000000000000000      0x5c8
 .debug_frame   0x0000000000000000      0x5c8 C:\Users\uni\AppData\Local\Temp\ch32-mess.elf.AFxImK.ltrans0.ltrans.o

.debug_line_str
                0x0000000000000000       0x9b
 .debug_line_str
                0x0000000000000000       0x95 ../ch32fun/ch32fun//../misc\libgcc.a(muldi3.o)
 .debug_line_str
                0x0000000000000095        0x6 ../ch32fun/ch32fun//../misc\libgcc.a(div.o)
                                         0x92 (size before relaxing)
