Archive member included to satisfy reference by file (symbol)

../ch32fun/ch32fun//../misc\libgcc.a(muldi3.o)
                              C:\Users\uni\AppData\Local\Temp\ch32-mess.elf.rTSBhB.ltrans0.ltrans.o (__mulsi3)
../ch32fun/ch32fun//../misc\libgcc.a(div.o)
                              C:\Users\uni\AppData\Local\Temp\ch32-mess.elf.rTSBhB.ltrans0.ltrans.o (__divsi3)

Discarded input sections

 .text          0x0000000000000000        0x0 C:\Users\uni\AppData\Local\Temp\ch32-mess.elf.rTSBhB.ltrans0.ltrans.o
 .data          0x0000000000000000        0x0 C:\Users\uni\AppData\Local\Temp\ch32-mess.elf.rTSBhB.ltrans0.ltrans.o
 .bss           0x0000000000000000        0x0 C:\Users\uni\AppData\Local\Temp\ch32-mess.elf.rTSBhB.ltrans0.ltrans.o
 .text.vprintf  0x0000000000000000       0x16 C:\Users\uni\AppData\Local\Temp\ch32-mess.elf.rTSBhB.ltrans0.ltrans.o
 .text.snprintf
                0x0000000000000000       0x1c C:\Users\uni\AppData\Local\Temp\ch32-mess.elf.rTSBhB.ltrans0.ltrans.o
 .text.strncpy  0x0000000000000000       0x1c C:\Users\uni\AppData\Local\Temp\ch32-mess.elf.rTSBhB.ltrans0.ltrans.o
 .text.strcmp   0x0000000000000000       0x1a C:\Users\uni\AppData\Local\Temp\ch32-mess.elf.rTSBhB.ltrans0.ltrans.o
 .text.strncmp  0x0000000000000000       0x2e C:\Users\uni\AppData\Local\Temp\ch32-mess.elf.rTSBhB.ltrans0.ltrans.o
 .text.strchr   0x0000000000000000       0x16 C:\Users\uni\AppData\Local\Temp\ch32-mess.elf.rTSBhB.ltrans0.ltrans.o
 .text.strrchr  0x0000000000000000       0x3c C:\Users\uni\AppData\Local\Temp\ch32-mess.elf.rTSBhB.ltrans0.ltrans.o
 .text.memcmp   0x0000000000000000       0x26 C:\Users\uni\AppData\Local\Temp\ch32-mess.elf.rTSBhB.ltrans0.ltrans.o
 .text.memmove  0x0000000000000000       0x5e C:\Users\uni\AppData\Local\Temp\ch32-mess.elf.rTSBhB.ltrans0.ltrans.o
 .text.memchr   0x0000000000000000       0x1c C:\Users\uni\AppData\Local\Temp\ch32-mess.elf.rTSBhB.ltrans0.ltrans.o
 .text.strnlen  0x0000000000000000       0x2a C:\Users\uni\AppData\Local\Temp\ch32-mess.elf.rTSBhB.ltrans0.ltrans.o
 .text.twoway_strstr
                0x0000000000000000      0x236 C:\Users\uni\AppData\Local\Temp\ch32-mess.elf.rTSBhB.ltrans0.ltrans.o
 .text.strstr   0x0000000000000000      0x140 C:\Users\uni\AppData\Local\Temp\ch32-mess.elf.rTSBhB.ltrans0.ltrans.o
 .text.putchar  0x0000000000000000       0x72 C:\Users\uni\AppData\Local\Temp\ch32-mess.elf.rTSBhB.ltrans0.ltrans.o
 .text.EHSVtoHEX
                0x0000000000000000      0x1e0 C:\Users\uni\AppData\Local\Temp\ch32-mess.elf.rTSBhB.ltrans0.ltrans.o
 .data.ADCPrescTable.lto_priv.0
                0x0000000000000000       0x14 C:\Users\uni\AppData\Local\Temp\ch32-mess.elf.rTSBhB.ltrans0.ltrans.o
 .data.ADCPrescTable.lto_priv.1
                0x0000000000000000       0x14 C:\Users\uni\AppData\Local\Temp\ch32-mess.elf.rTSBhB.ltrans0.ltrans.o
 .data.ADCPrescTable.lto_priv.2
                0x0000000000000000       0x14 C:\Users\uni\AppData\Local\Temp\ch32-mess.elf.rTSBhB.ltrans0.ltrans.o
 .data.ADCPrescTable.lto_priv.3
                0x0000000000000000       0x14 C:\Users\uni\AppData\Local\Temp\ch32-mess.elf.rTSBhB.ltrans0.ltrans.o
 .data.APBAHBPrescTable.lto_priv.0
                0x0000000000000000       0x10 C:\Users\uni\AppData\Local\Temp\ch32-mess.elf.rTSBhB.ltrans0.ltrans.o
 .data.APBAHBPrescTable.lto_priv.1
                0x0000000000000000       0x10 C:\Users\uni\AppData\Local\Temp\ch32-mess.elf.rTSBhB.ltrans0.ltrans.o
 .data.APBAHBPrescTable.lto_priv.2
                0x0000000000000000       0x10 C:\Users\uni\AppData\Local\Temp\ch32-mess.elf.rTSBhB.ltrans0.ltrans.o
 .data.APBAHBPrescTable.lto_priv.3
                0x0000000000000000       0x10 C:\Users\uni\AppData\Local\Temp\ch32-mess.elf.rTSBhB.ltrans0.ltrans.o
 .sbss.adc_buffer
                0x0000000000000000        0x4 C:\Users\uni\AppData\Local\Temp\ch32-mess.elf.rTSBhB.ltrans0.ltrans.o
 .sbss.bDMA     0x0000000000000000        0x4 C:\Users\uni\AppData\Local\Temp\ch32-mess.elf.rTSBhB.ltrans0.ltrans.o
 .comment       0x0000000000000000       0x13 C:\Users\uni\AppData\Local\Temp\ch32-mess.elf.rTSBhB.ltrans0.ltrans.o
 .comment       0x0000000000000000       0x13 C:\Users\uni\AppData\Local\Temp\ccLuCkIx.debug.temp.o
 .comment       0x0000000000000000       0x13 C:\Users\uni\AppData\Local\Temp\ccgXy3N2.debug.temp.o
 .comment       0x0000000000000000       0x13 C:\Users\uni\AppData\Local\Temp\cclWIFky.debug.temp.o
 .debug_info    0x0000000000000000      0x56f C:\Users\uni\AppData\Local\Temp\ccM0J0V3.debug.temp.o
 .debug_abbrev  0x0000000000000000      0x13d C:\Users\uni\AppData\Local\Temp\ccM0J0V3.debug.temp.o
 .debug_line    0x0000000000000000       0xb9 C:\Users\uni\AppData\Local\Temp\ccM0J0V3.debug.temp.o
 .debug_str     0x0000000000000000      0x637 C:\Users\uni\AppData\Local\Temp\ccM0J0V3.debug.temp.o
 .comment       0x0000000000000000       0x13 C:\Users\uni\AppData\Local\Temp\ccM0J0V3.debug.temp.o
 .comment       0x0000000000000000       0x13 C:\Users\uni\AppData\Local\Temp\ccnedLjz.debug.temp.o
 .text          0x0000000000000000       0x18 ../ch32fun/ch32fun//../misc\libgcc.a(muldi3.o)
 .data          0x0000000000000000        0x0 ../ch32fun/ch32fun//../misc\libgcc.a(muldi3.o)
 .bss           0x0000000000000000        0x0 ../ch32fun/ch32fun//../misc\libgcc.a(muldi3.o)
 .debug_line    0x0000000000000000       0x7a ../ch32fun/ch32fun//../misc\libgcc.a(muldi3.o)
 .debug_line_str
                0x0000000000000000       0x95 ../ch32fun/ch32fun//../misc\libgcc.a(muldi3.o)
 .debug_info    0x0000000000000000       0x31 ../ch32fun/ch32fun//../misc\libgcc.a(muldi3.o)
 .debug_abbrev  0x0000000000000000       0x28 ../ch32fun/ch32fun//../misc\libgcc.a(muldi3.o)
 .debug_aranges
                0x0000000000000000       0x20 ../ch32fun/ch32fun//../misc\libgcc.a(muldi3.o)
 .debug_str     0x0000000000000000       0xac ../ch32fun/ch32fun//../misc\libgcc.a(muldi3.o)
 .riscv.attributes
                0x0000000000000000       0x1f ../ch32fun/ch32fun//../misc\libgcc.a(muldi3.o)
 .data          0x0000000000000000        0x0 ../ch32fun/ch32fun//../misc\libgcc.a(div.o)
 .bss           0x0000000000000000        0x0 ../ch32fun/ch32fun//../misc\libgcc.a(div.o)

Memory Configuration

Name             Origin             Length             Attributes
FLASH            0x0000000000000000 0x0000000000004000 xr
RAM              0x0000000020000000 0x0000000000000800 xrw
*default*        0x0000000000000000 0xffffffffffffffff

Linker script and memory map

LOAD C:\Users\uni\AppData\Local\Temp\cc2474GO.o
LOAD C:\Users\uni\AppData\Local\Temp\ch32-mess.elf.rTSBhB.ltrans0.ltrans.o
LOAD C:\Users\uni\AppData\Local\Temp\ccLuCkIx.debug.temp.o
LOAD C:\Users\uni\AppData\Local\Temp\ccgXy3N2.debug.temp.o
LOAD C:\Users\uni\AppData\Local\Temp\cclWIFky.debug.temp.o
LOAD C:\Users\uni\AppData\Local\Temp\ccM0J0V3.debug.temp.o
LOAD C:\Users\uni\AppData\Local\Temp\ccnedLjz.debug.temp.o
LOAD C:\Users\uni\AppData\Local\Temp\ccW28ddi.o
LOAD C:\Users\uni\AppData\Local\Temp\cci3ZGcf.o
LOAD C:\Users\uni\AppData\Local\Temp\ccIRhHqn.o
LOAD C:\Users\uni\AppData\Local\Temp\ccflfZZE.o
LOAD ../ch32fun/ch32fun//../misc\libgcc.a
LOAD ../ch32fun/ch32fun//../misc\libgcc.a

.init           0x0000000000000000       0xa0
                0x0000000000000000                _sinit = .
                0x0000000000000000                . = ALIGN (0x4)
 *(SORT_NONE(.init))
 .init          0x0000000000000000       0x9e C:\Users\uni\AppData\Local\Temp\ch32-mess.elf.rTSBhB.ltrans0.ltrans.o
                0x0000000000000000                InterruptVector
                0x00000000000000a0                . = ALIGN (0x4)
 *fill*         0x000000000000009e        0x2 
                0x00000000000000a0                _einit = .

.text           0x00000000000000a0     0x1748
                0x00000000000000a0                . = ALIGN (0x4)
 *(.text)
 .text          0x00000000000000a0       0x7e ../ch32fun/ch32fun//../misc\libgcc.a(div.o)
                0x00000000000000a0                __divsi3
                0x00000000000000a8                __udivsi3
                0x00000000000000a8                __hidden___udivsi3
                0x00000000000000d4                __umodsi3
                0x00000000000000f8                __modsi3
 *(.text.*)
 .text.mini_pad
                0x000000000000011e       0x9c C:\Users\uni\AppData\Local\Temp\ch32-mess.elf.rTSBhB.ltrans0.ltrans.o
 .text._puts    0x00000000000001ba       0x42 C:\Users\uni\AppData\Local\Temp\ch32-mess.elf.rTSBhB.ltrans0.ltrans.o
 .text.PrintHex
                0x00000000000001fc       0x58 C:\Users\uni\AppData\Local\Temp\ch32-mess.elf.rTSBhB.ltrans0.ltrans.o
 .text.mini_itoa.part.0
                0x0000000000000254       0xbe C:\Users\uni\AppData\Local\Temp\ch32-mess.elf.rTSBhB.ltrans0.ltrans.o
 .text.i2c_error
                0x0000000000000312       0x92 C:\Users\uni\AppData\Local\Temp\ch32-mess.elf.rTSBhB.ltrans0.ltrans.o
 .text.i2c_send_addr_write
                0x00000000000003a4       0x6c C:\Users\uni\AppData\Local\Temp\ch32-mess.elf.rTSBhB.ltrans0.ltrans.o
 .text.i2c_ping
                0x0000000000000410       0x98 C:\Users\uni\AppData\Local\Temp\ch32-mess.elf.rTSBhB.ltrans0.ltrans.o
 .text.i2c_write_raw.constprop.0
                0x00000000000004a8      0x144 C:\Users\uni\AppData\Local\Temp\ch32-mess.elf.rTSBhB.ltrans0.ltrans.o
 .text.ssd1306_cmd
                0x00000000000005ec       0x1c C:\Users\uni\AppData\Local\Temp\ch32-mess.elf.rTSBhB.ltrans0.ltrans.o
 .text.internal_handle_input.constprop.0
                0x0000000000000608        0xa C:\Users\uni\AppData\Local\Temp\ch32-mess.elf.rTSBhB.ltrans0.ltrans.o
 .text._write.constprop.0
                0x0000000000000612       0xf2 C:\Users\uni\AppData\Local\Temp\ch32-mess.elf.rTSBhB.ltrans0.ltrans.o
 .text.__puts_uart
                0x0000000000000704       0x14 C:\Users\uni\AppData\Local\Temp\ch32-mess.elf.rTSBhB.ltrans0.ltrans.o
 .text.handle_reset
                0x0000000000000718       0x76 C:\Users\uni\AppData\Local\Temp\ch32-mess.elf.rTSBhB.ltrans0.ltrans.o
                0x0000000000000718                handle_reset
 .text.vector_handler
                0x000000000000078e       0x5e C:\Users\uni\AppData\Local\Temp\ch32-mess.elf.rTSBhB.ltrans0.ltrans.o
                0x000000000000078e                EXTI2_IRQHandler
                0x000000000000078e                TIM8_TRG_COM_IRQHandler
                0x000000000000078e                TIM8_CC_IRQHandler
                0x000000000000078e                UART8_IRQHandler
                0x000000000000078e                TIM1_CC_IRQHandler
                0x000000000000078e                HardFault_Handler
                0x000000000000078e                GPIOB_IRQHandler
                0x000000000000078e                USBPD_IRQHandler
                0x000000000000078e                TIM6_IRQHandler
                0x000000000000078e                GPIOA_IRQHandler
                0x000000000000078e                PVD_IRQHandler
                0x000000000000078e                SDIO_IRQHandler
                0x000000000000078e                TIM9_BRK_IRQHandler
                0x000000000000078e                DMA2_Channel8_IRQHandler
                0x000000000000078e                USBWakeUp_IRQHandler
                0x000000000000078e                CAN2_RX1_IRQHandler
                0x000000000000078e                EXTI3_IRQHandler
                0x000000000000078e                UART1_IRQHandler
                0x000000000000078e                USBHS_IRQHandler
                0x000000000000078e                DMA2_Channel9_IRQHandler
                0x000000000000078e                TIM10_CC_IRQHandler
                0x000000000000078e                EXTI25_16_IRQHandler
                0x000000000000078e                USBFS_IRQHandler
                0x000000000000078e                UART0_IRQHandler
                0x000000000000078e                EXTI0_IRQHandler
                0x000000000000078e                I2C2_EV_IRQHandler
                0x000000000000078e                TIM10_TRG_COM_IRQHandler
                0x000000000000078e                CAN2_SCE_IRQHandler
                0x000000000000078e                ADC1_2_IRQHandler
                0x000000000000078e                BB_IRQHandler
                0x000000000000078e                Break_Point_Handler
                0x000000000000078e                TIM2_CC_IRQHandler
                0x000000000000078e                SPI1_IRQHandler
                0x000000000000078e                TAMPER_IRQHandler
                0x000000000000078e                TMR0_IRQHandler
                0x000000000000078e                AWU_IRQHandler
                0x000000000000078e                EXTI7_0_IRQHandler
                0x000000000000078e                CAN2_RX0_IRQHandler
                0x000000000000078e                OSCWakeUp_IRQHandler
                0x000000000000078e                TIM8_UP_IRQHandler
                0x000000000000078e                Ecall_M_Mode_Handler
                0x000000000000078e                DMA2_Channel2_IRQHandler
                0x000000000000078e                ADC1_IRQHandler
                0x000000000000078e                TIM2_BRK_IRQHandler
                0x000000000000078e                TIM9_UP_IRQHandler
                0x000000000000078e                USART3_IRQHandler
                0x000000000000078e                RTC_IRQHandler
                0x000000000000078e                DMA1_Channel7_IRQHandler
                0x000000000000078e                CAN1_RX1_IRQHandler
                0x000000000000078e                DVP_IRQHandler
                0x000000000000078e                UART5_IRQHandler
                0x000000000000078e                EXTI15_8_IRQHandler
                0x000000000000078e                TIM4_IRQHandler
                0x000000000000078e                DMA2_Channel1_IRQHandler
                0x000000000000078e                USBPD_WKUP_IRQHandler
                0x000000000000078e                UART2_IRQHandler
                0x000000000000078e                USART4_IRQHandler
                0x000000000000078e                PWMX_IRQHandler
                0x000000000000078e                DMA1_Channel6_IRQHandler
                0x000000000000078e                UART4_IRQHandler
                0x000000000000078e                DMA2_Channel4_IRQHandler
                0x000000000000078e                TIM3_IRQHandler
                0x000000000000078e                RCC_IRQHandler
                0x000000000000078e                TIM1_TRG_COM_IRQHandler
                0x000000000000078e                DMA1_Channel1_IRQHandler
                0x000000000000078e                DMA2_Channel7_IRQHandler
                0x000000000000078e                EXTI15_10_IRQHandler
                0x000000000000078e                ADC_IRQHandler
                0x000000000000078e                DMA1_Channel8_IRQHandler
                0x000000000000078e                TMR2_IRQHandler
                0x000000000000078e                DefaultIRQHandler
                0x000000000000078e                TIM7_IRQHandler
                0x000000000000078e                CAN2_TX_IRQHandler
                0x000000000000078e                TIM5_IRQHandler
                0x000000000000078e                TMR1_IRQHandler
                0x000000000000078e                USB_IRQHandler
                0x000000000000078e                EXTI9_5_IRQHandler
                0x000000000000078e                PIOC_IRQHandler
                0x000000000000078e                SPI2_IRQHandler
                0x000000000000078e                OSC32KCal_IRQHandler
                0x000000000000078e                I2C_IRQHandler
                0x000000000000078e                TIM10_BRK_IRQHandler
                0x000000000000078e                TIM9_CC_IRQHandler
                0x000000000000078e                DMA2_Channel5_IRQHandler
                0x000000000000078e                USB2_IRQHandler
                0x000000000000078e                USBHSWakeUp_IRQHandler
                0x000000000000078e                DMA1_Channel5_IRQHandler
                0x000000000000078e                EXTI4_IRQHandler
                0x000000000000078e                USB_LP_CAN1_RX0_IRQHandler
                0x000000000000078e                RNG_IRQHandler
                0x000000000000078e                USB_HP_CAN1_TX_IRQHandler
                0x000000000000078e                LLE_IRQHandler
                0x000000000000078e                FSMC_IRQHandler
                0x000000000000078e                ETH_IRQHandler
                0x000000000000078e                TIM1_UP_IRQHandler
                0x000000000000078e                WWDG_IRQHandler
                0x000000000000078e                DMA2_Channel11_IRQHandler
                0x000000000000078e                WDOG_BAT_IRQHandler
                0x000000000000078e                Ecall_U_Mode_Handler
                0x000000000000078e                TMR3_IRQHandler
                0x000000000000078e                DMA2_Channel6_IRQHandler
                0x000000000000078e                TIM2_IRQHandler
                0x000000000000078e                SW_Handler
                0x000000000000078e                TIM1_BRK_IRQHandler
                0x000000000000078e                OPA_IRQHandler
                0x000000000000078e                DMA2_Channel10_IRQHandler
                0x000000000000078e                EXTI1_IRQHandler
                0x000000000000078e                SPI0_IRQHandler
                0x000000000000078e                RTCAlarm_IRQHandler
                0x000000000000078e                TIM10_UP_IRQHandler
                0x000000000000078e                TIM9_TRG_COM_IRQHandler
                0x000000000000078e                UART7_IRQHandler
                0x000000000000078e                USART2_IRQHandler
                0x000000000000078e                UART6_IRQHandler
                0x000000000000078e                ETHWakeUp_IRQHandler
                0x000000000000078e                I2C2_ER_IRQHandler
                0x000000000000078e                DMA1_Channel2_IRQHandler
                0x000000000000078e                TIM8_BRK_IRQHandler
                0x000000000000078e                TIM2_TRG_IRQHandler
                0x000000000000078e                CAN1_SCE_IRQHandler
                0x000000000000078e                FLASH_IRQHandler
                0x000000000000078e                USBFSWakeUp_IRQHandler
                0x000000000000078e                USART1_IRQHandler
                0x000000000000078e                OTG_FS_IRQHandler
                0x000000000000078e                SPI3_IRQHandler
                0x000000000000078e                USBFS_WakeUp_IRQHandler
                0x000000000000078e                UART3_IRQHandler
                0x000000000000078e                DMA2_Channel3_IRQHandler
                0x00000000000007de                NMI_Handler
                0x00000000000007de                NMI_RCC_CSS_IRQHandler
 .text.strlen   0x00000000000007ec       0x12 C:\Users\uni\AppData\Local\Temp\ch32-mess.elf.rTSBhB.ltrans0.ltrans.o
                0x00000000000007ec                strlen
 .text.mini_vpprintf
                0x00000000000007fe      0x1b0 C:\Users\uni\AppData\Local\Temp\ch32-mess.elf.rTSBhB.ltrans0.ltrans.o
 .text.printf   0x00000000000009ae       0x26 C:\Users\uni\AppData\Local\Temp\ch32-mess.elf.rTSBhB.ltrans0.ltrans.o
                0x00000000000009ae                printf
 .text.onI2C_SlaveWrite
                0x00000000000009d4        0x8 C:\Users\uni\AppData\Local\Temp\ch32-mess.elf.rTSBhB.ltrans0.ltrans.o
 .text.onI2C_SlaveRead
                0x00000000000009dc        0x8 C:\Users\uni\AppData\Local\Temp\ch32-mess.elf.rTSBhB.ltrans0.ltrans.o
 .text.mini_vsnprintf
                0x00000000000009e4       0x30 C:\Users\uni\AppData\Local\Temp\ch32-mess.elf.rTSBhB.ltrans0.ltrans.o
 .text.sprintf  0x0000000000000a14       0x22 C:\Users\uni\AppData\Local\Temp\ch32-mess.elf.rTSBhB.ltrans0.ltrans.o
                0x0000000000000a14                sprintf
 .text.memset   0x0000000000000a36       0x12 C:\Users\uni\AppData\Local\Temp\ch32-mess.elf.rTSBhB.ltrans0.ltrans.o
                0x0000000000000a36                memset
 .text.strcpy   0x0000000000000a48       0x14 C:\Users\uni\AppData\Local\Temp\ch32-mess.elf.rTSBhB.ltrans0.ltrans.o
                0x0000000000000a48                strcpy
 .text.memcpy   0x0000000000000a5c       0x1c C:\Users\uni\AppData\Local\Temp\ch32-mess.elf.rTSBhB.ltrans0.ltrans.o
                0x0000000000000a5c                memcpy
 .text.ssd1306_data.isra.0
                0x0000000000000a78       0x2a C:\Users\uni\AppData\Local\Temp\ch32-mess.elf.rTSBhB.ltrans0.ltrans.o
 .text.ssd1306_print_str_at.constprop.0
                0x0000000000000aa2       0x68 C:\Users\uni\AppData\Local\Temp\ch32-mess.elf.rTSBhB.ltrans0.ltrans.o
 .text.puts     0x0000000000000b0a       0x2c C:\Users\uni\AppData\Local\Temp\ch32-mess.elf.rTSBhB.ltrans0.ltrans.o
                0x0000000000000b0a                puts
 .text.i2c_scan_callback
                0x0000000000000b36       0x50 C:\Users\uni\AppData\Local\Temp\ch32-mess.elf.rTSBhB.ltrans0.ltrans.o
 .text.SystemInit
                0x0000000000000b86       0x58 C:\Users\uni\AppData\Local\Temp\ch32-mess.elf.rTSBhB.ltrans0.ltrans.o
                0x0000000000000b86                SystemInit
 .text.startup.main
                0x0000000000000bde      0x464 C:\Users\uni\AppData\Local\Temp\ch32-mess.elf.rTSBhB.ltrans0.ltrans.o
                0x0000000000000bde                main
 .text.TweenHexColors
                0x0000000000001042       0xdc C:\Users\uni\AppData\Local\Temp\ch32-mess.elf.rTSBhB.ltrans0.ltrans.o
 .text.WS2812FillBuffSec.constprop.0
                0x000000000000111e      0x122 C:\Users\uni\AppData\Local\Temp\ch32-mess.elf.rTSBhB.ltrans0.ltrans.o
 .text.DMA1_Channel3_IRQHandler
                0x0000000000001240       0x7a C:\Users\uni\AppData\Local\Temp\ch32-mess.elf.rTSBhB.ltrans0.ltrans.o
 .text.SysTick_Handler
                0x00000000000012ba       0x32 C:\Users\uni\AppData\Local\Temp\ch32-mess.elf.rTSBhB.ltrans0.ltrans.o
 .text.I2C1_EV_IRQHandler
                0x00000000000012ec      0x1a0 C:\Users\uni\AppData\Local\Temp\ch32-mess.elf.rTSBhB.ltrans0.ltrans.o
 .text.I2C1_ER_IRQHandler
                0x000000000000148c       0x7c C:\Users\uni\AppData\Local\Temp\ch32-mess.elf.rTSBhB.ltrans0.ltrans.o
 *(.rodata)
 *(.rodata*)
 *fill*         0x0000000000001508        0x0 
 .rodata.onI2C_SlaveWrite.str1.4
                0x0000000000001508       0x10 C:\Users\uni\AppData\Local\Temp\ch32-mess.elf.rTSBhB.ltrans0.ltrans.o
 .rodata.onI2C_SlaveRead.str1.4
                0x0000000000001518       0x12 C:\Users\uni\AppData\Local\Temp\ch32-mess.elf.rTSBhB.ltrans0.ltrans.o
 *fill*         0x000000000000152a        0x2 
 .rodata.puts.str1.4
                0x000000000000152c        0x2 C:\Users\uni\AppData\Local\Temp\ch32-mess.elf.rTSBhB.ltrans0.ltrans.o
 *fill*         0x000000000000152e        0x2 
 .rodata.i2c_scan_callback.str1.4
                0x0000000000001530        0xc C:\Users\uni\AppData\Local\Temp\ch32-mess.elf.rTSBhB.ltrans0.ltrans.o
 .rodata.main.str1.4
                0x000000000000153c       0x91 C:\Users\uni\AppData\Local\Temp\ch32-mess.elf.rTSBhB.ltrans0.ltrans.o
 *fill*         0x00000000000015cd        0x3 
 .rodata.FONT_7x5
                0x00000000000015d0      0x1db C:\Users\uni\AppData\Local\Temp\ch32-mess.elf.rTSBhB.ltrans0.ltrans.o
 *fill*         0x00000000000017ab        0x1 
 .rodata.bitquartets.8
                0x00000000000017ac       0x20 C:\Users\uni\AppData\Local\Temp\ch32-mess.elf.rTSBhB.ltrans0.ltrans.o
 .rodata.ssd1306_init_array
                0x00000000000017cc       0x1a C:\Users\uni\AppData\Local\Temp\ch32-mess.elf.rTSBhB.ltrans0.ltrans.o
 *(.gnu.linkonce.t.*)
                0x00000000000017e8                . = ALIGN (0x4)
 *fill*         0x00000000000017e6        0x2 

.rela.dyn       0x00000000000017e8        0x0
 .rela.text.mini_pad
                0x00000000000017e8        0x0 C:\Users\uni\AppData\Local\Temp\ch32-mess.elf.rTSBhB.ltrans0.ltrans.o
 .rela.text._write.constprop.0
                0x00000000000017e8        0x0 C:\Users\uni\AppData\Local\Temp\ch32-mess.elf.rTSBhB.ltrans0.ltrans.o
 .rela.text.handle_reset
                0x00000000000017e8        0x0 C:\Users\uni\AppData\Local\Temp\ch32-mess.elf.rTSBhB.ltrans0.ltrans.o
 .rela.text.mini_vpprintf
                0x00000000000017e8        0x0 C:\Users\uni\AppData\Local\Temp\ch32-mess.elf.rTSBhB.ltrans0.ltrans.o
 .rela.text.onI2C_SlaveWrite
                0x00000000000017e8        0x0 C:\Users\uni\AppData\Local\Temp\ch32-mess.elf.rTSBhB.ltrans0.ltrans.o
 .rela.text.onI2C_SlaveRead
                0x00000000000017e8        0x0 C:\Users\uni\AppData\Local\Temp\ch32-mess.elf.rTSBhB.ltrans0.ltrans.o
 .rela.text.ssd1306_data.isra.0
                0x00000000000017e8        0x0 C:\Users\uni\AppData\Local\Temp\ch32-mess.elf.rTSBhB.ltrans0.ltrans.o
 .rela.text.puts
                0x00000000000017e8        0x0 C:\Users\uni\AppData\Local\Temp\ch32-mess.elf.rTSBhB.ltrans0.ltrans.o
 .rela.text.i2c_scan_callback
                0x00000000000017e8        0x0 C:\Users\uni\AppData\Local\Temp\ch32-mess.elf.rTSBhB.ltrans0.ltrans.o
 .rela.text.startup.main
                0x00000000000017e8        0x0 C:\Users\uni\AppData\Local\Temp\ch32-mess.elf.rTSBhB.ltrans0.ltrans.o
 .rela.text.WS2812FillBuffSec.constprop.0
                0x00000000000017e8        0x0 C:\Users\uni\AppData\Local\Temp\ch32-mess.elf.rTSBhB.ltrans0.ltrans.o

.fini           0x00000000000017e8        0x0
 *(SORT_NONE(.fini))
                0x00000000000017e8                . = ALIGN (0x4)
                [!provide]                        PROVIDE (_etext = .)
                [!provide]                        PROVIDE (_eitcm = .)

.preinit_array  0x00000000000017e8        0x0
                [!provide]                        PROVIDE (__preinit_array_start = .)
 *(.preinit_array)
                [!provide]                        PROVIDE (__preinit_array_end = .)

.init_array     0x00000000000017e8        0x0
                [!provide]                        PROVIDE (__init_array_start = .)
 *(SORT_BY_INIT_PRIORITY(.init_array.*) SORT_BY_INIT_PRIORITY(.ctors.*))
 *(.init_array EXCLUDE_FILE(*crtend?.o *crtend.o *crtbegin?.o *crtbegin.o) .ctors)
                [!provide]                        PROVIDE (__init_array_end = .)

.fini_array     0x00000000000017e8        0x0
                [!provide]                        PROVIDE (__fini_array_start = .)
 *(SORT_BY_INIT_PRIORITY(.fini_array.*) SORT_BY_INIT_PRIORITY(.dtors.*))
 *(.fini_array EXCLUDE_FILE(*crtend?.o *crtend.o *crtbegin?.o *crtbegin.o) .dtors)
                [!provide]                        PROVIDE (__fini_array_end = .)

.ctors
 *crtbegin.o(.ctors)
 *crtbegin?.o(.ctors)
 *(EXCLUDE_FILE(*crtend?.o *crtend.o) .ctors)
 *(SORT_BY_NAME(.ctors.*))
 *(.ctors)

.dtors
 *crtbegin.o(.dtors)
 *crtbegin?.o(.dtors)
 *(EXCLUDE_FILE(*crtend?.o *crtend.o) .dtors)
 *(SORT_BY_NAME(.dtors.*))
 *(.dtors)

.dalign         0x0000000020000000        0x0 load address 0x00000000000017e8
                0x0000000020000000                . = ALIGN (0x4)
                0x0000000020000000                PROVIDE (_data_vma = .)

.dlalign        0x00000000000017e8        0x0
                0x00000000000017e8                . = ALIGN (0x4)
                0x00000000000017e8                PROVIDE (_data_lma = .)

.data           0x0000000020000000       0x84 load address 0x00000000000017e8
                0x0000000020000000                . = ALIGN (0x4)
                0x00000000200003fc                __global_pointer$ = (. + 0x3fc)
 *(.gnu.linkonce.r.*)
 *(.data .data.*)
 .data.dev_aht21
                0x0000000020000000        0xc C:\Users\uni\AppData\Local\Temp\ch32-mess.elf.rTSBhB.ltrans0.ltrans.o
 .data.dev_ssd1306
                0x000000002000000c        0xc C:\Users\uni\AppData\Local\Temp\ch32-mess.elf.rTSBhB.ltrans0.ltrans.o
 .data.i2c_registers
                0x0000000020000018       0x20 C:\Users\uni\AppData\Local\Temp\ch32-mess.elf.rTSBhB.ltrans0.ltrans.o
 *(.gnu.linkonce.d.*)
                0x0000000020000038                . = ALIGN (0x8)
 *(.sdata .sdata.*)
 .sdata.line.5  0x0000000020000038        0x4 C:\Users\uni\AppData\Local\Temp\ch32-mess.elf.rTSBhB.ltrans0.ltrans.o
 .sdata.tween   0x000000002000003c        0x4 C:\Users\uni\AppData\Local\Temp\ch32-mess.elf.rTSBhB.ltrans0.ltrans.o
 *(.sdata2*)
 *(.gnu.linkonce.s.*)
                0x0000000020000040                . = ALIGN (0x8)
 *(.srodata.cst16)
 *(.srodata.cst8)
 *(.srodata.cst4)
 *(.srodata.cst2)
 *(.srodata .srodata.*)
 .srodata       0x0000000020000040       0x44 C:\Users\uni\AppData\Local\Temp\ch32-mess.elf.rTSBhB.ltrans0.ltrans.o
                0x0000000020000084                . = ALIGN (0x4)
                0x0000000020000084                PROVIDE (_edata = .)

.bss            0x0000000020000084      0x4b8 load address 0x000000000000186c
                0x0000000020000084                . = ALIGN (0x4)
                0x0000000020000084                PROVIDE (_sbss = .)
 *(.sbss*)
 .sbss.WS2812BLEDInUse
                0x0000000020000084        0x4 C:\Users\uni\AppData\Local\Temp\ch32-mess.elf.rTSBhB.ltrans0.ltrans.o
 .sbss.WS2812LEDPlace
                0x0000000020000088        0x4 C:\Users\uni\AppData\Local\Temp\ch32-mess.elf.rTSBhB.ltrans0.ltrans.o
 .sbss.WS2812LEDs
                0x000000002000008c        0x4 C:\Users\uni\AppData\Local\Temp\ch32-mess.elf.rTSBhB.ltrans0.ltrans.o
 .sbss._i2c_timeout
                0x0000000020000090        0x4 C:\Users\uni\AppData\Local\Temp\ch32-mess.elf.rTSBhB.ltrans0.ltrans.o
 .sbss.ssd1306_buffer
                0x0000000020000094        0x1 C:\Users\uni\AppData\Local\Temp\ch32-mess.elf.rTSBhB.ltrans0.ltrans.o
 *fill*         0x0000000020000095        0x3 
 .sbss.systick_millis
                0x0000000020000098        0x4 C:\Users\uni\AppData\Local\Temp\ch32-mess.elf.rTSBhB.ltrans0.ltrans.o
 *(.gnu.linkonce.sb.*)
 *(.bss*)
 .bss.WS2812dmabuff
                0x000000002000009c       0x60 C:\Users\uni\AppData\Local\Temp\ch32-mess.elf.rTSBhB.ltrans0.ltrans.o
 .bss.frame_buffer
                0x00000000200000fc      0x400 C:\Users\uni\AppData\Local\Temp\ch32-mess.elf.rTSBhB.ltrans0.ltrans.o
 .bss.i2c_slave_state
                0x00000000200004fc       0x2c C:\Users\uni\AppData\Local\Temp\ch32-mess.elf.rTSBhB.ltrans0.ltrans.o
 .bss.str_output
                0x0000000020000528       0x14 C:\Users\uni\AppData\Local\Temp\ch32-mess.elf.rTSBhB.ltrans0.ltrans.o
 *(.gnu.linkonce.b.*)
 *(COMMON*)
                0x000000002000053c                . = ALIGN (0x4)
                0x000000002000053c                PROVIDE (_ebss = .)
                [!provide]                        PROVIDE (_end = _ebss)
                [!provide]                        PROVIDE (end = .)
                0x0000000020000800                PROVIDE (_eusrstack = (ORIGIN (RAM) + LENGTH (RAM)))

/DISCARD/
 *(.note .note.*)
 *(.eh_frame .eh_frame.*)
 *(.comment .comment.*)
 *(.ARM.extab* .gnu.linkonce.armextab.*)
 *(.ARM.exidx*)
OUTPUT(ch32-mess.elf elf32-littleriscv)

.riscv.attributes
                0x0000000000000000       0x21
 .riscv.attributes
                0x0000000000000000       0x21 C:\Users\uni\AppData\Local\Temp\ch32-mess.elf.rTSBhB.ltrans0.ltrans.o
 .riscv.attributes
                0x0000000000000021       0x1f ../ch32fun/ch32fun//../misc\libgcc.a(div.o)

.debug_info     0x0000000000000000     0x968f
 .debug_info    0x0000000000000000     0x22dd C:\Users\uni\AppData\Local\Temp\ch32-mess.elf.rTSBhB.ltrans0.ltrans.o
 .debug_info    0x00000000000022dd     0x1188 C:\Users\uni\AppData\Local\Temp\ccLuCkIx.debug.temp.o
                0x00000000000022dd                ch32fun.c.963ac852
 .debug_info    0x0000000000003465     0x5585 C:\Users\uni\AppData\Local\Temp\ccgXy3N2.debug.temp.o
                0x0000000000003465                ch32_mess.c.9e09e123
 .debug_info    0x00000000000089ea      0x47c C:\Users\uni\AppData\Local\Temp\cclWIFky.debug.temp.o
                0x00000000000089ea                nrf24l01_low_level.c.429e1874
 .debug_info    0x0000000000008e66      0x7cc C:\Users\uni\AppData\Local\Temp\ccnedLjz.debug.temp.o
                0x0000000000008e66                lib_i2c.c.d894f163
 .debug_info    0x0000000000009632       0x5d ../ch32fun/ch32fun//../misc\libgcc.a(div.o)

.debug_abbrev   0x0000000000000000      0xbf3
 .debug_abbrev  0x0000000000000000      0x20b C:\Users\uni\AppData\Local\Temp\ch32-mess.elf.rTSBhB.ltrans0.ltrans.o
 .debug_abbrev  0x000000000000020b      0x233 C:\Users\uni\AppData\Local\Temp\ccLuCkIx.debug.temp.o
 .debug_abbrev  0x000000000000043e      0x429 C:\Users\uni\AppData\Local\Temp\ccgXy3N2.debug.temp.o
 .debug_abbrev  0x0000000000000867      0x171 C:\Users\uni\AppData\Local\Temp\cclWIFky.debug.temp.o
 .debug_abbrev  0x00000000000009d8      0x1f3 C:\Users\uni\AppData\Local\Temp\ccnedLjz.debug.temp.o
 .debug_abbrev  0x0000000000000bcb       0x28 ../ch32fun/ch32fun//../misc\libgcc.a(div.o)

.debug_loc      0x0000000000000000     0x3ab3
 .debug_loc     0x0000000000000000     0x3ab3 C:\Users\uni\AppData\Local\Temp\ch32-mess.elf.rTSBhB.ltrans0.ltrans.o

.debug_aranges  0x0000000000000000      0x1f0
 .debug_aranges
                0x0000000000000000      0x1d0 C:\Users\uni\AppData\Local\Temp\ch32-mess.elf.rTSBhB.ltrans0.ltrans.o
 .debug_aranges
                0x00000000000001d0       0x20 ../ch32fun/ch32fun//../misc\libgcc.a(div.o)

.debug_ranges   0x0000000000000000      0x790
 .debug_ranges  0x0000000000000000      0x790 C:\Users\uni\AppData\Local\Temp\ch32-mess.elf.rTSBhB.ltrans0.ltrans.o

.debug_line     0x0000000000000000     0x4e5c
 .debug_line    0x0000000000000000     0x45f2 C:\Users\uni\AppData\Local\Temp\ch32-mess.elf.rTSBhB.ltrans0.ltrans.o
 .debug_line    0x00000000000045f2      0x18e C:\Users\uni\AppData\Local\Temp\ccLuCkIx.debug.temp.o
 .debug_line    0x0000000000004780      0x341 C:\Users\uni\AppData\Local\Temp\ccgXy3N2.debug.temp.o
 .debug_line    0x0000000000004ac1      0x10d C:\Users\uni\AppData\Local\Temp\cclWIFky.debug.temp.o
 .debug_line    0x0000000000004bce      0x13b C:\Users\uni\AppData\Local\Temp\ccnedLjz.debug.temp.o
 .debug_line    0x0000000000004d09      0x153 ../ch32fun/ch32fun//../misc\libgcc.a(div.o)

.debug_str      0x0000000000000000     0x2d57
 .debug_str     0x0000000000000000      0x194 C:\Users\uni\AppData\Local\Temp\ch32-mess.elf.rTSBhB.ltrans0.ltrans.o
                                        0x1b3 (size before relaxing)
 .debug_str     0x0000000000000194      0x5d9 C:\Users\uni\AppData\Local\Temp\ccLuCkIx.debug.temp.o
                                        0x70c (size before relaxing)
 .debug_str     0x000000000000076d     0x235d C:\Users\uni\AppData\Local\Temp\ccgXy3N2.debug.temp.o
                                       0x27d6 (size before relaxing)
 .debug_str     0x0000000000002aca       0xb1 C:\Users\uni\AppData\Local\Temp\cclWIFky.debug.temp.o
                                        0x43f (size before relaxing)
 .debug_str     0x0000000000002b7b      0x120 C:\Users\uni\AppData\Local\Temp\ccnedLjz.debug.temp.o
                                        0x519 (size before relaxing)
 .debug_str     0x0000000000002c9b       0xbc ../ch32fun/ch32fun//../misc\libgcc.a(div.o)
                                         0xd9 (size before relaxing)

.debug_frame    0x0000000000000000      0x648
 .debug_frame   0x0000000000000000      0x648 C:\Users\uni\AppData\Local\Temp\ch32-mess.elf.rTSBhB.ltrans0.ltrans.o

.debug_line_str
                0x0000000000000000       0x92
 .debug_line_str
                0x0000000000000000       0x92 ../ch32fun/ch32fun//../misc\libgcc.a(div.o)
