Archive member included to satisfy reference by file (symbol)

../ch32fun/ch32fun//../misc\libgcc.a(muldi3.o)
                              C:\Users\uni\AppData\Local\Temp\ch32-mess.elf.ykRDYI.ltrans0.ltrans.o (__mulsi3)
../ch32fun/ch32fun//../misc\libgcc.a(div.o)
                              C:\Users\uni\AppData\Local\Temp\ch32-mess.elf.ykRDYI.ltrans0.ltrans.o (__divsi3)

Discarded input sections

 .text          0x0000000000000000        0x0 C:\Users\uni\AppData\Local\Temp\ch32-mess.elf.ykRDYI.ltrans0.ltrans.o
 .data          0x0000000000000000        0x0 C:\Users\uni\AppData\Local\Temp\ch32-mess.elf.ykRDYI.ltrans0.ltrans.o
 .bss           0x0000000000000000        0x0 C:\Users\uni\AppData\Local\Temp\ch32-mess.elf.ykRDYI.ltrans0.ltrans.o
 .text.vprintf  0x0000000000000000       0x16 C:\Users\uni\AppData\Local\Temp\ch32-mess.elf.ykRDYI.ltrans0.ltrans.o
 .text.snprintf
                0x0000000000000000       0x1c C:\Users\uni\AppData\Local\Temp\ch32-mess.elf.ykRDYI.ltrans0.ltrans.o
 .text.strncpy  0x0000000000000000       0x1c C:\Users\uni\AppData\Local\Temp\ch32-mess.elf.ykRDYI.ltrans0.ltrans.o
 .text.strcmp   0x0000000000000000       0x1a C:\Users\uni\AppData\Local\Temp\ch32-mess.elf.ykRDYI.ltrans0.ltrans.o
 .text.strncmp  0x0000000000000000       0x2e C:\Users\uni\AppData\Local\Temp\ch32-mess.elf.ykRDYI.ltrans0.ltrans.o
 .text.strchr   0x0000000000000000       0x16 C:\Users\uni\AppData\Local\Temp\ch32-mess.elf.ykRDYI.ltrans0.ltrans.o
 .text.strrchr  0x0000000000000000       0x3c C:\Users\uni\AppData\Local\Temp\ch32-mess.elf.ykRDYI.ltrans0.ltrans.o
 .text.memcmp   0x0000000000000000       0x26 C:\Users\uni\AppData\Local\Temp\ch32-mess.elf.ykRDYI.ltrans0.ltrans.o
 .text.memmove  0x0000000000000000       0x5e C:\Users\uni\AppData\Local\Temp\ch32-mess.elf.ykRDYI.ltrans0.ltrans.o
 .text.memchr   0x0000000000000000       0x1c C:\Users\uni\AppData\Local\Temp\ch32-mess.elf.ykRDYI.ltrans0.ltrans.o
 .text.strnlen  0x0000000000000000       0x2a C:\Users\uni\AppData\Local\Temp\ch32-mess.elf.ykRDYI.ltrans0.ltrans.o
 .text.twoway_strstr
                0x0000000000000000      0x236 C:\Users\uni\AppData\Local\Temp\ch32-mess.elf.ykRDYI.ltrans0.ltrans.o
 .text.strstr   0x0000000000000000      0x140 C:\Users\uni\AppData\Local\Temp\ch32-mess.elf.ykRDYI.ltrans0.ltrans.o
 .text.putchar  0x0000000000000000       0x72 C:\Users\uni\AppData\Local\Temp\ch32-mess.elf.ykRDYI.ltrans0.ltrans.o
 .text.EHSVtoHEX
                0x0000000000000000      0x1e0 C:\Users\uni\AppData\Local\Temp\ch32-mess.elf.ykRDYI.ltrans0.ltrans.o
 .data.ADCPrescTable.lto_priv.0
                0x0000000000000000       0x14 C:\Users\uni\AppData\Local\Temp\ch32-mess.elf.ykRDYI.ltrans0.ltrans.o
 .data.ADCPrescTable.lto_priv.1
                0x0000000000000000       0x14 C:\Users\uni\AppData\Local\Temp\ch32-mess.elf.ykRDYI.ltrans0.ltrans.o
 .data.ADCPrescTable.lto_priv.2
                0x0000000000000000       0x14 C:\Users\uni\AppData\Local\Temp\ch32-mess.elf.ykRDYI.ltrans0.ltrans.o
 .data.ADCPrescTable.lto_priv.3
                0x0000000000000000       0x14 C:\Users\uni\AppData\Local\Temp\ch32-mess.elf.ykRDYI.ltrans0.ltrans.o
 .data.APBAHBPrescTable.lto_priv.0
                0x0000000000000000       0x10 C:\Users\uni\AppData\Local\Temp\ch32-mess.elf.ykRDYI.ltrans0.ltrans.o
 .data.APBAHBPrescTable.lto_priv.1
                0x0000000000000000       0x10 C:\Users\uni\AppData\Local\Temp\ch32-mess.elf.ykRDYI.ltrans0.ltrans.o
 .data.APBAHBPrescTable.lto_priv.2
                0x0000000000000000       0x10 C:\Users\uni\AppData\Local\Temp\ch32-mess.elf.ykRDYI.ltrans0.ltrans.o
 .data.APBAHBPrescTable.lto_priv.3
                0x0000000000000000       0x10 C:\Users\uni\AppData\Local\Temp\ch32-mess.elf.ykRDYI.ltrans0.ltrans.o
 .sbss.adc_buffer
                0x0000000000000000        0x4 C:\Users\uni\AppData\Local\Temp\ch32-mess.elf.ykRDYI.ltrans0.ltrans.o
 .sbss.bDMA     0x0000000000000000        0x4 C:\Users\uni\AppData\Local\Temp\ch32-mess.elf.ykRDYI.ltrans0.ltrans.o
 .comment       0x0000000000000000       0x13 C:\Users\uni\AppData\Local\Temp\ch32-mess.elf.ykRDYI.ltrans0.ltrans.o
 .comment       0x0000000000000000       0x13 C:\Users\uni\AppData\Local\Temp\cccr0p2T.debug.temp.o
 .comment       0x0000000000000000       0x13 C:\Users\uni\AppData\Local\Temp\ccQlzh8v.debug.temp.o
 .comment       0x0000000000000000       0x13 C:\Users\uni\AppData\Local\Temp\ccKGDIi8.debug.temp.o
 .debug_info    0x0000000000000000      0x56f C:\Users\uni\AppData\Local\Temp\ccYLQovK.debug.temp.o
 .debug_abbrev  0x0000000000000000      0x13d C:\Users\uni\AppData\Local\Temp\ccYLQovK.debug.temp.o
 .debug_line    0x0000000000000000       0xb9 C:\Users\uni\AppData\Local\Temp\ccYLQovK.debug.temp.o
 .debug_str     0x0000000000000000      0x637 C:\Users\uni\AppData\Local\Temp\ccYLQovK.debug.temp.o
 .comment       0x0000000000000000       0x13 C:\Users\uni\AppData\Local\Temp\ccYLQovK.debug.temp.o
 .comment       0x0000000000000000       0x13 C:\Users\uni\AppData\Local\Temp\ccwDNaan.debug.temp.o
 .text          0x0000000000000000       0x18 ../ch32fun/ch32fun//../misc\libgcc.a(muldi3.o)
 .data          0x0000000000000000        0x0 ../ch32fun/ch32fun//../misc\libgcc.a(muldi3.o)
 .bss           0x0000000000000000        0x0 ../ch32fun/ch32fun//../misc\libgcc.a(muldi3.o)
 .debug_line    0x0000000000000000       0x7a ../ch32fun/ch32fun//../misc\libgcc.a(muldi3.o)
 .debug_line_str
                0x0000000000000000       0x95 ../ch32fun/ch32fun//../misc\libgcc.a(muldi3.o)
 .debug_info    0x0000000000000000       0x31 ../ch32fun/ch32fun//../misc\libgcc.a(muldi3.o)
 .debug_abbrev  0x0000000000000000       0x28 ../ch32fun/ch32fun//../misc\libgcc.a(muldi3.o)
 .debug_aranges
                0x0000000000000000       0x20 ../ch32fun/ch32fun//../misc\libgcc.a(muldi3.o)
 .debug_str     0x0000000000000000       0xac ../ch32fun/ch32fun//../misc\libgcc.a(muldi3.o)
 .riscv.attributes
                0x0000000000000000       0x1f ../ch32fun/ch32fun//../misc\libgcc.a(muldi3.o)
 .data          0x0000000000000000        0x0 ../ch32fun/ch32fun//../misc\libgcc.a(div.o)
 .bss           0x0000000000000000        0x0 ../ch32fun/ch32fun//../misc\libgcc.a(div.o)

Memory Configuration

Name             Origin             Length             Attributes
FLASH            0x0000000000000000 0x0000000000004000 xr
RAM              0x0000000020000000 0x0000000000000800 xrw
*default*        0x0000000000000000 0xffffffffffffffff

Linker script and memory map

LOAD C:\Users\uni\AppData\Local\Temp\ccCER3od.o
LOAD C:\Users\uni\AppData\Local\Temp\ch32-mess.elf.ykRDYI.ltrans0.ltrans.o
LOAD C:\Users\uni\AppData\Local\Temp\cccr0p2T.debug.temp.o
LOAD C:\Users\uni\AppData\Local\Temp\ccQlzh8v.debug.temp.o
LOAD C:\Users\uni\AppData\Local\Temp\ccKGDIi8.debug.temp.o
LOAD C:\Users\uni\AppData\Local\Temp\ccYLQovK.debug.temp.o
LOAD C:\Users\uni\AppData\Local\Temp\ccwDNaan.debug.temp.o
LOAD C:\Users\uni\AppData\Local\Temp\cc7EEZ4R.o
LOAD C:\Users\uni\AppData\Local\Temp\ccnbIIXW.o
LOAD C:\Users\uni\AppData\Local\Temp\cctEUNba.o
LOAD C:\Users\uni\AppData\Local\Temp\cc1xNR5B.o
LOAD ../ch32fun/ch32fun//../misc\libgcc.a
LOAD ../ch32fun/ch32fun//../misc\libgcc.a

.init           0x0000000000000000       0xa0
                0x0000000000000000                _sinit = .
                0x0000000000000000                . = ALIGN (0x4)
 *(SORT_NONE(.init))
 .init          0x0000000000000000       0x9e C:\Users\uni\AppData\Local\Temp\ch32-mess.elf.ykRDYI.ltrans0.ltrans.o
                0x0000000000000000                InterruptVector
                0x00000000000000a0                . = ALIGN (0x4)
 *fill*         0x000000000000009e        0x2 
                0x00000000000000a0                _einit = .

.text           0x00000000000000a0     0x2b68
                0x00000000000000a0                . = ALIGN (0x4)
 *(.text)
 .text          0x00000000000000a0       0x7e ../ch32fun/ch32fun//../misc\libgcc.a(div.o)
                0x00000000000000a0                __divsi3
                0x00000000000000a8                __udivsi3
                0x00000000000000a8                __hidden___udivsi3
                0x00000000000000d4                __umodsi3
                0x00000000000000f8                __modsi3
 *(.text.*)
 .text.mini_pad
                0x000000000000011e       0x9c C:\Users\uni\AppData\Local\Temp\ch32-mess.elf.ykRDYI.ltrans0.ltrans.o
 .text._puts    0x00000000000001ba       0x42 C:\Users\uni\AppData\Local\Temp\ch32-mess.elf.ykRDYI.ltrans0.ltrans.o
 .text.PrintHex
                0x00000000000001fc       0x58 C:\Users\uni\AppData\Local\Temp\ch32-mess.elf.ykRDYI.ltrans0.ltrans.o
 .text.DelaySysTick
                0x0000000000000254       0x16 C:\Users\uni\AppData\Local\Temp\ch32-mess.elf.ykRDYI.ltrans0.ltrans.o
 .text.mini_itoa.part.0
                0x000000000000026a       0xbe C:\Users\uni\AppData\Local\Temp\ch32-mess.elf.ykRDYI.ltrans0.ltrans.o
 .text.rand8    0x0000000000000328       0x34 C:\Users\uni\AppData\Local\Temp\ch32-mess.elf.ykRDYI.ltrans0.ltrans.o
 .text.SPI_send
                0x000000000000035c       0x16 C:\Users\uni\AppData\Local\Temp\ch32-mess.elf.ykRDYI.ltrans0.ltrans.o
 .text.write_command_8
                0x0000000000000372       0x22 C:\Users\uni\AppData\Local\Temp\ch32-mess.elf.ykRDYI.ltrans0.ltrans.o
 .text.write_data_16
                0x0000000000000394       0x34 C:\Users\uni\AppData\Local\Temp\ch32-mess.elf.ykRDYI.ltrans0.ltrans.o
 .text.INTF_TFT_SEND_BUFF
                0x00000000000003c8       0x5c C:\Users\uni\AppData\Local\Temp\ch32-mess.elf.ykRDYI.ltrans0.ltrans.o
 .text.INTF_TFT_SET_WINDOW
                0x0000000000000424       0x52 C:\Users\uni\AppData\Local\Temp\ch32-mess.elf.ykRDYI.ltrans0.ltrans.o
 .text.tft_print
                0x0000000000000476       0xd0 C:\Users\uni\AppData\Local\Temp\ch32-mess.elf.ykRDYI.ltrans0.ltrans.o
 .text.tft_fill_rect
                0x0000000000000546       0x62 C:\Users\uni\AppData\Local\Temp\ch32-mess.elf.ykRDYI.ltrans0.ltrans.o
 .text.tft_draw_pixel
                0x00000000000005a8       0x2c C:\Users\uni\AppData\Local\Temp\ch32-mess.elf.ykRDYI.ltrans0.ltrans.o
 .text._draw_fast_vLine
                0x00000000000005d4       0x64 C:\Users\uni\AppData\Local\Temp\ch32-mess.elf.ykRDYI.ltrans0.ltrans.o
 .text._draw_fast_hLine
                0x0000000000000638       0x66 C:\Users\uni\AppData\Local\Temp\ch32-mess.elf.ykRDYI.ltrans0.ltrans.o
 .text.tft_draw_line
                0x000000000000069e      0x18c C:\Users\uni\AppData\Local\Temp\ch32-mess.elf.ykRDYI.ltrans0.ltrans.o
 .text.tft_draw_rect
                0x000000000000082a       0x70 C:\Users\uni\AppData\Local\Temp\ch32-mess.elf.ykRDYI.ltrans0.ltrans.o
 .text.i2c_error
                0x000000000000089a       0x92 C:\Users\uni\AppData\Local\Temp\ch32-mess.elf.ykRDYI.ltrans0.ltrans.o
 .text.i2c_send_addr_write
                0x000000000000092c       0x6c C:\Users\uni\AppData\Local\Temp\ch32-mess.elf.ykRDYI.ltrans0.ltrans.o
 .text.i2c_ping
                0x0000000000000998       0x98 C:\Users\uni\AppData\Local\Temp\ch32-mess.elf.ykRDYI.ltrans0.ltrans.o
 .text.i2c_write_raw.constprop.0
                0x0000000000000a30      0x144 C:\Users\uni\AppData\Local\Temp\ch32-mess.elf.ykRDYI.ltrans0.ltrans.o
 .text.ssd1306_cmd
                0x0000000000000b74       0x1c C:\Users\uni\AppData\Local\Temp\ch32-mess.elf.ykRDYI.ltrans0.ltrans.o
 .text.internal_handle_input.constprop.0
                0x0000000000000b90        0xa C:\Users\uni\AppData\Local\Temp\ch32-mess.elf.ykRDYI.ltrans0.ltrans.o
 .text._write.constprop.0
                0x0000000000000b9a       0xf2 C:\Users\uni\AppData\Local\Temp\ch32-mess.elf.ykRDYI.ltrans0.ltrans.o
 .text.__puts_uart
                0x0000000000000c8c       0x14 C:\Users\uni\AppData\Local\Temp\ch32-mess.elf.ykRDYI.ltrans0.ltrans.o
 .text.handle_reset
                0x0000000000000ca0       0x76 C:\Users\uni\AppData\Local\Temp\ch32-mess.elf.ykRDYI.ltrans0.ltrans.o
                0x0000000000000ca0                handle_reset
 .text.vector_handler
                0x0000000000000d16       0x66 C:\Users\uni\AppData\Local\Temp\ch32-mess.elf.ykRDYI.ltrans0.ltrans.o
                0x0000000000000d16                EXTI2_IRQHandler
                0x0000000000000d16                TIM8_TRG_COM_IRQHandler
                0x0000000000000d16                TIM8_CC_IRQHandler
                0x0000000000000d16                UART8_IRQHandler
                0x0000000000000d16                TIM1_CC_IRQHandler
                0x0000000000000d16                HardFault_Handler
                0x0000000000000d16                GPIOB_IRQHandler
                0x0000000000000d16                USBPD_IRQHandler
                0x0000000000000d16                TIM6_IRQHandler
                0x0000000000000d16                GPIOA_IRQHandler
                0x0000000000000d16                PVD_IRQHandler
                0x0000000000000d16                SDIO_IRQHandler
                0x0000000000000d16                TIM9_BRK_IRQHandler
                0x0000000000000d16                DMA2_Channel8_IRQHandler
                0x0000000000000d16                USBWakeUp_IRQHandler
                0x0000000000000d16                CAN2_RX1_IRQHandler
                0x0000000000000d16                EXTI3_IRQHandler
                0x0000000000000d16                UART1_IRQHandler
                0x0000000000000d16                USBHS_IRQHandler
                0x0000000000000d16                DMA2_Channel9_IRQHandler
                0x0000000000000d16                TIM10_CC_IRQHandler
                0x0000000000000d16                EXTI25_16_IRQHandler
                0x0000000000000d16                USBFS_IRQHandler
                0x0000000000000d16                UART0_IRQHandler
                0x0000000000000d16                EXTI0_IRQHandler
                0x0000000000000d16                I2C2_EV_IRQHandler
                0x0000000000000d16                TIM10_TRG_COM_IRQHandler
                0x0000000000000d16                CAN2_SCE_IRQHandler
                0x0000000000000d16                ADC1_2_IRQHandler
                0x0000000000000d16                BB_IRQHandler
                0x0000000000000d16                Break_Point_Handler
                0x0000000000000d16                TIM2_CC_IRQHandler
                0x0000000000000d16                SPI1_IRQHandler
                0x0000000000000d16                TAMPER_IRQHandler
                0x0000000000000d16                TMR0_IRQHandler
                0x0000000000000d16                AWU_IRQHandler
                0x0000000000000d16                EXTI7_0_IRQHandler
                0x0000000000000d16                CAN2_RX0_IRQHandler
                0x0000000000000d16                OSCWakeUp_IRQHandler
                0x0000000000000d16                TIM8_UP_IRQHandler
                0x0000000000000d16                Ecall_M_Mode_Handler
                0x0000000000000d16                DMA2_Channel2_IRQHandler
                0x0000000000000d16                ADC1_IRQHandler
                0x0000000000000d16                TIM2_BRK_IRQHandler
                0x0000000000000d16                TIM9_UP_IRQHandler
                0x0000000000000d16                USART3_IRQHandler
                0x0000000000000d16                RTC_IRQHandler
                0x0000000000000d16                DMA1_Channel7_IRQHandler
                0x0000000000000d16                CAN1_RX1_IRQHandler
                0x0000000000000d16                DVP_IRQHandler
                0x0000000000000d16                UART5_IRQHandler
                0x0000000000000d16                EXTI15_8_IRQHandler
                0x0000000000000d16                TIM4_IRQHandler
                0x0000000000000d16                DMA2_Channel1_IRQHandler
                0x0000000000000d16                USBPD_WKUP_IRQHandler
                0x0000000000000d16                UART2_IRQHandler
                0x0000000000000d16                USART4_IRQHandler
                0x0000000000000d16                PWMX_IRQHandler
                0x0000000000000d16                DMA1_Channel6_IRQHandler
                0x0000000000000d16                UART4_IRQHandler
                0x0000000000000d16                DMA2_Channel4_IRQHandler
                0x0000000000000d16                TIM3_IRQHandler
                0x0000000000000d16                RCC_IRQHandler
                0x0000000000000d16                TIM1_TRG_COM_IRQHandler
                0x0000000000000d16                DMA1_Channel1_IRQHandler
                0x0000000000000d16                DMA2_Channel7_IRQHandler
                0x0000000000000d16                EXTI15_10_IRQHandler
                0x0000000000000d16                ADC_IRQHandler
                0x0000000000000d16                DMA1_Channel8_IRQHandler
                0x0000000000000d16                TMR2_IRQHandler
                0x0000000000000d16                DefaultIRQHandler
                0x0000000000000d16                TIM7_IRQHandler
                0x0000000000000d16                CAN2_TX_IRQHandler
                0x0000000000000d16                TIM5_IRQHandler
                0x0000000000000d16                TMR1_IRQHandler
                0x0000000000000d16                USB_IRQHandler
                0x0000000000000d16                EXTI9_5_IRQHandler
                0x0000000000000d16                PIOC_IRQHandler
                0x0000000000000d16                SPI2_IRQHandler
                0x0000000000000d16                OSC32KCal_IRQHandler
                0x0000000000000d16                I2C_IRQHandler
                0x0000000000000d16                TIM10_BRK_IRQHandler
                0x0000000000000d16                TIM9_CC_IRQHandler
                0x0000000000000d16                DMA2_Channel5_IRQHandler
                0x0000000000000d16                USB2_IRQHandler
                0x0000000000000d16                USBHSWakeUp_IRQHandler
                0x0000000000000d16                DMA1_Channel5_IRQHandler
                0x0000000000000d16                EXTI4_IRQHandler
                0x0000000000000d16                USB_LP_CAN1_RX0_IRQHandler
                0x0000000000000d16                RNG_IRQHandler
                0x0000000000000d16                USB_HP_CAN1_TX_IRQHandler
                0x0000000000000d16                LLE_IRQHandler
                0x0000000000000d16                FSMC_IRQHandler
                0x0000000000000d16                ETH_IRQHandler
                0x0000000000000d16                TIM1_UP_IRQHandler
                0x0000000000000d16                WWDG_IRQHandler
                0x0000000000000d16                DMA2_Channel11_IRQHandler
                0x0000000000000d16                WDOG_BAT_IRQHandler
                0x0000000000000d16                Ecall_U_Mode_Handler
                0x0000000000000d16                TMR3_IRQHandler
                0x0000000000000d16                DMA2_Channel6_IRQHandler
                0x0000000000000d16                TIM2_IRQHandler
                0x0000000000000d16                SW_Handler
                0x0000000000000d16                TIM1_BRK_IRQHandler
                0x0000000000000d16                OPA_IRQHandler
                0x0000000000000d16                DMA2_Channel10_IRQHandler
                0x0000000000000d16                EXTI1_IRQHandler
                0x0000000000000d16                SPI0_IRQHandler
                0x0000000000000d16                RTCAlarm_IRQHandler
                0x0000000000000d16                TIM10_UP_IRQHandler
                0x0000000000000d16                TIM9_TRG_COM_IRQHandler
                0x0000000000000d16                UART7_IRQHandler
                0x0000000000000d16                USART2_IRQHandler
                0x0000000000000d16                UART6_IRQHandler
                0x0000000000000d16                ETHWakeUp_IRQHandler
                0x0000000000000d16                I2C2_ER_IRQHandler
                0x0000000000000d16                DMA1_Channel2_IRQHandler
                0x0000000000000d16                TIM8_BRK_IRQHandler
                0x0000000000000d16                TIM2_TRG_IRQHandler
                0x0000000000000d16                CAN1_SCE_IRQHandler
                0x0000000000000d16                FLASH_IRQHandler
                0x0000000000000d16                USBFSWakeUp_IRQHandler
                0x0000000000000d16                USART1_IRQHandler
                0x0000000000000d16                OTG_FS_IRQHandler
                0x0000000000000d16                SPI3_IRQHandler
                0x0000000000000d16                USBFS_WakeUp_IRQHandler
                0x0000000000000d16                UART3_IRQHandler
                0x0000000000000d16                DMA2_Channel3_IRQHandler
                0x0000000000000d6e                NMI_Handler
                0x0000000000000d6e                NMI_RCC_CSS_IRQHandler
 .text.strlen   0x0000000000000d7c       0x12 C:\Users\uni\AppData\Local\Temp\ch32-mess.elf.ykRDYI.ltrans0.ltrans.o
                0x0000000000000d7c                strlen
 .text.mini_vpprintf
                0x0000000000000d8e      0x1b4 C:\Users\uni\AppData\Local\Temp\ch32-mess.elf.ykRDYI.ltrans0.ltrans.o
 .text.printf   0x0000000000000f42       0x28 C:\Users\uni\AppData\Local\Temp\ch32-mess.elf.ykRDYI.ltrans0.ltrans.o
                0x0000000000000f42                printf
 .text.onI2C_SlaveWrite
                0x0000000000000f6a        0x8 C:\Users\uni\AppData\Local\Temp\ch32-mess.elf.ykRDYI.ltrans0.ltrans.o
 .text.onI2C_SlaveRead
                0x0000000000000f72        0x8 C:\Users\uni\AppData\Local\Temp\ch32-mess.elf.ykRDYI.ltrans0.ltrans.o
 .text.mini_vsnprintf
                0x0000000000000f7a       0x30 C:\Users\uni\AppData\Local\Temp\ch32-mess.elf.ykRDYI.ltrans0.ltrans.o
 .text.sprintf  0x0000000000000faa       0x22 C:\Users\uni\AppData\Local\Temp\ch32-mess.elf.ykRDYI.ltrans0.ltrans.o
                0x0000000000000faa                sprintf
 .text.memset   0x0000000000000fcc       0x12 C:\Users\uni\AppData\Local\Temp\ch32-mess.elf.ykRDYI.ltrans0.ltrans.o
                0x0000000000000fcc                memset
 .text.strcpy   0x0000000000000fde       0x14 C:\Users\uni\AppData\Local\Temp\ch32-mess.elf.ykRDYI.ltrans0.ltrans.o
                0x0000000000000fde                strcpy
 .text.memcpy   0x0000000000000ff2       0x1c C:\Users\uni\AppData\Local\Temp\ch32-mess.elf.ykRDYI.ltrans0.ltrans.o
                0x0000000000000ff2                memcpy
 .text.ssd1306_data.isra.0
                0x000000000000100e       0x2a C:\Users\uni\AppData\Local\Temp\ch32-mess.elf.ykRDYI.ltrans0.ltrans.o
 .text.ssd1306_print_str_at.constprop.0
                0x0000000000001038       0x68 C:\Users\uni\AppData\Local\Temp\ch32-mess.elf.ykRDYI.ltrans0.ltrans.o
 .text.modI2C_task
                0x00000000000010a0       0x2a C:\Users\uni\AppData\Local\Temp\ch32-mess.elf.ykRDYI.ltrans0.ltrans.o
 .text.puts     0x00000000000010ca       0x2c C:\Users\uni\AppData\Local\Temp\ch32-mess.elf.ykRDYI.ltrans0.ltrans.o
                0x00000000000010ca                puts
 .text.i2c_scan_callback
                0x00000000000010f6       0x50 C:\Users\uni\AppData\Local\Temp\ch32-mess.elf.ykRDYI.ltrans0.ltrans.o
 .text.SystemInit
                0x0000000000001146       0x58 C:\Users\uni\AppData\Local\Temp\ch32-mess.elf.ykRDYI.ltrans0.ltrans.o
                0x0000000000001146                SystemInit
 .text.startup.main
                0x000000000000119e      0xd3a C:\Users\uni\AppData\Local\Temp\ch32-mess.elf.ykRDYI.ltrans0.ltrans.o
                0x000000000000119e                main
 .text.TweenHexColors
                0x0000000000001ed8       0xdc C:\Users\uni\AppData\Local\Temp\ch32-mess.elf.ykRDYI.ltrans0.ltrans.o
 .text.WS2812FillBuffSec.constprop.0
                0x0000000000001fb4      0x122 C:\Users\uni\AppData\Local\Temp\ch32-mess.elf.ykRDYI.ltrans0.ltrans.o
 .text.DMA1_Channel3_IRQHandler
                0x00000000000020d6       0x7a C:\Users\uni\AppData\Local\Temp\ch32-mess.elf.ykRDYI.ltrans0.ltrans.o
 .text.SysTick_Handler
                0x0000000000002150       0x32 C:\Users\uni\AppData\Local\Temp\ch32-mess.elf.ykRDYI.ltrans0.ltrans.o
 .text.I2C1_EV_IRQHandler
                0x0000000000002182      0x1a0 C:\Users\uni\AppData\Local\Temp\ch32-mess.elf.ykRDYI.ltrans0.ltrans.o
 .text.I2C1_ER_IRQHandler
                0x0000000000002322       0x7c C:\Users\uni\AppData\Local\Temp\ch32-mess.elf.ykRDYI.ltrans0.ltrans.o
 *(.rodata)
 *(.rodata*)
 *fill*         0x000000000000239e        0x2 
 .rodata.onI2C_SlaveWrite.str1.4
                0x00000000000023a0       0x10 C:\Users\uni\AppData\Local\Temp\ch32-mess.elf.ykRDYI.ltrans0.ltrans.o
 .rodata.onI2C_SlaveRead.str1.4
                0x00000000000023b0       0x12 C:\Users\uni\AppData\Local\Temp\ch32-mess.elf.ykRDYI.ltrans0.ltrans.o
 *fill*         0x00000000000023c2        0x2 
 .rodata.modI2C_task.str1.4
                0x00000000000023c4        0xc C:\Users\uni\AppData\Local\Temp\ch32-mess.elf.ykRDYI.ltrans0.ltrans.o
 .rodata.puts.str1.4
                0x00000000000023d0        0x2 C:\Users\uni\AppData\Local\Temp\ch32-mess.elf.ykRDYI.ltrans0.ltrans.o
 *fill*         0x00000000000023d2        0x2 
 .rodata.i2c_scan_callback.str1.4
                0x00000000000023d4        0xc C:\Users\uni\AppData\Local\Temp\ch32-mess.elf.ykRDYI.ltrans0.ltrans.o
 .rodata.main.str1.4
                0x00000000000023e0       0xe5 C:\Users\uni\AppData\Local\Temp\ch32-mess.elf.ykRDYI.ltrans0.ltrans.o
 *fill*         0x00000000000024c5        0x3 
 .rodata.FONT_7x5
                0x00000000000024c8      0x1db C:\Users\uni\AppData\Local\Temp\ch32-mess.elf.ykRDYI.ltrans0.ltrans.o
 *fill*         0x00000000000026a3        0x1 
 .rodata.bitquartets.8
                0x00000000000026a4       0x20 C:\Users\uni\AppData\Local\Temp\ch32-mess.elf.ykRDYI.ltrans0.ltrans.o
 .rodata.colors
                0x00000000000026c4       0x26 C:\Users\uni\AppData\Local\Temp\ch32-mess.elf.ykRDYI.ltrans0.ltrans.o
 *fill*         0x00000000000026ea        0x2 
 .rodata.font   0x00000000000026ec      0x500 C:\Users\uni\AppData\Local\Temp\ch32-mess.elf.ykRDYI.ltrans0.ltrans.o
 .rodata.ssd1306_init_array
                0x0000000000002bec       0x1a C:\Users\uni\AppData\Local\Temp\ch32-mess.elf.ykRDYI.ltrans0.ltrans.o
 *(.gnu.linkonce.t.*)
                0x0000000000002c08                . = ALIGN (0x4)
 *fill*         0x0000000000002c06        0x2 

.rela.dyn       0x0000000000002c08        0x0
 .rela.text.mini_pad
                0x0000000000002c08        0x0 C:\Users\uni\AppData\Local\Temp\ch32-mess.elf.ykRDYI.ltrans0.ltrans.o
 .rela.text._write.constprop.0
                0x0000000000002c08        0x0 C:\Users\uni\AppData\Local\Temp\ch32-mess.elf.ykRDYI.ltrans0.ltrans.o
 .rela.text.handle_reset
                0x0000000000002c08        0x0 C:\Users\uni\AppData\Local\Temp\ch32-mess.elf.ykRDYI.ltrans0.ltrans.o
 .rela.text.mini_vpprintf
                0x0000000000002c08        0x0 C:\Users\uni\AppData\Local\Temp\ch32-mess.elf.ykRDYI.ltrans0.ltrans.o
 .rela.text.onI2C_SlaveWrite
                0x0000000000002c08        0x0 C:\Users\uni\AppData\Local\Temp\ch32-mess.elf.ykRDYI.ltrans0.ltrans.o
 .rela.text.onI2C_SlaveRead
                0x0000000000002c08        0x0 C:\Users\uni\AppData\Local\Temp\ch32-mess.elf.ykRDYI.ltrans0.ltrans.o
 .rela.text.ssd1306_data.isra.0
                0x0000000000002c08        0x0 C:\Users\uni\AppData\Local\Temp\ch32-mess.elf.ykRDYI.ltrans0.ltrans.o
 .rela.text.modI2C_task
                0x0000000000002c08        0x0 C:\Users\uni\AppData\Local\Temp\ch32-mess.elf.ykRDYI.ltrans0.ltrans.o
 .rela.text.puts
                0x0000000000002c08        0x0 C:\Users\uni\AppData\Local\Temp\ch32-mess.elf.ykRDYI.ltrans0.ltrans.o
 .rela.text.i2c_scan_callback
                0x0000000000002c08        0x0 C:\Users\uni\AppData\Local\Temp\ch32-mess.elf.ykRDYI.ltrans0.ltrans.o
 .rela.text.startup.main
                0x0000000000002c08        0x0 C:\Users\uni\AppData\Local\Temp\ch32-mess.elf.ykRDYI.ltrans0.ltrans.o
 .rela.text.WS2812FillBuffSec.constprop.0
                0x0000000000002c08        0x0 C:\Users\uni\AppData\Local\Temp\ch32-mess.elf.ykRDYI.ltrans0.ltrans.o

.fini           0x0000000000002c08        0x0
 *(SORT_NONE(.fini))
                0x0000000000002c08                . = ALIGN (0x4)
                [!provide]                        PROVIDE (_etext = .)
                [!provide]                        PROVIDE (_eitcm = .)

.preinit_array  0x0000000000002c08        0x0
                [!provide]                        PROVIDE (__preinit_array_start = .)
 *(.preinit_array)
                [!provide]                        PROVIDE (__preinit_array_end = .)

.init_array     0x0000000000002c08        0x0
                [!provide]                        PROVIDE (__init_array_start = .)
 *(SORT_BY_INIT_PRIORITY(.init_array.*) SORT_BY_INIT_PRIORITY(.ctors.*))
 *(.init_array EXCLUDE_FILE(*crtend?.o *crtend.o *crtbegin?.o *crtbegin.o) .ctors)
                [!provide]                        PROVIDE (__init_array_end = .)

.fini_array     0x0000000000002c08        0x0
                [!provide]                        PROVIDE (__fini_array_start = .)
 *(SORT_BY_INIT_PRIORITY(.fini_array.*) SORT_BY_INIT_PRIORITY(.dtors.*))
 *(.fini_array EXCLUDE_FILE(*crtend?.o *crtend.o *crtbegin?.o *crtbegin.o) .dtors)
                [!provide]                        PROVIDE (__fini_array_end = .)

.ctors
 *crtbegin.o(.ctors)
 *crtbegin?.o(.ctors)
 *(EXCLUDE_FILE(*crtend?.o *crtend.o) .ctors)
 *(SORT_BY_NAME(.ctors.*))
 *(.ctors)

.dtors
 *crtbegin.o(.dtors)
 *crtbegin?.o(.dtors)
 *(EXCLUDE_FILE(*crtend?.o *crtend.o) .dtors)
 *(SORT_BY_NAME(.dtors.*))
 *(.dtors)

.dalign         0x0000000020000000        0x0 load address 0x0000000000002c08
                0x0000000020000000                . = ALIGN (0x4)
                0x0000000020000000                PROVIDE (_data_vma = .)

.dlalign        0x0000000000002c08        0x0
                0x0000000000002c08                . = ALIGN (0x4)
                0x0000000000002c08                PROVIDE (_data_lma = .)

.data           0x0000000020000000       0x8c load address 0x0000000000002c08
                0x0000000020000000                . = ALIGN (0x4)
                0x00000000200003fc                __global_pointer$ = (. + 0x3fc)
 *(.gnu.linkonce.r.*)
 *(.data .data.*)
 .data.dev_aht21
                0x0000000020000000        0xc C:\Users\uni\AppData\Local\Temp\ch32-mess.elf.ykRDYI.ltrans0.ltrans.o
 .data.dev_ssd1306
                0x000000002000000c        0xc C:\Users\uni\AppData\Local\Temp\ch32-mess.elf.ykRDYI.ltrans0.ltrans.o
 .data.i2c_registers
                0x0000000020000018       0x20 C:\Users\uni\AppData\Local\Temp\ch32-mess.elf.ykRDYI.ltrans0.ltrans.o
 *(.gnu.linkonce.d.*)
                0x0000000020000038                . = ALIGN (0x8)
 *(.sdata .sdata.*)
 .sdata.lfsr    0x0000000020000038        0x4 C:\Users\uni\AppData\Local\Temp\ch32-mess.elf.ykRDYI.ltrans0.ltrans.o
 .sdata.line.5  0x000000002000003c        0x4 C:\Users\uni\AppData\Local\Temp\ch32-mess.elf.ykRDYI.ltrans0.ltrans.o
 .sdata.tween   0x0000000020000040        0x4 C:\Users\uni\AppData\Local\Temp\ch32-mess.elf.ykRDYI.ltrans0.ltrans.o
 *(.sdata2*)
 *(.gnu.linkonce.s.*)
                0x0000000020000048                . = ALIGN (0x8)
 *fill*         0x0000000020000044        0x4 
 *(.srodata.cst16)
 *(.srodata.cst8)
 *(.srodata.cst4)
 *(.srodata.cst2)
 *(.srodata .srodata.*)
 .srodata       0x0000000020000048       0x44 C:\Users\uni\AppData\Local\Temp\ch32-mess.elf.ykRDYI.ltrans0.ltrans.o
                0x000000002000008c                . = ALIGN (0x4)
                0x000000002000008c                PROVIDE (_edata = .)

.bss            0x000000002000008c      0x754 load address 0x0000000000002c94
                0x000000002000008c                . = ALIGN (0x4)
                0x000000002000008c                PROVIDE (_sbss = .)
 *(.sbss*)
 .sbss.DC_PIN2  0x000000002000008c        0x1 C:\Users\uni\AppData\Local\Temp\ch32-mess.elf.ykRDYI.ltrans0.ltrans.o
 *fill*         0x000000002000008d        0x3 
 .sbss.WS2812BLEDInUse
                0x0000000020000090        0x4 C:\Users\uni\AppData\Local\Temp\ch32-mess.elf.ykRDYI.ltrans0.ltrans.o
 .sbss.WS2812LEDPlace
                0x0000000020000094        0x4 C:\Users\uni\AppData\Local\Temp\ch32-mess.elf.ykRDYI.ltrans0.ltrans.o
 .sbss.WS2812LEDs
                0x0000000020000098        0x4 C:\Users\uni\AppData\Local\Temp\ch32-mess.elf.ykRDYI.ltrans0.ltrans.o
 .sbss._cursor_x
                0x000000002000009c        0x2 C:\Users\uni\AppData\Local\Temp\ch32-mess.elf.ykRDYI.ltrans0.ltrans.o
 .sbss._cursor_y
                0x000000002000009e        0x2 C:\Users\uni\AppData\Local\Temp\ch32-mess.elf.ykRDYI.ltrans0.ltrans.o
 .sbss._i2c_timeout
                0x00000000200000a0        0x4 C:\Users\uni\AppData\Local\Temp\ch32-mess.elf.ykRDYI.ltrans0.ltrans.o
 .sbss.rect_idx.1
                0x00000000200000a4        0x1 C:\Users\uni\AppData\Local\Temp\ch32-mess.elf.ykRDYI.ltrans0.ltrans.o
 *fill*         0x00000000200000a5        0x3 
 .sbss.ssd1306_buffer
                0x00000000200000a8        0x1 C:\Users\uni\AppData\Local\Temp\ch32-mess.elf.ykRDYI.ltrans0.ltrans.o
 *fill*         0x00000000200000a9        0x3 
 .sbss.systick_millis
                0x00000000200000ac        0x4 C:\Users\uni\AppData\Local\Temp\ch32-mess.elf.ykRDYI.ltrans0.ltrans.o
 .sbss.x_idx.3  0x00000000200000b0        0x1 C:\Users\uni\AppData\Local\Temp\ch32-mess.elf.ykRDYI.ltrans0.ltrans.o
 .sbss.y_idx.2  0x00000000200000b1        0x1 C:\Users\uni\AppData\Local\Temp\ch32-mess.elf.ykRDYI.ltrans0.ltrans.o
 *(.gnu.linkonce.sb.*)
 *(.bss*)
 *fill*         0x00000000200000b2        0x2 
 .bss.WS2812dmabuff
                0x00000000200000b4       0x60 C:\Users\uni\AppData\Local\Temp\ch32-mess.elf.ykRDYI.ltrans0.ltrans.o
 .bss._buffer   0x0000000020000114      0x140 C:\Users\uni\AppData\Local\Temp\ch32-mess.elf.ykRDYI.ltrans0.ltrans.o
 .bss._frame_buffer
                0x0000000020000254      0x140 C:\Users\uni\AppData\Local\Temp\ch32-mess.elf.ykRDYI.ltrans0.ltrans.o
 .bss.frame_buffer
                0x0000000020000394      0x400 C:\Users\uni\AppData\Local\Temp\ch32-mess.elf.ykRDYI.ltrans0.ltrans.o
 .bss.i2c_slave_state
                0x0000000020000794       0x2c C:\Users\uni\AppData\Local\Temp\ch32-mess.elf.ykRDYI.ltrans0.ltrans.o
 .bss.str.4     0x00000000200007c0        0xc C:\Users\uni\AppData\Local\Temp\ch32-mess.elf.ykRDYI.ltrans0.ltrans.o
 .bss.str_output
                0x00000000200007cc       0x14 C:\Users\uni\AppData\Local\Temp\ch32-mess.elf.ykRDYI.ltrans0.ltrans.o
 *(.gnu.linkonce.b.*)
 *(COMMON*)
                0x00000000200007e0                . = ALIGN (0x4)
                0x00000000200007e0                PROVIDE (_ebss = .)
                [!provide]                        PROVIDE (_end = _ebss)
                [!provide]                        PROVIDE (end = .)
                0x0000000020000800                PROVIDE (_eusrstack = (ORIGIN (RAM) + LENGTH (RAM)))

/DISCARD/
 *(.note .note.*)
 *(.eh_frame .eh_frame.*)
 *(.comment .comment.*)
 *(.ARM.extab* .gnu.linkonce.armextab.*)
 *(.ARM.exidx*)
OUTPUT(ch32-mess.elf elf32-littleriscv)

.riscv.attributes
                0x0000000000000000       0x21
 .riscv.attributes
                0x0000000000000000       0x21 C:\Users\uni\AppData\Local\Temp\ch32-mess.elf.ykRDYI.ltrans0.ltrans.o
 .riscv.attributes
                0x0000000000000021       0x1f ../ch32fun/ch32fun//../misc\libgcc.a(div.o)

.debug_info     0x0000000000000000     0xa8fd
 .debug_info    0x0000000000000000     0x34a7 C:\Users\uni\AppData\Local\Temp\ch32-mess.elf.ykRDYI.ltrans0.ltrans.o
 .debug_info    0x00000000000034a7     0x1188 C:\Users\uni\AppData\Local\Temp\cccr0p2T.debug.temp.o
                0x00000000000034a7                ch32fun.c.963ac852
 .debug_info    0x000000000000462f     0x5629 C:\Users\uni\AppData\Local\Temp\ccQlzh8v.debug.temp.o
                0x000000000000462f                ch32_mess.c.a966e287
 .debug_info    0x0000000000009c58      0x47c C:\Users\uni\AppData\Local\Temp\ccKGDIi8.debug.temp.o
                0x0000000000009c58                nrf24l01_low_level.c.429e1874
 .debug_info    0x000000000000a0d4      0x7cc C:\Users\uni\AppData\Local\Temp\ccwDNaan.debug.temp.o
                0x000000000000a0d4                lib_i2c.c.d894f163
 .debug_info    0x000000000000a8a0       0x5d ../ch32fun/ch32fun//../misc\libgcc.a(div.o)

.debug_abbrev   0x0000000000000000      0xc51
 .debug_abbrev  0x0000000000000000      0x27c C:\Users\uni\AppData\Local\Temp\ch32-mess.elf.ykRDYI.ltrans0.ltrans.o
 .debug_abbrev  0x000000000000027c      0x233 C:\Users\uni\AppData\Local\Temp\cccr0p2T.debug.temp.o
 .debug_abbrev  0x00000000000004af      0x416 C:\Users\uni\AppData\Local\Temp\ccQlzh8v.debug.temp.o
 .debug_abbrev  0x00000000000008c5      0x171 C:\Users\uni\AppData\Local\Temp\ccKGDIi8.debug.temp.o
 .debug_abbrev  0x0000000000000a36      0x1f3 C:\Users\uni\AppData\Local\Temp\ccwDNaan.debug.temp.o
 .debug_abbrev  0x0000000000000c29       0x28 ../ch32fun/ch32fun//../misc\libgcc.a(div.o)

.debug_loc      0x0000000000000000     0x4fb4
 .debug_loc     0x0000000000000000     0x4fb4 C:\Users\uni\AppData\Local\Temp\ch32-mess.elf.ykRDYI.ltrans0.ltrans.o

.debug_aranges  0x0000000000000000      0x268
 .debug_aranges
                0x0000000000000000      0x248 C:\Users\uni\AppData\Local\Temp\ch32-mess.elf.ykRDYI.ltrans0.ltrans.o
 .debug_aranges
                0x0000000000000248       0x20 ../ch32fun/ch32fun//../misc\libgcc.a(div.o)

.debug_ranges   0x0000000000000000      0xc70
 .debug_ranges  0x0000000000000000      0xc70 C:\Users\uni\AppData\Local\Temp\ch32-mess.elf.ykRDYI.ltrans0.ltrans.o

.debug_line     0x0000000000000000     0x65ee
 .debug_line    0x0000000000000000     0x5d93 C:\Users\uni\AppData\Local\Temp\ch32-mess.elf.ykRDYI.ltrans0.ltrans.o
 .debug_line    0x0000000000005d93      0x18e C:\Users\uni\AppData\Local\Temp\cccr0p2T.debug.temp.o
 .debug_line    0x0000000000005f21      0x332 C:\Users\uni\AppData\Local\Temp\ccQlzh8v.debug.temp.o
 .debug_line    0x0000000000006253      0x10d C:\Users\uni\AppData\Local\Temp\ccKGDIi8.debug.temp.o
 .debug_line    0x0000000000006360      0x13b C:\Users\uni\AppData\Local\Temp\ccwDNaan.debug.temp.o
 .debug_line    0x000000000000649b      0x153 ../ch32fun/ch32fun//../misc\libgcc.a(div.o)

.debug_str      0x0000000000000000     0x2d9e
 .debug_str     0x0000000000000000      0x1b7 C:\Users\uni\AppData\Local\Temp\ch32-mess.elf.ykRDYI.ltrans0.ltrans.o
                                        0x1f3 (size before relaxing)
 .debug_str     0x00000000000001b7      0x5d9 C:\Users\uni\AppData\Local\Temp\cccr0p2T.debug.temp.o
                                        0x70c (size before relaxing)
 .debug_str     0x0000000000000790     0x2393 C:\Users\uni\AppData\Local\Temp\ccQlzh8v.debug.temp.o
                                       0x281d (size before relaxing)
 .debug_str     0x0000000000002b23       0xa8 C:\Users\uni\AppData\Local\Temp\ccKGDIi8.debug.temp.o
                                        0x43f (size before relaxing)
 .debug_str     0x0000000000002bcb      0x120 C:\Users\uni\AppData\Local\Temp\ccwDNaan.debug.temp.o
                                        0x519 (size before relaxing)
 .debug_str     0x0000000000002ceb       0xb3 ../ch32fun/ch32fun//../misc\libgcc.a(div.o)
                                         0xd9 (size before relaxing)

.debug_frame    0x0000000000000000      0x814
 .debug_frame   0x0000000000000000      0x814 C:\Users\uni\AppData\Local\Temp\ch32-mess.elf.ykRDYI.ltrans0.ltrans.o

.debug_line_str
                0x0000000000000000       0x92
 .debug_line_str
                0x0000000000000000       0x92 ../ch32fun/ch32fun//../misc\libgcc.a(div.o)
