Archive member included to satisfy reference by file (symbol)

../ch32fun/ch32fun//../misc\libgcc.a(muldi3.o)
                              C:\Users\uni\AppData\Local\Temp\ch32-mess.elf.gwP7aq.ltrans0.ltrans.o (__mulsi3)
../ch32fun/ch32fun//../misc\libgcc.a(div.o)
                              C:\Users\uni\AppData\Local\Temp\ch32-mess.elf.gwP7aq.ltrans0.ltrans.o (__divsi3)

Discarded input sections

 .text          0x0000000000000000        0x0 C:\Users\uni\AppData\Local\Temp\ch32-mess.elf.gwP7aq.ltrans0.ltrans.o
 .data          0x0000000000000000        0x0 C:\Users\uni\AppData\Local\Temp\ch32-mess.elf.gwP7aq.ltrans0.ltrans.o
 .bss           0x0000000000000000        0x0 C:\Users\uni\AppData\Local\Temp\ch32-mess.elf.gwP7aq.ltrans0.ltrans.o
 .text.vprintf  0x0000000000000000       0x16 C:\Users\uni\AppData\Local\Temp\ch32-mess.elf.gwP7aq.ltrans0.ltrans.o
 .text.snprintf
                0x0000000000000000       0x1c C:\Users\uni\AppData\Local\Temp\ch32-mess.elf.gwP7aq.ltrans0.ltrans.o
 .text.strncpy  0x0000000000000000       0x1c C:\Users\uni\AppData\Local\Temp\ch32-mess.elf.gwP7aq.ltrans0.ltrans.o
 .text.strcmp   0x0000000000000000       0x1a C:\Users\uni\AppData\Local\Temp\ch32-mess.elf.gwP7aq.ltrans0.ltrans.o
 .text.strncmp  0x0000000000000000       0x2e C:\Users\uni\AppData\Local\Temp\ch32-mess.elf.gwP7aq.ltrans0.ltrans.o
 .text.strchr   0x0000000000000000       0x16 C:\Users\uni\AppData\Local\Temp\ch32-mess.elf.gwP7aq.ltrans0.ltrans.o
 .text.strrchr  0x0000000000000000       0x3c C:\Users\uni\AppData\Local\Temp\ch32-mess.elf.gwP7aq.ltrans0.ltrans.o
 .text.memcmp   0x0000000000000000       0x26 C:\Users\uni\AppData\Local\Temp\ch32-mess.elf.gwP7aq.ltrans0.ltrans.o
 .text.memmove  0x0000000000000000       0x5e C:\Users\uni\AppData\Local\Temp\ch32-mess.elf.gwP7aq.ltrans0.ltrans.o
 .text.memchr   0x0000000000000000       0x1c C:\Users\uni\AppData\Local\Temp\ch32-mess.elf.gwP7aq.ltrans0.ltrans.o
 .text.strnlen  0x0000000000000000       0x2a C:\Users\uni\AppData\Local\Temp\ch32-mess.elf.gwP7aq.ltrans0.ltrans.o
 .text.twoway_strstr
                0x0000000000000000      0x236 C:\Users\uni\AppData\Local\Temp\ch32-mess.elf.gwP7aq.ltrans0.ltrans.o
 .text.strstr   0x0000000000000000      0x140 C:\Users\uni\AppData\Local\Temp\ch32-mess.elf.gwP7aq.ltrans0.ltrans.o
 .text.EHSVtoHEX
                0x0000000000000000      0x1e0 C:\Users\uni\AppData\Local\Temp\ch32-mess.elf.gwP7aq.ltrans0.ltrans.o
 .data.ADCPrescTable.lto_priv.0
                0x0000000000000000       0x14 C:\Users\uni\AppData\Local\Temp\ch32-mess.elf.gwP7aq.ltrans0.ltrans.o
 .data.ADCPrescTable.lto_priv.1
                0x0000000000000000       0x14 C:\Users\uni\AppData\Local\Temp\ch32-mess.elf.gwP7aq.ltrans0.ltrans.o
 .data.ADCPrescTable.lto_priv.2
                0x0000000000000000       0x14 C:\Users\uni\AppData\Local\Temp\ch32-mess.elf.gwP7aq.ltrans0.ltrans.o
 .data.ADCPrescTable.lto_priv.3
                0x0000000000000000       0x14 C:\Users\uni\AppData\Local\Temp\ch32-mess.elf.gwP7aq.ltrans0.ltrans.o
 .data.APBAHBPrescTable.lto_priv.0
                0x0000000000000000       0x10 C:\Users\uni\AppData\Local\Temp\ch32-mess.elf.gwP7aq.ltrans0.ltrans.o
 .data.APBAHBPrescTable.lto_priv.1
                0x0000000000000000       0x10 C:\Users\uni\AppData\Local\Temp\ch32-mess.elf.gwP7aq.ltrans0.ltrans.o
 .data.APBAHBPrescTable.lto_priv.2
                0x0000000000000000       0x10 C:\Users\uni\AppData\Local\Temp\ch32-mess.elf.gwP7aq.ltrans0.ltrans.o
 .data.APBAHBPrescTable.lto_priv.3
                0x0000000000000000       0x10 C:\Users\uni\AppData\Local\Temp\ch32-mess.elf.gwP7aq.ltrans0.ltrans.o
 .sbss.adc_buffer
                0x0000000000000000        0x4 C:\Users\uni\AppData\Local\Temp\ch32-mess.elf.gwP7aq.ltrans0.ltrans.o
 .comment       0x0000000000000000       0x13 C:\Users\uni\AppData\Local\Temp\ch32-mess.elf.gwP7aq.ltrans0.ltrans.o
 .comment       0x0000000000000000       0x13 C:\Users\uni\AppData\Local\Temp\ccE24cp0.debug.temp.o
 .comment       0x0000000000000000       0x13 C:\Users\uni\AppData\Local\Temp\cc8epDrk.debug.temp.o
 .comment       0x0000000000000000       0x13 C:\Users\uni\AppData\Local\Temp\cc8TbXQE.debug.temp.o
 .debug_info    0x0000000000000000      0x56f C:\Users\uni\AppData\Local\Temp\cca6YokZ.debug.temp.o
 .debug_abbrev  0x0000000000000000      0x13d C:\Users\uni\AppData\Local\Temp\cca6YokZ.debug.temp.o
 .debug_line    0x0000000000000000       0xb9 C:\Users\uni\AppData\Local\Temp\cca6YokZ.debug.temp.o
 .debug_str     0x0000000000000000      0x637 C:\Users\uni\AppData\Local\Temp\cca6YokZ.debug.temp.o
 .comment       0x0000000000000000       0x13 C:\Users\uni\AppData\Local\Temp\cca6YokZ.debug.temp.o
 .comment       0x0000000000000000       0x13 C:\Users\uni\AppData\Local\Temp\ccmregAj.debug.temp.o
 .data          0x0000000000000000        0x0 ../ch32fun/ch32fun//../misc\libgcc.a(muldi3.o)
 .bss           0x0000000000000000        0x0 ../ch32fun/ch32fun//../misc\libgcc.a(muldi3.o)
 .data          0x0000000000000000        0x0 ../ch32fun/ch32fun//../misc\libgcc.a(div.o)
 .bss           0x0000000000000000        0x0 ../ch32fun/ch32fun//../misc\libgcc.a(div.o)

Memory Configuration

Name             Origin             Length             Attributes
FLASH            0x0000000000000000 0x0000000000004000 xr
RAM              0x0000000020000000 0x0000000000000800 xrw
*default*        0x0000000000000000 0xffffffffffffffff

Linker script and memory map

LOAD C:\Users\uni\AppData\Local\Temp\cccdvoF4.o
LOAD C:\Users\uni\AppData\Local\Temp\ch32-mess.elf.gwP7aq.ltrans0.ltrans.o
LOAD C:\Users\uni\AppData\Local\Temp\ccE24cp0.debug.temp.o
LOAD C:\Users\uni\AppData\Local\Temp\cc8epDrk.debug.temp.o
LOAD C:\Users\uni\AppData\Local\Temp\cc8TbXQE.debug.temp.o
LOAD C:\Users\uni\AppData\Local\Temp\cca6YokZ.debug.temp.o
LOAD C:\Users\uni\AppData\Local\Temp\ccmregAj.debug.temp.o
LOAD C:\Users\uni\AppData\Local\Temp\ccZtzDDB.o
LOAD C:\Users\uni\AppData\Local\Temp\ccy1rI0C.o
LOAD C:\Users\uni\AppData\Local\Temp\ccSeqJ6D.o
LOAD C:\Users\uni\AppData\Local\Temp\ccs2srjM.o
LOAD ../ch32fun/ch32fun//../misc\libgcc.a
LOAD ../ch32fun/ch32fun//../misc\libgcc.a

.init           0x0000000000000000       0xa0
                0x0000000000000000                _sinit = .
                0x0000000000000000                . = ALIGN (0x4)
 *(SORT_NONE(.init))
 .init          0x0000000000000000       0x9e C:\Users\uni\AppData\Local\Temp\ch32-mess.elf.gwP7aq.ltrans0.ltrans.o
                0x0000000000000000                InterruptVector
                0x00000000000000a0                . = ALIGN (0x4)
 *fill*         0x000000000000009e        0x2 
                0x00000000000000a0                _einit = .

.text           0x00000000000000a0     0x26dc
                0x00000000000000a0                . = ALIGN (0x4)
 *(.text)
 .text          0x00000000000000a0       0x16 ../ch32fun/ch32fun//../misc\libgcc.a(muldi3.o)
                0x00000000000000a0                __mulsi3
 *fill*         0x00000000000000b6        0x2 
 .text          0x00000000000000b8       0x7e ../ch32fun/ch32fun//../misc\libgcc.a(div.o)
                0x00000000000000b8                __divsi3
                0x00000000000000c0                __udivsi3
                0x00000000000000c0                __hidden___udivsi3
                0x00000000000000ec                __umodsi3
                0x0000000000000110                __modsi3
 *(.text.*)
 .text.mini_pad
                0x0000000000000136       0x9c C:\Users\uni\AppData\Local\Temp\ch32-mess.elf.gwP7aq.ltrans0.ltrans.o
 .text._puts    0x00000000000001d2       0x42 C:\Users\uni\AppData\Local\Temp\ch32-mess.elf.gwP7aq.ltrans0.ltrans.o
 .text.PrintHex
                0x0000000000000214       0x58 C:\Users\uni\AppData\Local\Temp\ch32-mess.elf.gwP7aq.ltrans0.ltrans.o
 .text.DelaySysTick
                0x000000000000026c       0x16 C:\Users\uni\AppData\Local\Temp\ch32-mess.elf.gwP7aq.ltrans0.ltrans.o
 .text.mini_itoa.part.0
                0x0000000000000282       0xbe C:\Users\uni\AppData\Local\Temp\ch32-mess.elf.gwP7aq.ltrans0.ltrans.o
 .text.ld_dword
                0x0000000000000340       0x1e C:\Users\uni\AppData\Local\Temp\ch32-mess.elf.gwP7aq.ltrans0.ltrans.o
 .text.clust2sect
                0x000000000000035e       0x2a C:\Users\uni\AppData\Local\Temp\ch32-mess.elf.gwP7aq.ltrans0.ltrans.o
 .text.get_clust
                0x0000000000000388       0x30 C:\Users\uni\AppData\Local\Temp\ch32-mess.elf.gwP7aq.ltrans0.ltrans.o
 .text.dir_rewind
                0x00000000000003b8       0x4a C:\Users\uni\AppData\Local\Temp\ch32-mess.elf.gwP7aq.ltrans0.ltrans.o
 .text.SPI_set_prescaler
                0x0000000000000402       0x2a C:\Users\uni\AppData\Local\Temp\ch32-mess.elf.gwP7aq.ltrans0.ltrans.o
 .text.SPI_transfer_8
                0x000000000000042c       0x2c C:\Users\uni\AppData\Local\Temp\ch32-mess.elf.gwP7aq.ltrans0.ltrans.o
 .text.rcvr_mmc
                0x0000000000000458        0x6 C:\Users\uni\AppData\Local\Temp\ch32-mess.elf.gwP7aq.ltrans0.ltrans.o
 .text.skip_mmc
                0x000000000000045e       0x1a C:\Users\uni\AppData\Local\Temp\ch32-mess.elf.gwP7aq.ltrans0.ltrans.o
 .text.send_cmd
                0x0000000000000478       0x8c C:\Users\uni\AppData\Local\Temp\ch32-mess.elf.gwP7aq.ltrans0.ltrans.o
 .text.disk_readp
                0x0000000000000504       0x96 C:\Users\uni\AppData\Local\Temp\ch32-mess.elf.gwP7aq.ltrans0.ltrans.o
 .text.get_fat  0x000000000000059a       0x68 C:\Users\uni\AppData\Local\Temp\ch32-mess.elf.gwP7aq.ltrans0.ltrans.o
 .text.disk_writep.part.0
                0x0000000000000602       0x86 C:\Users\uni\AppData\Local\Temp\ch32-mess.elf.gwP7aq.ltrans0.ltrans.o
 .text.i2c_error
                0x0000000000000688       0x92 C:\Users\uni\AppData\Local\Temp\ch32-mess.elf.gwP7aq.ltrans0.ltrans.o
 .text.i2c_send_addr_write
                0x000000000000071a       0x6c C:\Users\uni\AppData\Local\Temp\ch32-mess.elf.gwP7aq.ltrans0.ltrans.o
 .text.i2c_ping
                0x0000000000000786       0x98 C:\Users\uni\AppData\Local\Temp\ch32-mess.elf.gwP7aq.ltrans0.ltrans.o
 .text.pf_write.constprop.0
                0x000000000000081e      0x14a C:\Users\uni\AppData\Local\Temp\ch32-mess.elf.gwP7aq.ltrans0.ltrans.o
 .text.pf_open.constprop.0
                0x0000000000000968      0x1a0 C:\Users\uni\AppData\Local\Temp\ch32-mess.elf.gwP7aq.ltrans0.ltrans.o
 .text.i2c_write_raw.constprop.0
                0x0000000000000b08      0x144 C:\Users\uni\AppData\Local\Temp\ch32-mess.elf.gwP7aq.ltrans0.ltrans.o
 .text.ssd1306_cmd
                0x0000000000000c4c       0x1c C:\Users\uni\AppData\Local\Temp\ch32-mess.elf.gwP7aq.ltrans0.ltrans.o
 .text.internal_handle_input.constprop.0
                0x0000000000000c68        0xa C:\Users\uni\AppData\Local\Temp\ch32-mess.elf.gwP7aq.ltrans0.ltrans.o
 .text._write.constprop.0
                0x0000000000000c72       0xf4 C:\Users\uni\AppData\Local\Temp\ch32-mess.elf.gwP7aq.ltrans0.ltrans.o
 .text.__puts_uart
                0x0000000000000d66       0x14 C:\Users\uni\AppData\Local\Temp\ch32-mess.elf.gwP7aq.ltrans0.ltrans.o
 .text.handle_reset
                0x0000000000000d7a       0x76 C:\Users\uni\AppData\Local\Temp\ch32-mess.elf.gwP7aq.ltrans0.ltrans.o
                0x0000000000000d7a                handle_reset
 .text.vector_handler
                0x0000000000000df0       0x66 C:\Users\uni\AppData\Local\Temp\ch32-mess.elf.gwP7aq.ltrans0.ltrans.o
                0x0000000000000df0                EXTI2_IRQHandler
                0x0000000000000df0                TIM8_TRG_COM_IRQHandler
                0x0000000000000df0                TIM8_CC_IRQHandler
                0x0000000000000df0                UART8_IRQHandler
                0x0000000000000df0                TIM1_CC_IRQHandler
                0x0000000000000df0                HardFault_Handler
                0x0000000000000df0                GPIOB_IRQHandler
                0x0000000000000df0                USBPD_IRQHandler
                0x0000000000000df0                TIM6_IRQHandler
                0x0000000000000df0                GPIOA_IRQHandler
                0x0000000000000df0                PVD_IRQHandler
                0x0000000000000df0                SDIO_IRQHandler
                0x0000000000000df0                TIM9_BRK_IRQHandler
                0x0000000000000df0                DMA2_Channel8_IRQHandler
                0x0000000000000df0                USBWakeUp_IRQHandler
                0x0000000000000df0                CAN2_RX1_IRQHandler
                0x0000000000000df0                EXTI3_IRQHandler
                0x0000000000000df0                UART1_IRQHandler
                0x0000000000000df0                USBHS_IRQHandler
                0x0000000000000df0                DMA2_Channel9_IRQHandler
                0x0000000000000df0                TIM10_CC_IRQHandler
                0x0000000000000df0                EXTI25_16_IRQHandler
                0x0000000000000df0                USBFS_IRQHandler
                0x0000000000000df0                UART0_IRQHandler
                0x0000000000000df0                EXTI0_IRQHandler
                0x0000000000000df0                I2C2_EV_IRQHandler
                0x0000000000000df0                TIM10_TRG_COM_IRQHandler
                0x0000000000000df0                CAN2_SCE_IRQHandler
                0x0000000000000df0                ADC1_2_IRQHandler
                0x0000000000000df0                BB_IRQHandler
                0x0000000000000df0                Break_Point_Handler
                0x0000000000000df0                TIM2_CC_IRQHandler
                0x0000000000000df0                SPI1_IRQHandler
                0x0000000000000df0                TAMPER_IRQHandler
                0x0000000000000df0                TMR0_IRQHandler
                0x0000000000000df0                AWU_IRQHandler
                0x0000000000000df0                EXTI7_0_IRQHandler
                0x0000000000000df0                CAN2_RX0_IRQHandler
                0x0000000000000df0                OSCWakeUp_IRQHandler
                0x0000000000000df0                TIM8_UP_IRQHandler
                0x0000000000000df0                Ecall_M_Mode_Handler
                0x0000000000000df0                DMA2_Channel2_IRQHandler
                0x0000000000000df0                ADC1_IRQHandler
                0x0000000000000df0                TIM2_BRK_IRQHandler
                0x0000000000000df0                TIM9_UP_IRQHandler
                0x0000000000000df0                USART3_IRQHandler
                0x0000000000000df0                RTC_IRQHandler
                0x0000000000000df0                DMA1_Channel7_IRQHandler
                0x0000000000000df0                CAN1_RX1_IRQHandler
                0x0000000000000df0                DVP_IRQHandler
                0x0000000000000df0                UART5_IRQHandler
                0x0000000000000df0                EXTI15_8_IRQHandler
                0x0000000000000df0                TIM4_IRQHandler
                0x0000000000000df0                DMA2_Channel1_IRQHandler
                0x0000000000000df0                USBPD_WKUP_IRQHandler
                0x0000000000000df0                UART2_IRQHandler
                0x0000000000000df0                USART4_IRQHandler
                0x0000000000000df0                PWMX_IRQHandler
                0x0000000000000df0                DMA1_Channel6_IRQHandler
                0x0000000000000df0                UART4_IRQHandler
                0x0000000000000df0                DMA2_Channel4_IRQHandler
                0x0000000000000df0                TIM3_IRQHandler
                0x0000000000000df0                RCC_IRQHandler
                0x0000000000000df0                TIM1_TRG_COM_IRQHandler
                0x0000000000000df0                DMA1_Channel1_IRQHandler
                0x0000000000000df0                DMA2_Channel7_IRQHandler
                0x0000000000000df0                EXTI15_10_IRQHandler
                0x0000000000000df0                ADC_IRQHandler
                0x0000000000000df0                DMA1_Channel8_IRQHandler
                0x0000000000000df0                TMR2_IRQHandler
                0x0000000000000df0                DefaultIRQHandler
                0x0000000000000df0                TIM7_IRQHandler
                0x0000000000000df0                CAN2_TX_IRQHandler
                0x0000000000000df0                TIM5_IRQHandler
                0x0000000000000df0                TMR1_IRQHandler
                0x0000000000000df0                USB_IRQHandler
                0x0000000000000df0                EXTI9_5_IRQHandler
                0x0000000000000df0                PIOC_IRQHandler
                0x0000000000000df0                SPI2_IRQHandler
                0x0000000000000df0                OSC32KCal_IRQHandler
                0x0000000000000df0                I2C_IRQHandler
                0x0000000000000df0                TIM10_BRK_IRQHandler
                0x0000000000000df0                TIM9_CC_IRQHandler
                0x0000000000000df0                DMA2_Channel5_IRQHandler
                0x0000000000000df0                USB2_IRQHandler
                0x0000000000000df0                USBHSWakeUp_IRQHandler
                0x0000000000000df0                DMA1_Channel5_IRQHandler
                0x0000000000000df0                EXTI4_IRQHandler
                0x0000000000000df0                USB_LP_CAN1_RX0_IRQHandler
                0x0000000000000df0                RNG_IRQHandler
                0x0000000000000df0                USB_HP_CAN1_TX_IRQHandler
                0x0000000000000df0                LLE_IRQHandler
                0x0000000000000df0                FSMC_IRQHandler
                0x0000000000000df0                ETH_IRQHandler
                0x0000000000000df0                TIM1_UP_IRQHandler
                0x0000000000000df0                WWDG_IRQHandler
                0x0000000000000df0                DMA2_Channel11_IRQHandler
                0x0000000000000df0                WDOG_BAT_IRQHandler
                0x0000000000000df0                Ecall_U_Mode_Handler
                0x0000000000000df0                TMR3_IRQHandler
                0x0000000000000df0                DMA2_Channel6_IRQHandler
                0x0000000000000df0                TIM2_IRQHandler
                0x0000000000000df0                SW_Handler
                0x0000000000000df0                TIM1_BRK_IRQHandler
                0x0000000000000df0                OPA_IRQHandler
                0x0000000000000df0                DMA2_Channel10_IRQHandler
                0x0000000000000df0                EXTI1_IRQHandler
                0x0000000000000df0                SPI0_IRQHandler
                0x0000000000000df0                RTCAlarm_IRQHandler
                0x0000000000000df0                TIM10_UP_IRQHandler
                0x0000000000000df0                TIM9_TRG_COM_IRQHandler
                0x0000000000000df0                UART7_IRQHandler
                0x0000000000000df0                USART2_IRQHandler
                0x0000000000000df0                UART6_IRQHandler
                0x0000000000000df0                ETHWakeUp_IRQHandler
                0x0000000000000df0                I2C2_ER_IRQHandler
                0x0000000000000df0                DMA1_Channel2_IRQHandler
                0x0000000000000df0                TIM8_BRK_IRQHandler
                0x0000000000000df0                TIM2_TRG_IRQHandler
                0x0000000000000df0                CAN1_SCE_IRQHandler
                0x0000000000000df0                FLASH_IRQHandler
                0x0000000000000df0                USBFSWakeUp_IRQHandler
                0x0000000000000df0                USART1_IRQHandler
                0x0000000000000df0                OTG_FS_IRQHandler
                0x0000000000000df0                SPI3_IRQHandler
                0x0000000000000df0                USBFS_WakeUp_IRQHandler
                0x0000000000000df0                UART3_IRQHandler
                0x0000000000000df0                DMA2_Channel3_IRQHandler
                0x0000000000000e48                NMI_Handler
                0x0000000000000e48                NMI_RCC_CSS_IRQHandler
 .text.strlen   0x0000000000000e56       0x12 C:\Users\uni\AppData\Local\Temp\ch32-mess.elf.gwP7aq.ltrans0.ltrans.o
                0x0000000000000e56                strlen
 .text.mini_vpprintf
                0x0000000000000e68      0x1b4 C:\Users\uni\AppData\Local\Temp\ch32-mess.elf.gwP7aq.ltrans0.ltrans.o
 .text.printf   0x000000000000101c       0x28 C:\Users\uni\AppData\Local\Temp\ch32-mess.elf.gwP7aq.ltrans0.ltrans.o
                0x000000000000101c                printf
 .text.check_fs
                0x0000000000001044       0xcc C:\Users\uni\AppData\Local\Temp\ch32-mess.elf.gwP7aq.ltrans0.ltrans.o
 .text.onI2C_SlaveWrite
                0x0000000000001110        0x8 C:\Users\uni\AppData\Local\Temp\ch32-mess.elf.gwP7aq.ltrans0.ltrans.o
 .text.onI2C_SlaveRead
                0x0000000000001118        0x8 C:\Users\uni\AppData\Local\Temp\ch32-mess.elf.gwP7aq.ltrans0.ltrans.o
 .text.pf_mount.constprop.0
                0x0000000000001120      0x27a C:\Users\uni\AppData\Local\Temp\ch32-mess.elf.gwP7aq.ltrans0.ltrans.o
 .text.mini_vsnprintf
                0x000000000000139a       0x32 C:\Users\uni\AppData\Local\Temp\ch32-mess.elf.gwP7aq.ltrans0.ltrans.o
 .text.sprintf  0x00000000000013cc       0x22 C:\Users\uni\AppData\Local\Temp\ch32-mess.elf.gwP7aq.ltrans0.ltrans.o
                0x00000000000013cc                sprintf
 .text.memset   0x00000000000013ee       0x12 C:\Users\uni\AppData\Local\Temp\ch32-mess.elf.gwP7aq.ltrans0.ltrans.o
                0x00000000000013ee                memset
 .text.strcpy   0x0000000000001400       0x14 C:\Users\uni\AppData\Local\Temp\ch32-mess.elf.gwP7aq.ltrans0.ltrans.o
                0x0000000000001400                strcpy
 .text.memcpy   0x0000000000001414       0x1c C:\Users\uni\AppData\Local\Temp\ch32-mess.elf.gwP7aq.ltrans0.ltrans.o
                0x0000000000001414                memcpy
 .text.ssd1306_data.isra.0
                0x0000000000001430       0x2c C:\Users\uni\AppData\Local\Temp\ch32-mess.elf.gwP7aq.ltrans0.ltrans.o
 .text.ssd1306_print_str_at.constprop.0
                0x000000000000145c       0x74 C:\Users\uni\AppData\Local\Temp\ch32-mess.elf.gwP7aq.ltrans0.ltrans.o
 .text.puts     0x00000000000014d0       0x32 C:\Users\uni\AppData\Local\Temp\ch32-mess.elf.gwP7aq.ltrans0.ltrans.o
                0x00000000000014d0                puts
 .text.i2c_scan_callback
                0x0000000000001502       0x50 C:\Users\uni\AppData\Local\Temp\ch32-mess.elf.gwP7aq.ltrans0.ltrans.o
 .text.putchar  0x0000000000001552       0x6e C:\Users\uni\AppData\Local\Temp\ch32-mess.elf.gwP7aq.ltrans0.ltrans.o
                0x0000000000001552                putchar
 .text.SystemInit
                0x00000000000015c0       0x58 C:\Users\uni\AppData\Local\Temp\ch32-mess.elf.gwP7aq.ltrans0.ltrans.o
                0x00000000000015c0                SystemInit
 .text.startup.main
                0x0000000000001618      0x7a0 C:\Users\uni\AppData\Local\Temp\ch32-mess.elf.gwP7aq.ltrans0.ltrans.o
                0x0000000000001618                main
 .text.TweenHexColors
                0x0000000000001db8       0xdc C:\Users\uni\AppData\Local\Temp\ch32-mess.elf.gwP7aq.ltrans0.ltrans.o
 .text.WS2812FillBuffSec.constprop.0
                0x0000000000001e94      0x122 C:\Users\uni\AppData\Local\Temp\ch32-mess.elf.gwP7aq.ltrans0.ltrans.o
 .text.DMA1_Channel3_IRQHandler
                0x0000000000001fb6       0x7a C:\Users\uni\AppData\Local\Temp\ch32-mess.elf.gwP7aq.ltrans0.ltrans.o
 .text.SysTick_Handler
                0x0000000000002030       0x32 C:\Users\uni\AppData\Local\Temp\ch32-mess.elf.gwP7aq.ltrans0.ltrans.o
 .text.I2C1_EV_IRQHandler
                0x0000000000002062      0x1a0 C:\Users\uni\AppData\Local\Temp\ch32-mess.elf.gwP7aq.ltrans0.ltrans.o
 .text.I2C1_ER_IRQHandler
                0x0000000000002202       0x7c C:\Users\uni\AppData\Local\Temp\ch32-mess.elf.gwP7aq.ltrans0.ltrans.o
 *(.rodata)
 *(.rodata*)
 *fill*         0x000000000000227e        0x2 
 .rodata.pf_open.constprop.0.str1.4
                0x0000000000002280        0xd C:\Users\uni\AppData\Local\Temp\ch32-mess.elf.gwP7aq.ltrans0.ltrans.o
 *fill*         0x000000000000228d        0x3 
 .rodata.check_fs.str1.4
                0x0000000000002290       0x7f C:\Users\uni\AppData\Local\Temp\ch32-mess.elf.gwP7aq.ltrans0.ltrans.o
 *fill*         0x000000000000230f        0x1 
 .rodata.onI2C_SlaveWrite.str1.4
                0x0000000000002310       0x10 C:\Users\uni\AppData\Local\Temp\ch32-mess.elf.gwP7aq.ltrans0.ltrans.o
 .rodata.onI2C_SlaveRead.str1.4
                0x0000000000002320       0x12 C:\Users\uni\AppData\Local\Temp\ch32-mess.elf.gwP7aq.ltrans0.ltrans.o
 *fill*         0x0000000000002332        0x2 
 .rodata.pf_mount.constprop.0.str1.4
                0x0000000000002334       0x1e C:\Users\uni\AppData\Local\Temp\ch32-mess.elf.gwP7aq.ltrans0.ltrans.o
 *fill*         0x0000000000002352        0x2 
 .rodata.puts.str1.4
                0x0000000000002354        0x2 C:\Users\uni\AppData\Local\Temp\ch32-mess.elf.gwP7aq.ltrans0.ltrans.o
 *fill*         0x0000000000002356        0x2 
 .rodata.i2c_scan_callback.str1.4
                0x0000000000002358        0xc C:\Users\uni\AppData\Local\Temp\ch32-mess.elf.gwP7aq.ltrans0.ltrans.o
 .rodata.main.str1.4
                0x0000000000002364      0x17d C:\Users\uni\AppData\Local\Temp\ch32-mess.elf.gwP7aq.ltrans0.ltrans.o
 *fill*         0x00000000000024e1        0x3 
 .rodata.FONT_7x5
                0x00000000000024e4      0x1db C:\Users\uni\AppData\Local\Temp\ch32-mess.elf.gwP7aq.ltrans0.ltrans.o
 *fill*         0x00000000000026bf        0x1 
 .rodata.bitquartets.9
                0x00000000000026c0       0x20 C:\Users\uni\AppData\Local\Temp\ch32-mess.elf.gwP7aq.ltrans0.ltrans.o
 .rodata.cvt.1  0x00000000000026e0       0x80 C:\Users\uni\AppData\Local\Temp\ch32-mess.elf.gwP7aq.ltrans0.ltrans.o
 .rodata.ssd1306_init_array
                0x0000000000002760       0x1a C:\Users\uni\AppData\Local\Temp\ch32-mess.elf.gwP7aq.ltrans0.ltrans.o
 *(.gnu.linkonce.t.*)
                0x000000000000277c                . = ALIGN (0x4)
 *fill*         0x000000000000277a        0x2 

.rela.dyn       0x000000000000277c        0x0
 .rela.text.mini_pad
                0x000000000000277c        0x0 C:\Users\uni\AppData\Local\Temp\ch32-mess.elf.gwP7aq.ltrans0.ltrans.o
 .rela.text.pf_open.constprop.0
                0x000000000000277c        0x0 C:\Users\uni\AppData\Local\Temp\ch32-mess.elf.gwP7aq.ltrans0.ltrans.o
 .rela.text._write.constprop.0
                0x000000000000277c        0x0 C:\Users\uni\AppData\Local\Temp\ch32-mess.elf.gwP7aq.ltrans0.ltrans.o
 .rela.text.handle_reset
                0x000000000000277c        0x0 C:\Users\uni\AppData\Local\Temp\ch32-mess.elf.gwP7aq.ltrans0.ltrans.o
 .rela.text.mini_vpprintf
                0x000000000000277c        0x0 C:\Users\uni\AppData\Local\Temp\ch32-mess.elf.gwP7aq.ltrans0.ltrans.o
 .rela.text.check_fs
                0x000000000000277c        0x0 C:\Users\uni\AppData\Local\Temp\ch32-mess.elf.gwP7aq.ltrans0.ltrans.o
 .rela.text.onI2C_SlaveWrite
                0x000000000000277c        0x0 C:\Users\uni\AppData\Local\Temp\ch32-mess.elf.gwP7aq.ltrans0.ltrans.o
 .rela.text.onI2C_SlaveRead
                0x000000000000277c        0x0 C:\Users\uni\AppData\Local\Temp\ch32-mess.elf.gwP7aq.ltrans0.ltrans.o
 .rela.text.pf_mount.constprop.0
                0x000000000000277c        0x0 C:\Users\uni\AppData\Local\Temp\ch32-mess.elf.gwP7aq.ltrans0.ltrans.o
 .rela.text.ssd1306_data.isra.0
                0x000000000000277c        0x0 C:\Users\uni\AppData\Local\Temp\ch32-mess.elf.gwP7aq.ltrans0.ltrans.o
 .rela.text.puts
                0x000000000000277c        0x0 C:\Users\uni\AppData\Local\Temp\ch32-mess.elf.gwP7aq.ltrans0.ltrans.o
 .rela.text.i2c_scan_callback
                0x000000000000277c        0x0 C:\Users\uni\AppData\Local\Temp\ch32-mess.elf.gwP7aq.ltrans0.ltrans.o
 .rela.text.startup.main
                0x000000000000277c        0x0 C:\Users\uni\AppData\Local\Temp\ch32-mess.elf.gwP7aq.ltrans0.ltrans.o
 .rela.text.WS2812FillBuffSec.constprop.0
                0x000000000000277c        0x0 C:\Users\uni\AppData\Local\Temp\ch32-mess.elf.gwP7aq.ltrans0.ltrans.o

.fini           0x000000000000277c        0x0
 *(SORT_NONE(.fini))
                0x000000000000277c                . = ALIGN (0x4)
                [!provide]                        PROVIDE (_etext = .)
                [!provide]                        PROVIDE (_eitcm = .)

.preinit_array  0x000000000000277c        0x0
                [!provide]                        PROVIDE (__preinit_array_start = .)
 *(.preinit_array)
                [!provide]                        PROVIDE (__preinit_array_end = .)

.init_array     0x000000000000277c        0x0
                [!provide]                        PROVIDE (__init_array_start = .)
 *(SORT_BY_INIT_PRIORITY(.init_array.*) SORT_BY_INIT_PRIORITY(.ctors.*))
 *(.init_array EXCLUDE_FILE(*crtend?.o *crtend.o *crtbegin?.o *crtbegin.o) .ctors)
                [!provide]                        PROVIDE (__init_array_end = .)

.fini_array     0x000000000000277c        0x0
                [!provide]                        PROVIDE (__fini_array_start = .)
 *(SORT_BY_INIT_PRIORITY(.fini_array.*) SORT_BY_INIT_PRIORITY(.dtors.*))
 *(.fini_array EXCLUDE_FILE(*crtend?.o *crtend.o *crtbegin?.o *crtbegin.o) .dtors)
                [!provide]                        PROVIDE (__fini_array_end = .)

.ctors
 *crtbegin.o(.ctors)
 *crtbegin?.o(.ctors)
 *(EXCLUDE_FILE(*crtend?.o *crtend.o) .ctors)
 *(SORT_BY_NAME(.ctors.*))
 *(.ctors)

.dtors
 *crtbegin.o(.dtors)
 *crtbegin?.o(.dtors)
 *(EXCLUDE_FILE(*crtend?.o *crtend.o) .dtors)
 *(SORT_BY_NAME(.dtors.*))
 *(.dtors)

.dalign         0x0000000020000000        0x0 load address 0x000000000000277c
                0x0000000020000000                . = ALIGN (0x4)
                0x0000000020000000                PROVIDE (_data_vma = .)

.dlalign        0x000000000000277c        0x0
                0x000000000000277c                . = ALIGN (0x4)
                0x000000000000277c                PROVIDE (_data_lma = .)

.data           0x0000000020000000       0x84 load address 0x000000000000277c
                0x0000000020000000                . = ALIGN (0x4)
                0x00000000200003fc                __global_pointer$ = (. + 0x3fc)
 *(.gnu.linkonce.r.*)
 *(.data .data.*)
 .data.dev_aht21
                0x0000000020000000        0xc C:\Users\uni\AppData\Local\Temp\ch32-mess.elf.gwP7aq.ltrans0.ltrans.o
 .data.dev_ssd1306
                0x000000002000000c        0xc C:\Users\uni\AppData\Local\Temp\ch32-mess.elf.gwP7aq.ltrans0.ltrans.o
 .data.i2c_registers
                0x0000000020000018       0x20 C:\Users\uni\AppData\Local\Temp\ch32-mess.elf.gwP7aq.ltrans0.ltrans.o
 *(.gnu.linkonce.d.*)
                0x0000000020000038                . = ALIGN (0x8)
 *(.sdata .sdata.*)
 .sdata.line.6  0x0000000020000038        0x4 C:\Users\uni\AppData\Local\Temp\ch32-mess.elf.gwP7aq.ltrans0.ltrans.o
 .sdata.tween   0x000000002000003c        0x4 C:\Users\uni\AppData\Local\Temp\ch32-mess.elf.gwP7aq.ltrans0.ltrans.o
 *(.sdata2*)
 *(.gnu.linkonce.s.*)
                0x0000000020000040                . = ALIGN (0x8)
 *(.srodata.cst16)
 *(.srodata.cst8)
 *(.srodata.cst4)
 *(.srodata.cst2)
 *(.srodata .srodata.*)
 .srodata       0x0000000020000040       0x44 C:\Users\uni\AppData\Local\Temp\ch32-mess.elf.gwP7aq.ltrans0.ltrans.o
                0x0000000020000084                . = ALIGN (0x4)
                0x0000000020000084                PROVIDE (_edata = .)

.bss            0x0000000020000084      0x4f8 load address 0x0000000000002800
                0x0000000020000084                . = ALIGN (0x4)
                0x0000000020000084                PROVIDE (_sbss = .)
 *(.sbss*)
 .sbss.CardType
                0x0000000020000084        0x1 C:\Users\uni\AppData\Local\Temp\ch32-mess.elf.gwP7aq.ltrans0.ltrans.o
 *fill*         0x0000000020000085        0x3 
 .sbss.FatFs    0x0000000020000088        0x4 C:\Users\uni\AppData\Local\Temp\ch32-mess.elf.gwP7aq.ltrans0.ltrans.o
 .sbss.WS2812BLEDInUse
                0x000000002000008c        0x4 C:\Users\uni\AppData\Local\Temp\ch32-mess.elf.gwP7aq.ltrans0.ltrans.o
 .sbss.WS2812LEDPlace
                0x0000000020000090        0x4 C:\Users\uni\AppData\Local\Temp\ch32-mess.elf.gwP7aq.ltrans0.ltrans.o
 .sbss.WS2812LEDs
                0x0000000020000094        0x4 C:\Users\uni\AppData\Local\Temp\ch32-mess.elf.gwP7aq.ltrans0.ltrans.o
 .sbss._i2c_timeout
                0x0000000020000098        0x4 C:\Users\uni\AppData\Local\Temp\ch32-mess.elf.gwP7aq.ltrans0.ltrans.o
 .sbss.br       0x000000002000009c        0x4 C:\Users\uni\AppData\Local\Temp\ch32-mess.elf.gwP7aq.ltrans0.ltrans.o
 .sbss.rc       0x00000000200000a0        0x4 C:\Users\uni\AppData\Local\Temp\ch32-mess.elf.gwP7aq.ltrans0.ltrans.o
 .sbss.ssd1306_buffer
                0x00000000200000a4        0x1 C:\Users\uni\AppData\Local\Temp\ch32-mess.elf.gwP7aq.ltrans0.ltrans.o
 *fill*         0x00000000200000a5        0x3 
 .sbss.systick_millis
                0x00000000200000a8        0x4 C:\Users\uni\AppData\Local\Temp\ch32-mess.elf.gwP7aq.ltrans0.ltrans.o
 .sbss.wc.0     0x00000000200000ac        0x4 C:\Users\uni\AppData\Local\Temp\ch32-mess.elf.gwP7aq.ltrans0.ltrans.o
 *(.gnu.linkonce.sb.*)
 *(.bss*)
 .bss.WS2812dmabuff
                0x00000000200000b0       0x60 C:\Users\uni\AppData\Local\Temp\ch32-mess.elf.gwP7aq.ltrans0.ltrans.o
 .bss.fatfs     0x0000000020000110       0x2c C:\Users\uni\AppData\Local\Temp\ch32-mess.elf.gwP7aq.ltrans0.ltrans.o
 .bss.frame_buffer
                0x000000002000013c      0x400 C:\Users\uni\AppData\Local\Temp\ch32-mess.elf.gwP7aq.ltrans0.ltrans.o
 .bss.i2c_slave_state
                0x000000002000053c       0x2c C:\Users\uni\AppData\Local\Temp\ch32-mess.elf.gwP7aq.ltrans0.ltrans.o
 .bss.str_output
                0x0000000020000568       0x14 C:\Users\uni\AppData\Local\Temp\ch32-mess.elf.gwP7aq.ltrans0.ltrans.o
 *(.gnu.linkonce.b.*)
 *(COMMON*)
                0x000000002000057c                . = ALIGN (0x4)
                0x000000002000057c                PROVIDE (_ebss = .)
                [!provide]                        PROVIDE (_end = _ebss)
                [!provide]                        PROVIDE (end = .)
                0x0000000020000800                PROVIDE (_eusrstack = (ORIGIN (RAM) + LENGTH (RAM)))

/DISCARD/
 *(.note .note.*)
 *(.eh_frame .eh_frame.*)
 *(.comment .comment.*)
 *(.ARM.extab* .gnu.linkonce.armextab.*)
 *(.ARM.exidx*)
OUTPUT(ch32-mess.elf elf32-littleriscv)

.riscv.attributes
                0x0000000000000000       0x21
 .riscv.attributes
                0x0000000000000000       0x21 C:\Users\uni\AppData\Local\Temp\ch32-mess.elf.gwP7aq.ltrans0.ltrans.o
 .riscv.attributes
                0x0000000000000021       0x1f ../ch32fun/ch32fun//../misc\libgcc.a(muldi3.o)
 .riscv.attributes
                0x0000000000000040       0x1f ../ch32fun/ch32fun//../misc\libgcc.a(div.o)

.debug_info     0x0000000000000000     0xa117
 .debug_info    0x0000000000000000     0x35f5 C:\Users\uni\AppData\Local\Temp\ch32-mess.elf.gwP7aq.ltrans0.ltrans.o
 .debug_info    0x00000000000035f5     0x1188 C:\Users\uni\AppData\Local\Temp\ccE24cp0.debug.temp.o
                0x00000000000035f5                ch32fun.c.963ac852
 .debug_info    0x000000000000477d     0x4cc4 C:\Users\uni\AppData\Local\Temp\cc8epDrk.debug.temp.o
                0x000000000000477d                ch32_mess.c.29a9b4d6
 .debug_info    0x0000000000009441      0x47c C:\Users\uni\AppData\Local\Temp\cc8TbXQE.debug.temp.o
                0x0000000000009441                nrf24l01_low_level.c.429e1874
 .debug_info    0x00000000000098bd      0x7cc C:\Users\uni\AppData\Local\Temp\ccmregAj.debug.temp.o
                0x00000000000098bd                lib_i2c.c.d894f163
 .debug_info    0x000000000000a089       0x31 ../ch32fun/ch32fun//../misc\libgcc.a(muldi3.o)
 .debug_info    0x000000000000a0ba       0x5d ../ch32fun/ch32fun//../misc\libgcc.a(div.o)

.debug_abbrev   0x0000000000000000      0xc1b
 .debug_abbrev  0x0000000000000000      0x21c C:\Users\uni\AppData\Local\Temp\ch32-mess.elf.gwP7aq.ltrans0.ltrans.o
 .debug_abbrev  0x000000000000021c      0x233 C:\Users\uni\AppData\Local\Temp\ccE24cp0.debug.temp.o
 .debug_abbrev  0x000000000000044f      0x418 C:\Users\uni\AppData\Local\Temp\cc8epDrk.debug.temp.o
 .debug_abbrev  0x0000000000000867      0x171 C:\Users\uni\AppData\Local\Temp\cc8TbXQE.debug.temp.o
 .debug_abbrev  0x00000000000009d8      0x1f3 C:\Users\uni\AppData\Local\Temp\ccmregAj.debug.temp.o
 .debug_abbrev  0x0000000000000bcb       0x28 ../ch32fun/ch32fun//../misc\libgcc.a(muldi3.o)
 .debug_abbrev  0x0000000000000bf3       0x28 ../ch32fun/ch32fun//../misc\libgcc.a(div.o)

.debug_loc      0x0000000000000000     0x52b9
 .debug_loc     0x0000000000000000     0x52b9 C:\Users\uni\AppData\Local\Temp\ch32-mess.elf.gwP7aq.ltrans0.ltrans.o

.debug_aranges  0x0000000000000000      0x298
 .debug_aranges
                0x0000000000000000      0x258 C:\Users\uni\AppData\Local\Temp\ch32-mess.elf.gwP7aq.ltrans0.ltrans.o
 .debug_aranges
                0x0000000000000258       0x20 ../ch32fun/ch32fun//../misc\libgcc.a(muldi3.o)
 .debug_aranges
                0x0000000000000278       0x20 ../ch32fun/ch32fun//../misc\libgcc.a(div.o)

.debug_ranges   0x0000000000000000      0xb70
 .debug_ranges  0x0000000000000000      0xb70 C:\Users\uni\AppData\Local\Temp\ch32-mess.elf.gwP7aq.ltrans0.ltrans.o

.debug_line     0x0000000000000000     0x6b43
 .debug_line    0x0000000000000000     0x6273 C:\Users\uni\AppData\Local\Temp\ch32-mess.elf.gwP7aq.ltrans0.ltrans.o
 .debug_line    0x0000000000006273      0x18e C:\Users\uni\AppData\Local\Temp\ccE24cp0.debug.temp.o
 .debug_line    0x0000000000006401      0x32d C:\Users\uni\AppData\Local\Temp\cc8epDrk.debug.temp.o
 .debug_line    0x000000000000672e      0x10d C:\Users\uni\AppData\Local\Temp\cc8TbXQE.debug.temp.o
 .debug_line    0x000000000000683b      0x13b C:\Users\uni\AppData\Local\Temp\ccmregAj.debug.temp.o
 .debug_line    0x0000000000006976       0x7a ../ch32fun/ch32fun//../misc\libgcc.a(muldi3.o)
 .debug_line    0x00000000000069f0      0x153 ../ch32fun/ch32fun//../misc\libgcc.a(div.o)

.debug_str      0x0000000000000000     0x2901
 .debug_str     0x0000000000000000      0x194 C:\Users\uni\AppData\Local\Temp\ch32-mess.elf.gwP7aq.ltrans0.ltrans.o
                                        0x1b3 (size before relaxing)
 .debug_str     0x0000000000000194      0x5d9 C:\Users\uni\AppData\Local\Temp\ccE24cp0.debug.temp.o
                                        0x70c (size before relaxing)
 .debug_str     0x000000000000076d     0x1edb C:\Users\uni\AppData\Local\Temp\cc8epDrk.debug.temp.o
                                       0x233f (size before relaxing)
 .debug_str     0x0000000000002648       0xb1 C:\Users\uni\AppData\Local\Temp\cc8TbXQE.debug.temp.o
                                        0x43f (size before relaxing)
 .debug_str     0x00000000000026f9      0x120 C:\Users\uni\AppData\Local\Temp\ccmregAj.debug.temp.o
                                        0x519 (size before relaxing)
 .debug_str     0x0000000000002819       0xa3 ../ch32fun/ch32fun//../misc\libgcc.a(muldi3.o)
                                         0xac (size before relaxing)
 .debug_str     0x00000000000028bc       0x45 ../ch32fun/ch32fun//../misc\libgcc.a(div.o)
                                         0xd9 (size before relaxing)

.debug_frame    0x0000000000000000      0x83c
 .debug_frame   0x0000000000000000      0x83c C:\Users\uni\AppData\Local\Temp\ch32-mess.elf.gwP7aq.ltrans0.ltrans.o

.debug_line_str
                0x0000000000000000       0x9b
 .debug_line_str
                0x0000000000000000       0x95 ../ch32fun/ch32fun//../misc\libgcc.a(muldi3.o)
 .debug_line_str
                0x0000000000000095        0x6 ../ch32fun/ch32fun//../misc\libgcc.a(div.o)
                                         0x92 (size before relaxing)
