Archive member included to satisfy reference by file (symbol)

../ch32fun/ch32fun//../misc\libgcc.a(muldi3.o)
                              C:\Users\uni\AppData\Local\Temp\ch32-mess.elf.hP9lxX.ltrans0.ltrans.o (__mulsi3)
../ch32fun/ch32fun//../misc\libgcc.a(div.o)
                              C:\Users\uni\AppData\Local\Temp\ch32-mess.elf.hP9lxX.ltrans0.ltrans.o (__divsi3)

Discarded input sections

 .text          0x0000000000000000        0x0 C:\Users\uni\AppData\Local\Temp\ch32-mess.elf.hP9lxX.ltrans0.ltrans.o
 .data          0x0000000000000000        0x0 C:\Users\uni\AppData\Local\Temp\ch32-mess.elf.hP9lxX.ltrans0.ltrans.o
 .bss           0x0000000000000000        0x0 C:\Users\uni\AppData\Local\Temp\ch32-mess.elf.hP9lxX.ltrans0.ltrans.o
 .text._puts    0x0000000000000000       0x42 C:\Users\uni\AppData\Local\Temp\ch32-mess.elf.hP9lxX.ltrans0.ltrans.o
 .text.vprintf  0x0000000000000000       0x16 C:\Users\uni\AppData\Local\Temp\ch32-mess.elf.hP9lxX.ltrans0.ltrans.o
 .text.mini_vsnprintf
                0x0000000000000000       0x3a C:\Users\uni\AppData\Local\Temp\ch32-mess.elf.hP9lxX.ltrans0.ltrans.o
 .text.snprintf
                0x0000000000000000       0x1c C:\Users\uni\AppData\Local\Temp\ch32-mess.elf.hP9lxX.ltrans0.ltrans.o
 .text.sprintf  0x0000000000000000       0x28 C:\Users\uni\AppData\Local\Temp\ch32-mess.elf.hP9lxX.ltrans0.ltrans.o
 .text.strcpy   0x0000000000000000       0x14 C:\Users\uni\AppData\Local\Temp\ch32-mess.elf.hP9lxX.ltrans0.ltrans.o
 .text.strncpy  0x0000000000000000       0x1c C:\Users\uni\AppData\Local\Temp\ch32-mess.elf.hP9lxX.ltrans0.ltrans.o
 .text.strcmp   0x0000000000000000       0x1a C:\Users\uni\AppData\Local\Temp\ch32-mess.elf.hP9lxX.ltrans0.ltrans.o
 .text.strncmp  0x0000000000000000       0x2e C:\Users\uni\AppData\Local\Temp\ch32-mess.elf.hP9lxX.ltrans0.ltrans.o
 .text.strchr   0x0000000000000000       0x16 C:\Users\uni\AppData\Local\Temp\ch32-mess.elf.hP9lxX.ltrans0.ltrans.o
 .text.strrchr  0x0000000000000000       0x3c C:\Users\uni\AppData\Local\Temp\ch32-mess.elf.hP9lxX.ltrans0.ltrans.o
 .text.memcmp   0x0000000000000000       0x26 C:\Users\uni\AppData\Local\Temp\ch32-mess.elf.hP9lxX.ltrans0.ltrans.o
 .text.memmove  0x0000000000000000       0x5e C:\Users\uni\AppData\Local\Temp\ch32-mess.elf.hP9lxX.ltrans0.ltrans.o
 .text.memchr   0x0000000000000000       0x1c C:\Users\uni\AppData\Local\Temp\ch32-mess.elf.hP9lxX.ltrans0.ltrans.o
 .text.strnlen  0x0000000000000000       0x2a C:\Users\uni\AppData\Local\Temp\ch32-mess.elf.hP9lxX.ltrans0.ltrans.o
 .text.twoway_strstr
                0x0000000000000000      0x236 C:\Users\uni\AppData\Local\Temp\ch32-mess.elf.hP9lxX.ltrans0.ltrans.o
 .text.strstr   0x0000000000000000      0x140 C:\Users\uni\AppData\Local\Temp\ch32-mess.elf.hP9lxX.ltrans0.ltrans.o
 .text.EHSVtoHEX
                0x0000000000000000      0x1e0 C:\Users\uni\AppData\Local\Temp\ch32-mess.elf.hP9lxX.ltrans0.ltrans.o
 .data.ADCPrescTable.lto_priv.0
                0x0000000000000000       0x14 C:\Users\uni\AppData\Local\Temp\ch32-mess.elf.hP9lxX.ltrans0.ltrans.o
 .data.ADCPrescTable.lto_priv.1
                0x0000000000000000       0x14 C:\Users\uni\AppData\Local\Temp\ch32-mess.elf.hP9lxX.ltrans0.ltrans.o
 .data.ADCPrescTable.lto_priv.2
                0x0000000000000000       0x14 C:\Users\uni\AppData\Local\Temp\ch32-mess.elf.hP9lxX.ltrans0.ltrans.o
 .data.ADCPrescTable.lto_priv.3
                0x0000000000000000       0x14 C:\Users\uni\AppData\Local\Temp\ch32-mess.elf.hP9lxX.ltrans0.ltrans.o
 .data.APBAHBPrescTable.lto_priv.0
                0x0000000000000000       0x10 C:\Users\uni\AppData\Local\Temp\ch32-mess.elf.hP9lxX.ltrans0.ltrans.o
 .data.APBAHBPrescTable.lto_priv.1
                0x0000000000000000       0x10 C:\Users\uni\AppData\Local\Temp\ch32-mess.elf.hP9lxX.ltrans0.ltrans.o
 .data.APBAHBPrescTable.lto_priv.2
                0x0000000000000000       0x10 C:\Users\uni\AppData\Local\Temp\ch32-mess.elf.hP9lxX.ltrans0.ltrans.o
 .data.APBAHBPrescTable.lto_priv.3
                0x0000000000000000       0x10 C:\Users\uni\AppData\Local\Temp\ch32-mess.elf.hP9lxX.ltrans0.ltrans.o
 .comment       0x0000000000000000       0x13 C:\Users\uni\AppData\Local\Temp\ch32-mess.elf.hP9lxX.ltrans0.ltrans.o
 .comment       0x0000000000000000       0x13 C:\Users\uni\AppData\Local\Temp\ccTJb3JG.debug.temp.o
 .comment       0x0000000000000000       0x13 C:\Users\uni\AppData\Local\Temp\cciWrdLB.debug.temp.o
 .comment       0x0000000000000000       0x13 C:\Users\uni\AppData\Local\Temp\ccdn1vDw.debug.temp.o
 .debug_info    0x0000000000000000      0x56f C:\Users\uni\AppData\Local\Temp\ccUiGFyr.debug.temp.o
 .debug_abbrev  0x0000000000000000      0x13d C:\Users\uni\AppData\Local\Temp\ccUiGFyr.debug.temp.o
 .debug_line    0x0000000000000000       0xb9 C:\Users\uni\AppData\Local\Temp\ccUiGFyr.debug.temp.o
 .debug_str     0x0000000000000000      0x637 C:\Users\uni\AppData\Local\Temp\ccUiGFyr.debug.temp.o
 .comment       0x0000000000000000       0x13 C:\Users\uni\AppData\Local\Temp\ccUiGFyr.debug.temp.o
 .comment       0x0000000000000000       0x13 C:\Users\uni\AppData\Local\Temp\cc1xYHQm.debug.temp.o
 .data          0x0000000000000000        0x0 ../ch32fun/ch32fun//../misc\libgcc.a(muldi3.o)
 .bss           0x0000000000000000        0x0 ../ch32fun/ch32fun//../misc\libgcc.a(muldi3.o)
 .data          0x0000000000000000        0x0 ../ch32fun/ch32fun//../misc\libgcc.a(div.o)
 .bss           0x0000000000000000        0x0 ../ch32fun/ch32fun//../misc\libgcc.a(div.o)

Memory Configuration

Name             Origin             Length             Attributes
FLASH            0x0000000000000000 0x0000000000004000 xr
RAM              0x0000000020000000 0x0000000000000800 xrw
*default*        0x0000000000000000 0xffffffffffffffff

Linker script and memory map

LOAD C:\Users\uni\AppData\Local\Temp\ccUJEFrB.o
LOAD C:\Users\uni\AppData\Local\Temp\ch32-mess.elf.hP9lxX.ltrans0.ltrans.o
LOAD C:\Users\uni\AppData\Local\Temp\ccTJb3JG.debug.temp.o
LOAD C:\Users\uni\AppData\Local\Temp\cciWrdLB.debug.temp.o
LOAD C:\Users\uni\AppData\Local\Temp\ccdn1vDw.debug.temp.o
LOAD C:\Users\uni\AppData\Local\Temp\ccUiGFyr.debug.temp.o
LOAD C:\Users\uni\AppData\Local\Temp\cc1xYHQm.debug.temp.o
LOAD C:\Users\uni\AppData\Local\Temp\cc7FscTR.o
LOAD C:\Users\uni\AppData\Local\Temp\ccmxrG3n.o
LOAD C:\Users\uni\AppData\Local\Temp\ccbl7DBX.o
LOAD C:\Users\uni\AppData\Local\Temp\ccmE9dIE.o
LOAD ../ch32fun/ch32fun//../misc\libgcc.a
LOAD ../ch32fun/ch32fun//../misc\libgcc.a

.init           0x0000000000000000       0xa0
                0x0000000000000000                _sinit = .
                0x0000000000000000                . = ALIGN (0x4)
 *(SORT_NONE(.init))
 .init          0x0000000000000000       0x9e C:\Users\uni\AppData\Local\Temp\ch32-mess.elf.hP9lxX.ltrans0.ltrans.o
                0x0000000000000000                InterruptVector
                0x00000000000000a0                . = ALIGN (0x4)
 *fill*         0x000000000000009e        0x2 
                0x00000000000000a0                _einit = .

.text           0x00000000000000a0     0x1fd8
                0x00000000000000a0                . = ALIGN (0x4)
 *(.text)
 .text          0x00000000000000a0       0x16 ../ch32fun/ch32fun//../misc\libgcc.a(muldi3.o)
                0x00000000000000a0                __mulsi3
 *fill*         0x00000000000000b6        0x2 
 .text          0x00000000000000b8       0x7e ../ch32fun/ch32fun//../misc\libgcc.a(div.o)
                0x00000000000000b8                __divsi3
                0x00000000000000c0                __udivsi3
                0x00000000000000c0                __hidden___udivsi3
                0x00000000000000ec                __umodsi3
                0x0000000000000110                __modsi3
 *(.text.*)
 .text.mini_pad
                0x0000000000000136       0x9c C:\Users\uni\AppData\Local\Temp\ch32-mess.elf.hP9lxX.ltrans0.ltrans.o
 .text.PrintHex
                0x00000000000001d2       0x58 C:\Users\uni\AppData\Local\Temp\ch32-mess.elf.hP9lxX.ltrans0.ltrans.o
 .text.DelaySysTick
                0x000000000000022a       0x16 C:\Users\uni\AppData\Local\Temp\ch32-mess.elf.hP9lxX.ltrans0.ltrans.o
 .text.mini_itoa.part.0
                0x0000000000000240       0xbe C:\Users\uni\AppData\Local\Temp\ch32-mess.elf.hP9lxX.ltrans0.ltrans.o
 .text.ld_dword
                0x00000000000002fe       0x1e C:\Users\uni\AppData\Local\Temp\ch32-mess.elf.hP9lxX.ltrans0.ltrans.o
 .text.clust2sect
                0x000000000000031c       0x2a C:\Users\uni\AppData\Local\Temp\ch32-mess.elf.hP9lxX.ltrans0.ltrans.o
 .text.get_clust
                0x0000000000000346       0x30 C:\Users\uni\AppData\Local\Temp\ch32-mess.elf.hP9lxX.ltrans0.ltrans.o
 .text.dir_rewind
                0x0000000000000376       0x4a C:\Users\uni\AppData\Local\Temp\ch32-mess.elf.hP9lxX.ltrans0.ltrans.o
 .text.SPI_set_prescaler
                0x00000000000003c0       0x2a C:\Users\uni\AppData\Local\Temp\ch32-mess.elf.hP9lxX.ltrans0.ltrans.o
 .text.SPI_transfer_8
                0x00000000000003ea       0x2c C:\Users\uni\AppData\Local\Temp\ch32-mess.elf.hP9lxX.ltrans0.ltrans.o
 .text.rcvr_mmc
                0x0000000000000416        0x6 C:\Users\uni\AppData\Local\Temp\ch32-mess.elf.hP9lxX.ltrans0.ltrans.o
 .text.skip_mmc
                0x000000000000041c       0x1a C:\Users\uni\AppData\Local\Temp\ch32-mess.elf.hP9lxX.ltrans0.ltrans.o
 .text.send_cmd
                0x0000000000000436       0x8c C:\Users\uni\AppData\Local\Temp\ch32-mess.elf.hP9lxX.ltrans0.ltrans.o
 .text.disk_readp
                0x00000000000004c2       0x96 C:\Users\uni\AppData\Local\Temp\ch32-mess.elf.hP9lxX.ltrans0.ltrans.o
 .text.get_fat  0x0000000000000558       0x68 C:\Users\uni\AppData\Local\Temp\ch32-mess.elf.hP9lxX.ltrans0.ltrans.o
 .text.disk_writep.part.0
                0x00000000000005c0       0x86 C:\Users\uni\AppData\Local\Temp\ch32-mess.elf.hP9lxX.ltrans0.ltrans.o
 .text.pf_write.constprop.0
                0x0000000000000646      0x14a C:\Users\uni\AppData\Local\Temp\ch32-mess.elf.hP9lxX.ltrans0.ltrans.o
 .text.internal_handle_input.constprop.0
                0x0000000000000790        0xa C:\Users\uni\AppData\Local\Temp\ch32-mess.elf.hP9lxX.ltrans0.ltrans.o
 .text._write.constprop.0
                0x000000000000079a       0xf2 C:\Users\uni\AppData\Local\Temp\ch32-mess.elf.hP9lxX.ltrans0.ltrans.o
 .text.__puts_uart
                0x000000000000088c       0x14 C:\Users\uni\AppData\Local\Temp\ch32-mess.elf.hP9lxX.ltrans0.ltrans.o
 .text.handle_reset
                0x00000000000008a0       0x76 C:\Users\uni\AppData\Local\Temp\ch32-mess.elf.hP9lxX.ltrans0.ltrans.o
                0x00000000000008a0                handle_reset
 .text.vector_handler
                0x0000000000000916       0x66 C:\Users\uni\AppData\Local\Temp\ch32-mess.elf.hP9lxX.ltrans0.ltrans.o
                0x0000000000000916                EXTI2_IRQHandler
                0x0000000000000916                TIM8_TRG_COM_IRQHandler
                0x0000000000000916                TIM8_CC_IRQHandler
                0x0000000000000916                UART8_IRQHandler
                0x0000000000000916                TIM1_CC_IRQHandler
                0x0000000000000916                HardFault_Handler
                0x0000000000000916                GPIOB_IRQHandler
                0x0000000000000916                USBPD_IRQHandler
                0x0000000000000916                TIM6_IRQHandler
                0x0000000000000916                GPIOA_IRQHandler
                0x0000000000000916                PVD_IRQHandler
                0x0000000000000916                SDIO_IRQHandler
                0x0000000000000916                TIM9_BRK_IRQHandler
                0x0000000000000916                DMA2_Channel8_IRQHandler
                0x0000000000000916                USBWakeUp_IRQHandler
                0x0000000000000916                CAN2_RX1_IRQHandler
                0x0000000000000916                EXTI3_IRQHandler
                0x0000000000000916                UART1_IRQHandler
                0x0000000000000916                USBHS_IRQHandler
                0x0000000000000916                DMA2_Channel9_IRQHandler
                0x0000000000000916                TIM10_CC_IRQHandler
                0x0000000000000916                EXTI25_16_IRQHandler
                0x0000000000000916                USBFS_IRQHandler
                0x0000000000000916                UART0_IRQHandler
                0x0000000000000916                EXTI0_IRQHandler
                0x0000000000000916                I2C2_EV_IRQHandler
                0x0000000000000916                TIM10_TRG_COM_IRQHandler
                0x0000000000000916                CAN2_SCE_IRQHandler
                0x0000000000000916                ADC1_2_IRQHandler
                0x0000000000000916                BB_IRQHandler
                0x0000000000000916                Break_Point_Handler
                0x0000000000000916                TIM2_CC_IRQHandler
                0x0000000000000916                SPI1_IRQHandler
                0x0000000000000916                TAMPER_IRQHandler
                0x0000000000000916                TMR0_IRQHandler
                0x0000000000000916                AWU_IRQHandler
                0x0000000000000916                EXTI7_0_IRQHandler
                0x0000000000000916                CAN2_RX0_IRQHandler
                0x0000000000000916                OSCWakeUp_IRQHandler
                0x0000000000000916                TIM8_UP_IRQHandler
                0x0000000000000916                Ecall_M_Mode_Handler
                0x0000000000000916                DMA2_Channel2_IRQHandler
                0x0000000000000916                ADC1_IRQHandler
                0x0000000000000916                TIM2_BRK_IRQHandler
                0x0000000000000916                TIM9_UP_IRQHandler
                0x0000000000000916                USART3_IRQHandler
                0x0000000000000916                RTC_IRQHandler
                0x0000000000000916                DMA1_Channel7_IRQHandler
                0x0000000000000916                CAN1_RX1_IRQHandler
                0x0000000000000916                DVP_IRQHandler
                0x0000000000000916                UART5_IRQHandler
                0x0000000000000916                EXTI15_8_IRQHandler
                0x0000000000000916                TIM4_IRQHandler
                0x0000000000000916                DMA2_Channel1_IRQHandler
                0x0000000000000916                USBPD_WKUP_IRQHandler
                0x0000000000000916                UART2_IRQHandler
                0x0000000000000916                USART4_IRQHandler
                0x0000000000000916                PWMX_IRQHandler
                0x0000000000000916                DMA1_Channel6_IRQHandler
                0x0000000000000916                UART4_IRQHandler
                0x0000000000000916                DMA2_Channel4_IRQHandler
                0x0000000000000916                TIM3_IRQHandler
                0x0000000000000916                RCC_IRQHandler
                0x0000000000000916                TIM1_TRG_COM_IRQHandler
                0x0000000000000916                DMA1_Channel1_IRQHandler
                0x0000000000000916                DMA2_Channel7_IRQHandler
                0x0000000000000916                EXTI15_10_IRQHandler
                0x0000000000000916                ADC_IRQHandler
                0x0000000000000916                DMA1_Channel8_IRQHandler
                0x0000000000000916                TMR2_IRQHandler
                0x0000000000000916                DefaultIRQHandler
                0x0000000000000916                TIM7_IRQHandler
                0x0000000000000916                CAN2_TX_IRQHandler
                0x0000000000000916                TIM5_IRQHandler
                0x0000000000000916                TMR1_IRQHandler
                0x0000000000000916                USB_IRQHandler
                0x0000000000000916                EXTI9_5_IRQHandler
                0x0000000000000916                PIOC_IRQHandler
                0x0000000000000916                SPI2_IRQHandler
                0x0000000000000916                OSC32KCal_IRQHandler
                0x0000000000000916                I2C_IRQHandler
                0x0000000000000916                TIM10_BRK_IRQHandler
                0x0000000000000916                TIM9_CC_IRQHandler
                0x0000000000000916                DMA2_Channel5_IRQHandler
                0x0000000000000916                USB2_IRQHandler
                0x0000000000000916                USBHSWakeUp_IRQHandler
                0x0000000000000916                DMA1_Channel5_IRQHandler
                0x0000000000000916                EXTI4_IRQHandler
                0x0000000000000916                USB_LP_CAN1_RX0_IRQHandler
                0x0000000000000916                RNG_IRQHandler
                0x0000000000000916                USB_HP_CAN1_TX_IRQHandler
                0x0000000000000916                LLE_IRQHandler
                0x0000000000000916                FSMC_IRQHandler
                0x0000000000000916                ETH_IRQHandler
                0x0000000000000916                TIM1_UP_IRQHandler
                0x0000000000000916                WWDG_IRQHandler
                0x0000000000000916                DMA2_Channel11_IRQHandler
                0x0000000000000916                WDOG_BAT_IRQHandler
                0x0000000000000916                Ecall_U_Mode_Handler
                0x0000000000000916                TMR3_IRQHandler
                0x0000000000000916                DMA2_Channel6_IRQHandler
                0x0000000000000916                TIM2_IRQHandler
                0x0000000000000916                SW_Handler
                0x0000000000000916                TIM1_BRK_IRQHandler
                0x0000000000000916                OPA_IRQHandler
                0x0000000000000916                DMA2_Channel10_IRQHandler
                0x0000000000000916                EXTI1_IRQHandler
                0x0000000000000916                SPI0_IRQHandler
                0x0000000000000916                RTCAlarm_IRQHandler
                0x0000000000000916                TIM10_UP_IRQHandler
                0x0000000000000916                TIM9_TRG_COM_IRQHandler
                0x0000000000000916                UART7_IRQHandler
                0x0000000000000916                USART2_IRQHandler
                0x0000000000000916                UART6_IRQHandler
                0x0000000000000916                ETHWakeUp_IRQHandler
                0x0000000000000916                I2C2_ER_IRQHandler
                0x0000000000000916                DMA1_Channel2_IRQHandler
                0x0000000000000916                TIM8_BRK_IRQHandler
                0x0000000000000916                TIM2_TRG_IRQHandler
                0x0000000000000916                CAN1_SCE_IRQHandler
                0x0000000000000916                FLASH_IRQHandler
                0x0000000000000916                USBFSWakeUp_IRQHandler
                0x0000000000000916                USART1_IRQHandler
                0x0000000000000916                OTG_FS_IRQHandler
                0x0000000000000916                SPI3_IRQHandler
                0x0000000000000916                USBFS_WakeUp_IRQHandler
                0x0000000000000916                UART3_IRQHandler
                0x0000000000000916                DMA2_Channel3_IRQHandler
                0x000000000000096e                NMI_Handler
                0x000000000000096e                NMI_RCC_CSS_IRQHandler
 .text.strlen   0x000000000000097c       0x12 C:\Users\uni\AppData\Local\Temp\ch32-mess.elf.hP9lxX.ltrans0.ltrans.o
                0x000000000000097c                strlen
 .text.mini_vpprintf
                0x000000000000098e      0x1b4 C:\Users\uni\AppData\Local\Temp\ch32-mess.elf.hP9lxX.ltrans0.ltrans.o
 .text.printf   0x0000000000000b42       0x28 C:\Users\uni\AppData\Local\Temp\ch32-mess.elf.hP9lxX.ltrans0.ltrans.o
                0x0000000000000b42                printf
 .text.check_fs
                0x0000000000000b6a       0xbe C:\Users\uni\AppData\Local\Temp\ch32-mess.elf.hP9lxX.ltrans0.ltrans.o
 .text.onI2C_SlaveWrite
                0x0000000000000c28        0x8 C:\Users\uni\AppData\Local\Temp\ch32-mess.elf.hP9lxX.ltrans0.ltrans.o
 .text.onI2C_SlaveRead
                0x0000000000000c30        0x8 C:\Users\uni\AppData\Local\Temp\ch32-mess.elf.hP9lxX.ltrans0.ltrans.o
 .text.memset   0x0000000000000c38       0x12 C:\Users\uni\AppData\Local\Temp\ch32-mess.elf.hP9lxX.ltrans0.ltrans.o
                0x0000000000000c38                memset
 .text.memcpy   0x0000000000000c4a       0x1c C:\Users\uni\AppData\Local\Temp\ch32-mess.elf.hP9lxX.ltrans0.ltrans.o
                0x0000000000000c4a                memcpy
 .text.puts     0x0000000000000c66       0x2c C:\Users\uni\AppData\Local\Temp\ch32-mess.elf.hP9lxX.ltrans0.ltrans.o
                0x0000000000000c66                puts
 .text.putchar  0x0000000000000c92       0x6c C:\Users\uni\AppData\Local\Temp\ch32-mess.elf.hP9lxX.ltrans0.ltrans.o
                0x0000000000000c92                putchar
 .text.SystemInit
                0x0000000000000cfe       0x58 C:\Users\uni\AppData\Local\Temp\ch32-mess.elf.hP9lxX.ltrans0.ltrans.o
                0x0000000000000cfe                SystemInit
 .text.startup.main
                0x0000000000000d56      0xc1a C:\Users\uni\AppData\Local\Temp\ch32-mess.elf.hP9lxX.ltrans0.ltrans.o
                0x0000000000000d56                main
 .text.TweenHexColors
                0x0000000000001970       0xdc C:\Users\uni\AppData\Local\Temp\ch32-mess.elf.hP9lxX.ltrans0.ltrans.o
 .text.WS2812FillBuffSec.constprop.0
                0x0000000000001a4c      0x122 C:\Users\uni\AppData\Local\Temp\ch32-mess.elf.hP9lxX.ltrans0.ltrans.o
 .text.DMA1_Channel3_IRQHandler
                0x0000000000001b6e       0x7a C:\Users\uni\AppData\Local\Temp\ch32-mess.elf.hP9lxX.ltrans0.ltrans.o
 .text.SysTick_Handler
                0x0000000000001be8       0x32 C:\Users\uni\AppData\Local\Temp\ch32-mess.elf.hP9lxX.ltrans0.ltrans.o
 .text.I2C1_EV_IRQHandler
                0x0000000000001c1a      0x1a0 C:\Users\uni\AppData\Local\Temp\ch32-mess.elf.hP9lxX.ltrans0.ltrans.o
 .text.I2C1_ER_IRQHandler
                0x0000000000001dba       0x7c C:\Users\uni\AppData\Local\Temp\ch32-mess.elf.hP9lxX.ltrans0.ltrans.o
 *(.rodata)
 *(.rodata*)
 *fill*         0x0000000000001e36        0x2 
 .rodata.check_fs.str1.4
                0x0000000000001e38       0x23 C:\Users\uni\AppData\Local\Temp\ch32-mess.elf.hP9lxX.ltrans0.ltrans.o
 *fill*         0x0000000000001e5b        0x1 
 .rodata.onI2C_SlaveWrite.str1.4
                0x0000000000001e5c       0x10 C:\Users\uni\AppData\Local\Temp\ch32-mess.elf.hP9lxX.ltrans0.ltrans.o
 .rodata.onI2C_SlaveRead.str1.4
                0x0000000000001e6c       0x12 C:\Users\uni\AppData\Local\Temp\ch32-mess.elf.hP9lxX.ltrans0.ltrans.o
 *fill*         0x0000000000001e7e        0x2 
 .rodata.puts.str1.4
                0x0000000000001e80        0x2 C:\Users\uni\AppData\Local\Temp\ch32-mess.elf.hP9lxX.ltrans0.ltrans.o
 *fill*         0x0000000000001e82        0x2 
 .rodata.main.str1.4
                0x0000000000001e84      0x142 C:\Users\uni\AppData\Local\Temp\ch32-mess.elf.hP9lxX.ltrans0.ltrans.o
 *fill*         0x0000000000001fc6        0x2 
 .rodata.bitquartets.10
                0x0000000000001fc8       0x20 C:\Users\uni\AppData\Local\Temp\ch32-mess.elf.hP9lxX.ltrans0.ltrans.o
 .rodata.cvt.2  0x0000000000001fe8       0x80 C:\Users\uni\AppData\Local\Temp\ch32-mess.elf.hP9lxX.ltrans0.ltrans.o
 .rodata.message.0
                0x0000000000002068        0xf C:\Users\uni\AppData\Local\Temp\ch32-mess.elf.hP9lxX.ltrans0.ltrans.o
 *(.gnu.linkonce.t.*)
                0x0000000000002078                . = ALIGN (0x4)
 *fill*         0x0000000000002077        0x1 

.rela.dyn       0x0000000000002078        0x0
 .rela.text.mini_pad
                0x0000000000002078        0x0 C:\Users\uni\AppData\Local\Temp\ch32-mess.elf.hP9lxX.ltrans0.ltrans.o
 .rela.text._write.constprop.0
                0x0000000000002078        0x0 C:\Users\uni\AppData\Local\Temp\ch32-mess.elf.hP9lxX.ltrans0.ltrans.o
 .rela.text.handle_reset
                0x0000000000002078        0x0 C:\Users\uni\AppData\Local\Temp\ch32-mess.elf.hP9lxX.ltrans0.ltrans.o
 .rela.text.mini_vpprintf
                0x0000000000002078        0x0 C:\Users\uni\AppData\Local\Temp\ch32-mess.elf.hP9lxX.ltrans0.ltrans.o
 .rela.text.check_fs
                0x0000000000002078        0x0 C:\Users\uni\AppData\Local\Temp\ch32-mess.elf.hP9lxX.ltrans0.ltrans.o
 .rela.text.onI2C_SlaveWrite
                0x0000000000002078        0x0 C:\Users\uni\AppData\Local\Temp\ch32-mess.elf.hP9lxX.ltrans0.ltrans.o
 .rela.text.onI2C_SlaveRead
                0x0000000000002078        0x0 C:\Users\uni\AppData\Local\Temp\ch32-mess.elf.hP9lxX.ltrans0.ltrans.o
 .rela.text.puts
                0x0000000000002078        0x0 C:\Users\uni\AppData\Local\Temp\ch32-mess.elf.hP9lxX.ltrans0.ltrans.o
 .rela.text.startup.main
                0x0000000000002078        0x0 C:\Users\uni\AppData\Local\Temp\ch32-mess.elf.hP9lxX.ltrans0.ltrans.o
 .rela.text.WS2812FillBuffSec.constprop.0
                0x0000000000002078        0x0 C:\Users\uni\AppData\Local\Temp\ch32-mess.elf.hP9lxX.ltrans0.ltrans.o

.fini           0x0000000000002078        0x0
 *(SORT_NONE(.fini))
                0x0000000000002078                . = ALIGN (0x4)
                [!provide]                        PROVIDE (_etext = .)
                [!provide]                        PROVIDE (_eitcm = .)

.preinit_array  0x0000000000002078        0x0
                [!provide]                        PROVIDE (__preinit_array_start = .)
 *(.preinit_array)
                [!provide]                        PROVIDE (__preinit_array_end = .)

.init_array     0x0000000000002078        0x0
                [!provide]                        PROVIDE (__init_array_start = .)
 *(SORT_BY_INIT_PRIORITY(.init_array.*) SORT_BY_INIT_PRIORITY(.ctors.*))
 *(.init_array EXCLUDE_FILE(*crtend?.o *crtend.o *crtbegin?.o *crtbegin.o) .ctors)
                [!provide]                        PROVIDE (__init_array_end = .)

.fini_array     0x0000000000002078        0x0
                [!provide]                        PROVIDE (__fini_array_start = .)
 *(SORT_BY_INIT_PRIORITY(.fini_array.*) SORT_BY_INIT_PRIORITY(.dtors.*))
 *(.fini_array EXCLUDE_FILE(*crtend?.o *crtend.o *crtbegin?.o *crtbegin.o) .dtors)
                [!provide]                        PROVIDE (__fini_array_end = .)

.ctors
 *crtbegin.o(.ctors)
 *crtbegin?.o(.ctors)
 *(EXCLUDE_FILE(*crtend?.o *crtend.o) .ctors)
 *(SORT_BY_NAME(.ctors.*))
 *(.ctors)

.dtors
 *crtbegin.o(.dtors)
 *crtbegin?.o(.dtors)
 *(EXCLUDE_FILE(*crtend?.o *crtend.o) .dtors)
 *(SORT_BY_NAME(.dtors.*))
 *(.dtors)

.dalign         0x0000000020000000        0x0 load address 0x0000000000002078
                0x0000000020000000                . = ALIGN (0x4)
                0x0000000020000000                PROVIDE (_data_vma = .)

.dlalign        0x0000000000002078        0x0
                0x0000000000002078                . = ALIGN (0x4)
                0x0000000000002078                PROVIDE (_data_lma = .)

.data           0x0000000020000000       0x6c load address 0x0000000000002078
                0x0000000020000000                . = ALIGN (0x4)
                0x00000000200003fc                __global_pointer$ = (. + 0x3fc)
 *(.gnu.linkonce.r.*)
 *(.data .data.*)
 .data.i2c_registers
                0x0000000020000000       0x20 C:\Users\uni\AppData\Local\Temp\ch32-mess.elf.hP9lxX.ltrans0.ltrans.o
 *(.gnu.linkonce.d.*)
                0x0000000020000020                . = ALIGN (0x8)
 *(.sdata .sdata.*)
 .sdata.tween   0x0000000020000020        0x4 C:\Users\uni\AppData\Local\Temp\ch32-mess.elf.hP9lxX.ltrans0.ltrans.o
 *(.sdata2*)
 *(.gnu.linkonce.s.*)
                0x0000000020000028                . = ALIGN (0x8)
 *fill*         0x0000000020000024        0x4 
 *(.srodata.cst16)
 *(.srodata.cst8)
 *(.srodata.cst4)
 *(.srodata.cst2)
 *(.srodata .srodata.*)
 .srodata       0x0000000020000028       0x44 C:\Users\uni\AppData\Local\Temp\ch32-mess.elf.hP9lxX.ltrans0.ltrans.o
                0x000000002000006c                . = ALIGN (0x4)
                0x000000002000006c                PROVIDE (_edata = .)

.bss            0x000000002000006c       0xe0 load address 0x00000000000020e4
                0x000000002000006c                . = ALIGN (0x4)
                0x000000002000006c                PROVIDE (_sbss = .)
 *(.sbss*)
 .sbss.CardType
                0x000000002000006c        0x1 C:\Users\uni\AppData\Local\Temp\ch32-mess.elf.hP9lxX.ltrans0.ltrans.o
 *fill*         0x000000002000006d        0x3 
 .sbss.FatFs    0x0000000020000070        0x4 C:\Users\uni\AppData\Local\Temp\ch32-mess.elf.hP9lxX.ltrans0.ltrans.o
 .sbss.WS2812BLEDInUse
                0x0000000020000074        0x4 C:\Users\uni\AppData\Local\Temp\ch32-mess.elf.hP9lxX.ltrans0.ltrans.o
 .sbss.WS2812LEDPlace
                0x0000000020000078        0x4 C:\Users\uni\AppData\Local\Temp\ch32-mess.elf.hP9lxX.ltrans0.ltrans.o
 .sbss.WS2812LEDs
                0x000000002000007c        0x4 C:\Users\uni\AppData\Local\Temp\ch32-mess.elf.hP9lxX.ltrans0.ltrans.o
 .sbss.adc_buffer
                0x0000000020000080        0x4 C:\Users\uni\AppData\Local\Temp\ch32-mess.elf.hP9lxX.ltrans0.ltrans.o
 .sbss.br       0x0000000020000084        0x4 C:\Users\uni\AppData\Local\Temp\ch32-mess.elf.hP9lxX.ltrans0.ltrans.o
 .sbss.rc       0x0000000020000088        0x4 C:\Users\uni\AppData\Local\Temp\ch32-mess.elf.hP9lxX.ltrans0.ltrans.o
 .sbss.systick_millis
                0x000000002000008c        0x4 C:\Users\uni\AppData\Local\Temp\ch32-mess.elf.hP9lxX.ltrans0.ltrans.o
 .sbss.wc.1     0x0000000020000090        0x4 C:\Users\uni\AppData\Local\Temp\ch32-mess.elf.hP9lxX.ltrans0.ltrans.o
 *(.gnu.linkonce.sb.*)
 *(.bss*)
 .bss.WS2812dmabuff
                0x0000000020000094       0x60 C:\Users\uni\AppData\Local\Temp\ch32-mess.elf.hP9lxX.ltrans0.ltrans.o
 .bss.fatfs     0x00000000200000f4       0x2c C:\Users\uni\AppData\Local\Temp\ch32-mess.elf.hP9lxX.ltrans0.ltrans.o
 .bss.i2c_slave_state
                0x0000000020000120       0x2c C:\Users\uni\AppData\Local\Temp\ch32-mess.elf.hP9lxX.ltrans0.ltrans.o
 *(.gnu.linkonce.b.*)
 *(COMMON*)
                0x000000002000014c                . = ALIGN (0x4)
                0x000000002000014c                PROVIDE (_ebss = .)
                [!provide]                        PROVIDE (_end = _ebss)
                [!provide]                        PROVIDE (end = .)
                0x0000000020000800                PROVIDE (_eusrstack = (ORIGIN (RAM) + LENGTH (RAM)))

/DISCARD/
 *(.note .note.*)
 *(.eh_frame .eh_frame.*)
 *(.comment .comment.*)
 *(.ARM.extab* .gnu.linkonce.armextab.*)
 *(.ARM.exidx*)
OUTPUT(ch32-mess.elf elf32-littleriscv)

.riscv.attributes
                0x0000000000000000       0x21
 .riscv.attributes
                0x0000000000000000       0x21 C:\Users\uni\AppData\Local\Temp\ch32-mess.elf.hP9lxX.ltrans0.ltrans.o
 .riscv.attributes
                0x0000000000000021       0x1f ../ch32fun/ch32fun//../misc\libgcc.a(muldi3.o)
 .riscv.attributes
                0x0000000000000040       0x1f ../ch32fun/ch32fun//../misc\libgcc.a(div.o)

.debug_info     0x0000000000000000     0x98c1
 .debug_info    0x0000000000000000     0x2bfc C:\Users\uni\AppData\Local\Temp\ch32-mess.elf.hP9lxX.ltrans0.ltrans.o
 .debug_info    0x0000000000002bfc     0x1188 C:\Users\uni\AppData\Local\Temp\ccTJb3JG.debug.temp.o
                0x0000000000002bfc                ch32fun.c.963ac852
 .debug_info    0x0000000000003d84     0x4e67 C:\Users\uni\AppData\Local\Temp\cciWrdLB.debug.temp.o
                0x0000000000003d84                ch32_mess.c.51b2a96d
 .debug_info    0x0000000000008beb      0x47c C:\Users\uni\AppData\Local\Temp\ccdn1vDw.debug.temp.o
                0x0000000000008beb                nrf24l01_low_level.c.429e1874
 .debug_info    0x0000000000009067      0x7cc C:\Users\uni\AppData\Local\Temp\cc1xYHQm.debug.temp.o
                0x0000000000009067                lib_i2c.c.d894f163
 .debug_info    0x0000000000009833       0x31 ../ch32fun/ch32fun//../misc\libgcc.a(muldi3.o)
 .debug_info    0x0000000000009864       0x5d ../ch32fun/ch32fun//../misc\libgcc.a(div.o)

.debug_abbrev   0x0000000000000000      0xc11
 .debug_abbrev  0x0000000000000000      0x212 C:\Users\uni\AppData\Local\Temp\ch32-mess.elf.hP9lxX.ltrans0.ltrans.o
 .debug_abbrev  0x0000000000000212      0x233 C:\Users\uni\AppData\Local\Temp\ccTJb3JG.debug.temp.o
 .debug_abbrev  0x0000000000000445      0x418 C:\Users\uni\AppData\Local\Temp\cciWrdLB.debug.temp.o
 .debug_abbrev  0x000000000000085d      0x171 C:\Users\uni\AppData\Local\Temp\ccdn1vDw.debug.temp.o
 .debug_abbrev  0x00000000000009ce      0x1f3 C:\Users\uni\AppData\Local\Temp\cc1xYHQm.debug.temp.o
 .debug_abbrev  0x0000000000000bc1       0x28 ../ch32fun/ch32fun//../misc\libgcc.a(muldi3.o)
 .debug_abbrev  0x0000000000000be9       0x28 ../ch32fun/ch32fun//../misc\libgcc.a(div.o)

.debug_loc      0x0000000000000000     0x4e1c
 .debug_loc     0x0000000000000000     0x4e1c C:\Users\uni\AppData\Local\Temp\ch32-mess.elf.hP9lxX.ltrans0.ltrans.o

.debug_aranges  0x0000000000000000      0x248
 .debug_aranges
                0x0000000000000000      0x208 C:\Users\uni\AppData\Local\Temp\ch32-mess.elf.hP9lxX.ltrans0.ltrans.o
 .debug_aranges
                0x0000000000000208       0x20 ../ch32fun/ch32fun//../misc\libgcc.a(muldi3.o)
 .debug_aranges
                0x0000000000000228       0x20 ../ch32fun/ch32fun//../misc\libgcc.a(div.o)

.debug_ranges   0x0000000000000000      0xb40
 .debug_ranges  0x0000000000000000      0xb40 C:\Users\uni\AppData\Local\Temp\ch32-mess.elf.hP9lxX.ltrans0.ltrans.o

.debug_line     0x0000000000000000     0x68e0
 .debug_line    0x0000000000000000     0x5ff7 C:\Users\uni\AppData\Local\Temp\ch32-mess.elf.hP9lxX.ltrans0.ltrans.o
 .debug_line    0x0000000000005ff7      0x18e C:\Users\uni\AppData\Local\Temp\ccTJb3JG.debug.temp.o
 .debug_line    0x0000000000006185      0x346 C:\Users\uni\AppData\Local\Temp\cciWrdLB.debug.temp.o
 .debug_line    0x00000000000064cb      0x10d C:\Users\uni\AppData\Local\Temp\ccdn1vDw.debug.temp.o
 .debug_line    0x00000000000065d8      0x13b C:\Users\uni\AppData\Local\Temp\cc1xYHQm.debug.temp.o
 .debug_line    0x0000000000006713       0x7a ../ch32fun/ch32fun//../misc\libgcc.a(muldi3.o)
 .debug_line    0x000000000000678d      0x153 ../ch32fun/ch32fun//../misc\libgcc.a(div.o)

.debug_str      0x0000000000000000     0x2980
 .debug_str     0x0000000000000000      0x183 C:\Users\uni\AppData\Local\Temp\ch32-mess.elf.hP9lxX.ltrans0.ltrans.o
                                        0x19b (size before relaxing)
 .debug_str     0x0000000000000183      0x5e0 C:\Users\uni\AppData\Local\Temp\ccTJb3JG.debug.temp.o
                                        0x70c (size before relaxing)
 .debug_str     0x0000000000000763     0x1f64 C:\Users\uni\AppData\Local\Temp\cciWrdLB.debug.temp.o
                                       0x23d3 (size before relaxing)
 .debug_str     0x00000000000026c7       0xb1 C:\Users\uni\AppData\Local\Temp\ccdn1vDw.debug.temp.o
                                        0x43f (size before relaxing)
 .debug_str     0x0000000000002778      0x120 C:\Users\uni\AppData\Local\Temp\cc1xYHQm.debug.temp.o
                                        0x519 (size before relaxing)
 .debug_str     0x0000000000002898       0xa3 ../ch32fun/ch32fun//../misc\libgcc.a(muldi3.o)
                                         0xac (size before relaxing)
 .debug_str     0x000000000000293b       0x45 ../ch32fun/ch32fun//../misc\libgcc.a(div.o)
                                         0xd9 (size before relaxing)

.debug_frame    0x0000000000000000      0x6ec
 .debug_frame   0x0000000000000000      0x6ec C:\Users\uni\AppData\Local\Temp\ch32-mess.elf.hP9lxX.ltrans0.ltrans.o

.debug_line_str
                0x0000000000000000       0x9b
 .debug_line_str
                0x0000000000000000       0x95 ../ch32fun/ch32fun//../misc\libgcc.a(muldi3.o)
 .debug_line_str
                0x0000000000000095        0x6 ../ch32fun/ch32fun//../misc\libgcc.a(div.o)
                                         0x92 (size before relaxing)
