Archive member included to satisfy reference by file (symbol)

../ch32fun/ch32fun//../misc/libgcc.a(muldi3.o)
                              /tmp/ccx9a6B7.ltrans0.ltrans.o (__mulsi3)
../ch32fun/ch32fun//../misc/libgcc.a(div.o)
                              /tmp/ccx9a6B7.ltrans0.ltrans.o (__divsi3)

Discarded input sections

 .text          0x00000000        0x0 /tmp/ccx9a6B7.ltrans0.ltrans.o
 .data          0x00000000        0x0 /tmp/ccx9a6B7.ltrans0.ltrans.o
 .bss           0x00000000        0x0 /tmp/ccx9a6B7.ltrans0.ltrans.o
 .text.vprintf  0x00000000       0x16 /tmp/ccx9a6B7.ltrans0.ltrans.o
 .text.snprintf
                0x00000000       0x1c /tmp/ccx9a6B7.ltrans0.ltrans.o
 .text.strncpy  0x00000000       0x1c /tmp/ccx9a6B7.ltrans0.ltrans.o
 .text.strcmp   0x00000000       0x1a /tmp/ccx9a6B7.ltrans0.ltrans.o
 .text.strncmp  0x00000000       0x2e /tmp/ccx9a6B7.ltrans0.ltrans.o
 .text.strchr   0x00000000       0x16 /tmp/ccx9a6B7.ltrans0.ltrans.o
 .text.strrchr  0x00000000       0x3c /tmp/ccx9a6B7.ltrans0.ltrans.o
 .text.memcmp   0x00000000       0x20 /tmp/ccx9a6B7.ltrans0.ltrans.o
 .text.memmove  0x00000000       0x5e /tmp/ccx9a6B7.ltrans0.ltrans.o
 .text.memchr   0x00000000       0x1a /tmp/ccx9a6B7.ltrans0.ltrans.o
 .text.strnlen  0x00000000       0x2a /tmp/ccx9a6B7.ltrans0.ltrans.o
 .text.twoway_strstr
                0x00000000      0x23e /tmp/ccx9a6B7.ltrans0.ltrans.o
 .text.strstr   0x00000000      0x132 /tmp/ccx9a6B7.ltrans0.ltrans.o
 .text.setjmp   0x00000000       0x10 /tmp/ccx9a6B7.ltrans0.ltrans.o
 .text.longjmp  0x00000000       0x14 /tmp/ccx9a6B7.ltrans0.ltrans.o
 .text.EHSVtoHEX
                0x00000000      0x1be /tmp/ccx9a6B7.ltrans0.ltrans.o
 .rodata.APBAHBPrescTable.lto_priv.0
                0x00000000       0x10 /tmp/ccx9a6B7.ltrans0.ltrans.o
 .rodata.ADCPrescTable.lto_priv.0
                0x00000000       0x14 /tmp/ccx9a6B7.ltrans0.ltrans.o
 .rodata.APBAHBPrescTable.lto_priv.1
                0x00000000       0x10 /tmp/ccx9a6B7.ltrans0.ltrans.o
 .rodata.ADCPrescTable.lto_priv.1
                0x00000000       0x14 /tmp/ccx9a6B7.ltrans0.ltrans.o
 .sbss.adc_buffer
                0x00000000        0x4 /tmp/ccx9a6B7.ltrans0.ltrans.o
 .sbss.bDMA     0x00000000        0x4 /tmp/ccx9a6B7.ltrans0.ltrans.o
 .data.i2c_registers
                0x00000000       0x20 /tmp/ccx9a6B7.ltrans0.ltrans.o
 .rodata.APBAHBPrescTable.lto_priv.2
                0x00000000       0x10 /tmp/ccx9a6B7.ltrans0.ltrans.o
 .rodata.ADCPrescTable.lto_priv.2
                0x00000000       0x14 /tmp/ccx9a6B7.ltrans0.ltrans.o
 .rodata.APBAHBPrescTable.lto_priv.3
                0x00000000       0x10 /tmp/ccx9a6B7.ltrans0.ltrans.o
 .rodata.ADCPrescTable.lto_priv.3
                0x00000000       0x14 /tmp/ccx9a6B7.ltrans0.ltrans.o
 .comment       0x00000000       0x23 /tmp/ccx9a6B7.ltrans0.ltrans.o
 .comment       0x00000000       0x23 /tmp/cc2iJLEX.debug.temp.o
 .comment       0x00000000       0x23 /tmp/cc1zhnll.debug.temp.o
 .comment       0x00000000       0x23 /tmp/ccLXQs8v.debug.temp.o
 .debug_info    0x00000000      0x56d /tmp/cchNGwLg.debug.temp.o
 .debug_abbrev  0x00000000      0x199 /tmp/cchNGwLg.debug.temp.o
 .debug_line    0x00000000       0x51 /tmp/cchNGwLg.debug.temp.o
 .debug_str     0x00000000      0x65d /tmp/cchNGwLg.debug.temp.o
 .debug_line_str
                0x00000000       0xb8 /tmp/cchNGwLg.debug.temp.o
 .comment       0x00000000       0x23 /tmp/cchNGwLg.debug.temp.o
 .comment       0x00000000       0x23 /tmp/cclkzYxm.debug.temp.o
 .text          0x00000000       0x18 ../ch32fun/ch32fun//../misc/libgcc.a(muldi3.o)
 .data          0x00000000        0x0 ../ch32fun/ch32fun//../misc/libgcc.a(muldi3.o)
 .bss           0x00000000        0x0 ../ch32fun/ch32fun//../misc/libgcc.a(muldi3.o)
 .debug_line    0x00000000       0x7a ../ch32fun/ch32fun//../misc/libgcc.a(muldi3.o)
 .debug_line_str
                0x00000000       0x95 ../ch32fun/ch32fun//../misc/libgcc.a(muldi3.o)
 .debug_info    0x00000000       0x31 ../ch32fun/ch32fun//../misc/libgcc.a(muldi3.o)
 .debug_abbrev  0x00000000       0x28 ../ch32fun/ch32fun//../misc/libgcc.a(muldi3.o)
 .debug_aranges
                0x00000000       0x20 ../ch32fun/ch32fun//../misc/libgcc.a(muldi3.o)
 .debug_str     0x00000000       0xac ../ch32fun/ch32fun//../misc/libgcc.a(muldi3.o)
 .riscv.attributes
                0x00000000       0x1f ../ch32fun/ch32fun//../misc/libgcc.a(muldi3.o)
 .data          0x00000000        0x0 ../ch32fun/ch32fun//../misc/libgcc.a(div.o)
 .bss           0x00000000        0x0 ../ch32fun/ch32fun//../misc/libgcc.a(div.o)

Memory Configuration

Name             Origin             Length             Attributes
FLASH            0x00000000         0x00004000         xr
RAM              0x20000000         0x00000800         xrw
*default*        0x00000000         0xffffffff

Linker script and memory map

LOAD /tmp/ccb6dmDv.o
LOAD /tmp/ccx9a6B7.ltrans0.ltrans.o
LOAD /tmp/cc2iJLEX.debug.temp.o
LOAD /tmp/cc1zhnll.debug.temp.o
LOAD /tmp/ccLXQs8v.debug.temp.o
LOAD /tmp/cchNGwLg.debug.temp.o
LOAD /tmp/cclkzYxm.debug.temp.o
LOAD /tmp/ccC6zOgv.o
LOAD /tmp/cceZjzgC.o
LOAD /tmp/ccjQv8Vr.o
LOAD /tmp/ccZYy1Md.o
LOAD ../ch32fun/ch32fun//../misc/libgcc.a
LOAD ../ch32fun/ch32fun//../misc/libgcc.a

.init           0x00000000       0xa0
                0x00000000                        _sinit = .
                0x00000000                        . = ALIGN (0x4)
 *(SORT_NONE(.init))
 .init          0x00000000       0x9e /tmp/ccx9a6B7.ltrans0.ltrans.o
                0x00000000                InterruptVectorDefault
                0x00000000                InterruptVector
                0x000000a0                        . = ALIGN (0x4)
 *fill*         0x0000009e        0x2 
                0x000000a0                        _einit = .

.text           0x000000a0     0x216c
                0x000000a0                        . = ALIGN (0x4)
 *(.text)
 .text          0x000000a0       0x7e ../ch32fun/ch32fun//../misc/libgcc.a(div.o)
                0x000000a0                __divsi3
                0x000000a8                __hidden___udivsi3
                0x000000a8                __udivsi3
                0x000000d4                __umodsi3
                0x000000f8                __modsi3
 *(.text.*)
 .text.mini_pad
                0x0000011e       0x9e /tmp/ccx9a6B7.ltrans0.ltrans.o
 .text._puts    0x000001bc       0x40 /tmp/ccx9a6B7.ltrans0.ltrans.o
 .text.PrintHex
                0x000001fc       0x54 /tmp/ccx9a6B7.ltrans0.ltrans.o
 .text.mini_itoa.part.0
                0x00000250       0xc0 /tmp/ccx9a6B7.ltrans0.ltrans.o
 .text.prefill_pixel
                0x00000310       0x38 /tmp/ccx9a6B7.ltrans0.ltrans.o
 .text.prefill_fastHorLine
                0x00000348       0x5e /tmp/ccx9a6B7.ltrans0.ltrans.o
 .text.i2c_error
                0x000003a6       0x84 /tmp/ccx9a6B7.ltrans0.ltrans.o
 .text.i2c_send_addr_write
                0x0000042a       0x66 /tmp/ccx9a6B7.ltrans0.ltrans.o
 .text.i2c_ping
                0x00000490       0x8c /tmp/ccx9a6B7.ltrans0.ltrans.o
 .text.i2c_write_raw.constprop.0
                0x0000051c      0x14a /tmp/ccx9a6B7.ltrans0.ltrans.o
 .text.ssd1306_cmd
                0x00000666       0x1c /tmp/ccx9a6B7.ltrans0.ltrans.o
 .text.prefill_line.constprop.0
                0x00000682      0x132 /tmp/ccx9a6B7.ltrans0.ltrans.o
 .text.prefill_poly.part.0.constprop.0
                0x000007b4       0x80 /tmp/ccx9a6B7.ltrans0.ltrans.o
 .text.prefill_verLine.constprop.0
                0x00000834       0xb2 /tmp/ccx9a6B7.ltrans0.ltrans.o
 .text.prefill_horLine.constprop.0
                0x000008e6       0x78 /tmp/ccx9a6B7.ltrans0.ltrans.o
 .text.internal_handle_input.constprop.0
                0x0000095e        0xc /tmp/ccx9a6B7.ltrans0.ltrans.o
 .text._write.constprop.0
                0x0000096a       0xea /tmp/ccx9a6B7.ltrans0.ltrans.o
 .text.__puts_uart
                0x00000a54       0x14 /tmp/ccx9a6B7.ltrans0.ltrans.o
 .text.prefill_solid_poly
                0x00000a68      0x226 /tmp/ccx9a6B7.ltrans0.ltrans.o
 .text.handle_reset
                0x00000c8e       0x76 /tmp/ccx9a6B7.ltrans0.ltrans.o
                0x00000c8e                handle_reset
 .text.vector_handler
                0x00000d04       0x62 /tmp/ccx9a6B7.ltrans0.ltrans.o
                0x00000d04                EXTI2_IRQHandler
                0x00000d04                TIM8_TRG_COM_IRQHandler
                0x00000d04                TIM8_CC_IRQHandler
                0x00000d04                UART8_IRQHandler
                0x00000d04                NFC_IRQHandler
                0x00000d04                TIM1_CC_IRQHandler
                0x00000d04                HardFault_Handler
                0x00000d04                GPIOB_IRQHandler
                0x00000d04                USBPD_IRQHandler
                0x00000d04                TIM6_IRQHandler
                0x00000d04                GPIOA_IRQHandler
                0x00000d04                PVD_IRQHandler
                0x00000d04                SDIO_IRQHandler
                0x00000d04                TIM9_BRK_IRQHandler
                0x00000d04                DMA2_Channel8_IRQHandler
                0x00000d04                CAN2_RX1_IRQHandler
                0x00000d04                EXTI3_IRQHandler
                0x00000d04                UART1_IRQHandler
                0x00000d04                USBHS_IRQHandler
                0x00000d04                DMA2_Channel9_IRQHandler
                0x00000d04                TIM10_CC_IRQHandler
                0x00000d04                EXTI25_16_IRQHandler
                0x00000d04                USBFS_IRQHandler
                0x00000d04                UART0_IRQHandler
                0x00000d04                EXTI0_IRQHandler
                0x00000d04                I2C2_EV_IRQHandler
                0x00000d04                TIM10_TRG_COM_IRQHandler
                0x00000d04                CAN2_SCE_IRQHandler
                0x00000d04                ADC1_2_IRQHandler
                0x00000d04                BB_IRQHandler
                0x00000d04                Break_Point_Handler
                0x00000d04                TIM2_CC_IRQHandler
                0x00000d04                SPI1_IRQHandler
                0x00000d04                TAMPER_IRQHandler
                0x00000d04                TMR0_IRQHandler
                0x00000d04                AWU_IRQHandler
                0x00000d04                EXTI7_0_IRQHandler
                0x00000d04                CAN2_RX0_IRQHandler
                0x00000d04                OSCWakeUp_IRQHandler
                0x00000d04                TIM8_UP_IRQHandler
                0x00000d04                Ecall_M_Mode_Handler
                0x00000d04                DMA2_Channel2_IRQHandler
                0x00000d04                ADC1_IRQHandler
                0x00000d04                TIM2_BRK_IRQHandler
                0x00000d04                TIM9_UP_IRQHandler
                0x00000d04                USART3_IRQHandler
                0x00000d04                RTC_IRQHandler
                0x00000d04                DMA1_Channel7_IRQHandler
                0x00000d04                LED_IRQHandler
                0x00000d04                CAN1_RX1_IRQHandler
                0x00000d04                DVP_IRQHandler
                0x00000d04                UART5_IRQHandler
                0x00000d04                EXTI15_8_IRQHandler
                0x00000d04                TIM4_IRQHandler
                0x00000d04                DMA2_Channel1_IRQHandler
                0x00000d04                USBPD_WKUP_IRQHandler
                0x00000d04                UART2_IRQHandler
                0x00000d04                USART4_IRQHandler
                0x00000d04                PWMX_IRQHandler
                0x00000d04                DMA1_Channel6_IRQHandler
                0x00000d04                UART4_IRQHandler
                0x00000d04                DMA2_Channel4_IRQHandler
                0x00000d04                TIM3_IRQHandler
                0x00000d04                RCC_IRQHandler
                0x00000d04                TIM1_TRG_COM_IRQHandler
                0x00000d04                DMA1_Channel1_IRQHandler
                0x00000d04                DMA2_Channel7_IRQHandler
                0x00000d04                EXTI15_10_IRQHandler
                0x00000d04                ADC_IRQHandler
                0x00000d04                DMA1_Channel8_IRQHandler
                0x00000d04                TMR2_IRQHandler
                0x00000d04                DefaultIRQHandler
                0x00000d04                TIM7_IRQHandler
                0x00000d04                CAN2_TX_IRQHandler
                0x00000d04                TIM5_IRQHandler
                0x00000d04                USB_IRQHandler
                0x00000d04                EXTI9_5_IRQHandler
                0x00000d04                PIOC_IRQHandler
                0x00000d04                SPI2_IRQHandler
                0x00000d04                OSC32KCal_IRQHandler
                0x00000d04                I2C_IRQHandler
                0x00000d04                TIM10_BRK_IRQHandler
                0x00000d04                TIM9_CC_IRQHandler
                0x00000d04                DMA2_Channel5_IRQHandler
                0x00000d04                USB2_IRQHandler
                0x00000d04                USBHSWakeUp_IRQHandler
                0x00000d04                DMA1_Channel5_IRQHandler
                0x00000d04                EXTI4_IRQHandler
                0x00000d04                USB_LP_CAN1_RX0_IRQHandler
                0x00000d04                RNG_IRQHandler
                0x00000d04                USB_HP_CAN1_TX_IRQHandler
                0x00000d04                LLE_IRQHandler
                0x00000d04                FSMC_IRQHandler
                0x00000d04                ETH_IRQHandler
                0x00000d04                TIM1_UP_IRQHandler
                0x00000d04                WWDG_IRQHandler
                0x00000d04                DMA2_Channel11_IRQHandler
                0x00000d04                WDOG_BAT_IRQHandler
                0x00000d04                Ecall_U_Mode_Handler
                0x00000d04                TMR3_IRQHandler
                0x00000d04                DMA2_Channel6_IRQHandler
                0x00000d04                TIM2_IRQHandler
                0x00000d04                SW_Handler
                0x00000d04                TIM1_BRK_IRQHandler
                0x00000d04                OPA_IRQHandler
                0x00000d04                DMA2_Channel10_IRQHandler
                0x00000d04                EXTI1_IRQHandler
                0x00000d04                SPI0_IRQHandler
                0x00000d04                USB2_HOST_IRQHandler
                0x00000d04                RTCAlarm_IRQHandler
                0x00000d04                TIM10_UP_IRQHandler
                0x00000d04                TIM9_TRG_COM_IRQHandler
                0x00000d04                UART7_IRQHandler
                0x00000d04                USART2_IRQHandler
                0x00000d04                UART6_IRQHandler
                0x00000d04                ETHWakeUp_IRQHandler
                0x00000d04                I2C2_ER_IRQHandler
                0x00000d04                DMA1_Channel2_IRQHandler
                0x00000d04                TIM8_BRK_IRQHandler
                0x00000d04                TIM2_TRG_IRQHandler
                0x00000d04                CAN1_SCE_IRQHandler
                0x00000d04                FLASH_IRQHandler
                0x00000d04                USBFSWakeUp_IRQHandler
                0x00000d04                USART1_IRQHandler
                0x00000d04                OTG_FS_IRQHandler
                0x00000d04                SPI3_IRQHandler
                0x00000d04                USBFS_WakeUp_IRQHandler
                0x00000d04                UART3_IRQHandler
                0x00000d04                USB2_DEVICE_IRQHandler
                0x00000d04                TMR1_IRQHandler
                0x00000d04                USBWakeUp_IRQHandler
                0x00000d04                DMA2_Channel3_IRQHandler
                0x00000d58                NMI_Handler
                0x00000d58                NMI_RCC_CSS_IRQHandler
 .text.strlen   0x00000d66       0x12 /tmp/ccx9a6B7.ltrans0.ltrans.o
                0x00000d66                strlen
 .text.mini_vpprintf
                0x00000d78      0x1ba /tmp/ccx9a6B7.ltrans0.ltrans.o
 .text.printf   0x00000f32       0x28 /tmp/ccx9a6B7.ltrans0.ltrans.o
                0x00000f32                printf
 .text.mini_vsnprintf
                0x00000f5a       0x30 /tmp/ccx9a6B7.ltrans0.ltrans.o
 .text.sprintf  0x00000f8a       0x20 /tmp/ccx9a6B7.ltrans0.ltrans.o
                0x00000f8a                sprintf
 .text.memset   0x00000faa       0x12 /tmp/ccx9a6B7.ltrans0.ltrans.o
                0x00000faa                memset
 .text.strcpy   0x00000fbc       0x14 /tmp/ccx9a6B7.ltrans0.ltrans.o
                0x00000fbc                strcpy
 .text.memcpy   0x00000fd0       0x1c /tmp/ccx9a6B7.ltrans0.ltrans.o
                0x00000fd0                memcpy
 .text.ssd1306_data.isra.0
                0x00000fec       0x2c /tmp/ccx9a6B7.ltrans0.ltrans.o
 .text.ssd1306_renderFrame
                0x00001018       0x76 /tmp/ccx9a6B7.ltrans0.ltrans.o
 .text.ssd1306_print_str_at.constprop.0
                0x0000108e       0x74 /tmp/ccx9a6B7.ltrans0.ltrans.o
 .text.puts     0x00001102       0x30 /tmp/ccx9a6B7.ltrans0.ltrans.o
                0x00001102                puts
 .text.putchar  0x00001132       0x6a /tmp/ccx9a6B7.ltrans0.ltrans.o
                0x00001132                putchar
 .text.i2c_scan_callback
                0x0000119c       0x68 /tmp/ccx9a6B7.ltrans0.ltrans.o
 .text.SystemInit
                0x00001204       0x62 /tmp/ccx9a6B7.ltrans0.ltrans.o
                0x00001204                SystemInit
 .text.startup.main
                0x00001266      0x834 /tmp/ccx9a6B7.ltrans0.ltrans.o
                0x00001266                main
 .text.SysTick_Handler
                0x00001a9a       0x32 /tmp/ccx9a6B7.ltrans0.ltrans.o
 .text.I2C1_EV_IRQHandler
                0x00001acc      0x19c /tmp/ccx9a6B7.ltrans0.ltrans.o
 .text.I2C1_ER_IRQHandler
                0x00001c68       0x74 /tmp/ccx9a6B7.ltrans0.ltrans.o
 .text.TweenHexColors
                0x00001cdc       0xd0 /tmp/ccx9a6B7.ltrans0.ltrans.o
 .text.WS2812FillBuffSec.constprop.0
                0x00001dac      0x128 /tmp/ccx9a6B7.ltrans0.ltrans.o
 .text.DMA1_Channel3_IRQHandler
                0x00001ed4       0x7a /tmp/ccx9a6B7.ltrans0.ltrans.o
 *(.rodata)
 *fill*         0x00001f4e        0x2 
 .rodata        0x00001f50       0x14 /tmp/ccx9a6B7.ltrans0.ltrans.o
 *(.rodata*)
 .rodata.puts.str1.4
                0x00001f64       0x80 /tmp/ccx9a6B7.ltrans0.ltrans.o
                                  0x2 (size before relaxing)
 .rodata.i2c_scan_callback.str1.4
                0x00001fe4        0xc /tmp/ccx9a6B7.ltrans0.ltrans.o
 .rodata.main.str1.4
                0x00001fe4       0x70 /tmp/ccx9a6B7.ltrans0.ltrans.o
 .rodata.bitquartets.8
                0x00001fe4       0x20 /tmp/ccx9a6B7.ltrans0.ltrans.o
 .rodata.FONT_7x5
                0x00002004      0x1db /tmp/ccx9a6B7.ltrans0.ltrans.o
 *fill*         0x000021df        0x1 
 .rodata.ssd1306_init_array
                0x000021e0       0x1a /tmp/ccx9a6B7.ltrans0.ltrans.o
 *fill*         0x000021fa        0x2 
 .rodata.myvalues
                0x000021fc       0x10 /tmp/ccx9a6B7.ltrans0.ltrans.o
 *(.gnu.linkonce.t.*)
                0x0000220c                        . = ALIGN (0x4)

.rela.dyn       0x0000220c        0x0
 .rela.text.handle_reset
                0x0000220c        0x0 /tmp/ccx9a6B7.ltrans0.ltrans.o

.fini           0x0000220c        0x0
 *(SORT_NONE(.fini))
                0x0000220c                        . = ALIGN (0x4)
                [!provide]                        PROVIDE (_etext = .)
                [!provide]                        PROVIDE (_eitcm = .)

.preinit_array  0x0000220c        0x0
                [!provide]                        PROVIDE (__preinit_array_start = .)
 *(.preinit_array)
                [!provide]                        PROVIDE (__preinit_array_end = .)

.init_array     0x0000220c        0x0
                [!provide]                        PROVIDE (__init_array_start = .)
 *(SORT_BY_INIT_PRIORITY(.init_array.*) SORT_BY_INIT_PRIORITY(.ctors.*))
 *(.init_array EXCLUDE_FILE(*crtend?.o *crtend.o *crtbegin?.o *crtbegin.o) .ctors)
                [!provide]                        PROVIDE (__init_array_end = .)

.fini_array     0x0000220c        0x0
                [!provide]                        PROVIDE (__fini_array_start = .)
 *(SORT_BY_INIT_PRIORITY(.fini_array.*) SORT_BY_INIT_PRIORITY(.dtors.*))
 *(.fini_array EXCLUDE_FILE(*crtend?.o *crtend.o *crtbegin?.o *crtbegin.o) .dtors)
                [!provide]                        PROVIDE (__fini_array_end = .)

.ctors
 *crtbegin.o(.ctors)
 *crtbegin?.o(.ctors)
 *(EXCLUDE_FILE(*crtend?.o *crtend.o) .ctors)
 *(SORT_BY_NAME(.ctors.*))
 *(.ctors)

.dtors
 *crtbegin.o(.dtors)
 *crtbegin?.o(.dtors)
 *(EXCLUDE_FILE(*crtend?.o *crtend.o) .dtors)
 *(SORT_BY_NAME(.dtors.*))
 *(.dtors)

.dalign         0x20000000        0x0 load address 0x0000220c
                0x20000000                        . = ALIGN (0x4)
                0x20000000                        PROVIDE (_data_vma = .)

.dlalign        0x0000220c        0x0
                0x0000220c                        . = ALIGN (0x4)
                0x0000220c                        PROVIDE (_data_lma = .)

.data           0x20000000       0x74 load address 0x0000220c
                0x20000000                        . = ALIGN (0x4)
                0x200003fc                        __global_pointer$ = (. + 0x3fc)
 *(.gnu.linkonce.r.*)
 *(.data .data.*)
 .data.dev_aht21
                0x20000000        0xc /tmp/ccx9a6B7.ltrans0.ltrans.o
 .data.dev_ssd1306
                0x2000000c        0xc /tmp/ccx9a6B7.ltrans0.ltrans.o
 *(.gnu.linkonce.d.*)
                0x20000018                        . = ALIGN (0x8)
 *(.sdata .sdata.*)
 .sdata.tween   0x20000018        0x4 /tmp/ccx9a6B7.ltrans0.ltrans.o
 .sdata.hourglass.6
                0x2000001c        0x8 /tmp/ccx9a6B7.ltrans0.ltrans.o
 .sdata.quad.7  0x20000024        0x8 /tmp/ccx9a6B7.ltrans0.ltrans.o
 .sdata.line.5  0x2000002c        0x4 /tmp/ccx9a6B7.ltrans0.ltrans.o
 *(.sdata2*)
 *(.gnu.linkonce.s.*)
                0x20000030                        . = ALIGN (0x8)
 *(.srodata.cst16)
 *(.srodata.cst8)
 *(.srodata.cst4)
 *(.srodata.cst2)
 *(.srodata .srodata.*)
 .srodata       0x20000030       0x44 /tmp/ccx9a6B7.ltrans0.ltrans.o
                0x20000074                        . = ALIGN (0x4)
                0x20000074                        PROVIDE (_edata = .)

.bss            0x20000074      0x538 load address 0x00002280
                0x20000074                        . = ALIGN (0x4)
                0x20000074                        PROVIDE (_sbss = .)
 *(.sbss*)
 .sbss.WS2812BLEDInUse
                0x20000074        0x4 /tmp/ccx9a6B7.ltrans0.ltrans.o
 .sbss.WS2812LEDPlace
                0x20000078        0x4 /tmp/ccx9a6B7.ltrans0.ltrans.o
 .sbss.WS2812LEDs
                0x2000007c        0x4 /tmp/ccx9a6B7.ltrans0.ltrans.o
 .sbss._i2c_timeout
                0x20000080        0x4 /tmp/ccx9a6B7.ltrans0.ltrans.o
 .sbss.ssd1306_buffer
                0x20000084        0x1 /tmp/ccx9a6B7.ltrans0.ltrans.o
 *fill*         0x20000085        0x3 
 .sbss.systick_millis
                0x20000088        0x4 /tmp/ccx9a6B7.ltrans0.ltrans.o
 *(.gnu.linkonce.sb.*)
 *(.bss*)
 .bss.str_output
                0x2000008c       0x14 /tmp/ccx9a6B7.ltrans0.ltrans.o
 .bss.page_masks
                0x200000a0       0x80 /tmp/ccx9a6B7.ltrans0.ltrans.o
 .bss.frame_buffer
                0x20000120      0x400 /tmp/ccx9a6B7.ltrans0.ltrans.o
 .bss.WS2812dmabuff
                0x20000520       0x60 /tmp/ccx9a6B7.ltrans0.ltrans.o
 .bss.i2c_slave_state
                0x20000580       0x2c /tmp/ccx9a6B7.ltrans0.ltrans.o
 *(.gnu.linkonce.b.*)
 *(COMMON*)
                0x200005ac                        . = ALIGN (0x4)
                0x200005ac                        PROVIDE (_ebss = .)
                [!provide]                        PROVIDE (_end = _ebss)
                [!provide]                        PROVIDE (end = .)
                0x20000800                        PROVIDE (_eusrstack = (ORIGIN (RAM) + LENGTH (RAM)))

/DISCARD/
 *(.note .note.*)
 *(.eh_frame .eh_frame.*)
 *(.comment .comment.*)
 *(.ARM.extab* .gnu.linkonce.armextab.*)
 *(.ARM.exidx*)
OUTPUT(ch32-mess.elf elf32-littleriscv)

.riscv.attributes
                0x00000000       0x2e
 .riscv.attributes
                0x00000000       0x2e /tmp/ccx9a6B7.ltrans0.ltrans.o
 .riscv.attributes
                0x0000002e       0x1f ../ch32fun/ch32fun//../misc/libgcc.a(div.o)

.debug_info     0x00000000     0xa09c
 .debug_info    0x00000000     0x2e08 /tmp/ccx9a6B7.ltrans0.ltrans.o
 .debug_info    0x00002e08     0x109e /tmp/cc2iJLEX.debug.temp.o
                0x00002e08                ch32fun.c.de574efd
 .debug_info    0x00003ea6     0x5606 /tmp/cc1zhnll.debug.temp.o
                0x00003ea6                ch32_mess.c.90336b46
 .debug_info    0x000094ac      0x444 /tmp/ccLXQs8v.debug.temp.o
                0x000094ac                nrf24l01_low_level.c.43cfed78
 .debug_info    0x000098f0      0x74f /tmp/cclkzYxm.debug.temp.o
                0x000098f0                lib_i2c.c.829168c6
 .debug_info    0x0000a03f       0x5d ../ch32fun/ch32fun//../misc/libgcc.a(div.o)

.debug_abbrev   0x00000000      0xd1f
 .debug_abbrev  0x00000000      0x274 /tmp/ccx9a6B7.ltrans0.ltrans.o
 .debug_abbrev  0x00000274      0x25a /tmp/cc2iJLEX.debug.temp.o
 .debug_abbrev  0x000004ce      0x47f /tmp/cc1zhnll.debug.temp.o
 .debug_abbrev  0x0000094d      0x19e /tmp/ccLXQs8v.debug.temp.o
 .debug_abbrev  0x00000aeb      0x20c /tmp/cclkzYxm.debug.temp.o
 .debug_abbrev  0x00000cf7       0x28 ../ch32fun/ch32fun//../misc/libgcc.a(div.o)

.debug_loclists
                0x00000000     0x2fb0
 .debug_loclists
                0x00000000     0x2fb0 /tmp/ccx9a6B7.ltrans0.ltrans.o

.debug_aranges  0x00000000      0x230
 .debug_aranges
                0x00000000      0x210 /tmp/ccx9a6B7.ltrans0.ltrans.o
 .debug_aranges
                0x00000210       0x20 ../ch32fun/ch32fun//../misc/libgcc.a(div.o)

.debug_rnglists
                0x00000000      0x63a
 .debug_rnglists
                0x00000000      0x63a /tmp/ccx9a6B7.ltrans0.ltrans.o

.debug_line     0x00000000     0x5c45
 .debug_line    0x00000000     0x58a1 /tmp/ccx9a6B7.ltrans0.ltrans.o
 .debug_line    0x000058a1       0x71 /tmp/cc2iJLEX.debug.temp.o
 .debug_line    0x00005912      0x11a /tmp/cc1zhnll.debug.temp.o
 .debug_line    0x00005a2c       0x63 /tmp/ccLXQs8v.debug.temp.o
 .debug_line    0x00005a8f       0x63 /tmp/cclkzYxm.debug.temp.o
 .debug_line    0x00005af2      0x153 ../ch32fun/ch32fun//../misc/libgcc.a(div.o)

.debug_str      0x00000000     0x2b2b
 .debug_str     0x00000000     0x2b2b /tmp/ccx9a6B7.ltrans0.ltrans.o
                                0x1d5 (size before relaxing)
 .debug_str     0x00002b2b      0x6c0 /tmp/cc2iJLEX.debug.temp.o
 .debug_str     0x00002b2b     0x2697 /tmp/cc1zhnll.debug.temp.o
 .debug_str     0x00002b2b      0x3fe /tmp/ccLXQs8v.debug.temp.o
 .debug_str     0x00002b2b      0x4cb /tmp/cclkzYxm.debug.temp.o
 .debug_str     0x00002b2b       0xd9 ../ch32fun/ch32fun//../misc/libgcc.a(div.o)

.debug_line_str
                0x00000000      0x410
 .debug_line_str
                0x00000000      0x410 /tmp/ccx9a6B7.ltrans0.ltrans.o
                                0x1bd (size before relaxing)
 .debug_line_str
                0x00000410      0x14f /tmp/cc2iJLEX.debug.temp.o
 .debug_line_str
                0x00000410      0x2d3 /tmp/cc1zhnll.debug.temp.o
 .debug_line_str
                0x00000410      0x10f /tmp/ccLXQs8v.debug.temp.o
 .debug_line_str
                0x00000410      0x124 /tmp/cclkzYxm.debug.temp.o
 .debug_line_str
                0x00000410       0x92 ../ch32fun/ch32fun//../misc/libgcc.a(div.o)

.debug_frame    0x00000000      0x75c
 .debug_frame   0x00000000      0x75c /tmp/ccx9a6B7.ltrans0.ltrans.o
