Archive member included to satisfy reference by file (symbol)

../ch32fun/ch32fun//../misc\libgcc.a(muldi3.o)
                              C:\Users\uni\AppData\Local\Temp\ch32-mess.elf.vH4WgK.ltrans0.ltrans.o (__mulsi3)
../ch32fun/ch32fun//../misc\libgcc.a(div.o)
                              C:\Users\uni\AppData\Local\Temp\ch32-mess.elf.vH4WgK.ltrans0.ltrans.o (__divsi3)

Discarded input sections

 .text          0x0000000000000000        0x0 C:\Users\uni\AppData\Local\Temp\ch32-mess.elf.vH4WgK.ltrans0.ltrans.o
 .data          0x0000000000000000        0x0 C:\Users\uni\AppData\Local\Temp\ch32-mess.elf.vH4WgK.ltrans0.ltrans.o
 .bss           0x0000000000000000        0x0 C:\Users\uni\AppData\Local\Temp\ch32-mess.elf.vH4WgK.ltrans0.ltrans.o
 .text.vprintf  0x0000000000000000       0x16 C:\Users\uni\AppData\Local\Temp\ch32-mess.elf.vH4WgK.ltrans0.ltrans.o
 .text.snprintf
                0x0000000000000000       0x1c C:\Users\uni\AppData\Local\Temp\ch32-mess.elf.vH4WgK.ltrans0.ltrans.o
 .text.strncpy  0x0000000000000000       0x1c C:\Users\uni\AppData\Local\Temp\ch32-mess.elf.vH4WgK.ltrans0.ltrans.o
 .text.strcmp   0x0000000000000000       0x1a C:\Users\uni\AppData\Local\Temp\ch32-mess.elf.vH4WgK.ltrans0.ltrans.o
 .text.strncmp  0x0000000000000000       0x2e C:\Users\uni\AppData\Local\Temp\ch32-mess.elf.vH4WgK.ltrans0.ltrans.o
 .text.strchr   0x0000000000000000       0x16 C:\Users\uni\AppData\Local\Temp\ch32-mess.elf.vH4WgK.ltrans0.ltrans.o
 .text.strrchr  0x0000000000000000       0x3c C:\Users\uni\AppData\Local\Temp\ch32-mess.elf.vH4WgK.ltrans0.ltrans.o
 .text.memcmp   0x0000000000000000       0x26 C:\Users\uni\AppData\Local\Temp\ch32-mess.elf.vH4WgK.ltrans0.ltrans.o
 .text.memmove  0x0000000000000000       0x5e C:\Users\uni\AppData\Local\Temp\ch32-mess.elf.vH4WgK.ltrans0.ltrans.o
 .text.memchr   0x0000000000000000       0x1c C:\Users\uni\AppData\Local\Temp\ch32-mess.elf.vH4WgK.ltrans0.ltrans.o
 .text.strnlen  0x0000000000000000       0x2a C:\Users\uni\AppData\Local\Temp\ch32-mess.elf.vH4WgK.ltrans0.ltrans.o
 .text.twoway_strstr
                0x0000000000000000      0x236 C:\Users\uni\AppData\Local\Temp\ch32-mess.elf.vH4WgK.ltrans0.ltrans.o
 .text.strstr   0x0000000000000000      0x140 C:\Users\uni\AppData\Local\Temp\ch32-mess.elf.vH4WgK.ltrans0.ltrans.o
 .text.EHSVtoHEX
                0x0000000000000000      0x1e0 C:\Users\uni\AppData\Local\Temp\ch32-mess.elf.vH4WgK.ltrans0.ltrans.o
 .data.ADCPrescTable.lto_priv.0
                0x0000000000000000       0x14 C:\Users\uni\AppData\Local\Temp\ch32-mess.elf.vH4WgK.ltrans0.ltrans.o
 .data.ADCPrescTable.lto_priv.1
                0x0000000000000000       0x14 C:\Users\uni\AppData\Local\Temp\ch32-mess.elf.vH4WgK.ltrans0.ltrans.o
 .data.ADCPrescTable.lto_priv.2
                0x0000000000000000       0x14 C:\Users\uni\AppData\Local\Temp\ch32-mess.elf.vH4WgK.ltrans0.ltrans.o
 .data.ADCPrescTable.lto_priv.3
                0x0000000000000000       0x14 C:\Users\uni\AppData\Local\Temp\ch32-mess.elf.vH4WgK.ltrans0.ltrans.o
 .data.APBAHBPrescTable.lto_priv.0
                0x0000000000000000       0x10 C:\Users\uni\AppData\Local\Temp\ch32-mess.elf.vH4WgK.ltrans0.ltrans.o
 .data.APBAHBPrescTable.lto_priv.1
                0x0000000000000000       0x10 C:\Users\uni\AppData\Local\Temp\ch32-mess.elf.vH4WgK.ltrans0.ltrans.o
 .data.APBAHBPrescTable.lto_priv.2
                0x0000000000000000       0x10 C:\Users\uni\AppData\Local\Temp\ch32-mess.elf.vH4WgK.ltrans0.ltrans.o
 .data.APBAHBPrescTable.lto_priv.3
                0x0000000000000000       0x10 C:\Users\uni\AppData\Local\Temp\ch32-mess.elf.vH4WgK.ltrans0.ltrans.o
 .data.i2c_registers
                0x0000000000000000       0x20 C:\Users\uni\AppData\Local\Temp\ch32-mess.elf.vH4WgK.ltrans0.ltrans.o
 .sbss.adc_buffer
                0x0000000000000000        0x4 C:\Users\uni\AppData\Local\Temp\ch32-mess.elf.vH4WgK.ltrans0.ltrans.o
 .sbss.bDMA     0x0000000000000000        0x4 C:\Users\uni\AppData\Local\Temp\ch32-mess.elf.vH4WgK.ltrans0.ltrans.o
 .comment       0x0000000000000000       0x13 C:\Users\uni\AppData\Local\Temp\ch32-mess.elf.vH4WgK.ltrans0.ltrans.o
 .comment       0x0000000000000000       0x13 C:\Users\uni\AppData\Local\Temp\ccVlmqF2.debug.temp.o
 .comment       0x0000000000000000       0x13 C:\Users\uni\AppData\Local\Temp\ccWeXWEK.debug.temp.o
 .comment       0x0000000000000000       0x13 C:\Users\uni\AppData\Local\Temp\ccX9Q0Is.debug.temp.o
 .debug_info    0x0000000000000000      0x56f C:\Users\uni\AppData\Local\Temp\cc4tgBab.debug.temp.o
 .debug_abbrev  0x0000000000000000      0x13d C:\Users\uni\AppData\Local\Temp\cc4tgBab.debug.temp.o
 .debug_line    0x0000000000000000       0xb9 C:\Users\uni\AppData\Local\Temp\cc4tgBab.debug.temp.o
 .debug_str     0x0000000000000000      0x637 C:\Users\uni\AppData\Local\Temp\cc4tgBab.debug.temp.o
 .comment       0x0000000000000000       0x13 C:\Users\uni\AppData\Local\Temp\cc4tgBab.debug.temp.o
 .comment       0x0000000000000000       0x13 C:\Users\uni\AppData\Local\Temp\cczqhMGT.debug.temp.o
 .text          0x0000000000000000       0x18 ../ch32fun/ch32fun//../misc\libgcc.a(muldi3.o)
 .data          0x0000000000000000        0x0 ../ch32fun/ch32fun//../misc\libgcc.a(muldi3.o)
 .bss           0x0000000000000000        0x0 ../ch32fun/ch32fun//../misc\libgcc.a(muldi3.o)
 .debug_line    0x0000000000000000       0x7a ../ch32fun/ch32fun//../misc\libgcc.a(muldi3.o)
 .debug_line_str
                0x0000000000000000       0x95 ../ch32fun/ch32fun//../misc\libgcc.a(muldi3.o)
 .debug_info    0x0000000000000000       0x31 ../ch32fun/ch32fun//../misc\libgcc.a(muldi3.o)
 .debug_abbrev  0x0000000000000000       0x28 ../ch32fun/ch32fun//../misc\libgcc.a(muldi3.o)
 .debug_aranges
                0x0000000000000000       0x20 ../ch32fun/ch32fun//../misc\libgcc.a(muldi3.o)
 .debug_str     0x0000000000000000       0xac ../ch32fun/ch32fun//../misc\libgcc.a(muldi3.o)
 .riscv.attributes
                0x0000000000000000       0x1f ../ch32fun/ch32fun//../misc\libgcc.a(muldi3.o)
 .data          0x0000000000000000        0x0 ../ch32fun/ch32fun//../misc\libgcc.a(div.o)
 .bss           0x0000000000000000        0x0 ../ch32fun/ch32fun//../misc\libgcc.a(div.o)

Memory Configuration

Name             Origin             Length             Attributes
FLASH            0x0000000000000000 0x0000000000004000 xr
RAM              0x0000000020000000 0x0000000000000800 xrw
*default*        0x0000000000000000 0xffffffffffffffff

Linker script and memory map

LOAD C:\Users\uni\AppData\Local\Temp\ccmpjti6.o
LOAD C:\Users\uni\AppData\Local\Temp\ch32-mess.elf.vH4WgK.ltrans0.ltrans.o
LOAD C:\Users\uni\AppData\Local\Temp\ccVlmqF2.debug.temp.o
LOAD C:\Users\uni\AppData\Local\Temp\ccWeXWEK.debug.temp.o
LOAD C:\Users\uni\AppData\Local\Temp\ccX9Q0Is.debug.temp.o
LOAD C:\Users\uni\AppData\Local\Temp\cc4tgBab.debug.temp.o
LOAD C:\Users\uni\AppData\Local\Temp\cczqhMGT.debug.temp.o
LOAD C:\Users\uni\AppData\Local\Temp\ccS4Zu7b.o
LOAD C:\Users\uni\AppData\Local\Temp\ccDnzy7h.o
LOAD C:\Users\uni\AppData\Local\Temp\ccc49cAr.o
LOAD C:\Users\uni\AppData\Local\Temp\cctvNQ2T.o
LOAD ../ch32fun/ch32fun//../misc\libgcc.a
LOAD ../ch32fun/ch32fun//../misc\libgcc.a

.init           0x0000000000000000       0xa0
                0x0000000000000000                _sinit = .
                0x0000000000000000                . = ALIGN (0x4)
 *(SORT_NONE(.init))
 .init          0x0000000000000000       0x9e C:\Users\uni\AppData\Local\Temp\ch32-mess.elf.vH4WgK.ltrans0.ltrans.o
                0x0000000000000000                InterruptVector
                0x00000000000000a0                . = ALIGN (0x4)
 *fill*         0x000000000000009e        0x2 
                0x00000000000000a0                _einit = .

.text           0x00000000000000a0     0x2200
                0x00000000000000a0                . = ALIGN (0x4)
 *(.text)
 .text          0x00000000000000a0       0x7e ../ch32fun/ch32fun//../misc\libgcc.a(div.o)
                0x00000000000000a0                __divsi3
                0x00000000000000a8                __udivsi3
                0x00000000000000a8                __hidden___udivsi3
                0x00000000000000d4                __umodsi3
                0x00000000000000f8                __modsi3
 *(.text.*)
 .text.mini_pad
                0x000000000000011e       0x9c C:\Users\uni\AppData\Local\Temp\ch32-mess.elf.vH4WgK.ltrans0.ltrans.o
 .text._puts    0x00000000000001ba       0x42 C:\Users\uni\AppData\Local\Temp\ch32-mess.elf.vH4WgK.ltrans0.ltrans.o
 .text.PrintHex
                0x00000000000001fc       0x58 C:\Users\uni\AppData\Local\Temp\ch32-mess.elf.vH4WgK.ltrans0.ltrans.o
 .text.mini_itoa.part.0
                0x0000000000000254       0xbe C:\Users\uni\AppData\Local\Temp\ch32-mess.elf.vH4WgK.ltrans0.ltrans.o
 .text.prefill_pixel
                0x0000000000000312       0x3c C:\Users\uni\AppData\Local\Temp\ch32-mess.elf.vH4WgK.ltrans0.ltrans.o
 .text.prefill_fastHorLine
                0x000000000000034e       0x5c C:\Users\uni\AppData\Local\Temp\ch32-mess.elf.vH4WgK.ltrans0.ltrans.o
 .text.i2c_error
                0x00000000000003aa       0x92 C:\Users\uni\AppData\Local\Temp\ch32-mess.elf.vH4WgK.ltrans0.ltrans.o
 .text.i2c_send_addr_write
                0x000000000000043c       0x6c C:\Users\uni\AppData\Local\Temp\ch32-mess.elf.vH4WgK.ltrans0.ltrans.o
 .text.i2c_ping
                0x00000000000004a8       0x98 C:\Users\uni\AppData\Local\Temp\ch32-mess.elf.vH4WgK.ltrans0.ltrans.o
 .text.prefill_line.constprop.0
                0x0000000000000540      0x12e C:\Users\uni\AppData\Local\Temp\ch32-mess.elf.vH4WgK.ltrans0.ltrans.o
 .text.prefill_poly.part.0.constprop.0
                0x000000000000066e       0x78 C:\Users\uni\AppData\Local\Temp\ch32-mess.elf.vH4WgK.ltrans0.ltrans.o
 .text.prefill_verLine.constprop.0
                0x00000000000006e6       0xb0 C:\Users\uni\AppData\Local\Temp\ch32-mess.elf.vH4WgK.ltrans0.ltrans.o
 .text.prefill_horLine.constprop.0
                0x0000000000000796       0x78 C:\Users\uni\AppData\Local\Temp\ch32-mess.elf.vH4WgK.ltrans0.ltrans.o
 .text.i2c_write_raw.constprop.0
                0x000000000000080e      0x144 C:\Users\uni\AppData\Local\Temp\ch32-mess.elf.vH4WgK.ltrans0.ltrans.o
 .text.ssd1306_cmd
                0x0000000000000952       0x1c C:\Users\uni\AppData\Local\Temp\ch32-mess.elf.vH4WgK.ltrans0.ltrans.o
 .text.internal_handle_input.constprop.0
                0x000000000000096e        0xa C:\Users\uni\AppData\Local\Temp\ch32-mess.elf.vH4WgK.ltrans0.ltrans.o
 .text._write.constprop.0
                0x0000000000000978       0xf2 C:\Users\uni\AppData\Local\Temp\ch32-mess.elf.vH4WgK.ltrans0.ltrans.o
 .text.__puts_uart
                0x0000000000000a6a       0x14 C:\Users\uni\AppData\Local\Temp\ch32-mess.elf.vH4WgK.ltrans0.ltrans.o
 .text.prefill_solid_poly
                0x0000000000000a7e      0x22a C:\Users\uni\AppData\Local\Temp\ch32-mess.elf.vH4WgK.ltrans0.ltrans.o
 .text.handle_reset
                0x0000000000000ca8       0x76 C:\Users\uni\AppData\Local\Temp\ch32-mess.elf.vH4WgK.ltrans0.ltrans.o
                0x0000000000000ca8                handle_reset
 .text.vector_handler
                0x0000000000000d1e       0x66 C:\Users\uni\AppData\Local\Temp\ch32-mess.elf.vH4WgK.ltrans0.ltrans.o
                0x0000000000000d1e                EXTI2_IRQHandler
                0x0000000000000d1e                TIM8_TRG_COM_IRQHandler
                0x0000000000000d1e                TIM8_CC_IRQHandler
                0x0000000000000d1e                UART8_IRQHandler
                0x0000000000000d1e                NFC_IRQHandler
                0x0000000000000d1e                TIM1_CC_IRQHandler
                0x0000000000000d1e                HardFault_Handler
                0x0000000000000d1e                GPIOB_IRQHandler
                0x0000000000000d1e                USBPD_IRQHandler
                0x0000000000000d1e                TIM6_IRQHandler
                0x0000000000000d1e                GPIOA_IRQHandler
                0x0000000000000d1e                PVD_IRQHandler
                0x0000000000000d1e                SDIO_IRQHandler
                0x0000000000000d1e                TIM9_BRK_IRQHandler
                0x0000000000000d1e                DMA2_Channel8_IRQHandler
                0x0000000000000d1e                USBWakeUp_IRQHandler
                0x0000000000000d1e                CAN2_RX1_IRQHandler
                0x0000000000000d1e                EXTI3_IRQHandler
                0x0000000000000d1e                UART1_IRQHandler
                0x0000000000000d1e                USBHS_IRQHandler
                0x0000000000000d1e                DMA2_Channel9_IRQHandler
                0x0000000000000d1e                TIM10_CC_IRQHandler
                0x0000000000000d1e                EXTI25_16_IRQHandler
                0x0000000000000d1e                USBFS_IRQHandler
                0x0000000000000d1e                UART0_IRQHandler
                0x0000000000000d1e                EXTI0_IRQHandler
                0x0000000000000d1e                I2C2_EV_IRQHandler
                0x0000000000000d1e                TIM10_TRG_COM_IRQHandler
                0x0000000000000d1e                CAN2_SCE_IRQHandler
                0x0000000000000d1e                ADC1_2_IRQHandler
                0x0000000000000d1e                BB_IRQHandler
                0x0000000000000d1e                Break_Point_Handler
                0x0000000000000d1e                TIM2_CC_IRQHandler
                0x0000000000000d1e                SPI1_IRQHandler
                0x0000000000000d1e                TAMPER_IRQHandler
                0x0000000000000d1e                TMR0_IRQHandler
                0x0000000000000d1e                AWU_IRQHandler
                0x0000000000000d1e                EXTI7_0_IRQHandler
                0x0000000000000d1e                CAN2_RX0_IRQHandler
                0x0000000000000d1e                OSCWakeUp_IRQHandler
                0x0000000000000d1e                TIM8_UP_IRQHandler
                0x0000000000000d1e                Ecall_M_Mode_Handler
                0x0000000000000d1e                DMA2_Channel2_IRQHandler
                0x0000000000000d1e                ADC1_IRQHandler
                0x0000000000000d1e                TIM2_BRK_IRQHandler
                0x0000000000000d1e                TIM9_UP_IRQHandler
                0x0000000000000d1e                USART3_IRQHandler
                0x0000000000000d1e                RTC_IRQHandler
                0x0000000000000d1e                DMA1_Channel7_IRQHandler
                0x0000000000000d1e                LED_IRQHandler
                0x0000000000000d1e                CAN1_RX1_IRQHandler
                0x0000000000000d1e                DVP_IRQHandler
                0x0000000000000d1e                UART5_IRQHandler
                0x0000000000000d1e                EXTI15_8_IRQHandler
                0x0000000000000d1e                TIM4_IRQHandler
                0x0000000000000d1e                DMA2_Channel1_IRQHandler
                0x0000000000000d1e                USBPD_WKUP_IRQHandler
                0x0000000000000d1e                UART2_IRQHandler
                0x0000000000000d1e                USART4_IRQHandler
                0x0000000000000d1e                PWMX_IRQHandler
                0x0000000000000d1e                DMA1_Channel6_IRQHandler
                0x0000000000000d1e                UART4_IRQHandler
                0x0000000000000d1e                DMA2_Channel4_IRQHandler
                0x0000000000000d1e                TIM3_IRQHandler
                0x0000000000000d1e                RCC_IRQHandler
                0x0000000000000d1e                TIM1_TRG_COM_IRQHandler
                0x0000000000000d1e                DMA1_Channel1_IRQHandler
                0x0000000000000d1e                DMA2_Channel7_IRQHandler
                0x0000000000000d1e                EXTI15_10_IRQHandler
                0x0000000000000d1e                ADC_IRQHandler
                0x0000000000000d1e                DMA1_Channel8_IRQHandler
                0x0000000000000d1e                TMR2_IRQHandler
                0x0000000000000d1e                DefaultIRQHandler
                0x0000000000000d1e                TIM7_IRQHandler
                0x0000000000000d1e                CAN2_TX_IRQHandler
                0x0000000000000d1e                TIM5_IRQHandler
                0x0000000000000d1e                TMR1_IRQHandler
                0x0000000000000d1e                USB_IRQHandler
                0x0000000000000d1e                EXTI9_5_IRQHandler
                0x0000000000000d1e                PIOC_IRQHandler
                0x0000000000000d1e                SPI2_IRQHandler
                0x0000000000000d1e                OSC32KCal_IRQHandler
                0x0000000000000d1e                I2C_IRQHandler
                0x0000000000000d1e                TIM10_BRK_IRQHandler
                0x0000000000000d1e                TIM9_CC_IRQHandler
                0x0000000000000d1e                DMA2_Channel5_IRQHandler
                0x0000000000000d1e                USB2_IRQHandler
                0x0000000000000d1e                USBHSWakeUp_IRQHandler
                0x0000000000000d1e                DMA1_Channel5_IRQHandler
                0x0000000000000d1e                EXTI4_IRQHandler
                0x0000000000000d1e                USB_LP_CAN1_RX0_IRQHandler
                0x0000000000000d1e                RNG_IRQHandler
                0x0000000000000d1e                USB_HP_CAN1_TX_IRQHandler
                0x0000000000000d1e                LLE_IRQHandler
                0x0000000000000d1e                FSMC_IRQHandler
                0x0000000000000d1e                ETH_IRQHandler
                0x0000000000000d1e                TIM1_UP_IRQHandler
                0x0000000000000d1e                WWDG_IRQHandler
                0x0000000000000d1e                DMA2_Channel11_IRQHandler
                0x0000000000000d1e                WDOG_BAT_IRQHandler
                0x0000000000000d1e                Ecall_U_Mode_Handler
                0x0000000000000d1e                TMR3_IRQHandler
                0x0000000000000d1e                DMA2_Channel6_IRQHandler
                0x0000000000000d1e                TIM2_IRQHandler
                0x0000000000000d1e                SW_Handler
                0x0000000000000d1e                TIM1_BRK_IRQHandler
                0x0000000000000d1e                OPA_IRQHandler
                0x0000000000000d1e                DMA2_Channel10_IRQHandler
                0x0000000000000d1e                EXTI1_IRQHandler
                0x0000000000000d1e                SPI0_IRQHandler
                0x0000000000000d1e                USB2_HOST_IRQHandler
                0x0000000000000d1e                RTCAlarm_IRQHandler
                0x0000000000000d1e                TIM10_UP_IRQHandler
                0x0000000000000d1e                TIM9_TRG_COM_IRQHandler
                0x0000000000000d1e                UART7_IRQHandler
                0x0000000000000d1e                USART2_IRQHandler
                0x0000000000000d1e                UART6_IRQHandler
                0x0000000000000d1e                ETHWakeUp_IRQHandler
                0x0000000000000d1e                I2C2_ER_IRQHandler
                0x0000000000000d1e                DMA1_Channel2_IRQHandler
                0x0000000000000d1e                TIM8_BRK_IRQHandler
                0x0000000000000d1e                TIM2_TRG_IRQHandler
                0x0000000000000d1e                CAN1_SCE_IRQHandler
                0x0000000000000d1e                FLASH_IRQHandler
                0x0000000000000d1e                USBFSWakeUp_IRQHandler
                0x0000000000000d1e                USART1_IRQHandler
                0x0000000000000d1e                OTG_FS_IRQHandler
                0x0000000000000d1e                SPI3_IRQHandler
                0x0000000000000d1e                USBFS_WakeUp_IRQHandler
                0x0000000000000d1e                UART3_IRQHandler
                0x0000000000000d1e                USB2_DEVICE_IRQHandler
                0x0000000000000d1e                DMA2_Channel3_IRQHandler
                0x0000000000000d76                NMI_Handler
                0x0000000000000d76                NMI_RCC_CSS_IRQHandler
 .text.strlen   0x0000000000000d84       0x12 C:\Users\uni\AppData\Local\Temp\ch32-mess.elf.vH4WgK.ltrans0.ltrans.o
                0x0000000000000d84                strlen
 .text.mini_vpprintf
                0x0000000000000d96      0x1b4 C:\Users\uni\AppData\Local\Temp\ch32-mess.elf.vH4WgK.ltrans0.ltrans.o
 .text.printf   0x0000000000000f4a       0x28 C:\Users\uni\AppData\Local\Temp\ch32-mess.elf.vH4WgK.ltrans0.ltrans.o
                0x0000000000000f4a                printf
 .text.mini_vsnprintf
                0x0000000000000f72       0x30 C:\Users\uni\AppData\Local\Temp\ch32-mess.elf.vH4WgK.ltrans0.ltrans.o
 .text.sprintf  0x0000000000000fa2       0x22 C:\Users\uni\AppData\Local\Temp\ch32-mess.elf.vH4WgK.ltrans0.ltrans.o
                0x0000000000000fa2                sprintf
 .text.memset   0x0000000000000fc4       0x12 C:\Users\uni\AppData\Local\Temp\ch32-mess.elf.vH4WgK.ltrans0.ltrans.o
                0x0000000000000fc4                memset
 .text.strcpy   0x0000000000000fd6       0x14 C:\Users\uni\AppData\Local\Temp\ch32-mess.elf.vH4WgK.ltrans0.ltrans.o
                0x0000000000000fd6                strcpy
 .text.memcpy   0x0000000000000fea       0x1c C:\Users\uni\AppData\Local\Temp\ch32-mess.elf.vH4WgK.ltrans0.ltrans.o
                0x0000000000000fea                memcpy
 .text.ssd1306_data.isra.0
                0x0000000000001006       0x2c C:\Users\uni\AppData\Local\Temp\ch32-mess.elf.vH4WgK.ltrans0.ltrans.o
 .text.ssd1306_renderFrame
                0x0000000000001032       0x6e C:\Users\uni\AppData\Local\Temp\ch32-mess.elf.vH4WgK.ltrans0.ltrans.o
 .text.ssd1306_print_str_at.constprop.0
                0x00000000000010a0       0x74 C:\Users\uni\AppData\Local\Temp\ch32-mess.elf.vH4WgK.ltrans0.ltrans.o
 .text.puts     0x0000000000001114       0x30 C:\Users\uni\AppData\Local\Temp\ch32-mess.elf.vH4WgK.ltrans0.ltrans.o
                0x0000000000001114                puts
 .text.putchar  0x0000000000001144       0x6e C:\Users\uni\AppData\Local\Temp\ch32-mess.elf.vH4WgK.ltrans0.ltrans.o
                0x0000000000001144                putchar
 .text.i2c_scan_callback
                0x00000000000011b2       0x6a C:\Users\uni\AppData\Local\Temp\ch32-mess.elf.vH4WgK.ltrans0.ltrans.o
 .text.SystemInit
                0x000000000000121c       0x58 C:\Users\uni\AppData\Local\Temp\ch32-mess.elf.vH4WgK.ltrans0.ltrans.o
                0x000000000000121c                SystemInit
 .text.startup.main
                0x0000000000001274      0x89e C:\Users\uni\AppData\Local\Temp\ch32-mess.elf.vH4WgK.ltrans0.ltrans.o
                0x0000000000001274                main
 .text.SysTick_Handler
                0x0000000000001b12       0x32 C:\Users\uni\AppData\Local\Temp\ch32-mess.elf.vH4WgK.ltrans0.ltrans.o
 .text.I2C1_EV_IRQHandler
                0x0000000000001b44      0x1a0 C:\Users\uni\AppData\Local\Temp\ch32-mess.elf.vH4WgK.ltrans0.ltrans.o
 .text.I2C1_ER_IRQHandler
                0x0000000000001ce4       0x7c C:\Users\uni\AppData\Local\Temp\ch32-mess.elf.vH4WgK.ltrans0.ltrans.o
 .text.TweenHexColors
                0x0000000000001d60       0xdc C:\Users\uni\AppData\Local\Temp\ch32-mess.elf.vH4WgK.ltrans0.ltrans.o
 .text.WS2812FillBuffSec.constprop.0
                0x0000000000001e3c      0x122 C:\Users\uni\AppData\Local\Temp\ch32-mess.elf.vH4WgK.ltrans0.ltrans.o
 .text.DMA1_Channel3_IRQHandler
                0x0000000000001f5e       0x7a C:\Users\uni\AppData\Local\Temp\ch32-mess.elf.vH4WgK.ltrans0.ltrans.o
 *(.rodata)
 *fill*         0x0000000000001fd8        0x0 
 .rodata        0x0000000000001fd8       0x14 C:\Users\uni\AppData\Local\Temp\ch32-mess.elf.vH4WgK.ltrans0.ltrans.o
 *(.rodata*)
 .rodata.puts.str1.4
                0x0000000000001fec        0x2 C:\Users\uni\AppData\Local\Temp\ch32-mess.elf.vH4WgK.ltrans0.ltrans.o
 *fill*         0x0000000000001fee        0x2 
 .rodata.i2c_scan_callback.str1.4
                0x0000000000001ff0        0xc C:\Users\uni\AppData\Local\Temp\ch32-mess.elf.vH4WgK.ltrans0.ltrans.o
 .rodata.main.str1.4
                0x0000000000001ffc       0x7c C:\Users\uni\AppData\Local\Temp\ch32-mess.elf.vH4WgK.ltrans0.ltrans.o
 .rodata.FONT_7x5
                0x0000000000002078      0x1db C:\Users\uni\AppData\Local\Temp\ch32-mess.elf.vH4WgK.ltrans0.ltrans.o
 *fill*         0x0000000000002253        0x1 
 .rodata.bitquartets.8
                0x0000000000002254       0x20 C:\Users\uni\AppData\Local\Temp\ch32-mess.elf.vH4WgK.ltrans0.ltrans.o
 .rodata.myvalues
                0x0000000000002274       0x10 C:\Users\uni\AppData\Local\Temp\ch32-mess.elf.vH4WgK.ltrans0.ltrans.o
 .rodata.ssd1306_init_array
                0x0000000000002284       0x1a C:\Users\uni\AppData\Local\Temp\ch32-mess.elf.vH4WgK.ltrans0.ltrans.o
 *(.gnu.linkonce.t.*)
                0x00000000000022a0                . = ALIGN (0x4)
 *fill*         0x000000000000229e        0x2 

.rela.dyn       0x00000000000022a0        0x0
 .rela.text.mini_pad
                0x00000000000022a0        0x0 C:\Users\uni\AppData\Local\Temp\ch32-mess.elf.vH4WgK.ltrans0.ltrans.o
 .rela.text._write.constprop.0
                0x00000000000022a0        0x0 C:\Users\uni\AppData\Local\Temp\ch32-mess.elf.vH4WgK.ltrans0.ltrans.o
 .rela.text.handle_reset
                0x00000000000022a0        0x0 C:\Users\uni\AppData\Local\Temp\ch32-mess.elf.vH4WgK.ltrans0.ltrans.o
 .rela.text.mini_vpprintf
                0x00000000000022a0        0x0 C:\Users\uni\AppData\Local\Temp\ch32-mess.elf.vH4WgK.ltrans0.ltrans.o
 .rela.text.ssd1306_data.isra.0
                0x00000000000022a0        0x0 C:\Users\uni\AppData\Local\Temp\ch32-mess.elf.vH4WgK.ltrans0.ltrans.o
 .rela.text.puts
                0x00000000000022a0        0x0 C:\Users\uni\AppData\Local\Temp\ch32-mess.elf.vH4WgK.ltrans0.ltrans.o
 .rela.text.i2c_scan_callback
                0x00000000000022a0        0x0 C:\Users\uni\AppData\Local\Temp\ch32-mess.elf.vH4WgK.ltrans0.ltrans.o
 .rela.text.startup.main
                0x00000000000022a0        0x0 C:\Users\uni\AppData\Local\Temp\ch32-mess.elf.vH4WgK.ltrans0.ltrans.o
 .rela.text.WS2812FillBuffSec.constprop.0
                0x00000000000022a0        0x0 C:\Users\uni\AppData\Local\Temp\ch32-mess.elf.vH4WgK.ltrans0.ltrans.o

.fini           0x00000000000022a0        0x0
 *(SORT_NONE(.fini))
                0x00000000000022a0                . = ALIGN (0x4)
                [!provide]                        PROVIDE (_etext = .)
                [!provide]                        PROVIDE (_eitcm = .)

.preinit_array  0x00000000000022a0        0x0
                [!provide]                        PROVIDE (__preinit_array_start = .)
 *(.preinit_array)
                [!provide]                        PROVIDE (__preinit_array_end = .)

.init_array     0x00000000000022a0        0x0
                [!provide]                        PROVIDE (__init_array_start = .)
 *(SORT_BY_INIT_PRIORITY(.init_array.*) SORT_BY_INIT_PRIORITY(.ctors.*))
 *(.init_array EXCLUDE_FILE(*crtend?.o *crtend.o *crtbegin?.o *crtbegin.o) .ctors)
                [!provide]                        PROVIDE (__init_array_end = .)

.fini_array     0x00000000000022a0        0x0
                [!provide]                        PROVIDE (__fini_array_start = .)
 *(SORT_BY_INIT_PRIORITY(.fini_array.*) SORT_BY_INIT_PRIORITY(.dtors.*))
 *(.fini_array EXCLUDE_FILE(*crtend?.o *crtend.o *crtbegin?.o *crtbegin.o) .dtors)
                [!provide]                        PROVIDE (__fini_array_end = .)

.ctors
 *crtbegin.o(.ctors)
 *crtbegin?.o(.ctors)
 *(EXCLUDE_FILE(*crtend?.o *crtend.o) .ctors)
 *(SORT_BY_NAME(.ctors.*))
 *(.ctors)

.dtors
 *crtbegin.o(.dtors)
 *crtbegin?.o(.dtors)
 *(EXCLUDE_FILE(*crtend?.o *crtend.o) .dtors)
 *(SORT_BY_NAME(.dtors.*))
 *(.dtors)

.dalign         0x0000000020000000        0x0 load address 0x00000000000022a0
                0x0000000020000000                . = ALIGN (0x4)
                0x0000000020000000                PROVIDE (_data_vma = .)

.dlalign        0x00000000000022a0        0x0
                0x00000000000022a0                . = ALIGN (0x4)
                0x00000000000022a0                PROVIDE (_data_lma = .)

.data           0x0000000020000000       0x74 load address 0x00000000000022a0
                0x0000000020000000                . = ALIGN (0x4)
                0x00000000200003fc                __global_pointer$ = (. + 0x3fc)
 *(.gnu.linkonce.r.*)
 *(.data .data.*)
 .data.dev_aht21
                0x0000000020000000        0xc C:\Users\uni\AppData\Local\Temp\ch32-mess.elf.vH4WgK.ltrans0.ltrans.o
 .data.dev_ssd1306
                0x000000002000000c        0xc C:\Users\uni\AppData\Local\Temp\ch32-mess.elf.vH4WgK.ltrans0.ltrans.o
 *(.gnu.linkonce.d.*)
                0x0000000020000018                . = ALIGN (0x8)
 *(.sdata .sdata.*)
 .sdata.hourglass.5
                0x0000000020000018        0x8 C:\Users\uni\AppData\Local\Temp\ch32-mess.elf.vH4WgK.ltrans0.ltrans.o
 .sdata.line.7  0x0000000020000020        0x4 C:\Users\uni\AppData\Local\Temp\ch32-mess.elf.vH4WgK.ltrans0.ltrans.o
 .sdata.quad_t.6
                0x0000000020000024        0x8 C:\Users\uni\AppData\Local\Temp\ch32-mess.elf.vH4WgK.ltrans0.ltrans.o
 .sdata.tween   0x000000002000002c        0x4 C:\Users\uni\AppData\Local\Temp\ch32-mess.elf.vH4WgK.ltrans0.ltrans.o
 *(.sdata2*)
 *(.gnu.linkonce.s.*)
                0x0000000020000030                . = ALIGN (0x8)
 *(.srodata.cst16)
 *(.srodata.cst8)
 *(.srodata.cst4)
 *(.srodata.cst2)
 *(.srodata .srodata.*)
 .srodata       0x0000000020000030       0x44 C:\Users\uni\AppData\Local\Temp\ch32-mess.elf.vH4WgK.ltrans0.ltrans.o
                0x0000000020000074                . = ALIGN (0x4)
                0x0000000020000074                PROVIDE (_edata = .)

.bss            0x0000000020000074      0x538 load address 0x0000000000002314
                0x0000000020000074                . = ALIGN (0x4)
                0x0000000020000074                PROVIDE (_sbss = .)
 *(.sbss*)
 .sbss.WS2812BLEDInUse
                0x0000000020000074        0x4 C:\Users\uni\AppData\Local\Temp\ch32-mess.elf.vH4WgK.ltrans0.ltrans.o
 .sbss.WS2812LEDPlace
                0x0000000020000078        0x4 C:\Users\uni\AppData\Local\Temp\ch32-mess.elf.vH4WgK.ltrans0.ltrans.o
 .sbss.WS2812LEDs
                0x000000002000007c        0x4 C:\Users\uni\AppData\Local\Temp\ch32-mess.elf.vH4WgK.ltrans0.ltrans.o
 .sbss._i2c_timeout
                0x0000000020000080        0x4 C:\Users\uni\AppData\Local\Temp\ch32-mess.elf.vH4WgK.ltrans0.ltrans.o
 .sbss.ssd1306_buffer
                0x0000000020000084        0x1 C:\Users\uni\AppData\Local\Temp\ch32-mess.elf.vH4WgK.ltrans0.ltrans.o
 *fill*         0x0000000020000085        0x3 
 .sbss.systick_millis
                0x0000000020000088        0x4 C:\Users\uni\AppData\Local\Temp\ch32-mess.elf.vH4WgK.ltrans0.ltrans.o
 *(.gnu.linkonce.sb.*)
 *(.bss*)
 .bss.WS2812dmabuff
                0x000000002000008c       0x60 C:\Users\uni\AppData\Local\Temp\ch32-mess.elf.vH4WgK.ltrans0.ltrans.o
 .bss.frame_buffer
                0x00000000200000ec      0x400 C:\Users\uni\AppData\Local\Temp\ch32-mess.elf.vH4WgK.ltrans0.ltrans.o
 .bss.i2c_slave_state
                0x00000000200004ec       0x2c C:\Users\uni\AppData\Local\Temp\ch32-mess.elf.vH4WgK.ltrans0.ltrans.o
 .bss.page_masks
                0x0000000020000518       0x80 C:\Users\uni\AppData\Local\Temp\ch32-mess.elf.vH4WgK.ltrans0.ltrans.o
 .bss.str_output
                0x0000000020000598       0x14 C:\Users\uni\AppData\Local\Temp\ch32-mess.elf.vH4WgK.ltrans0.ltrans.o
 *(.gnu.linkonce.b.*)
 *(COMMON*)
                0x00000000200005ac                . = ALIGN (0x4)
                0x00000000200005ac                PROVIDE (_ebss = .)
                [!provide]                        PROVIDE (_end = _ebss)
                [!provide]                        PROVIDE (end = .)
                0x0000000020000800                PROVIDE (_eusrstack = (ORIGIN (RAM) + LENGTH (RAM)))

/DISCARD/
 *(.note .note.*)
 *(.eh_frame .eh_frame.*)
 *(.comment .comment.*)
 *(.ARM.extab* .gnu.linkonce.armextab.*)
 *(.ARM.exidx*)
OUTPUT(ch32-mess.elf elf32-littleriscv)

.riscv.attributes
                0x0000000000000000       0x21
 .riscv.attributes
                0x0000000000000000       0x21 C:\Users\uni\AppData\Local\Temp\ch32-mess.elf.vH4WgK.ltrans0.ltrans.o
 .riscv.attributes
                0x0000000000000021       0x1f ../ch32fun/ch32fun//../misc\libgcc.a(div.o)

.debug_info     0x0000000000000000     0xa2d0
 .debug_info    0x0000000000000000     0x2ddc C:\Users\uni\AppData\Local\Temp\ch32-mess.elf.vH4WgK.ltrans0.ltrans.o
 .debug_info    0x0000000000002ddc     0x1188 C:\Users\uni\AppData\Local\Temp\ccVlmqF2.debug.temp.o
                0x0000000000002ddc                ch32fun.c.61965c5e
 .debug_info    0x0000000000003f64     0x56c7 C:\Users\uni\AppData\Local\Temp\ccWeXWEK.debug.temp.o
                0x0000000000003f64                ch32_mess.c.eabace0f
 .debug_info    0x000000000000962b      0x47c C:\Users\uni\AppData\Local\Temp\ccX9Q0Is.debug.temp.o
                0x000000000000962b                nrf24l01_low_level.c.429e1874
 .debug_info    0x0000000000009aa7      0x7cc C:\Users\uni\AppData\Local\Temp\cczqhMGT.debug.temp.o
                0x0000000000009aa7                lib_i2c.c.bfb73fe7
 .debug_info    0x000000000000a273       0x5d ../ch32fun/ch32fun//../misc\libgcc.a(div.o)

.debug_abbrev   0x0000000000000000      0xc92
 .debug_abbrev  0x0000000000000000      0x271 C:\Users\uni\AppData\Local\Temp\ch32-mess.elf.vH4WgK.ltrans0.ltrans.o
 .debug_abbrev  0x0000000000000271      0x233 C:\Users\uni\AppData\Local\Temp\ccVlmqF2.debug.temp.o
 .debug_abbrev  0x00000000000004a4      0x462 C:\Users\uni\AppData\Local\Temp\ccWeXWEK.debug.temp.o
 .debug_abbrev  0x0000000000000906      0x171 C:\Users\uni\AppData\Local\Temp\ccX9Q0Is.debug.temp.o
 .debug_abbrev  0x0000000000000a77      0x1f3 C:\Users\uni\AppData\Local\Temp\cczqhMGT.debug.temp.o
 .debug_abbrev  0x0000000000000c6a       0x28 ../ch32fun/ch32fun//../misc\libgcc.a(div.o)

.debug_loc      0x0000000000000000     0x4a80
 .debug_loc     0x0000000000000000     0x4a80 C:\Users\uni\AppData\Local\Temp\ch32-mess.elf.vH4WgK.ltrans0.ltrans.o

.debug_aranges  0x0000000000000000      0x220
 .debug_aranges
                0x0000000000000000      0x200 C:\Users\uni\AppData\Local\Temp\ch32-mess.elf.vH4WgK.ltrans0.ltrans.o
 .debug_aranges
                0x0000000000000200       0x20 ../ch32fun/ch32fun//../misc\libgcc.a(div.o)

.debug_ranges   0x0000000000000000      0xd00
 .debug_ranges  0x0000000000000000      0xd00 C:\Users\uni\AppData\Local\Temp\ch32-mess.elf.vH4WgK.ltrans0.ltrans.o

.debug_line     0x0000000000000000     0x5f50
 .debug_line    0x0000000000000000     0x5708 C:\Users\uni\AppData\Local\Temp\ch32-mess.elf.vH4WgK.ltrans0.ltrans.o
 .debug_line    0x0000000000005708      0x18e C:\Users\uni\AppData\Local\Temp\ccVlmqF2.debug.temp.o
 .debug_line    0x0000000000005896      0x327 C:\Users\uni\AppData\Local\Temp\ccWeXWEK.debug.temp.o
 .debug_line    0x0000000000005bbd      0x10d C:\Users\uni\AppData\Local\Temp\ccX9Q0Is.debug.temp.o
 .debug_line    0x0000000000005cca      0x133 C:\Users\uni\AppData\Local\Temp\cczqhMGT.debug.temp.o
 .debug_line    0x0000000000005dfd      0x153 ../ch32fun/ch32fun//../misc\libgcc.a(div.o)

.debug_str      0x0000000000000000     0x2c63
 .debug_str     0x0000000000000000      0x19f C:\Users\uni\AppData\Local\Temp\ch32-mess.elf.vH4WgK.ltrans0.ltrans.o
                                        0x1f1 (size before relaxing)
 .debug_str     0x000000000000019f      0x5d9 C:\Users\uni\AppData\Local\Temp\ccVlmqF2.debug.temp.o
                                        0x70c (size before relaxing)
 .debug_str     0x0000000000000778     0x2279 C:\Users\uni\AppData\Local\Temp\ccWeXWEK.debug.temp.o
                                       0x2700 (size before relaxing)
 .debug_str     0x00000000000029f1       0xb1 C:\Users\uni\AppData\Local\Temp\ccX9Q0Is.debug.temp.o
                                        0x43f (size before relaxing)
 .debug_str     0x0000000000002aa2      0x105 C:\Users\uni\AppData\Local\Temp\cczqhMGT.debug.temp.o
                                        0x511 (size before relaxing)
 .debug_str     0x0000000000002ba7       0xbc ../ch32fun/ch32fun//../misc\libgcc.a(div.o)
                                         0xd9 (size before relaxing)

.debug_frame    0x0000000000000000      0x72c
 .debug_frame   0x0000000000000000      0x72c C:\Users\uni\AppData\Local\Temp\ch32-mess.elf.vH4WgK.ltrans0.ltrans.o

.debug_line_str
                0x0000000000000000       0x92
 .debug_line_str
                0x0000000000000000       0x92 ../ch32fun/ch32fun//../misc\libgcc.a(div.o)
