Archive member included to satisfy reference by file (symbol)

../ch32fun/ch32fun//../misc\libgcc.a(muldi3.o)
                              C:\Users\uni\AppData\Local\Temp\ch32-mess.elf.EJuSmm.ltrans0.ltrans.o (__mulsi3)
../ch32fun/ch32fun//../misc\libgcc.a(div.o)
                              C:\Users\uni\AppData\Local\Temp\ch32-mess.elf.EJuSmm.ltrans0.ltrans.o (__divsi3)

Discarded input sections

 .text          0x0000000000000000        0x0 C:\Users\uni\AppData\Local\Temp\ch32-mess.elf.EJuSmm.ltrans0.ltrans.o
 .data          0x0000000000000000        0x0 C:\Users\uni\AppData\Local\Temp\ch32-mess.elf.EJuSmm.ltrans0.ltrans.o
 .bss           0x0000000000000000        0x0 C:\Users\uni\AppData\Local\Temp\ch32-mess.elf.EJuSmm.ltrans0.ltrans.o
 .text.vprintf  0x0000000000000000       0x16 C:\Users\uni\AppData\Local\Temp\ch32-mess.elf.EJuSmm.ltrans0.ltrans.o
 .text.snprintf
                0x0000000000000000       0x1c C:\Users\uni\AppData\Local\Temp\ch32-mess.elf.EJuSmm.ltrans0.ltrans.o
 .text.strcpy   0x0000000000000000       0x14 C:\Users\uni\AppData\Local\Temp\ch32-mess.elf.EJuSmm.ltrans0.ltrans.o
 .text.strcmp   0x0000000000000000       0x1a C:\Users\uni\AppData\Local\Temp\ch32-mess.elf.EJuSmm.ltrans0.ltrans.o
 .text.strncmp  0x0000000000000000       0x2e C:\Users\uni\AppData\Local\Temp\ch32-mess.elf.EJuSmm.ltrans0.ltrans.o
 .text.strchr   0x0000000000000000       0x16 C:\Users\uni\AppData\Local\Temp\ch32-mess.elf.EJuSmm.ltrans0.ltrans.o
 .text.strrchr  0x0000000000000000       0x3c C:\Users\uni\AppData\Local\Temp\ch32-mess.elf.EJuSmm.ltrans0.ltrans.o
 .text.memcmp   0x0000000000000000       0x26 C:\Users\uni\AppData\Local\Temp\ch32-mess.elf.EJuSmm.ltrans0.ltrans.o
 .text.memmove  0x0000000000000000       0x5e C:\Users\uni\AppData\Local\Temp\ch32-mess.elf.EJuSmm.ltrans0.ltrans.o
 .text.memchr   0x0000000000000000       0x1c C:\Users\uni\AppData\Local\Temp\ch32-mess.elf.EJuSmm.ltrans0.ltrans.o
 .text.strnlen  0x0000000000000000       0x2a C:\Users\uni\AppData\Local\Temp\ch32-mess.elf.EJuSmm.ltrans0.ltrans.o
 .text.twoway_strstr
                0x0000000000000000      0x236 C:\Users\uni\AppData\Local\Temp\ch32-mess.elf.EJuSmm.ltrans0.ltrans.o
 .text.strstr   0x0000000000000000      0x140 C:\Users\uni\AppData\Local\Temp\ch32-mess.elf.EJuSmm.ltrans0.ltrans.o
 .text.putchar  0x0000000000000000       0x72 C:\Users\uni\AppData\Local\Temp\ch32-mess.elf.EJuSmm.ltrans0.ltrans.o
 .data.ADCPrescTable.lto_priv.0
                0x0000000000000000       0x14 C:\Users\uni\AppData\Local\Temp\ch32-mess.elf.EJuSmm.ltrans0.ltrans.o
 .data.ADCPrescTable.lto_priv.1
                0x0000000000000000       0x14 C:\Users\uni\AppData\Local\Temp\ch32-mess.elf.EJuSmm.ltrans0.ltrans.o
 .data.ADCPrescTable.lto_priv.2
                0x0000000000000000       0x14 C:\Users\uni\AppData\Local\Temp\ch32-mess.elf.EJuSmm.ltrans0.ltrans.o
 .data.ADCPrescTable.lto_priv.3
                0x0000000000000000       0x14 C:\Users\uni\AppData\Local\Temp\ch32-mess.elf.EJuSmm.ltrans0.ltrans.o
 .data.APBAHBPrescTable.lto_priv.0
                0x0000000000000000       0x10 C:\Users\uni\AppData\Local\Temp\ch32-mess.elf.EJuSmm.ltrans0.ltrans.o
 .data.APBAHBPrescTable.lto_priv.1
                0x0000000000000000       0x10 C:\Users\uni\AppData\Local\Temp\ch32-mess.elf.EJuSmm.ltrans0.ltrans.o
 .data.APBAHBPrescTable.lto_priv.2
                0x0000000000000000       0x10 C:\Users\uni\AppData\Local\Temp\ch32-mess.elf.EJuSmm.ltrans0.ltrans.o
 .data.APBAHBPrescTable.lto_priv.3
                0x0000000000000000       0x10 C:\Users\uni\AppData\Local\Temp\ch32-mess.elf.EJuSmm.ltrans0.ltrans.o
 .data.i2c_registers
                0x0000000000000000       0x20 C:\Users\uni\AppData\Local\Temp\ch32-mess.elf.EJuSmm.ltrans0.ltrans.o
 .comment       0x0000000000000000       0x13 C:\Users\uni\AppData\Local\Temp\ch32-mess.elf.EJuSmm.ltrans0.ltrans.o
 .comment       0x0000000000000000       0x13 C:\Users\uni\AppData\Local\Temp\ccI3llNR.debug.temp.o
 .comment       0x0000000000000000       0x13 C:\Users\uni\AppData\Local\Temp\ccqgBwQa.debug.temp.o
 .comment       0x0000000000000000       0x13 C:\Users\uni\AppData\Local\Temp\ccO29pTx.debug.temp.o
 .debug_info    0x0000000000000000      0x56f C:\Users\uni\AppData\Local\Temp\ccq8Qk0U.debug.temp.o
 .debug_abbrev  0x0000000000000000      0x13d C:\Users\uni\AppData\Local\Temp\ccq8Qk0U.debug.temp.o
 .debug_line    0x0000000000000000       0xb9 C:\Users\uni\AppData\Local\Temp\ccq8Qk0U.debug.temp.o
 .debug_str     0x0000000000000000      0x637 C:\Users\uni\AppData\Local\Temp\ccq8Qk0U.debug.temp.o
 .comment       0x0000000000000000       0x13 C:\Users\uni\AppData\Local\Temp\ccq8Qk0U.debug.temp.o
 .comment       0x0000000000000000       0x13 C:\Users\uni\AppData\Local\Temp\cc8MYMTh.debug.temp.o
 .data          0x0000000000000000        0x0 ../ch32fun/ch32fun//../misc\libgcc.a(muldi3.o)
 .bss           0x0000000000000000        0x0 ../ch32fun/ch32fun//../misc\libgcc.a(muldi3.o)
 .data          0x0000000000000000        0x0 ../ch32fun/ch32fun//../misc\libgcc.a(div.o)
 .bss           0x0000000000000000        0x0 ../ch32fun/ch32fun//../misc\libgcc.a(div.o)

Memory Configuration

Name             Origin             Length             Attributes
FLASH            0x0000000000000000 0x0000000000004000 xr
RAM              0x0000000020000000 0x0000000000000800 xrw
*default*        0x0000000000000000 0xffffffffffffffff

Linker script and memory map

LOAD C:\Users\uni\AppData\Local\Temp\ccMywfYx.o
LOAD C:\Users\uni\AppData\Local\Temp\ch32-mess.elf.EJuSmm.ltrans0.ltrans.o
LOAD C:\Users\uni\AppData\Local\Temp\ccI3llNR.debug.temp.o
LOAD C:\Users\uni\AppData\Local\Temp\ccqgBwQa.debug.temp.o
LOAD C:\Users\uni\AppData\Local\Temp\ccO29pTx.debug.temp.o
LOAD C:\Users\uni\AppData\Local\Temp\ccq8Qk0U.debug.temp.o
LOAD C:\Users\uni\AppData\Local\Temp\cc8MYMTh.debug.temp.o
LOAD C:\Users\uni\AppData\Local\Temp\cchhWWQw.o
LOAD C:\Users\uni\AppData\Local\Temp\ccSMpOhC.o
LOAD C:\Users\uni\AppData\Local\Temp\cc2hUgvE.o
LOAD C:\Users\uni\AppData\Local\Temp\cceaGoiN.o
LOAD ../ch32fun/ch32fun//../misc\libgcc.a
LOAD ../ch32fun/ch32fun//../misc\libgcc.a

.init           0x0000000000000000       0xa0
                0x0000000000000000                _sinit = .
                0x0000000000000000                . = ALIGN (0x4)
 *(SORT_NONE(.init))
 .init          0x0000000000000000       0x9e C:\Users\uni\AppData\Local\Temp\ch32-mess.elf.EJuSmm.ltrans0.ltrans.o
                0x0000000000000000                InterruptVector
                0x00000000000000a0                . = ALIGN (0x4)
 *fill*         0x000000000000009e        0x2 
                0x00000000000000a0                _einit = .

.text           0x00000000000000a0     0x18e4
                0x00000000000000a0                . = ALIGN (0x4)
 *(.text)
 .text          0x00000000000000a0       0x16 ../ch32fun/ch32fun//../misc\libgcc.a(muldi3.o)
                0x00000000000000a0                __mulsi3
 *fill*         0x00000000000000b6        0x2 
 .text          0x00000000000000b8       0x7e ../ch32fun/ch32fun//../misc\libgcc.a(div.o)
                0x00000000000000b8                __divsi3
                0x00000000000000c0                __udivsi3
                0x00000000000000c0                __hidden___udivsi3
                0x00000000000000ec                __umodsi3
                0x0000000000000110                __modsi3
 *(.text.*)
 .text.mini_pad
                0x0000000000000136       0x9c C:\Users\uni\AppData\Local\Temp\ch32-mess.elf.EJuSmm.ltrans0.ltrans.o
 .text._puts    0x00000000000001d2       0x42 C:\Users\uni\AppData\Local\Temp\ch32-mess.elf.EJuSmm.ltrans0.ltrans.o
 .text.PrintHex
                0x0000000000000214       0x58 C:\Users\uni\AppData\Local\Temp\ch32-mess.elf.EJuSmm.ltrans0.ltrans.o
 .text.mini_itoa.part.0
                0x000000000000026c       0xbe C:\Users\uni\AppData\Local\Temp\ch32-mess.elf.EJuSmm.ltrans0.ltrans.o
 .text.Neo_render_colorFlashing.constprop.0
                0x000000000000032a      0x10e C:\Users\uni\AppData\Local\Temp\ch32-mess.elf.EJuSmm.ltrans0.ltrans.o
 .text.WS2812FillBuffSec
                0x0000000000000438      0x4da C:\Users\uni\AppData\Local\Temp\ch32-mess.elf.EJuSmm.ltrans0.ltrans.o
 .text.internal_handle_input.constprop.0
                0x0000000000000912        0xa C:\Users\uni\AppData\Local\Temp\ch32-mess.elf.EJuSmm.ltrans0.ltrans.o
 .text._write.constprop.0
                0x000000000000091c       0xf2 C:\Users\uni\AppData\Local\Temp\ch32-mess.elf.EJuSmm.ltrans0.ltrans.o
 .text.__puts_uart
                0x0000000000000a0e       0x14 C:\Users\uni\AppData\Local\Temp\ch32-mess.elf.EJuSmm.ltrans0.ltrans.o
 .text.handle_reset
                0x0000000000000a22       0x76 C:\Users\uni\AppData\Local\Temp\ch32-mess.elf.EJuSmm.ltrans0.ltrans.o
                0x0000000000000a22                handle_reset
 .text.vector_handler
                0x0000000000000a98       0x66 C:\Users\uni\AppData\Local\Temp\ch32-mess.elf.EJuSmm.ltrans0.ltrans.o
                0x0000000000000a98                EXTI2_IRQHandler
                0x0000000000000a98                TIM8_TRG_COM_IRQHandler
                0x0000000000000a98                TIM8_CC_IRQHandler
                0x0000000000000a98                UART8_IRQHandler
                0x0000000000000a98                TIM1_CC_IRQHandler
                0x0000000000000a98                HardFault_Handler
                0x0000000000000a98                GPIOB_IRQHandler
                0x0000000000000a98                USBPD_IRQHandler
                0x0000000000000a98                TIM6_IRQHandler
                0x0000000000000a98                GPIOA_IRQHandler
                0x0000000000000a98                PVD_IRQHandler
                0x0000000000000a98                SDIO_IRQHandler
                0x0000000000000a98                TIM9_BRK_IRQHandler
                0x0000000000000a98                DMA2_Channel8_IRQHandler
                0x0000000000000a98                USBWakeUp_IRQHandler
                0x0000000000000a98                CAN2_RX1_IRQHandler
                0x0000000000000a98                EXTI3_IRQHandler
                0x0000000000000a98                UART1_IRQHandler
                0x0000000000000a98                USBHS_IRQHandler
                0x0000000000000a98                DMA2_Channel9_IRQHandler
                0x0000000000000a98                TIM10_CC_IRQHandler
                0x0000000000000a98                EXTI25_16_IRQHandler
                0x0000000000000a98                USBFS_IRQHandler
                0x0000000000000a98                UART0_IRQHandler
                0x0000000000000a98                EXTI0_IRQHandler
                0x0000000000000a98                I2C2_EV_IRQHandler
                0x0000000000000a98                TIM10_TRG_COM_IRQHandler
                0x0000000000000a98                CAN2_SCE_IRQHandler
                0x0000000000000a98                ADC1_2_IRQHandler
                0x0000000000000a98                BB_IRQHandler
                0x0000000000000a98                Break_Point_Handler
                0x0000000000000a98                TIM2_CC_IRQHandler
                0x0000000000000a98                SPI1_IRQHandler
                0x0000000000000a98                TAMPER_IRQHandler
                0x0000000000000a98                TMR0_IRQHandler
                0x0000000000000a98                AWU_IRQHandler
                0x0000000000000a98                EXTI7_0_IRQHandler
                0x0000000000000a98                CAN2_RX0_IRQHandler
                0x0000000000000a98                OSCWakeUp_IRQHandler
                0x0000000000000a98                TIM8_UP_IRQHandler
                0x0000000000000a98                Ecall_M_Mode_Handler
                0x0000000000000a98                DMA2_Channel2_IRQHandler
                0x0000000000000a98                ADC1_IRQHandler
                0x0000000000000a98                TIM2_BRK_IRQHandler
                0x0000000000000a98                TIM9_UP_IRQHandler
                0x0000000000000a98                USART3_IRQHandler
                0x0000000000000a98                RTC_IRQHandler
                0x0000000000000a98                DMA1_Channel7_IRQHandler
                0x0000000000000a98                CAN1_RX1_IRQHandler
                0x0000000000000a98                DVP_IRQHandler
                0x0000000000000a98                UART5_IRQHandler
                0x0000000000000a98                EXTI15_8_IRQHandler
                0x0000000000000a98                TIM4_IRQHandler
                0x0000000000000a98                DMA2_Channel1_IRQHandler
                0x0000000000000a98                USBPD_WKUP_IRQHandler
                0x0000000000000a98                UART2_IRQHandler
                0x0000000000000a98                USART4_IRQHandler
                0x0000000000000a98                PWMX_IRQHandler
                0x0000000000000a98                DMA1_Channel6_IRQHandler
                0x0000000000000a98                UART4_IRQHandler
                0x0000000000000a98                DMA2_Channel4_IRQHandler
                0x0000000000000a98                TIM3_IRQHandler
                0x0000000000000a98                RCC_IRQHandler
                0x0000000000000a98                TIM1_TRG_COM_IRQHandler
                0x0000000000000a98                DMA1_Channel1_IRQHandler
                0x0000000000000a98                DMA2_Channel7_IRQHandler
                0x0000000000000a98                EXTI15_10_IRQHandler
                0x0000000000000a98                ADC_IRQHandler
                0x0000000000000a98                DMA1_Channel8_IRQHandler
                0x0000000000000a98                TMR2_IRQHandler
                0x0000000000000a98                DefaultIRQHandler
                0x0000000000000a98                TIM7_IRQHandler
                0x0000000000000a98                CAN2_TX_IRQHandler
                0x0000000000000a98                TIM5_IRQHandler
                0x0000000000000a98                TMR1_IRQHandler
                0x0000000000000a98                USB_IRQHandler
                0x0000000000000a98                EXTI9_5_IRQHandler
                0x0000000000000a98                PIOC_IRQHandler
                0x0000000000000a98                SPI2_IRQHandler
                0x0000000000000a98                OSC32KCal_IRQHandler
                0x0000000000000a98                I2C_IRQHandler
                0x0000000000000a98                TIM10_BRK_IRQHandler
                0x0000000000000a98                TIM9_CC_IRQHandler
                0x0000000000000a98                DMA2_Channel5_IRQHandler
                0x0000000000000a98                USB2_IRQHandler
                0x0000000000000a98                USBHSWakeUp_IRQHandler
                0x0000000000000a98                DMA1_Channel5_IRQHandler
                0x0000000000000a98                EXTI4_IRQHandler
                0x0000000000000a98                USB_LP_CAN1_RX0_IRQHandler
                0x0000000000000a98                RNG_IRQHandler
                0x0000000000000a98                USB_HP_CAN1_TX_IRQHandler
                0x0000000000000a98                LLE_IRQHandler
                0x0000000000000a98                FSMC_IRQHandler
                0x0000000000000a98                ETH_IRQHandler
                0x0000000000000a98                TIM1_UP_IRQHandler
                0x0000000000000a98                WWDG_IRQHandler
                0x0000000000000a98                DMA2_Channel11_IRQHandler
                0x0000000000000a98                WDOG_BAT_IRQHandler
                0x0000000000000a98                Ecall_U_Mode_Handler
                0x0000000000000a98                TMR3_IRQHandler
                0x0000000000000a98                DMA2_Channel6_IRQHandler
                0x0000000000000a98                TIM2_IRQHandler
                0x0000000000000a98                SW_Handler
                0x0000000000000a98                TIM1_BRK_IRQHandler
                0x0000000000000a98                OPA_IRQHandler
                0x0000000000000a98                DMA2_Channel10_IRQHandler
                0x0000000000000a98                EXTI1_IRQHandler
                0x0000000000000a98                SPI0_IRQHandler
                0x0000000000000a98                RTCAlarm_IRQHandler
                0x0000000000000a98                TIM10_UP_IRQHandler
                0x0000000000000a98                TIM9_TRG_COM_IRQHandler
                0x0000000000000a98                UART7_IRQHandler
                0x0000000000000a98                USART2_IRQHandler
                0x0000000000000a98                UART6_IRQHandler
                0x0000000000000a98                ETHWakeUp_IRQHandler
                0x0000000000000a98                I2C2_ER_IRQHandler
                0x0000000000000a98                DMA1_Channel2_IRQHandler
                0x0000000000000a98                TIM8_BRK_IRQHandler
                0x0000000000000a98                TIM2_TRG_IRQHandler
                0x0000000000000a98                CAN1_SCE_IRQHandler
                0x0000000000000a98                FLASH_IRQHandler
                0x0000000000000a98                USBFSWakeUp_IRQHandler
                0x0000000000000a98                USART1_IRQHandler
                0x0000000000000a98                OTG_FS_IRQHandler
                0x0000000000000a98                SPI3_IRQHandler
                0x0000000000000a98                USBFS_WakeUp_IRQHandler
                0x0000000000000a98                UART3_IRQHandler
                0x0000000000000a98                DMA2_Channel3_IRQHandler
                0x0000000000000af0                NMI_Handler
                0x0000000000000af0                NMI_RCC_CSS_IRQHandler
 .text.strlen   0x0000000000000afe       0x12 C:\Users\uni\AppData\Local\Temp\ch32-mess.elf.EJuSmm.ltrans0.ltrans.o
                0x0000000000000afe                strlen
 .text.mini_vpprintf
                0x0000000000000b10      0x1b4 C:\Users\uni\AppData\Local\Temp\ch32-mess.elf.EJuSmm.ltrans0.ltrans.o
 .text.printf   0x0000000000000cc4       0x28 C:\Users\uni\AppData\Local\Temp\ch32-mess.elf.EJuSmm.ltrans0.ltrans.o
                0x0000000000000cc4                printf
 .text.mini_vsnprintf
                0x0000000000000cec       0x30 C:\Users\uni\AppData\Local\Temp\ch32-mess.elf.EJuSmm.ltrans0.ltrans.o
 .text.sprintf  0x0000000000000d1c       0x22 C:\Users\uni\AppData\Local\Temp\ch32-mess.elf.EJuSmm.ltrans0.ltrans.o
                0x0000000000000d1c                sprintf
 .text.memset   0x0000000000000d3e       0x12 C:\Users\uni\AppData\Local\Temp\ch32-mess.elf.EJuSmm.ltrans0.ltrans.o
                0x0000000000000d3e                memset
 .text.strncpy  0x0000000000000d50       0x1c C:\Users\uni\AppData\Local\Temp\ch32-mess.elf.EJuSmm.ltrans0.ltrans.o
                0x0000000000000d50                strncpy
 .text.memcpy   0x0000000000000d6c       0x1c C:\Users\uni\AppData\Local\Temp\ch32-mess.elf.EJuSmm.ltrans0.ltrans.o
                0x0000000000000d6c                memcpy
 .text.puts     0x0000000000000d88       0x2c C:\Users\uni\AppData\Local\Temp\ch32-mess.elf.EJuSmm.ltrans0.ltrans.o
                0x0000000000000d88                puts
 .text.button_onChanged
                0x0000000000000db4       0x88 C:\Users\uni\AppData\Local\Temp\ch32-mess.elf.EJuSmm.ltrans0.ltrans.o
 .text.SystemInit
                0x0000000000000e3c       0x58 C:\Users\uni\AppData\Local\Temp\ch32-mess.elf.EJuSmm.ltrans0.ltrans.o
                0x0000000000000e3c                SystemInit
 .text.startup.main
                0x0000000000000e94      0x676 C:\Users\uni\AppData\Local\Temp\ch32-mess.elf.EJuSmm.ltrans0.ltrans.o
                0x0000000000000e94                main
 .text.SysTick_Handler
                0x000000000000150a       0x32 C:\Users\uni\AppData\Local\Temp\ch32-mess.elf.EJuSmm.ltrans0.ltrans.o
 .text.DMA1_Channel3_IRQHandler
                0x000000000000153c       0x82 C:\Users\uni\AppData\Local\Temp\ch32-mess.elf.EJuSmm.ltrans0.ltrans.o
 .text.I2C1_EV_IRQHandler
                0x00000000000015be      0x1a0 C:\Users\uni\AppData\Local\Temp\ch32-mess.elf.EJuSmm.ltrans0.ltrans.o
 .text.I2C1_ER_IRQHandler
                0x000000000000175e       0x7c C:\Users\uni\AppData\Local\Temp\ch32-mess.elf.EJuSmm.ltrans0.ltrans.o
 *(.rodata)
 *(.rodata*)
 *fill*         0x00000000000017da        0x2 
 .rodata.WS2812FillBuffSec
                0x00000000000017dc       0x14 C:\Users\uni\AppData\Local\Temp\ch32-mess.elf.EJuSmm.ltrans0.ltrans.o
 .rodata.puts.str1.4
                0x00000000000017f0        0x2 C:\Users\uni\AppData\Local\Temp\ch32-mess.elf.EJuSmm.ltrans0.ltrans.o
 *fill*         0x00000000000017f2        0x2 
 .rodata.button_onChanged.str1.4
                0x00000000000017f4       0x37 C:\Users\uni\AppData\Local\Temp\ch32-mess.elf.EJuSmm.ltrans0.ltrans.o
 *fill*         0x000000000000182b        0x1 
 .rodata.main.str1.4
                0x000000000000182c       0x27 C:\Users\uni\AppData\Local\Temp\ch32-mess.elf.EJuSmm.ltrans0.ltrans.o
 *fill*         0x0000000000001853        0x1 
 .rodata.SIN_LUT2
                0x0000000000001854      0x100 C:\Users\uni\AppData\Local\Temp\ch32-mess.elf.EJuSmm.ltrans0.ltrans.o
 .rodata.bitquartets.10
                0x0000000000001954       0x20 C:\Users\uni\AppData\Local\Temp\ch32-mess.elf.EJuSmm.ltrans0.ltrans.o
 .rodata.message.0
                0x0000000000001974        0xf C:\Users\uni\AppData\Local\Temp\ch32-mess.elf.EJuSmm.ltrans0.ltrans.o
 *(.gnu.linkonce.t.*)
                0x0000000000001984                . = ALIGN (0x4)
 *fill*         0x0000000000001983        0x1 

.rela.dyn       0x0000000000001984        0x0
 .rela.text.mini_pad
                0x0000000000001984        0x0 C:\Users\uni\AppData\Local\Temp\ch32-mess.elf.EJuSmm.ltrans0.ltrans.o
 .rela.text.WS2812FillBuffSec
                0x0000000000001984        0x0 C:\Users\uni\AppData\Local\Temp\ch32-mess.elf.EJuSmm.ltrans0.ltrans.o
 .rela.text._write.constprop.0
                0x0000000000001984        0x0 C:\Users\uni\AppData\Local\Temp\ch32-mess.elf.EJuSmm.ltrans0.ltrans.o
 .rela.text.handle_reset
                0x0000000000001984        0x0 C:\Users\uni\AppData\Local\Temp\ch32-mess.elf.EJuSmm.ltrans0.ltrans.o
 .rela.text.mini_vpprintf
                0x0000000000001984        0x0 C:\Users\uni\AppData\Local\Temp\ch32-mess.elf.EJuSmm.ltrans0.ltrans.o
 .rela.text.puts
                0x0000000000001984        0x0 C:\Users\uni\AppData\Local\Temp\ch32-mess.elf.EJuSmm.ltrans0.ltrans.o
 .rela.text.button_onChanged
                0x0000000000001984        0x0 C:\Users\uni\AppData\Local\Temp\ch32-mess.elf.EJuSmm.ltrans0.ltrans.o
 .rela.text.startup.main
                0x0000000000001984        0x0 C:\Users\uni\AppData\Local\Temp\ch32-mess.elf.EJuSmm.ltrans0.ltrans.o

.fini           0x0000000000001984        0x0
 *(SORT_NONE(.fini))
                0x0000000000001984                . = ALIGN (0x4)
                [!provide]                        PROVIDE (_etext = .)
                [!provide]                        PROVIDE (_eitcm = .)

.preinit_array  0x0000000000001984        0x0
                [!provide]                        PROVIDE (__preinit_array_start = .)
 *(.preinit_array)
                [!provide]                        PROVIDE (__preinit_array_end = .)

.init_array     0x0000000000001984        0x0
                [!provide]                        PROVIDE (__init_array_start = .)
 *(SORT_BY_INIT_PRIORITY(.init_array.*) SORT_BY_INIT_PRIORITY(.ctors.*))
 *(.init_array EXCLUDE_FILE(*crtend?.o *crtend.o *crtbegin?.o *crtbegin.o) .ctors)
                [!provide]                        PROVIDE (__init_array_end = .)

.fini_array     0x0000000000001984        0x0
                [!provide]                        PROVIDE (__fini_array_start = .)
 *(SORT_BY_INIT_PRIORITY(.fini_array.*) SORT_BY_INIT_PRIORITY(.dtors.*))
 *(.fini_array EXCLUDE_FILE(*crtend?.o *crtend.o *crtbegin?.o *crtbegin.o) .dtors)
                [!provide]                        PROVIDE (__fini_array_end = .)

.ctors
 *crtbegin.o(.ctors)
 *crtbegin?.o(.ctors)
 *(EXCLUDE_FILE(*crtend?.o *crtend.o) .ctors)
 *(SORT_BY_NAME(.ctors.*))
 *(.ctors)

.dtors
 *crtbegin.o(.dtors)
 *crtbegin?.o(.dtors)
 *(EXCLUDE_FILE(*crtend?.o *crtend.o) .dtors)
 *(SORT_BY_NAME(.dtors.*))
 *(.dtors)

.dalign         0x0000000020000000        0x0 load address 0x0000000000001984
                0x0000000020000000                . = ALIGN (0x4)
                0x0000000020000000                PROVIDE (_data_vma = .)

.dlalign        0x0000000000001984        0x0
                0x0000000000001984                . = ALIGN (0x4)
                0x0000000000001984                PROVIDE (_data_lma = .)

.data           0x0000000020000000       0x50 load address 0x0000000000001984
                0x0000000020000000                . = ALIGN (0x4)
                0x00000000200003fc                __global_pointer$ = (. + 0x3fc)
 *(.gnu.linkonce.r.*)
 *(.data .data.*)
 .data.color_arr
                0x0000000020000000        0xc C:\Users\uni\AppData\Local\Temp\ch32-mess.elf.EJuSmm.ltrans0.ltrans.o
 .data.leds_frame
                0x000000002000000c       0x14 C:\Users\uni\AppData\Local\Temp\ch32-mess.elf.EJuSmm.ltrans0.ltrans.o
 *(.gnu.linkonce.d.*)
                0x0000000020000020                . = ALIGN (0x8)
 *(.sdata .sdata.*)
 .sdata.Neo_LedCmd
                0x0000000020000020        0x1 C:\Users\uni\AppData\Local\Temp\ch32-mess.elf.EJuSmm.ltrans0.ltrans.o
 *fill*         0x0000000020000021        0x3 
 .sdata.color_ani
                0x0000000020000024        0x8 C:\Users\uni\AppData\Local\Temp\ch32-mess.elf.EJuSmm.ltrans0.ltrans.o
 *(.sdata2*)
 *(.gnu.linkonce.s.*)
                0x0000000020000030                . = ALIGN (0x8)
 *fill*         0x000000002000002c        0x4 
 *(.srodata.cst16)
 *(.srodata.cst8)
 *(.srodata.cst4)
 *(.srodata.cst2)
 *(.srodata .srodata.*)
 .srodata       0x0000000020000030       0x20 C:\Users\uni\AppData\Local\Temp\ch32-mess.elf.EJuSmm.ltrans0.ltrans.o
                0x0000000020000050                . = ALIGN (0x4)
                0x0000000020000050                PROVIDE (_edata = .)

.bss            0x0000000020000050      0x160 load address 0x00000000000019d4
                0x0000000020000050                . = ALIGN (0x4)
                0x0000000020000050                PROVIDE (_sbss = .)
 *(.sbss*)
 .sbss.WS2812BLEDInUse
                0x0000000020000050        0x4 C:\Users\uni\AppData\Local\Temp\ch32-mess.elf.EJuSmm.ltrans0.ltrans.o
 .sbss.WS2812LEDPlace
                0x0000000020000054        0x4 C:\Users\uni\AppData\Local\Temp\ch32-mess.elf.EJuSmm.ltrans0.ltrans.o
 .sbss.WS2812LEDs
                0x0000000020000058        0x4 C:\Users\uni\AppData\Local\Temp\ch32-mess.elf.EJuSmm.ltrans0.ltrans.o
 .sbss.adc_buffer
                0x000000002000005c        0x4 C:\Users\uni\AppData\Local\Temp\ch32-mess.elf.EJuSmm.ltrans0.ltrans.o
 .sbss.neo_timeRef
                0x0000000020000060        0x4 C:\Users\uni\AppData\Local\Temp\ch32-mess.elf.EJuSmm.ltrans0.ltrans.o
 .sbss.printBuff_idx
                0x0000000020000064        0x1 C:\Users\uni\AppData\Local\Temp\ch32-mess.elf.EJuSmm.ltrans0.ltrans.o
 *fill*         0x0000000020000065        0x3 
 .sbss.systick_millis
                0x0000000020000068        0x4 C:\Users\uni\AppData\Local\Temp\ch32-mess.elf.EJuSmm.ltrans0.ltrans.o
 *(.gnu.linkonce.sb.*)
 *(.bss*)
 .bss.WS2812dmabuff
                0x000000002000006c       0x60 C:\Users\uni\AppData\Local\Temp\ch32-mess.elf.EJuSmm.ltrans0.ltrans.o
 .bss.i2c_slave_state
                0x00000000200000cc       0x2c C:\Users\uni\AppData\Local\Temp\ch32-mess.elf.EJuSmm.ltrans0.ltrans.o
 .bss.led_arr   0x00000000200000f8       0x18 C:\Users\uni\AppData\Local\Temp\ch32-mess.elf.EJuSmm.ltrans0.ltrans.o
 .bss.printBuff
                0x0000000020000110       0x82 C:\Users\uni\AppData\Local\Temp\ch32-mess.elf.EJuSmm.ltrans0.ltrans.o
 *fill*         0x0000000020000192        0x2 
 .bss.str_output
                0x0000000020000194       0x19 C:\Users\uni\AppData\Local\Temp\ch32-mess.elf.EJuSmm.ltrans0.ltrans.o
 *(.gnu.linkonce.b.*)
 *(COMMON*)
                0x00000000200001b0                . = ALIGN (0x4)
 *fill*         0x00000000200001ad        0x3 
                0x00000000200001b0                PROVIDE (_ebss = .)
                [!provide]                        PROVIDE (_end = _ebss)
                [!provide]                        PROVIDE (end = .)
                0x0000000020000800                PROVIDE (_eusrstack = (ORIGIN (RAM) + LENGTH (RAM)))

/DISCARD/
 *(.note .note.*)
 *(.eh_frame .eh_frame.*)
 *(.comment .comment.*)
 *(.ARM.extab* .gnu.linkonce.armextab.*)
 *(.ARM.exidx*)
OUTPUT(ch32-mess.elf elf32-littleriscv)

.riscv.attributes
                0x0000000000000000       0x21
 .riscv.attributes
                0x0000000000000000       0x21 C:\Users\uni\AppData\Local\Temp\ch32-mess.elf.EJuSmm.ltrans0.ltrans.o
 .riscv.attributes
                0x0000000000000021       0x1f ../ch32fun/ch32fun//../misc\libgcc.a(muldi3.o)
 .riscv.attributes
                0x0000000000000040       0x1f ../ch32fun/ch32fun//../misc\libgcc.a(div.o)

.debug_info     0x0000000000000000     0x90b6
 .debug_info    0x0000000000000000     0x1d63 C:\Users\uni\AppData\Local\Temp\ch32-mess.elf.EJuSmm.ltrans0.ltrans.o
 .debug_info    0x0000000000001d63     0x1188 C:\Users\uni\AppData\Local\Temp\ccI3llNR.debug.temp.o
                0x0000000000001d63                ch32fun.c.963ac852
 .debug_info    0x0000000000002eeb     0x54f5 C:\Users\uni\AppData\Local\Temp\ccqgBwQa.debug.temp.o
                0x0000000000002eeb                ch32_mess.c.214d2bc2
 .debug_info    0x00000000000083e0      0x47c C:\Users\uni\AppData\Local\Temp\ccO29pTx.debug.temp.o
                0x00000000000083e0                nrf24l01_low_level.c.429e1874
 .debug_info    0x000000000000885c      0x7cc C:\Users\uni\AppData\Local\Temp\cc8MYMTh.debug.temp.o
                0x000000000000885c                lib_i2c.c.d894f163
 .debug_info    0x0000000000009028       0x31 ../ch32fun/ch32fun//../misc\libgcc.a(muldi3.o)
 .debug_info    0x0000000000009059       0x5d ../ch32fun/ch32fun//../misc\libgcc.a(div.o)

.debug_abbrev   0x0000000000000000      0xbfd
 .debug_abbrev  0x0000000000000000      0x1fd C:\Users\uni\AppData\Local\Temp\ch32-mess.elf.EJuSmm.ltrans0.ltrans.o
 .debug_abbrev  0x00000000000001fd      0x233 C:\Users\uni\AppData\Local\Temp\ccI3llNR.debug.temp.o
 .debug_abbrev  0x0000000000000430      0x419 C:\Users\uni\AppData\Local\Temp\ccqgBwQa.debug.temp.o
 .debug_abbrev  0x0000000000000849      0x171 C:\Users\uni\AppData\Local\Temp\ccO29pTx.debug.temp.o
 .debug_abbrev  0x00000000000009ba      0x1f3 C:\Users\uni\AppData\Local\Temp\cc8MYMTh.debug.temp.o
 .debug_abbrev  0x0000000000000bad       0x28 ../ch32fun/ch32fun//../misc\libgcc.a(muldi3.o)
 .debug_abbrev  0x0000000000000bd5       0x28 ../ch32fun/ch32fun//../misc\libgcc.a(div.o)

.debug_loc      0x0000000000000000     0x3623
 .debug_loc     0x0000000000000000     0x3623 C:\Users\uni\AppData\Local\Temp\ch32-mess.elf.EJuSmm.ltrans0.ltrans.o

.debug_aranges  0x0000000000000000      0x1b8
 .debug_aranges
                0x0000000000000000      0x178 C:\Users\uni\AppData\Local\Temp\ch32-mess.elf.EJuSmm.ltrans0.ltrans.o
 .debug_aranges
                0x0000000000000178       0x20 ../ch32fun/ch32fun//../misc\libgcc.a(muldi3.o)
 .debug_aranges
                0x0000000000000198       0x20 ../ch32fun/ch32fun//../misc\libgcc.a(div.o)

.debug_ranges   0x0000000000000000      0x8f0
 .debug_ranges  0x0000000000000000      0x8f0 C:\Users\uni\AppData\Local\Temp\ch32-mess.elf.EJuSmm.ltrans0.ltrans.o

.debug_line     0x0000000000000000     0x515b
 .debug_line    0x0000000000000000     0x4838 C:\Users\uni\AppData\Local\Temp\ch32-mess.elf.EJuSmm.ltrans0.ltrans.o
 .debug_line    0x0000000000004838      0x18e C:\Users\uni\AppData\Local\Temp\ccI3llNR.debug.temp.o
 .debug_line    0x00000000000049c6      0x380 C:\Users\uni\AppData\Local\Temp\ccqgBwQa.debug.temp.o
 .debug_line    0x0000000000004d46      0x10d C:\Users\uni\AppData\Local\Temp\ccO29pTx.debug.temp.o
 .debug_line    0x0000000000004e53      0x13b C:\Users\uni\AppData\Local\Temp\cc8MYMTh.debug.temp.o
 .debug_line    0x0000000000004f8e       0x7a ../ch32fun/ch32fun//../misc\libgcc.a(muldi3.o)
 .debug_line    0x0000000000005008      0x153 ../ch32fun/ch32fun//../misc\libgcc.a(div.o)

.debug_str      0x0000000000000000     0x2d7a
 .debug_str     0x0000000000000000      0x18c C:\Users\uni\AppData\Local\Temp\ch32-mess.elf.EJuSmm.ltrans0.ltrans.o
                                        0x1a4 (size before relaxing)
 .debug_str     0x000000000000018c      0x5e0 C:\Users\uni\AppData\Local\Temp\ccI3llNR.debug.temp.o
                                        0x70c (size before relaxing)
 .debug_str     0x000000000000076c     0x235e C:\Users\uni\AppData\Local\Temp\ccqgBwQa.debug.temp.o
                                       0x284a (size before relaxing)
 .debug_str     0x0000000000002aca       0xb1 C:\Users\uni\AppData\Local\Temp\ccO29pTx.debug.temp.o
                                        0x43f (size before relaxing)
 .debug_str     0x0000000000002b7b      0x120 C:\Users\uni\AppData\Local\Temp\cc8MYMTh.debug.temp.o
                                        0x519 (size before relaxing)
 .debug_str     0x0000000000002c9b       0xa3 ../ch32fun/ch32fun//../misc\libgcc.a(muldi3.o)
                                         0xac (size before relaxing)
 .debug_str     0x0000000000002d3e       0x3c ../ch32fun/ch32fun//../misc\libgcc.a(div.o)
                                         0xd9 (size before relaxing)

.debug_frame    0x0000000000000000      0x518
 .debug_frame   0x0000000000000000      0x518 C:\Users\uni\AppData\Local\Temp\ch32-mess.elf.EJuSmm.ltrans0.ltrans.o

.debug_line_str
                0x0000000000000000       0x9b
 .debug_line_str
                0x0000000000000000       0x95 ../ch32fun/ch32fun//../misc\libgcc.a(muldi3.o)
 .debug_line_str
                0x0000000000000095        0x6 ../ch32fun/ch32fun//../misc\libgcc.a(div.o)
                                         0x92 (size before relaxing)
