Archive member included to satisfy reference by file (symbol)

../ch32fun/ch32fun//../misc\libgcc.a(muldi3.o)
                              C:\Users\uni\AppData\Local\Temp\ch32-mess.elf.U5xSTT.ltrans0.ltrans.o (__mulsi3)
../ch32fun/ch32fun//../misc\libgcc.a(div.o)
                              C:\Users\uni\AppData\Local\Temp\ch32-mess.elf.U5xSTT.ltrans0.ltrans.o (__divsi3)

Discarded input sections

 .text          0x0000000000000000        0x0 C:\Users\uni\AppData\Local\Temp\ch32-mess.elf.U5xSTT.ltrans0.ltrans.o
 .data          0x0000000000000000        0x0 C:\Users\uni\AppData\Local\Temp\ch32-mess.elf.U5xSTT.ltrans0.ltrans.o
 .bss           0x0000000000000000        0x0 C:\Users\uni\AppData\Local\Temp\ch32-mess.elf.U5xSTT.ltrans0.ltrans.o
 .text.vprintf  0x0000000000000000       0x16 C:\Users\uni\AppData\Local\Temp\ch32-mess.elf.U5xSTT.ltrans0.ltrans.o
 .text.snprintf
                0x0000000000000000       0x1c C:\Users\uni\AppData\Local\Temp\ch32-mess.elf.U5xSTT.ltrans0.ltrans.o
 .text.strncpy  0x0000000000000000       0x1c C:\Users\uni\AppData\Local\Temp\ch32-mess.elf.U5xSTT.ltrans0.ltrans.o
 .text.strcmp   0x0000000000000000       0x1a C:\Users\uni\AppData\Local\Temp\ch32-mess.elf.U5xSTT.ltrans0.ltrans.o
 .text.strncmp  0x0000000000000000       0x2e C:\Users\uni\AppData\Local\Temp\ch32-mess.elf.U5xSTT.ltrans0.ltrans.o
 .text.strchr   0x0000000000000000       0x16 C:\Users\uni\AppData\Local\Temp\ch32-mess.elf.U5xSTT.ltrans0.ltrans.o
 .text.strrchr  0x0000000000000000       0x3c C:\Users\uni\AppData\Local\Temp\ch32-mess.elf.U5xSTT.ltrans0.ltrans.o
 .text.memcmp   0x0000000000000000       0x26 C:\Users\uni\AppData\Local\Temp\ch32-mess.elf.U5xSTT.ltrans0.ltrans.o
 .text.memmove  0x0000000000000000       0x5e C:\Users\uni\AppData\Local\Temp\ch32-mess.elf.U5xSTT.ltrans0.ltrans.o
 .text.memchr   0x0000000000000000       0x1c C:\Users\uni\AppData\Local\Temp\ch32-mess.elf.U5xSTT.ltrans0.ltrans.o
 .text.strnlen  0x0000000000000000       0x2a C:\Users\uni\AppData\Local\Temp\ch32-mess.elf.U5xSTT.ltrans0.ltrans.o
 .text.twoway_strstr
                0x0000000000000000      0x236 C:\Users\uni\AppData\Local\Temp\ch32-mess.elf.U5xSTT.ltrans0.ltrans.o
 .text.strstr   0x0000000000000000      0x140 C:\Users\uni\AppData\Local\Temp\ch32-mess.elf.U5xSTT.ltrans0.ltrans.o
 .text.EHSVtoHEX
                0x0000000000000000      0x1e0 C:\Users\uni\AppData\Local\Temp\ch32-mess.elf.U5xSTT.ltrans0.ltrans.o
 .data.ADCPrescTable.lto_priv.0
                0x0000000000000000       0x14 C:\Users\uni\AppData\Local\Temp\ch32-mess.elf.U5xSTT.ltrans0.ltrans.o
 .data.ADCPrescTable.lto_priv.1
                0x0000000000000000       0x14 C:\Users\uni\AppData\Local\Temp\ch32-mess.elf.U5xSTT.ltrans0.ltrans.o
 .data.ADCPrescTable.lto_priv.2
                0x0000000000000000       0x14 C:\Users\uni\AppData\Local\Temp\ch32-mess.elf.U5xSTT.ltrans0.ltrans.o
 .data.ADCPrescTable.lto_priv.3
                0x0000000000000000       0x14 C:\Users\uni\AppData\Local\Temp\ch32-mess.elf.U5xSTT.ltrans0.ltrans.o
 .data.APBAHBPrescTable.lto_priv.0
                0x0000000000000000       0x10 C:\Users\uni\AppData\Local\Temp\ch32-mess.elf.U5xSTT.ltrans0.ltrans.o
 .data.APBAHBPrescTable.lto_priv.1
                0x0000000000000000       0x10 C:\Users\uni\AppData\Local\Temp\ch32-mess.elf.U5xSTT.ltrans0.ltrans.o
 .data.APBAHBPrescTable.lto_priv.2
                0x0000000000000000       0x10 C:\Users\uni\AppData\Local\Temp\ch32-mess.elf.U5xSTT.ltrans0.ltrans.o
 .data.APBAHBPrescTable.lto_priv.3
                0x0000000000000000       0x10 C:\Users\uni\AppData\Local\Temp\ch32-mess.elf.U5xSTT.ltrans0.ltrans.o
 .sbss.adc_buffer
                0x0000000000000000        0x4 C:\Users\uni\AppData\Local\Temp\ch32-mess.elf.U5xSTT.ltrans0.ltrans.o
 .comment       0x0000000000000000       0x13 C:\Users\uni\AppData\Local\Temp\ch32-mess.elf.U5xSTT.ltrans0.ltrans.o
 .comment       0x0000000000000000       0x13 C:\Users\uni\AppData\Local\Temp\cceECMPr.debug.temp.o
 .comment       0x0000000000000000       0x13 C:\Users\uni\AppData\Local\Temp\cc0KpLif.debug.temp.o
 .comment       0x0000000000000000       0x13 C:\Users\uni\AppData\Local\Temp\cc6PERy2.debug.temp.o
 .debug_info    0x0000000000000000      0x56f C:\Users\uni\AppData\Local\Temp\cc4S2jQP.debug.temp.o
 .debug_abbrev  0x0000000000000000      0x13d C:\Users\uni\AppData\Local\Temp\cc4S2jQP.debug.temp.o
 .debug_line    0x0000000000000000       0xb9 C:\Users\uni\AppData\Local\Temp\cc4S2jQP.debug.temp.o
 .debug_str     0x0000000000000000      0x637 C:\Users\uni\AppData\Local\Temp\cc4S2jQP.debug.temp.o
 .comment       0x0000000000000000       0x13 C:\Users\uni\AppData\Local\Temp\cc4S2jQP.debug.temp.o
 .comment       0x0000000000000000       0x13 C:\Users\uni\AppData\Local\Temp\ccovLmcD.debug.temp.o
 .data          0x0000000000000000        0x0 ../ch32fun/ch32fun//../misc\libgcc.a(muldi3.o)
 .bss           0x0000000000000000        0x0 ../ch32fun/ch32fun//../misc\libgcc.a(muldi3.o)
 .data          0x0000000000000000        0x0 ../ch32fun/ch32fun//../misc\libgcc.a(div.o)
 .bss           0x0000000000000000        0x0 ../ch32fun/ch32fun//../misc\libgcc.a(div.o)

Memory Configuration

Name             Origin             Length             Attributes
FLASH            0x0000000000000000 0x0000000000004000 xr
RAM              0x0000000020000000 0x0000000000000800 xrw
*default*        0x0000000000000000 0xffffffffffffffff

Linker script and memory map

LOAD C:\Users\uni\AppData\Local\Temp\ccYIomnV.o
LOAD C:\Users\uni\AppData\Local\Temp\ch32-mess.elf.U5xSTT.ltrans0.ltrans.o
LOAD C:\Users\uni\AppData\Local\Temp\cceECMPr.debug.temp.o
LOAD C:\Users\uni\AppData\Local\Temp\cc0KpLif.debug.temp.o
LOAD C:\Users\uni\AppData\Local\Temp\cc6PERy2.debug.temp.o
LOAD C:\Users\uni\AppData\Local\Temp\cc4S2jQP.debug.temp.o
LOAD C:\Users\uni\AppData\Local\Temp\ccovLmcD.debug.temp.o
LOAD C:\Users\uni\AppData\Local\Temp\ccZbgXFZ.o
LOAD C:\Users\uni\AppData\Local\Temp\cctzRvvo.o
LOAD C:\Users\uni\AppData\Local\Temp\ccXaiRCT.o
LOAD C:\Users\uni\AppData\Local\Temp\ccdbxycw.o
LOAD ../ch32fun/ch32fun//../misc\libgcc.a
LOAD ../ch32fun/ch32fun//../misc\libgcc.a

.init           0x0000000000000000       0xa0
                0x0000000000000000                _sinit = .
                0x0000000000000000                . = ALIGN (0x4)
 *(SORT_NONE(.init))
 .init          0x0000000000000000       0x9e C:\Users\uni\AppData\Local\Temp\ch32-mess.elf.U5xSTT.ltrans0.ltrans.o
                0x0000000000000000                InterruptVector
                0x00000000000000a0                . = ALIGN (0x4)
 *fill*         0x000000000000009e        0x2 
                0x00000000000000a0                _einit = .

.text           0x00000000000000a0     0x34dc
                0x00000000000000a0                . = ALIGN (0x4)
 *(.text)
 .text          0x00000000000000a0       0x16 ../ch32fun/ch32fun//../misc\libgcc.a(muldi3.o)
                0x00000000000000a0                __mulsi3
 *fill*         0x00000000000000b6        0x2 
 .text          0x00000000000000b8       0x7e ../ch32fun/ch32fun//../misc\libgcc.a(div.o)
                0x00000000000000b8                __divsi3
                0x00000000000000c0                __udivsi3
                0x00000000000000c0                __hidden___udivsi3
                0x00000000000000ec                __umodsi3
                0x0000000000000110                __modsi3
 *(.text.*)
 .text.mini_pad
                0x0000000000000136       0x9c C:\Users\uni\AppData\Local\Temp\ch32-mess.elf.U5xSTT.ltrans0.ltrans.o
 .text._puts    0x00000000000001d2       0x42 C:\Users\uni\AppData\Local\Temp\ch32-mess.elf.U5xSTT.ltrans0.ltrans.o
 .text.PrintHex
                0x0000000000000214       0x58 C:\Users\uni\AppData\Local\Temp\ch32-mess.elf.U5xSTT.ltrans0.ltrans.o
 .text.DelaySysTick
                0x000000000000026c       0x16 C:\Users\uni\AppData\Local\Temp\ch32-mess.elf.U5xSTT.ltrans0.ltrans.o
 .text.mini_itoa.part.0
                0x0000000000000282       0xbe C:\Users\uni\AppData\Local\Temp\ch32-mess.elf.U5xSTT.ltrans0.ltrans.o
 .text.SPI_send
                0x0000000000000340       0x16 C:\Users\uni\AppData\Local\Temp\ch32-mess.elf.U5xSTT.ltrans0.ltrans.o
 .text.write_cmd_8
                0x0000000000000356        0xe C:\Users\uni\AppData\Local\Temp\ch32-mess.elf.U5xSTT.ltrans0.ltrans.o
 .text.INTF_SPI_DC_HIGH
                0x0000000000000364        0xe C:\Users\uni\AppData\Local\Temp\ch32-mess.elf.U5xSTT.ltrans0.ltrans.o
 .text.write_data_16
                0x0000000000000372       0x1c C:\Users\uni\AppData\Local\Temp\ch32-mess.elf.U5xSTT.ltrans0.ltrans.o
 .text.INTF_TFT_SET_WINDOW
                0x000000000000038e       0x3e C:\Users\uni\AppData\Local\Temp\ch32-mess.elf.U5xSTT.ltrans0.ltrans.o
 .text.tft_draw_pixel
                0x00000000000003cc       0x28 C:\Users\uni\AppData\Local\Temp\ch32-mess.elf.U5xSTT.ltrans0.ltrans.o
 .text.INTF_TFT_SEND_BUFF
                0x00000000000003f4       0x58 C:\Users\uni\AppData\Local\Temp\ch32-mess.elf.U5xSTT.ltrans0.ltrans.o
 .text.tft_print
                0x000000000000044c       0xd0 C:\Users\uni\AppData\Local\Temp\ch32-mess.elf.U5xSTT.ltrans0.ltrans.o
 .text._draw_fast_vLine
                0x000000000000051c       0x64 C:\Users\uni\AppData\Local\Temp\ch32-mess.elf.U5xSTT.ltrans0.ltrans.o
 .text._draw_fast_hLine
                0x0000000000000580       0x66 C:\Users\uni\AppData\Local\Temp\ch32-mess.elf.U5xSTT.ltrans0.ltrans.o
 .text.tft_draw_line
                0x00000000000005e6      0x18c C:\Users\uni\AppData\Local\Temp\ch32-mess.elf.U5xSTT.ltrans0.ltrans.o
 .text.tft_draw_rect
                0x0000000000000772       0x70 C:\Users\uni\AppData\Local\Temp\ch32-mess.elf.U5xSTT.ltrans0.ltrans.o
 .text.rand8    0x00000000000007e2       0x34 C:\Users\uni\AppData\Local\Temp\ch32-mess.elf.U5xSTT.ltrans0.ltrans.o
 .text.ld_dword
                0x0000000000000816       0x1e C:\Users\uni\AppData\Local\Temp\ch32-mess.elf.U5xSTT.ltrans0.ltrans.o
 .text.clust2sect
                0x0000000000000834       0x2c C:\Users\uni\AppData\Local\Temp\ch32-mess.elf.U5xSTT.ltrans0.ltrans.o
 .text.get_clust
                0x0000000000000860       0x30 C:\Users\uni\AppData\Local\Temp\ch32-mess.elf.U5xSTT.ltrans0.ltrans.o
 .text.dir_rewind
                0x0000000000000890       0x4a C:\Users\uni\AppData\Local\Temp\ch32-mess.elf.U5xSTT.ltrans0.ltrans.o
 .text.SPI_set_prescaler
                0x00000000000008da       0x2a C:\Users\uni\AppData\Local\Temp\ch32-mess.elf.U5xSTT.ltrans0.ltrans.o
 .text.SPI_transfer_8
                0x0000000000000904       0x2c C:\Users\uni\AppData\Local\Temp\ch32-mess.elf.U5xSTT.ltrans0.ltrans.o
 .text.rcvr_mmc
                0x0000000000000930        0x6 C:\Users\uni\AppData\Local\Temp\ch32-mess.elf.U5xSTT.ltrans0.ltrans.o
 .text.skip_mmc
                0x0000000000000936       0x1a C:\Users\uni\AppData\Local\Temp\ch32-mess.elf.U5xSTT.ltrans0.ltrans.o
 .text.send_cmd
                0x0000000000000950       0x9c C:\Users\uni\AppData\Local\Temp\ch32-mess.elf.U5xSTT.ltrans0.ltrans.o
 .text.disk_readp
                0x00000000000009ec       0xa0 C:\Users\uni\AppData\Local\Temp\ch32-mess.elf.U5xSTT.ltrans0.ltrans.o
 .text.get_fat  0x0000000000000a8c       0x68 C:\Users\uni\AppData\Local\Temp\ch32-mess.elf.U5xSTT.ltrans0.ltrans.o
 .text.check_fs
                0x0000000000000af4       0x8a C:\Users\uni\AppData\Local\Temp\ch32-mess.elf.U5xSTT.ltrans0.ltrans.o
 .text.i2c_error
                0x0000000000000b7e       0x92 C:\Users\uni\AppData\Local\Temp\ch32-mess.elf.U5xSTT.ltrans0.ltrans.o
 .text.i2c_send_addr_write
                0x0000000000000c10       0x6c C:\Users\uni\AppData\Local\Temp\ch32-mess.elf.U5xSTT.ltrans0.ltrans.o
 .text.i2c_ping
                0x0000000000000c7c       0x98 C:\Users\uni\AppData\Local\Temp\ch32-mess.elf.U5xSTT.ltrans0.ltrans.o
 .text.i2c_write_raw.constprop.0
                0x0000000000000d14      0x144 C:\Users\uni\AppData\Local\Temp\ch32-mess.elf.U5xSTT.ltrans0.ltrans.o
 .text.ssd1306_cmd
                0x0000000000000e58       0x1c C:\Users\uni\AppData\Local\Temp\ch32-mess.elf.U5xSTT.ltrans0.ltrans.o
 .text.internal_handle_input.constprop.0
                0x0000000000000e74        0xa C:\Users\uni\AppData\Local\Temp\ch32-mess.elf.U5xSTT.ltrans0.ltrans.o
 .text._write.constprop.0
                0x0000000000000e7e       0xf2 C:\Users\uni\AppData\Local\Temp\ch32-mess.elf.U5xSTT.ltrans0.ltrans.o
 .text.__puts_uart
                0x0000000000000f70       0x14 C:\Users\uni\AppData\Local\Temp\ch32-mess.elf.U5xSTT.ltrans0.ltrans.o
 .text.handle_reset
                0x0000000000000f84       0x76 C:\Users\uni\AppData\Local\Temp\ch32-mess.elf.U5xSTT.ltrans0.ltrans.o
                0x0000000000000f84                handle_reset
 .text.vector_handler
                0x0000000000000ffa       0x66 C:\Users\uni\AppData\Local\Temp\ch32-mess.elf.U5xSTT.ltrans0.ltrans.o
                0x0000000000000ffa                EXTI2_IRQHandler
                0x0000000000000ffa                TIM8_TRG_COM_IRQHandler
                0x0000000000000ffa                TIM8_CC_IRQHandler
                0x0000000000000ffa                UART8_IRQHandler
                0x0000000000000ffa                TIM1_CC_IRQHandler
                0x0000000000000ffa                HardFault_Handler
                0x0000000000000ffa                GPIOB_IRQHandler
                0x0000000000000ffa                USBPD_IRQHandler
                0x0000000000000ffa                TIM6_IRQHandler
                0x0000000000000ffa                GPIOA_IRQHandler
                0x0000000000000ffa                PVD_IRQHandler
                0x0000000000000ffa                SDIO_IRQHandler
                0x0000000000000ffa                TIM9_BRK_IRQHandler
                0x0000000000000ffa                DMA2_Channel8_IRQHandler
                0x0000000000000ffa                USBWakeUp_IRQHandler
                0x0000000000000ffa                CAN2_RX1_IRQHandler
                0x0000000000000ffa                EXTI3_IRQHandler
                0x0000000000000ffa                UART1_IRQHandler
                0x0000000000000ffa                USBHS_IRQHandler
                0x0000000000000ffa                DMA2_Channel9_IRQHandler
                0x0000000000000ffa                TIM10_CC_IRQHandler
                0x0000000000000ffa                EXTI25_16_IRQHandler
                0x0000000000000ffa                USBFS_IRQHandler
                0x0000000000000ffa                UART0_IRQHandler
                0x0000000000000ffa                EXTI0_IRQHandler
                0x0000000000000ffa                I2C2_EV_IRQHandler
                0x0000000000000ffa                TIM10_TRG_COM_IRQHandler
                0x0000000000000ffa                CAN2_SCE_IRQHandler
                0x0000000000000ffa                ADC1_2_IRQHandler
                0x0000000000000ffa                BB_IRQHandler
                0x0000000000000ffa                Break_Point_Handler
                0x0000000000000ffa                TIM2_CC_IRQHandler
                0x0000000000000ffa                SPI1_IRQHandler
                0x0000000000000ffa                TAMPER_IRQHandler
                0x0000000000000ffa                TMR0_IRQHandler
                0x0000000000000ffa                AWU_IRQHandler
                0x0000000000000ffa                EXTI7_0_IRQHandler
                0x0000000000000ffa                CAN2_RX0_IRQHandler
                0x0000000000000ffa                OSCWakeUp_IRQHandler
                0x0000000000000ffa                TIM8_UP_IRQHandler
                0x0000000000000ffa                Ecall_M_Mode_Handler
                0x0000000000000ffa                DMA2_Channel2_IRQHandler
                0x0000000000000ffa                ADC1_IRQHandler
                0x0000000000000ffa                TIM2_BRK_IRQHandler
                0x0000000000000ffa                TIM9_UP_IRQHandler
                0x0000000000000ffa                USART3_IRQHandler
                0x0000000000000ffa                RTC_IRQHandler
                0x0000000000000ffa                DMA1_Channel7_IRQHandler
                0x0000000000000ffa                CAN1_RX1_IRQHandler
                0x0000000000000ffa                DVP_IRQHandler
                0x0000000000000ffa                UART5_IRQHandler
                0x0000000000000ffa                EXTI15_8_IRQHandler
                0x0000000000000ffa                TIM4_IRQHandler
                0x0000000000000ffa                DMA2_Channel1_IRQHandler
                0x0000000000000ffa                USBPD_WKUP_IRQHandler
                0x0000000000000ffa                UART2_IRQHandler
                0x0000000000000ffa                USART4_IRQHandler
                0x0000000000000ffa                PWMX_IRQHandler
                0x0000000000000ffa                DMA1_Channel6_IRQHandler
                0x0000000000000ffa                UART4_IRQHandler
                0x0000000000000ffa                DMA2_Channel4_IRQHandler
                0x0000000000000ffa                TIM3_IRQHandler
                0x0000000000000ffa                RCC_IRQHandler
                0x0000000000000ffa                TIM1_TRG_COM_IRQHandler
                0x0000000000000ffa                DMA1_Channel1_IRQHandler
                0x0000000000000ffa                DMA2_Channel7_IRQHandler
                0x0000000000000ffa                EXTI15_10_IRQHandler
                0x0000000000000ffa                ADC_IRQHandler
                0x0000000000000ffa                DMA1_Channel8_IRQHandler
                0x0000000000000ffa                TMR2_IRQHandler
                0x0000000000000ffa                DefaultIRQHandler
                0x0000000000000ffa                TIM7_IRQHandler
                0x0000000000000ffa                CAN2_TX_IRQHandler
                0x0000000000000ffa                TIM5_IRQHandler
                0x0000000000000ffa                TMR1_IRQHandler
                0x0000000000000ffa                USB_IRQHandler
                0x0000000000000ffa                EXTI9_5_IRQHandler
                0x0000000000000ffa                PIOC_IRQHandler
                0x0000000000000ffa                SPI2_IRQHandler
                0x0000000000000ffa                OSC32KCal_IRQHandler
                0x0000000000000ffa                I2C_IRQHandler
                0x0000000000000ffa                TIM10_BRK_IRQHandler
                0x0000000000000ffa                TIM9_CC_IRQHandler
                0x0000000000000ffa                DMA2_Channel5_IRQHandler
                0x0000000000000ffa                USB2_IRQHandler
                0x0000000000000ffa                USBHSWakeUp_IRQHandler
                0x0000000000000ffa                DMA1_Channel5_IRQHandler
                0x0000000000000ffa                EXTI4_IRQHandler
                0x0000000000000ffa                USB_LP_CAN1_RX0_IRQHandler
                0x0000000000000ffa                RNG_IRQHandler
                0x0000000000000ffa                USB_HP_CAN1_TX_IRQHandler
                0x0000000000000ffa                LLE_IRQHandler
                0x0000000000000ffa                FSMC_IRQHandler
                0x0000000000000ffa                ETH_IRQHandler
                0x0000000000000ffa                TIM1_UP_IRQHandler
                0x0000000000000ffa                WWDG_IRQHandler
                0x0000000000000ffa                DMA2_Channel11_IRQHandler
                0x0000000000000ffa                WDOG_BAT_IRQHandler
                0x0000000000000ffa                Ecall_U_Mode_Handler
                0x0000000000000ffa                TMR3_IRQHandler
                0x0000000000000ffa                DMA2_Channel6_IRQHandler
                0x0000000000000ffa                TIM2_IRQHandler
                0x0000000000000ffa                SW_Handler
                0x0000000000000ffa                TIM1_BRK_IRQHandler
                0x0000000000000ffa                OPA_IRQHandler
                0x0000000000000ffa                DMA2_Channel10_IRQHandler
                0x0000000000000ffa                EXTI1_IRQHandler
                0x0000000000000ffa                SPI0_IRQHandler
                0x0000000000000ffa                RTCAlarm_IRQHandler
                0x0000000000000ffa                TIM10_UP_IRQHandler
                0x0000000000000ffa                TIM9_TRG_COM_IRQHandler
                0x0000000000000ffa                UART7_IRQHandler
                0x0000000000000ffa                USART2_IRQHandler
                0x0000000000000ffa                UART6_IRQHandler
                0x0000000000000ffa                ETHWakeUp_IRQHandler
                0x0000000000000ffa                I2C2_ER_IRQHandler
                0x0000000000000ffa                DMA1_Channel2_IRQHandler
                0x0000000000000ffa                TIM8_BRK_IRQHandler
                0x0000000000000ffa                TIM2_TRG_IRQHandler
                0x0000000000000ffa                CAN1_SCE_IRQHandler
                0x0000000000000ffa                FLASH_IRQHandler
                0x0000000000000ffa                USBFSWakeUp_IRQHandler
                0x0000000000000ffa                USART1_IRQHandler
                0x0000000000000ffa                OTG_FS_IRQHandler
                0x0000000000000ffa                SPI3_IRQHandler
                0x0000000000000ffa                USBFS_WakeUp_IRQHandler
                0x0000000000000ffa                UART3_IRQHandler
                0x0000000000000ffa                DMA2_Channel3_IRQHandler
                0x0000000000001052                NMI_Handler
                0x0000000000001052                NMI_RCC_CSS_IRQHandler
 .text.strlen   0x0000000000001060       0x12 C:\Users\uni\AppData\Local\Temp\ch32-mess.elf.U5xSTT.ltrans0.ltrans.o
                0x0000000000001060                strlen
 .text.mini_vpprintf
                0x0000000000001072      0x1b4 C:\Users\uni\AppData\Local\Temp\ch32-mess.elf.U5xSTT.ltrans0.ltrans.o
 .text.printf   0x0000000000001226       0x28 C:\Users\uni\AppData\Local\Temp\ch32-mess.elf.U5xSTT.ltrans0.ltrans.o
                0x0000000000001226                printf
 .text.onI2C_SlaveWrite
                0x000000000000124e        0x8 C:\Users\uni\AppData\Local\Temp\ch32-mess.elf.U5xSTT.ltrans0.ltrans.o
 .text.onI2C_SlaveRead
                0x0000000000001256        0x8 C:\Users\uni\AppData\Local\Temp\ch32-mess.elf.U5xSTT.ltrans0.ltrans.o
 .text.mini_vsnprintf
                0x000000000000125e       0x30 C:\Users\uni\AppData\Local\Temp\ch32-mess.elf.U5xSTT.ltrans0.ltrans.o
 .text.sprintf  0x000000000000128e       0x22 C:\Users\uni\AppData\Local\Temp\ch32-mess.elf.U5xSTT.ltrans0.ltrans.o
                0x000000000000128e                sprintf
 .text.memset   0x00000000000012b0       0x12 C:\Users\uni\AppData\Local\Temp\ch32-mess.elf.U5xSTT.ltrans0.ltrans.o
                0x00000000000012b0                memset
 .text.strcpy   0x00000000000012c2       0x14 C:\Users\uni\AppData\Local\Temp\ch32-mess.elf.U5xSTT.ltrans0.ltrans.o
                0x00000000000012c2                strcpy
 .text.memcpy   0x00000000000012d6       0x1c C:\Users\uni\AppData\Local\Temp\ch32-mess.elf.U5xSTT.ltrans0.ltrans.o
                0x00000000000012d6                memcpy
 .text.ssd1306_data.isra.0
                0x00000000000012f2       0x2c C:\Users\uni\AppData\Local\Temp\ch32-mess.elf.U5xSTT.ltrans0.ltrans.o
 .text.ssd1306_print_str_at.constprop.0
                0x000000000000131e       0x68 C:\Users\uni\AppData\Local\Temp\ch32-mess.elf.U5xSTT.ltrans0.ltrans.o
 .text.modI2C_task
                0x0000000000001386       0x2a C:\Users\uni\AppData\Local\Temp\ch32-mess.elf.U5xSTT.ltrans0.ltrans.o
 .text.puts     0x00000000000013b0       0x2c C:\Users\uni\AppData\Local\Temp\ch32-mess.elf.U5xSTT.ltrans0.ltrans.o
                0x00000000000013b0                puts
 .text.i2c_scan_callback
                0x00000000000013dc       0x50 C:\Users\uni\AppData\Local\Temp\ch32-mess.elf.U5xSTT.ltrans0.ltrans.o
 .text.putchar  0x000000000000142c       0x6e C:\Users\uni\AppData\Local\Temp\ch32-mess.elf.U5xSTT.ltrans0.ltrans.o
                0x000000000000142c                putchar
 .text.SystemInit
                0x000000000000149a       0x58 C:\Users\uni\AppData\Local\Temp\ch32-mess.elf.U5xSTT.ltrans0.ltrans.o
                0x000000000000149a                SystemInit
 .text.startup.main
                0x00000000000014f2     0x1256 C:\Users\uni\AppData\Local\Temp\ch32-mess.elf.U5xSTT.ltrans0.ltrans.o
                0x00000000000014f2                main
 .text.TweenHexColors
                0x0000000000002748       0xdc C:\Users\uni\AppData\Local\Temp\ch32-mess.elf.U5xSTT.ltrans0.ltrans.o
 .text.WS2812FillBuffSec.constprop.0
                0x0000000000002824      0x122 C:\Users\uni\AppData\Local\Temp\ch32-mess.elf.U5xSTT.ltrans0.ltrans.o
 .text.DMA1_Channel3_IRQHandler
                0x0000000000002946       0x7a C:\Users\uni\AppData\Local\Temp\ch32-mess.elf.U5xSTT.ltrans0.ltrans.o
 .text.SysTick_Handler
                0x00000000000029c0       0x32 C:\Users\uni\AppData\Local\Temp\ch32-mess.elf.U5xSTT.ltrans0.ltrans.o
 .text.I2C1_EV_IRQHandler
                0x00000000000029f2      0x1a0 C:\Users\uni\AppData\Local\Temp\ch32-mess.elf.U5xSTT.ltrans0.ltrans.o
 .text.I2C1_ER_IRQHandler
                0x0000000000002b92       0x7c C:\Users\uni\AppData\Local\Temp\ch32-mess.elf.U5xSTT.ltrans0.ltrans.o
 *(.rodata)
 *(.rodata*)
 *fill*         0x0000000000002c0e        0x2 
 .rodata.onI2C_SlaveWrite.str1.4
                0x0000000000002c10       0x10 C:\Users\uni\AppData\Local\Temp\ch32-mess.elf.U5xSTT.ltrans0.ltrans.o
 .rodata.onI2C_SlaveRead.str1.4
                0x0000000000002c20       0x12 C:\Users\uni\AppData\Local\Temp\ch32-mess.elf.U5xSTT.ltrans0.ltrans.o
 *fill*         0x0000000000002c32        0x2 
 .rodata.modI2C_task.str1.4
                0x0000000000002c34        0xc C:\Users\uni\AppData\Local\Temp\ch32-mess.elf.U5xSTT.ltrans0.ltrans.o
 .rodata.puts.str1.4
                0x0000000000002c40        0x2 C:\Users\uni\AppData\Local\Temp\ch32-mess.elf.U5xSTT.ltrans0.ltrans.o
 *fill*         0x0000000000002c42        0x2 
 .rodata.i2c_scan_callback.str1.4
                0x0000000000002c44        0xc C:\Users\uni\AppData\Local\Temp\ch32-mess.elf.U5xSTT.ltrans0.ltrans.o
 .rodata.main.str1.4
                0x0000000000002c50      0x169 C:\Users\uni\AppData\Local\Temp\ch32-mess.elf.U5xSTT.ltrans0.ltrans.o
 *fill*         0x0000000000002db9        0x3 
 .rodata.FONT_7x5
                0x0000000000002dbc      0x1db C:\Users\uni\AppData\Local\Temp\ch32-mess.elf.U5xSTT.ltrans0.ltrans.o
 *fill*         0x0000000000002f97        0x1 
 .rodata.bitquartets.8
                0x0000000000002f98       0x20 C:\Users\uni\AppData\Local\Temp\ch32-mess.elf.U5xSTT.ltrans0.ltrans.o
 .rodata.colors
                0x0000000000002fb8       0x26 C:\Users\uni\AppData\Local\Temp\ch32-mess.elf.U5xSTT.ltrans0.ltrans.o
 *fill*         0x0000000000002fde        0x2 
 .rodata.cvt.0  0x0000000000002fe0       0x80 C:\Users\uni\AppData\Local\Temp\ch32-mess.elf.U5xSTT.ltrans0.ltrans.o
 .rodata.font   0x0000000000003060      0x500 C:\Users\uni\AppData\Local\Temp\ch32-mess.elf.U5xSTT.ltrans0.ltrans.o
 .rodata.ssd1306_init_array
                0x0000000000003560       0x1a C:\Users\uni\AppData\Local\Temp\ch32-mess.elf.U5xSTT.ltrans0.ltrans.o
 *(.gnu.linkonce.t.*)
                0x000000000000357c                . = ALIGN (0x4)
 *fill*         0x000000000000357a        0x2 

.rela.dyn       0x000000000000357c        0x0
 .rela.text.mini_pad
                0x000000000000357c        0x0 C:\Users\uni\AppData\Local\Temp\ch32-mess.elf.U5xSTT.ltrans0.ltrans.o
 .rela.text._write.constprop.0
                0x000000000000357c        0x0 C:\Users\uni\AppData\Local\Temp\ch32-mess.elf.U5xSTT.ltrans0.ltrans.o
 .rela.text.handle_reset
                0x000000000000357c        0x0 C:\Users\uni\AppData\Local\Temp\ch32-mess.elf.U5xSTT.ltrans0.ltrans.o
 .rela.text.mini_vpprintf
                0x000000000000357c        0x0 C:\Users\uni\AppData\Local\Temp\ch32-mess.elf.U5xSTT.ltrans0.ltrans.o
 .rela.text.onI2C_SlaveWrite
                0x000000000000357c        0x0 C:\Users\uni\AppData\Local\Temp\ch32-mess.elf.U5xSTT.ltrans0.ltrans.o
 .rela.text.onI2C_SlaveRead
                0x000000000000357c        0x0 C:\Users\uni\AppData\Local\Temp\ch32-mess.elf.U5xSTT.ltrans0.ltrans.o
 .rela.text.ssd1306_data.isra.0
                0x000000000000357c        0x0 C:\Users\uni\AppData\Local\Temp\ch32-mess.elf.U5xSTT.ltrans0.ltrans.o
 .rela.text.modI2C_task
                0x000000000000357c        0x0 C:\Users\uni\AppData\Local\Temp\ch32-mess.elf.U5xSTT.ltrans0.ltrans.o
 .rela.text.puts
                0x000000000000357c        0x0 C:\Users\uni\AppData\Local\Temp\ch32-mess.elf.U5xSTT.ltrans0.ltrans.o
 .rela.text.i2c_scan_callback
                0x000000000000357c        0x0 C:\Users\uni\AppData\Local\Temp\ch32-mess.elf.U5xSTT.ltrans0.ltrans.o
 .rela.text.startup.main
                0x000000000000357c        0x0 C:\Users\uni\AppData\Local\Temp\ch32-mess.elf.U5xSTT.ltrans0.ltrans.o
 .rela.text.WS2812FillBuffSec.constprop.0
                0x000000000000357c        0x0 C:\Users\uni\AppData\Local\Temp\ch32-mess.elf.U5xSTT.ltrans0.ltrans.o

.fini           0x000000000000357c        0x0
 *(SORT_NONE(.fini))
                0x000000000000357c                . = ALIGN (0x4)
                [!provide]                        PROVIDE (_etext = .)
                [!provide]                        PROVIDE (_eitcm = .)

.preinit_array  0x000000000000357c        0x0
                [!provide]                        PROVIDE (__preinit_array_start = .)
 *(.preinit_array)
                [!provide]                        PROVIDE (__preinit_array_end = .)

.init_array     0x000000000000357c        0x0
                [!provide]                        PROVIDE (__init_array_start = .)
 *(SORT_BY_INIT_PRIORITY(.init_array.*) SORT_BY_INIT_PRIORITY(.ctors.*))
 *(.init_array EXCLUDE_FILE(*crtend?.o *crtend.o *crtbegin?.o *crtbegin.o) .ctors)
                [!provide]                        PROVIDE (__init_array_end = .)

.fini_array     0x000000000000357c        0x0
                [!provide]                        PROVIDE (__fini_array_start = .)
 *(SORT_BY_INIT_PRIORITY(.fini_array.*) SORT_BY_INIT_PRIORITY(.dtors.*))
 *(.fini_array EXCLUDE_FILE(*crtend?.o *crtend.o *crtbegin?.o *crtbegin.o) .dtors)
                [!provide]                        PROVIDE (__fini_array_end = .)

.ctors
 *crtbegin.o(.ctors)
 *crtbegin?.o(.ctors)
 *(EXCLUDE_FILE(*crtend?.o *crtend.o) .ctors)
 *(SORT_BY_NAME(.ctors.*))
 *(.ctors)

.dtors
 *crtbegin.o(.dtors)
 *crtbegin?.o(.dtors)
 *(EXCLUDE_FILE(*crtend?.o *crtend.o) .dtors)
 *(SORT_BY_NAME(.dtors.*))
 *(.dtors)

.dalign         0x0000000020000000        0x0 load address 0x000000000000357c
                0x0000000020000000                . = ALIGN (0x4)
                0x0000000020000000                PROVIDE (_data_vma = .)

.dlalign        0x000000000000357c        0x0
                0x000000000000357c                . = ALIGN (0x4)
                0x000000000000357c                PROVIDE (_data_lma = .)

.data           0x0000000020000000       0x8c load address 0x000000000000357c
                0x0000000020000000                . = ALIGN (0x4)
                0x00000000200003fc                __global_pointer$ = (. + 0x3fc)
 *(.gnu.linkonce.r.*)
 *(.data .data.*)
 .data.dev_aht21
                0x0000000020000000        0xc C:\Users\uni\AppData\Local\Temp\ch32-mess.elf.U5xSTT.ltrans0.ltrans.o
 .data.dev_ssd1306
                0x000000002000000c        0xc C:\Users\uni\AppData\Local\Temp\ch32-mess.elf.U5xSTT.ltrans0.ltrans.o
 .data.i2c_registers
                0x0000000020000018       0x20 C:\Users\uni\AppData\Local\Temp\ch32-mess.elf.U5xSTT.ltrans0.ltrans.o
 *(.gnu.linkonce.d.*)
                0x0000000020000038                . = ALIGN (0x8)
 *(.sdata .sdata.*)
 .sdata.lfsr    0x0000000020000038        0x4 C:\Users\uni\AppData\Local\Temp\ch32-mess.elf.U5xSTT.ltrans0.ltrans.o
 .sdata.line.5  0x000000002000003c        0x4 C:\Users\uni\AppData\Local\Temp\ch32-mess.elf.U5xSTT.ltrans0.ltrans.o
 .sdata.tween   0x0000000020000040        0x4 C:\Users\uni\AppData\Local\Temp\ch32-mess.elf.U5xSTT.ltrans0.ltrans.o
 *(.sdata2*)
 *(.gnu.linkonce.s.*)
                0x0000000020000048                . = ALIGN (0x8)
 *fill*         0x0000000020000044        0x4 
 *(.srodata.cst16)
 *(.srodata.cst8)
 *(.srodata.cst4)
 *(.srodata.cst2)
 *(.srodata .srodata.*)
 .srodata       0x0000000020000048       0x44 C:\Users\uni\AppData\Local\Temp\ch32-mess.elf.U5xSTT.ltrans0.ltrans.o
                0x000000002000008c                . = ALIGN (0x4)
                0x000000002000008c                PROVIDE (_edata = .)

.bss            0x000000002000008c      0x758 load address 0x0000000000003608
                0x000000002000008c                . = ALIGN (0x4)
                0x000000002000008c                PROVIDE (_sbss = .)
 *(.sbss*)
 .sbss.CardType
                0x000000002000008c        0x1 C:\Users\uni\AppData\Local\Temp\ch32-mess.elf.U5xSTT.ltrans0.ltrans.o
 *fill*         0x000000002000008d        0x3 
 .sbss.FatFs    0x0000000020000090        0x4 C:\Users\uni\AppData\Local\Temp\ch32-mess.elf.U5xSTT.ltrans0.ltrans.o
 .sbss.WS2812BLEDInUse
                0x0000000020000094        0x4 C:\Users\uni\AppData\Local\Temp\ch32-mess.elf.U5xSTT.ltrans0.ltrans.o
 .sbss.WS2812LEDPlace
                0x0000000020000098        0x4 C:\Users\uni\AppData\Local\Temp\ch32-mess.elf.U5xSTT.ltrans0.ltrans.o
 .sbss.WS2812LEDs
                0x000000002000009c        0x4 C:\Users\uni\AppData\Local\Temp\ch32-mess.elf.U5xSTT.ltrans0.ltrans.o
 .sbss._cursor_x
                0x00000000200000a0        0x2 C:\Users\uni\AppData\Local\Temp\ch32-mess.elf.U5xSTT.ltrans0.ltrans.o
 .sbss._cursor_y
                0x00000000200000a2        0x2 C:\Users\uni\AppData\Local\Temp\ch32-mess.elf.U5xSTT.ltrans0.ltrans.o
 .sbss._i2c_timeout
                0x00000000200000a4        0x4 C:\Users\uni\AppData\Local\Temp\ch32-mess.elf.U5xSTT.ltrans0.ltrans.o
 .sbss.rect_idx.1
                0x00000000200000a8        0x1 C:\Users\uni\AppData\Local\Temp\ch32-mess.elf.U5xSTT.ltrans0.ltrans.o
 *fill*         0x00000000200000a9        0x3 
 .sbss.ssd1306_buffer
                0x00000000200000ac        0x1 C:\Users\uni\AppData\Local\Temp\ch32-mess.elf.U5xSTT.ltrans0.ltrans.o
 *fill*         0x00000000200000ad        0x3 
 .sbss.systick_millis
                0x00000000200000b0        0x4 C:\Users\uni\AppData\Local\Temp\ch32-mess.elf.U5xSTT.ltrans0.ltrans.o
 .sbss.x_idx.3  0x00000000200000b4        0x1 C:\Users\uni\AppData\Local\Temp\ch32-mess.elf.U5xSTT.ltrans0.ltrans.o
 .sbss.y_idx.2  0x00000000200000b5        0x1 C:\Users\uni\AppData\Local\Temp\ch32-mess.elf.U5xSTT.ltrans0.ltrans.o
 *(.gnu.linkonce.sb.*)
 *(.bss*)
 *fill*         0x00000000200000b6        0x2 
 .bss.WS2812dmabuff
                0x00000000200000b8       0x60 C:\Users\uni\AppData\Local\Temp\ch32-mess.elf.U5xSTT.ltrans0.ltrans.o
 .bss._buffer   0x0000000020000118      0x140 C:\Users\uni\AppData\Local\Temp\ch32-mess.elf.U5xSTT.ltrans0.ltrans.o
 .bss._frame_buffer
                0x0000000020000258      0x140 C:\Users\uni\AppData\Local\Temp\ch32-mess.elf.U5xSTT.ltrans0.ltrans.o
 .bss.frame_buffer
                0x0000000020000398      0x400 C:\Users\uni\AppData\Local\Temp\ch32-mess.elf.U5xSTT.ltrans0.ltrans.o
 .bss.i2c_slave_state
                0x0000000020000798       0x2c C:\Users\uni\AppData\Local\Temp\ch32-mess.elf.U5xSTT.ltrans0.ltrans.o
 .bss.str.4     0x00000000200007c4        0xc C:\Users\uni\AppData\Local\Temp\ch32-mess.elf.U5xSTT.ltrans0.ltrans.o
 .bss.str_output
                0x00000000200007d0       0x14 C:\Users\uni\AppData\Local\Temp\ch32-mess.elf.U5xSTT.ltrans0.ltrans.o
 *(.gnu.linkonce.b.*)
 *(COMMON*)
                0x00000000200007e4                . = ALIGN (0x4)
                0x00000000200007e4                PROVIDE (_ebss = .)
                [!provide]                        PROVIDE (_end = _ebss)
                [!provide]                        PROVIDE (end = .)
                0x0000000020000800                PROVIDE (_eusrstack = (ORIGIN (RAM) + LENGTH (RAM)))

/DISCARD/
 *(.note .note.*)
 *(.eh_frame .eh_frame.*)
 *(.comment .comment.*)
 *(.ARM.extab* .gnu.linkonce.armextab.*)
 *(.ARM.exidx*)
OUTPUT(ch32-mess.elf elf32-littleriscv)

.riscv.attributes
                0x0000000000000000       0x21
 .riscv.attributes
                0x0000000000000000       0x21 C:\Users\uni\AppData\Local\Temp\ch32-mess.elf.U5xSTT.ltrans0.ltrans.o
 .riscv.attributes
                0x0000000000000021       0x1f ../ch32fun/ch32fun//../misc\libgcc.a(muldi3.o)
 .riscv.attributes
                0x0000000000000040       0x1f ../ch32fun/ch32fun//../misc\libgcc.a(div.o)

.debug_info     0x0000000000000000     0xa66c
 .debug_info    0x0000000000000000     0x3eaa C:\Users\uni\AppData\Local\Temp\ch32-mess.elf.U5xSTT.ltrans0.ltrans.o
 .debug_info    0x0000000000003eaa     0x1188 C:\Users\uni\AppData\Local\Temp\cceECMPr.debug.temp.o
                0x0000000000003eaa                ch32fun.c.963ac852
 .debug_info    0x0000000000005032     0x4964 C:\Users\uni\AppData\Local\Temp\cc0KpLif.debug.temp.o
                0x0000000000005032                ch32_mess.c.3f1378af
 .debug_info    0x0000000000009996      0x47c C:\Users\uni\AppData\Local\Temp\cc6PERy2.debug.temp.o
                0x0000000000009996                nrf24l01_low_level.c.429e1874
 .debug_info    0x0000000000009e12      0x7cc C:\Users\uni\AppData\Local\Temp\ccovLmcD.debug.temp.o
                0x0000000000009e12                lib_i2c.c.d894f163
 .debug_info    0x000000000000a5de       0x31 ../ch32fun/ch32fun//../misc\libgcc.a(muldi3.o)
 .debug_info    0x000000000000a60f       0x5d ../ch32fun/ch32fun//../misc\libgcc.a(div.o)

.debug_abbrev   0x0000000000000000      0xc8e
 .debug_abbrev  0x0000000000000000      0x28d C:\Users\uni\AppData\Local\Temp\ch32-mess.elf.U5xSTT.ltrans0.ltrans.o
 .debug_abbrev  0x000000000000028d      0x233 C:\Users\uni\AppData\Local\Temp\cceECMPr.debug.temp.o
 .debug_abbrev  0x00000000000004c0      0x41a C:\Users\uni\AppData\Local\Temp\cc0KpLif.debug.temp.o
 .debug_abbrev  0x00000000000008da      0x171 C:\Users\uni\AppData\Local\Temp\cc6PERy2.debug.temp.o
 .debug_abbrev  0x0000000000000a4b      0x1f3 C:\Users\uni\AppData\Local\Temp\ccovLmcD.debug.temp.o
 .debug_abbrev  0x0000000000000c3e       0x28 ../ch32fun/ch32fun//../misc\libgcc.a(muldi3.o)
 .debug_abbrev  0x0000000000000c66       0x28 ../ch32fun/ch32fun//../misc\libgcc.a(div.o)

.debug_loc      0x0000000000000000     0x61ff
 .debug_loc     0x0000000000000000     0x61ff C:\Users\uni\AppData\Local\Temp\ch32-mess.elf.U5xSTT.ltrans0.ltrans.o

.debug_aranges  0x0000000000000000      0x2e8
 .debug_aranges
                0x0000000000000000      0x2a8 C:\Users\uni\AppData\Local\Temp\ch32-mess.elf.U5xSTT.ltrans0.ltrans.o
 .debug_aranges
                0x00000000000002a8       0x20 ../ch32fun/ch32fun//../misc\libgcc.a(muldi3.o)
 .debug_aranges
                0x00000000000002c8       0x20 ../ch32fun/ch32fun//../misc\libgcc.a(div.o)

.debug_ranges   0x0000000000000000     0x10a8
 .debug_ranges  0x0000000000000000     0x10a8 C:\Users\uni\AppData\Local\Temp\ch32-mess.elf.U5xSTT.ltrans0.ltrans.o

.debug_line     0x0000000000000000     0x7c84
 .debug_line    0x0000000000000000     0x73da C:\Users\uni\AppData\Local\Temp\ch32-mess.elf.U5xSTT.ltrans0.ltrans.o
 .debug_line    0x00000000000073da      0x18e C:\Users\uni\AppData\Local\Temp\cceECMPr.debug.temp.o
 .debug_line    0x0000000000007568      0x307 C:\Users\uni\AppData\Local\Temp\cc0KpLif.debug.temp.o
 .debug_line    0x000000000000786f      0x10d C:\Users\uni\AppData\Local\Temp\cc6PERy2.debug.temp.o
 .debug_line    0x000000000000797c      0x13b C:\Users\uni\AppData\Local\Temp\ccovLmcD.debug.temp.o
 .debug_line    0x0000000000007ab7       0x7a ../ch32fun/ch32fun//../misc\libgcc.a(muldi3.o)
 .debug_line    0x0000000000007b31      0x153 ../ch32fun/ch32fun//../misc\libgcc.a(div.o)

.debug_str      0x0000000000000000     0x2861
 .debug_str     0x0000000000000000      0x1b7 C:\Users\uni\AppData\Local\Temp\ch32-mess.elf.U5xSTT.ltrans0.ltrans.o
                                        0x1f3 (size before relaxing)
 .debug_str     0x00000000000001b7      0x5d9 C:\Users\uni\AppData\Local\Temp\cceECMPr.debug.temp.o
                                        0x70c (size before relaxing)
 .debug_str     0x0000000000000790     0x1e21 C:\Users\uni\AppData\Local\Temp\cc0KpLif.debug.temp.o
                                       0x229a (size before relaxing)
 .debug_str     0x00000000000025b1       0xb1 C:\Users\uni\AppData\Local\Temp\cc6PERy2.debug.temp.o
                                        0x43f (size before relaxing)
 .debug_str     0x0000000000002662      0x120 C:\Users\uni\AppData\Local\Temp\ccovLmcD.debug.temp.o
                                        0x519 (size before relaxing)
 .debug_str     0x0000000000002782       0xa3 ../ch32fun/ch32fun//../misc\libgcc.a(muldi3.o)
                                         0xac (size before relaxing)
 .debug_str     0x0000000000002825       0x3c ../ch32fun/ch32fun//../misc\libgcc.a(div.o)
                                         0xd9 (size before relaxing)

.debug_frame    0x0000000000000000      0x958
 .debug_frame   0x0000000000000000      0x958 C:\Users\uni\AppData\Local\Temp\ch32-mess.elf.U5xSTT.ltrans0.ltrans.o

.debug_line_str
                0x0000000000000000       0x9b
 .debug_line_str
                0x0000000000000000       0x95 ../ch32fun/ch32fun//../misc\libgcc.a(muldi3.o)
 .debug_line_str
                0x0000000000000095        0x6 ../ch32fun/ch32fun//../misc\libgcc.a(div.o)
                                         0x92 (size before relaxing)
