Archive member included to satisfy reference by file (symbol)

../../../ch32fun/ch32fun//../misc\libgcc.a(div.o)
                              C:\Users\uni\AppData\Local\Temp\example.elf.3T7z3R.ltrans0.ltrans.o (__udivsi3)

Discarded input sections

 .text          0x0000000000000000        0x0 C:\Users\uni\AppData\Local\Temp\example.elf.3T7z3R.ltrans0.ltrans.o
 .data          0x0000000000000000        0x0 C:\Users\uni\AppData\Local\Temp\example.elf.3T7z3R.ltrans0.ltrans.o
 .bss           0x0000000000000000        0x0 C:\Users\uni\AppData\Local\Temp\example.elf.3T7z3R.ltrans0.ltrans.o
 .text.mini_pad
                0x0000000000000000       0xa0 C:\Users\uni\AppData\Local\Temp\example.elf.3T7z3R.ltrans0.ltrans.o
 .text._puts    0x0000000000000000       0x42 C:\Users\uni\AppData\Local\Temp\example.elf.3T7z3R.ltrans0.ltrans.o
 .text.mini_itoa.part.0
                0x0000000000000000       0xca C:\Users\uni\AppData\Local\Temp\example.elf.3T7z3R.ltrans0.ltrans.o
 .text._write.constprop.0
                0x0000000000000000      0x104 C:\Users\uni\AppData\Local\Temp\example.elf.3T7z3R.ltrans0.ltrans.o
 .text.__puts_uart
                0x0000000000000000       0x1a C:\Users\uni\AppData\Local\Temp\example.elf.3T7z3R.ltrans0.ltrans.o
 .text.strlen   0x0000000000000000       0x12 C:\Users\uni\AppData\Local\Temp\example.elf.3T7z3R.ltrans0.ltrans.o
 .text.mini_vpprintf
                0x0000000000000000      0x1c6 C:\Users\uni\AppData\Local\Temp\example.elf.3T7z3R.ltrans0.ltrans.o
 .text.printf   0x0000000000000000       0x30 C:\Users\uni\AppData\Local\Temp\example.elf.3T7z3R.ltrans0.ltrans.o
 .text.vprintf  0x0000000000000000       0x16 C:\Users\uni\AppData\Local\Temp\example.elf.3T7z3R.ltrans0.ltrans.o
 .text.mini_vsnprintf
                0x0000000000000000       0x3a C:\Users\uni\AppData\Local\Temp\example.elf.3T7z3R.ltrans0.ltrans.o
 .text.snprintf
                0x0000000000000000       0x1c C:\Users\uni\AppData\Local\Temp\example.elf.3T7z3R.ltrans0.ltrans.o
 .text.sprintf  0x0000000000000000       0x28 C:\Users\uni\AppData\Local\Temp\example.elf.3T7z3R.ltrans0.ltrans.o
 .text.memset   0x0000000000000000       0x12 C:\Users\uni\AppData\Local\Temp\example.elf.3T7z3R.ltrans0.ltrans.o
 .text.strcpy   0x0000000000000000       0x14 C:\Users\uni\AppData\Local\Temp\example.elf.3T7z3R.ltrans0.ltrans.o
 .text.strncpy  0x0000000000000000       0x1c C:\Users\uni\AppData\Local\Temp\example.elf.3T7z3R.ltrans0.ltrans.o
 .text.strcmp   0x0000000000000000       0x1a C:\Users\uni\AppData\Local\Temp\example.elf.3T7z3R.ltrans0.ltrans.o
 .text.strncmp  0x0000000000000000       0x2e C:\Users\uni\AppData\Local\Temp\example.elf.3T7z3R.ltrans0.ltrans.o
 .text.strchr   0x0000000000000000       0x16 C:\Users\uni\AppData\Local\Temp\example.elf.3T7z3R.ltrans0.ltrans.o
 .text.strrchr  0x0000000000000000       0x3c C:\Users\uni\AppData\Local\Temp\example.elf.3T7z3R.ltrans0.ltrans.o
 .text.memcpy   0x0000000000000000       0x1c C:\Users\uni\AppData\Local\Temp\example.elf.3T7z3R.ltrans0.ltrans.o
 .text.memcmp   0x0000000000000000       0x26 C:\Users\uni\AppData\Local\Temp\example.elf.3T7z3R.ltrans0.ltrans.o
 .text.memmove  0x0000000000000000       0x5e C:\Users\uni\AppData\Local\Temp\example.elf.3T7z3R.ltrans0.ltrans.o
 .text.memchr   0x0000000000000000       0x1c C:\Users\uni\AppData\Local\Temp\example.elf.3T7z3R.ltrans0.ltrans.o
 .text.strnlen  0x0000000000000000       0x2a C:\Users\uni\AppData\Local\Temp\example.elf.3T7z3R.ltrans0.ltrans.o
 .text.twoway_strstr
                0x0000000000000000      0x236 C:\Users\uni\AppData\Local\Temp\example.elf.3T7z3R.ltrans0.ltrans.o
 .text.strstr   0x0000000000000000      0x140 C:\Users\uni\AppData\Local\Temp\example.elf.3T7z3R.ltrans0.ltrans.o
 .rodata.puts.str1.4
                0x0000000000000000        0x2 C:\Users\uni\AppData\Local\Temp\example.elf.3T7z3R.ltrans0.ltrans.o
 .text.puts     0x0000000000000000       0x40 C:\Users\uni\AppData\Local\Temp\example.elf.3T7z3R.ltrans0.ltrans.o
 .data.ADCPrescTable.lto_priv.0
                0x0000000000000000       0x14 C:\Users\uni\AppData\Local\Temp\example.elf.3T7z3R.ltrans0.ltrans.o
 .data.ADCPrescTable.lto_priv.1
                0x0000000000000000       0x14 C:\Users\uni\AppData\Local\Temp\example.elf.3T7z3R.ltrans0.ltrans.o
 .data.APBAHBPrescTable.lto_priv.0
                0x0000000000000000       0x10 C:\Users\uni\AppData\Local\Temp\example.elf.3T7z3R.ltrans0.ltrans.o
 .data.APBAHBPrescTable.lto_priv.1
                0x0000000000000000       0x10 C:\Users\uni\AppData\Local\Temp\example.elf.3T7z3R.ltrans0.ltrans.o
 .comment       0x0000000000000000       0x13 C:\Users\uni\AppData\Local\Temp\example.elf.3T7z3R.ltrans0.ltrans.o
 .comment       0x0000000000000000       0x13 C:\Users\uni\AppData\Local\Temp\cchIcBOm.debug.temp.o
 .comment       0x0000000000000000       0x13 C:\Users\uni\AppData\Local\Temp\cc678gY9.debug.temp.o
 .text          0x0000000000000000       0x80 ../../../ch32fun/ch32fun//../misc\libgcc.a(div.o)
 .data          0x0000000000000000        0x0 ../../../ch32fun/ch32fun//../misc\libgcc.a(div.o)
 .bss           0x0000000000000000        0x0 ../../../ch32fun/ch32fun//../misc\libgcc.a(div.o)
 .debug_line    0x0000000000000000      0x153 ../../../ch32fun/ch32fun//../misc\libgcc.a(div.o)
 .debug_line_str
                0x0000000000000000       0x92 ../../../ch32fun/ch32fun//../misc\libgcc.a(div.o)
 .debug_info    0x0000000000000000       0x5d ../../../ch32fun/ch32fun//../misc\libgcc.a(div.o)
 .debug_abbrev  0x0000000000000000       0x28 ../../../ch32fun/ch32fun//../misc\libgcc.a(div.o)
 .debug_aranges
                0x0000000000000000       0x20 ../../../ch32fun/ch32fun//../misc\libgcc.a(div.o)
 .debug_str     0x0000000000000000       0xd9 ../../../ch32fun/ch32fun//../misc\libgcc.a(div.o)
 .riscv.attributes
                0x0000000000000000       0x1f ../../../ch32fun/ch32fun//../misc\libgcc.a(div.o)

Memory Configuration

Name             Origin             Length             Attributes
FLASH            0x0000000000000000 0x0000000000004000 xr
RAM              0x0000000020000000 0x0000000000000800 xrw
*default*        0x0000000000000000 0xffffffffffffffff

Linker script and memory map

LOAD C:\Users\uni\AppData\Local\Temp\ccs4OmN5.o
LOAD C:\Users\uni\AppData\Local\Temp\example.elf.3T7z3R.ltrans0.ltrans.o
LOAD C:\Users\uni\AppData\Local\Temp\cchIcBOm.debug.temp.o
LOAD C:\Users\uni\AppData\Local\Temp\cc678gY9.debug.temp.o
LOAD C:\Users\uni\AppData\Local\Temp\ccTBfygF.o
LOAD ../../../ch32fun/ch32fun//../misc\libgcc.a
LOAD ../../../ch32fun/ch32fun//../misc\libgcc.a

.init           0x0000000000000000       0xa0
                0x0000000000000000                _sinit = .
                0x0000000000000000                . = ALIGN (0x4)
 *(SORT_NONE(.init))
 .init          0x0000000000000000       0x9e C:\Users\uni\AppData\Local\Temp\example.elf.3T7z3R.ltrans0.ltrans.o
                0x0000000000000000                InterruptVector
                0x00000000000000a0                . = ALIGN (0x4)
 *fill*         0x000000000000009e        0x2 
                0x00000000000000a0                _einit = .

.text           0x00000000000000a0      0x56c
                0x00000000000000a0                . = ALIGN (0x4)
 *(.text)
 *(.text.*)
 .text.PrintHex
                0x00000000000000a0       0x58 C:\Users\uni\AppData\Local\Temp\example.elf.3T7z3R.ltrans0.ltrans.o
 .text.fun_t1pwm_reload
                0x00000000000000f8      0x156 C:\Users\uni\AppData\Local\Temp\example.elf.3T7z3R.ltrans0.ltrans.o
 .text.fun_t1pwm_task
                0x000000000000024e       0x80 C:\Users\uni\AppData\Local\Temp\example.elf.3T7z3R.ltrans0.ltrans.o
 .text.internal_handle_input.constprop.0
                0x00000000000002ce        0xa C:\Users\uni\AppData\Local\Temp\example.elf.3T7z3R.ltrans0.ltrans.o
 .text.handle_reset
                0x00000000000002d8       0x6c C:\Users\uni\AppData\Local\Temp\example.elf.3T7z3R.ltrans0.ltrans.o
                0x00000000000002d8                handle_reset
 .text.vector_handler
                0x0000000000000344       0x5e C:\Users\uni\AppData\Local\Temp\example.elf.3T7z3R.ltrans0.ltrans.o
                0x0000000000000344                EXTI2_IRQHandler
                0x0000000000000344                TIM8_TRG_COM_IRQHandler
                0x0000000000000344                TIM8_CC_IRQHandler
                0x0000000000000344                UART8_IRQHandler
                0x0000000000000344                TIM1_CC_IRQHandler
                0x0000000000000344                HardFault_Handler
                0x0000000000000344                GPIOB_IRQHandler
                0x0000000000000344                USBPD_IRQHandler
                0x0000000000000344                TIM6_IRQHandler
                0x0000000000000344                GPIOA_IRQHandler
                0x0000000000000344                PVD_IRQHandler
                0x0000000000000344                SDIO_IRQHandler
                0x0000000000000344                TIM9_BRK_IRQHandler
                0x0000000000000344                DMA2_Channel8_IRQHandler
                0x0000000000000344                USBWakeUp_IRQHandler
                0x0000000000000344                CAN2_RX1_IRQHandler
                0x0000000000000344                EXTI3_IRQHandler
                0x0000000000000344                UART1_IRQHandler
                0x0000000000000344                USBHS_IRQHandler
                0x0000000000000344                DMA2_Channel9_IRQHandler
                0x0000000000000344                TIM10_CC_IRQHandler
                0x0000000000000344                EXTI25_16_IRQHandler
                0x0000000000000344                USBFS_IRQHandler
                0x0000000000000344                UART0_IRQHandler
                0x0000000000000344                EXTI0_IRQHandler
                0x0000000000000344                I2C2_EV_IRQHandler
                0x0000000000000344                TIM10_TRG_COM_IRQHandler
                0x0000000000000344                CAN2_SCE_IRQHandler
                0x0000000000000344                ADC1_2_IRQHandler
                0x0000000000000344                BB_IRQHandler
                0x0000000000000344                Break_Point_Handler
                0x0000000000000344                TIM2_CC_IRQHandler
                0x0000000000000344                SPI1_IRQHandler
                0x0000000000000344                TAMPER_IRQHandler
                0x0000000000000344                TMR0_IRQHandler
                0x0000000000000344                AWU_IRQHandler
                0x0000000000000344                EXTI7_0_IRQHandler
                0x0000000000000344                CAN2_RX0_IRQHandler
                0x0000000000000344                OSCWakeUp_IRQHandler
                0x0000000000000344                TIM8_UP_IRQHandler
                0x0000000000000344                Ecall_M_Mode_Handler
                0x0000000000000344                DMA2_Channel2_IRQHandler
                0x0000000000000344                DMA1_Channel4_IRQHandler
                0x0000000000000344                ADC1_IRQHandler
                0x0000000000000344                TIM2_BRK_IRQHandler
                0x0000000000000344                TIM9_UP_IRQHandler
                0x0000000000000344                USART3_IRQHandler
                0x0000000000000344                RTC_IRQHandler
                0x0000000000000344                DMA1_Channel7_IRQHandler
                0x0000000000000344                CAN1_RX1_IRQHandler
                0x0000000000000344                DVP_IRQHandler
                0x0000000000000344                UART5_IRQHandler
                0x0000000000000344                EXTI15_8_IRQHandler
                0x0000000000000344                TIM4_IRQHandler
                0x0000000000000344                DMA2_Channel1_IRQHandler
                0x0000000000000344                USBPD_WKUP_IRQHandler
                0x0000000000000344                I2C1_EV_IRQHandler
                0x0000000000000344                UART2_IRQHandler
                0x0000000000000344                USART4_IRQHandler
                0x0000000000000344                PWMX_IRQHandler
                0x0000000000000344                DMA1_Channel6_IRQHandler
                0x0000000000000344                UART4_IRQHandler
                0x0000000000000344                DMA2_Channel4_IRQHandler
                0x0000000000000344                TIM3_IRQHandler
                0x0000000000000344                RCC_IRQHandler
                0x0000000000000344                TIM1_TRG_COM_IRQHandler
                0x0000000000000344                DMA1_Channel1_IRQHandler
                0x0000000000000344                DMA2_Channel7_IRQHandler
                0x0000000000000344                EXTI15_10_IRQHandler
                0x0000000000000344                ADC_IRQHandler
                0x0000000000000344                DMA1_Channel8_IRQHandler
                0x0000000000000344                TMR2_IRQHandler
                0x0000000000000344                DefaultIRQHandler
                0x0000000000000344                TIM7_IRQHandler
                0x0000000000000344                CAN2_TX_IRQHandler
                0x0000000000000344                TIM5_IRQHandler
                0x0000000000000344                TMR1_IRQHandler
                0x0000000000000344                USB_IRQHandler
                0x0000000000000344                EXTI9_5_IRQHandler
                0x0000000000000344                PIOC_IRQHandler
                0x0000000000000344                SPI2_IRQHandler
                0x0000000000000344                OSC32KCal_IRQHandler
                0x0000000000000344                I2C_IRQHandler
                0x0000000000000344                TIM10_BRK_IRQHandler
                0x0000000000000344                TIM9_CC_IRQHandler
                0x0000000000000344                DMA2_Channel5_IRQHandler
                0x0000000000000344                USB2_IRQHandler
                0x0000000000000344                USBHSWakeUp_IRQHandler
                0x0000000000000344                DMA1_Channel5_IRQHandler
                0x0000000000000344                EXTI4_IRQHandler
                0x0000000000000344                USB_LP_CAN1_RX0_IRQHandler
                0x0000000000000344                RNG_IRQHandler
                0x0000000000000344                USB_HP_CAN1_TX_IRQHandler
                0x0000000000000344                LLE_IRQHandler
                0x0000000000000344                DMA1_Channel3_IRQHandler
                0x0000000000000344                FSMC_IRQHandler
                0x0000000000000344                ETH_IRQHandler
                0x0000000000000344                TIM1_UP_IRQHandler
                0x0000000000000344                WWDG_IRQHandler
                0x0000000000000344                DMA2_Channel11_IRQHandler
                0x0000000000000344                WDOG_BAT_IRQHandler
                0x0000000000000344                Ecall_U_Mode_Handler
                0x0000000000000344                TMR3_IRQHandler
                0x0000000000000344                DMA2_Channel6_IRQHandler
                0x0000000000000344                TIM2_IRQHandler
                0x0000000000000344                SW_Handler
                0x0000000000000344                TIM1_BRK_IRQHandler
                0x0000000000000344                OPA_IRQHandler
                0x0000000000000344                DMA2_Channel10_IRQHandler
                0x0000000000000344                EXTI1_IRQHandler
                0x0000000000000344                SPI0_IRQHandler
                0x0000000000000344                RTCAlarm_IRQHandler
                0x0000000000000344                TIM10_UP_IRQHandler
                0x0000000000000344                TIM9_TRG_COM_IRQHandler
                0x0000000000000344                UART7_IRQHandler
                0x0000000000000344                USART2_IRQHandler
                0x0000000000000344                UART6_IRQHandler
                0x0000000000000344                ETHWakeUp_IRQHandler
                0x0000000000000344                I2C2_ER_IRQHandler
                0x0000000000000344                DMA1_Channel2_IRQHandler
                0x0000000000000344                TIM8_BRK_IRQHandler
                0x0000000000000344                TIM2_TRG_IRQHandler
                0x0000000000000344                CAN1_SCE_IRQHandler
                0x0000000000000344                FLASH_IRQHandler
                0x0000000000000344                USBFSWakeUp_IRQHandler
                0x0000000000000344                USART1_IRQHandler
                0x0000000000000344                OTG_FS_IRQHandler
                0x0000000000000344                SPI3_IRQHandler
                0x0000000000000344                USBFS_WakeUp_IRQHandler
                0x0000000000000344                UART3_IRQHandler
                0x0000000000000344                I2C1_ER_IRQHandler
                0x0000000000000344                DMA2_Channel3_IRQHandler
                0x0000000000000394                NMI_Handler
                0x0000000000000394                NMI_RCC_CSS_IRQHandler
 .text.putchar  0x00000000000003a2       0x6c C:\Users\uni\AppData\Local\Temp\example.elf.3T7z3R.ltrans0.ltrans.o
                0x00000000000003a2                putchar
 .text.SystemInit
                0x000000000000040e       0x58 C:\Users\uni\AppData\Local\Temp\example.elf.3T7z3R.ltrans0.ltrans.o
                0x000000000000040e                SystemInit
 .text.startup.main
                0x0000000000000466      0x174 C:\Users\uni\AppData\Local\Temp\example.elf.3T7z3R.ltrans0.ltrans.o
                0x0000000000000466                main
 .text.SysTick_Handler
                0x00000000000005da       0x32 C:\Users\uni\AppData\Local\Temp\example.elf.3T7z3R.ltrans0.ltrans.o
 *(.rodata)
 *(.rodata*)
 *(.gnu.linkonce.t.*)
                0x000000000000060c                . = ALIGN (0x4)
 *fill*         0x000000000000060c        0x0 

.rela.dyn       0x000000000000060c        0x0
 .rela.text.handle_reset
                0x000000000000060c        0x0 C:\Users\uni\AppData\Local\Temp\example.elf.3T7z3R.ltrans0.ltrans.o
 .rela.text.startup.main
                0x000000000000060c        0x0 C:\Users\uni\AppData\Local\Temp\example.elf.3T7z3R.ltrans0.ltrans.o

.fini           0x000000000000060c        0x0
 *(SORT_NONE(.fini))
                0x000000000000060c                . = ALIGN (0x4)
                [!provide]                        PROVIDE (_etext = .)
                [!provide]                        PROVIDE (_eitcm = .)

.preinit_array  0x000000000000060c        0x0
                [!provide]                        PROVIDE (__preinit_array_start = .)
 *(.preinit_array)
                [!provide]                        PROVIDE (__preinit_array_end = .)

.init_array     0x000000000000060c        0x0
                [!provide]                        PROVIDE (__init_array_start = .)
 *(SORT_BY_INIT_PRIORITY(.init_array.*) SORT_BY_INIT_PRIORITY(.ctors.*))
 *(.init_array EXCLUDE_FILE(*crtend?.o *crtend.o *crtbegin?.o *crtbegin.o) .ctors)
                [!provide]                        PROVIDE (__init_array_end = .)

.fini_array     0x000000000000060c        0x0
                [!provide]                        PROVIDE (__fini_array_start = .)
 *(SORT_BY_INIT_PRIORITY(.fini_array.*) SORT_BY_INIT_PRIORITY(.dtors.*))
 *(.fini_array EXCLUDE_FILE(*crtend?.o *crtend.o *crtbegin?.o *crtbegin.o) .dtors)
                [!provide]                        PROVIDE (__fini_array_end = .)

.ctors
 *crtbegin.o(.ctors)
 *crtbegin?.o(.ctors)
 *(EXCLUDE_FILE(*crtend?.o *crtend.o) .ctors)
 *(SORT_BY_NAME(.ctors.*))
 *(.ctors)

.dtors
 *crtbegin.o(.dtors)
 *crtbegin?.o(.dtors)
 *(EXCLUDE_FILE(*crtend?.o *crtend.o) .dtors)
 *(SORT_BY_NAME(.dtors.*))
 *(.dtors)

.dalign         0x0000000020000000        0x0 load address 0x000000000000060c
                0x0000000020000000                . = ALIGN (0x4)
                0x0000000020000000                PROVIDE (_data_vma = .)

.dlalign        0x000000000000060c        0x0
                0x000000000000060c                . = ALIGN (0x4)
                0x000000000000060c                PROVIDE (_data_lma = .)

.data           0x0000000020000000        0x0 load address 0x000000000000060c
                0x0000000020000000                . = ALIGN (0x4)
                0x00000000200003fc                __global_pointer$ = (. + 0x3fc)
 *(.gnu.linkonce.r.*)
 *(.data .data.*)
 *(.gnu.linkonce.d.*)
                0x0000000020000000                . = ALIGN (0x8)
 *(.sdata .sdata.*)
 *(.sdata2*)
 *(.gnu.linkonce.s.*)
                0x0000000020000000                . = ALIGN (0x8)
 *(.srodata.cst16)
 *(.srodata.cst8)
 *(.srodata.cst4)
 *(.srodata.cst2)
 *(.srodata .srodata.*)
                0x0000000020000000                . = ALIGN (0x4)
                0x0000000020000000                PROVIDE (_edata = .)

.bss            0x0000000020000000        0x4 load address 0x000000000000060c
                0x0000000020000000                . = ALIGN (0x4)
                0x0000000020000000                PROVIDE (_sbss = .)
 *(.sbss*)
 .sbss.systick_millis
                0x0000000020000000        0x4 C:\Users\uni\AppData\Local\Temp\example.elf.3T7z3R.ltrans0.ltrans.o
 *(.gnu.linkonce.sb.*)
 *(.bss*)
 *(.gnu.linkonce.b.*)
 *(COMMON*)
                0x0000000020000004                . = ALIGN (0x4)
                0x0000000020000004                PROVIDE (_ebss = .)
                [!provide]                        PROVIDE (_end = _ebss)
                [!provide]                        PROVIDE (end = .)
                0x0000000020000800                PROVIDE (_eusrstack = (ORIGIN (RAM) + LENGTH (RAM)))

/DISCARD/
 *(.note .note.*)
 *(.eh_frame .eh_frame.*)
 *(.comment .comment.*)
 *(.ARM.extab* .gnu.linkonce.armextab.*)
 *(.ARM.exidx*)
OUTPUT(example.elf elf32-littleriscv)

.riscv.attributes
                0x0000000000000000       0x21
 .riscv.attributes
                0x0000000000000000       0x21 C:\Users\uni\AppData\Local\Temp\example.elf.3T7z3R.ltrans0.ltrans.o

.debug_info     0x0000000000000000     0x2d02
 .debug_info    0x0000000000000000     0x11bd C:\Users\uni\AppData\Local\Temp\example.elf.3T7z3R.ltrans0.ltrans.o
 .debug_info    0x00000000000011bd     0x1188 C:\Users\uni\AppData\Local\Temp\cchIcBOm.debug.temp.o
                0x00000000000011bd                ch32fun.c.dbd354d0
 .debug_info    0x0000000000002345      0x9bd C:\Users\uni\AppData\Local\Temp\cc678gY9.debug.temp.o
                0x0000000000002345                example.c.8627b25d

.debug_abbrev   0x0000000000000000      0x5e7
 .debug_abbrev  0x0000000000000000      0x1b0 C:\Users\uni\AppData\Local\Temp\example.elf.3T7z3R.ltrans0.ltrans.o
 .debug_abbrev  0x00000000000001b0      0x233 C:\Users\uni\AppData\Local\Temp\cchIcBOm.debug.temp.o
 .debug_abbrev  0x00000000000003e3      0x204 C:\Users\uni\AppData\Local\Temp\cc678gY9.debug.temp.o

.debug_loc      0x0000000000000000     0x23a0
 .debug_loc     0x0000000000000000     0x23a0 C:\Users\uni\AppData\Local\Temp\example.elf.3T7z3R.ltrans0.ltrans.o

.debug_aranges  0x0000000000000000      0x150
 .debug_aranges
                0x0000000000000000      0x150 C:\Users\uni\AppData\Local\Temp\example.elf.3T7z3R.ltrans0.ltrans.o

.debug_ranges   0x0000000000000000      0x378
 .debug_ranges  0x0000000000000000      0x378 C:\Users\uni\AppData\Local\Temp\example.elf.3T7z3R.ltrans0.ltrans.o

.debug_line     0x0000000000000000     0x2f03
 .debug_line    0x0000000000000000     0x2c51 C:\Users\uni\AppData\Local\Temp\example.elf.3T7z3R.ltrans0.ltrans.o
 .debug_line    0x0000000000002c51      0x19a C:\Users\uni\AppData\Local\Temp\cchIcBOm.debug.temp.o
 .debug_line    0x0000000000002deb      0x118 C:\Users\uni\AppData\Local\Temp\cc678gY9.debug.temp.o

.debug_str      0x0000000000000000      0xc25
 .debug_str     0x0000000000000000      0x190 C:\Users\uni\AppData\Local\Temp\example.elf.3T7z3R.ltrans0.ltrans.o
                                        0x19e (size before relaxing)
 .debug_str     0x0000000000000190      0x612 C:\Users\uni\AppData\Local\Temp\cchIcBOm.debug.temp.o
                                        0x727 (size before relaxing)
 .debug_str     0x00000000000007a2      0x483 C:\Users\uni\AppData\Local\Temp\cc678gY9.debug.temp.o
                                        0x6ea (size before relaxing)

.debug_frame    0x0000000000000000      0x3d4
 .debug_frame   0x0000000000000000      0x3d4 C:\Users\uni\AppData\Local\Temp\example.elf.3T7z3R.ltrans0.ltrans.o
